node.exe : npm warn 
Unknown cli config 
"--run". This will 
stop working in the 
next major version of 
npm.
At C:\Program Files\nod
ejs\npm.ps1:29 char:3
+   & $NODE_EXE 
$NPM_CLI_JS $args
+   ~~~~~~~~~~~~~~~~~~~
~~~~~~~~~~
    + CategoryInfo     
         : NotSpecifi  
  ed: (npm warn Unkn   
 ow...version of np    
m.:String) [], Rem    
oteException
    + FullyQualifiedEr 
   rorId : NativeComm  
  andError
 

> mintstack-finance-portal@2.0.0 test
> vitest src/pages/__tests__/DashboardPage.test.jsx


[7m[1m[34m DEV [39m[22m[27m [34mv1.6.1[39m [90mC:/Users/mtg/Desktop/Project_MintStack/frontend[39m

[31mWebSocket server 
error: Port is already 
in use[39m
 [33mΓ¥»[39m src/pages/__tests__/DashboardPage.test.jsx [2m ([22m[2m5 tests[22m [2m|[22m [31m5 failed[39m[2m)[22m[90m 5[2mms[22m[39m
[31m   [33mΓ¥»[31m src/pages/__tests__/DashboardPage.test.jsx[2m > [22mDashboardPage Component[2m > [22mrenders dashboard title[39m
[31m     ΓåÆ useGetMarketIndexQuery is not defined[39m
[31m   [33mΓ¥»[31m src/pages/__tests__/DashboardPage.test.jsx[2m > [22mDashboardPage Component[2m > [22mshows currency rates section[39m
[31m     ΓåÆ useGetMarketIndexQuery is not defined[39m
[31m   [33mΓ¥»[31m src/pages/__tests__/DashboardPage.test.jsx[2m > [22mDashboardPage Component[2m > [22mshows portfolio summary when authenticated[39m
[31m     ΓåÆ useGetMarketIndexQuery is not defined[39m
[31m   [33mΓ¥»[31m src/pages/__tests__/DashboardPage.test.jsx[2m > [22mDashboardPage Component[2m > [22mshows recent news section[39m
[31m     ΓåÆ useGetMarketIndexQuery is not defined[39m
[31m   [33mΓ¥»[31m src/pages/__tests__/DashboardPage.test.jsx[2m > [22mDashboardPage Component[2m > [22mrenders without crashing[39m
[31m     ΓåÆ useGetMarketIndexQuery is not defined[39m

[31mΓÄ»ΓÄ»ΓÄ»ΓÄ»ΓÄ»ΓÄ»
ΓÄ»[1m[7m Failed 
Tests 5 [27m[22mΓÄ»ΓÄ
»ΓÄ»ΓÄ»ΓÄ»ΓÄ»ΓÄ»[39m

[31m[1m[7m FAIL 
[27m[22m[39m src/pag
es/__tests__/DashboardP
age.test.jsx[2m > 
[22mDashboardPage 
Component[2m > 
[22mrenders dashboard 
title
[31m[1m[7m FAIL 
[27m[22m[39m src/pag
es/__tests__/DashboardP
age.test.jsx[2m > 
[22mDashboardPage 
Component[2m > 
[22mshows currency 
rates section
[31m[1m[7m FAIL 
[27m[22m[39m src/pag
es/__tests__/DashboardP
age.test.jsx[2m > 
[22mDashboardPage 
Component[2m > 
[22mshows portfolio 
summary when 
authenticated
[31m[1m[7m FAIL 
[27m[22m[39m src/pag
es/__tests__/DashboardP
age.test.jsx[2m > 
[22mDashboardPage 
Component[2m > 
[22mshows recent news 
section
[31m[1m[7m FAIL 
[27m[22m[39m src/pag
es/__tests__/DashboardP
age.test.jsx[2m > 
[22mDashboardPage 
Component[2m > 
[22mrenders without 
crashing
[31m[1mReferenceError
[22m: 
useGetMarketIndexQuery 
is not defined[39m
[36m [2mΓ¥»[22m src/
pages/__tests__/Dashboa
rdPage.test.jsx:[2m73:
5[22m[39m
    [90m 71| [39m    
})
    [90m 72| [39m
    [90m 73| [39m    
useGetMarketIndexQuery
[33m.[39m[34mmockRetu
rnValue[39m({
    [90m   | [39m    
[31m^[39m
    [90m 74| [39m    
  data[33m:[39m {
    [90m 75| [39m    
    data[33m:[39m { c
urrentPrice[33m:[39m 
[34m8000.00[39m[33m,
[39m changePercent[33
m:[39m [34m1.5[39m }

[31m[2mΓÄ»ΓÄ»ΓÄ»ΓÄ»ΓÄ
»ΓÄ»ΓÄ»ΓÄ»ΓÄ»ΓÄ»ΓÄ»ΓÄ»Γ
Ä»ΓÄ»ΓÄ»ΓÄ»ΓÄ»ΓÄ»ΓÄ»ΓÄ»
ΓÄ»ΓÄ»ΓÄ»ΓÄ»[1/5]ΓÄ»[2
2m[39m

[2m Test Files [22m [1m[31m1 failed[39m[22m[90m (1)[39m
[2m      Tests [22m [1m[31m5 failed[39m[22m[90m (5)[39m
[2m   Start at [22m 11:11:36
[2m   Duration [22m 1.57s[2m (transform 105ms, setup 389ms, collect 216ms, tests 5ms, environment 527ms, prepare 268ms)[22m


[1m[7m[31m FAIL [39m[27m[22m[31m Tests failed. Watching for file changes...[39m
       [2mpress [22m[1mh[22m[2m to show help[22m[2m, [22m[2mpress [22m[1mq[22m[2m to quit[22m
[3Jc
[7m[1m[34m RERUN [39m[22m[27m[2m src/pages/__tests__/DashboardPage.test.jsx[22m [34mx1[39m

[90mstderr[2m | src/p
ages/__tests__/Dashboar
dPage.test.jsx[2m > 
[22m[2mDashboardPage 
Component[2m > 
[22m[2mrenders 
dashboard 
title[22m[39m
ΓÜá∩╕Å React Router 
Future Flag Warning: 
React Router will 
begin wrapping state 
updates in `React.start
Transition` in v7. You 
can use the 
`v7_startTransition` 
future flag to opt-in 
early. For more 
information, see https:
//reactrouter.com/v6/up
grading/future#v7_start
transition.
ΓÜá∩╕Å React Router 
Future Flag Warning: 
Relative route 
resolution within 
Splat routes is 
changing in v7. You 
can use the 
`v7_relativeSplatPath` 
future flag to opt-in 
early. For more 
information, see https:
//reactrouter.com/v6/up
grading/future#v7_relat
ivesplatpath.

 [32mΓ£ô[39m src/pages/__tests__/DashboardPage.test.jsx [2m ([22m[2m5 tests[22m[2m)[22m[33m 372[2mms[22m[39m

[2m Test Files [22m [1m[32m1 passed[39m[22m[90m (1)[39m
[2m      Tests [22m [1m[32m5 passed[39m[22m[90m (5)[39m
[2m   Start at [22m 11:13:06
[2m   Duration [22m 1.08s


[1m[7m[32m PASS [39m[27m[22m[32m Waiting for file changes...[39m
       [2mpress [22m[1mh[22m[2m to show help[22m[2m, [22m[2mpress [22m[1mq[22m[2m to quit[22m
       [34mrerun x1[39m
[2K[1A[2K[G       [90mrerun x1[39m
[2K[1A[2K[G       [2m[90mrerun x1[39m[22m
[2K[1A[2K[G[3Jc
[7m[1m[34m RERUN [39m[22m[27m[2m package.json[22m [34mx2[39m

[90mstderr[2m | src/p
ages/__tests__/Dashboar
dPage.test.jsx[2m > 
[22m[2mDashboardPage 
Component[2m > 
[22m[2mrenders 
dashboard 
title[22m[39m
ΓÜá∩╕Å React Router 
Future Flag Warning: 
React Router will 
begin wrapping state 
updates in `React.start
Transition` in v7. You 
can use the 
`v7_startTransition` 
future flag to opt-in 
early. For more 
information, see https:
//reactrouter.com/v6/up
grading/future#v7_start
transition.
ΓÜá∩╕Å React Router 
Future Flag Warning: 
Relative route 
resolution within 
Splat routes is 
changing in v7. You 
can use the 
`v7_relativeSplatPath` 
future flag to opt-in 
early. For more 
information, see https:
//reactrouter.com/v6/up
grading/future#v7_relat
ivesplatpath.

 [32mΓ£ô[39m src/pages/__tests__/DashboardPage.test.jsx [2m ([22m[2m5 tests[22m[2m)[22m[33m 425[2mms[22m[39m

[2m Test Files [22m [1m[32m1 passed[39m[22m[90m (1)[39m
[2m      Tests [22m [1m[32m5 passed[39m[22m[90m (5)[39m
[2m   Start at [22m 11:14:09
[2m   Duration [22m 1.52s


[1m[7m[32m PASS [39m[27m[22m[32m Waiting for file changes...[39m
       [2mpress [22m[1mh[22m[2m to show help[22m[2m, [22m[2mpress [22m[1mq[22m[2m to quit[22m
       [34mrerun x2[39m
[2K[1A[2K[G       [90mrerun x2[39m
[2K[1A[2K[G       [2m[90mrerun x2[39m[22m
