docker : #0 
building with 
"desktop-linux" 
instance using 
docker driver
At line:1 char:1
+ docker build . 
2>&1 | Out-File 
-FilePath 
build_errors.txt; 
Get-Conten ...
+ 
~~~~~~~~~~~~~~~~~~~
    + CategoryInfo 
             : 
NotSpecified:     
(#0 building 
wit...g     docker 
driver:Strin    g) 
[], RemoteExcepti  
  on
    + 
FullyQualifiedErro 
   rId : 
NativeCommandE    
rror
 

#1 [internal] load 
build definition 
from Dockerfile
#1 transferring 
dockerfile: 1.04kB 
done
#1 DONE 0.0s

#2 [internal] load 
metadata for docker
.io/library/maven:3
.9-eclipse-temurin-
17-alpine
#2 DONE 0.0s

#3 [internal] load 
metadata for docker
.io/library/eclipse
-temurin:17-jre-alp
ine
#3 DONE 0.7s

#4 [internal] load 
.dockerignore
#4 transferring 
context: 2B done
#4 DONE 0.0s

#5 [stage-1 1/6] 
FROM docker.io/libr
ary/eclipse-temurin
:17-jre-alpine@sha2
56:f57e47e7a78ae1ff
5019681d95a4964153b
0d1078bdff2a2f288e4
a5ee329c14
#5 resolve docker.i
o/library/eclipse-t
emurin:17-jre-alpin
e@sha256:f57e47e7a7
8ae1ff5019681d95a49
64153b0d1078bdff2a2
f288e4a5ee329c14 
0.0s done
#5 DONE 0.0s

#6 [build 1/6] 
FROM docker.io/libr
ary/maven:3.9-eclip
se-temurin-17-alpin
e@sha256:3ff7466c51
6a4eeac58c7efabf355
49d5d404d8766f13121
1393ee4a0f366f3b
#6 resolve docker.i
o/library/maven:3.9
-eclipse-temurin-17
-alpine@sha256:3ff7
466c516a4eeac58c7ef
abf35549d5d404d8766
f131211393ee4a0f366
f3b 0.0s done
#6 DONE 0.0s

#7 [internal] load 
build context
#7 transferring 
context: 18.69kB 
done
#7 DONE 0.0s

#8 [build 3/6] 
COPY pom.xml .
#8 CACHED

#9 [build 2/6] 
WORKDIR /app
#9 CACHED

#10 [build 4/6] 
RUN mvn dependency:
go-offline -B
#10 CACHED

#11 [build 5/6] 
COPY src ./src
#11 CACHED

#12 [build 6/6] 
RUN mvn clean 
package 
-DskipTests -B
#12 0.986 [INFO] 
Scanning for 
projects...
#12 1.162 [INFO] 
#12 1.162 [INFO] --
------------------<
 com.mintstack:fina
nce-portal >-------
-------------
#12 1.163 [INFO] 
Building MintStack 
Finance Portal 
1.0.0-SNAPSHOT
#12 1.163 [INFO]   
from pom.xml
#12 1.163 [INFO] --
-------------------
-----------[ jar ]-
-------------------
-------------
#12 1.457 [INFO] 
Downloading from 
central: https://re
po.maven.apache.org
/maven2/org/jboss/l
ogging/jboss-loggin
g/3.5.3.Final/jboss
-logging-3.5.3.Fina
l.pom
#12 1.650 [INFO] 
Downloaded from 
central: https://re
po.maven.apache.org
/maven2/org/jboss/l
ogging/jboss-loggin
g/3.5.3.Final/jboss
-logging-3.5.3.Fina
l.pom (19 kB at 95 
kB/s)
#12 1.660 [INFO] 
Downloading from 
central: https://re
po.maven.apache.org
/maven2/org/jboss/l
ogging/logging-pare
nt/1.0.1.Final/logg
ing-parent-1.0.1.Fi
nal.pom
#12 1.689 [INFO] 
Downloaded from 
central: https://re
po.maven.apache.org
/maven2/org/jboss/l
ogging/logging-pare
nt/1.0.1.Final/logg
ing-parent-1.0.1.Fi
nal.pom (6.0 kB at 
198 kB/s)
#12 1.693 [INFO] 
Downloading from 
central: https://re
po.maven.apache.org
/maven2/com/fasterx
ml/classmate/1.6.0/
classmate-1.6.0.pom
#12 1.722 [INFO] 
Downloaded from 
central: https://re
po.maven.apache.org
/maven2/com/fasterx
ml/classmate/1.6.0/
classmate-1.6.0.pom
 (6.6 kB at 237 
kB/s)
#12 1.724 [INFO] 
Downloading from 
central: https://re
po.maven.apache.org
/maven2/com/fasterx
ml/oss-parent/55/os
s-parent-55.pom
#12 1.753 [INFO] 
Downloaded from 
central: https://re
po.maven.apache.org
/maven2/com/fasterx
ml/oss-parent/55/os
s-parent-55.pom 
(24 kB at 813 kB/s)
#12 1.788 [INFO] 
Downloading from 
central: https://re
po.maven.apache.org
/maven2/net/bytebud
dy/byte-buddy/1.14.
10/byte-buddy-1.14.
10.pom
#12 1.821 [INFO] 
Downloaded from 
central: https://re
po.maven.apache.org
/maven2/net/bytebud
dy/byte-buddy/1.14.
10/byte-buddy-1.14.
10.pom (16 kB at 
480 kB/s)
#12 1.823 [INFO] 
Downloading from 
central: https://re
po.maven.apache.org
/maven2/net/bytebud
dy/byte-buddy-paren
t/1.14.10/byte-budd
y-parent-1.14.10.po
m
#12 1.856 [INFO] 
Downloaded from 
central: https://re
po.maven.apache.org
/maven2/net/bytebud
dy/byte-buddy-paren
t/1.14.10/byte-budd
y-parent-1.14.10.po
m (62 kB at 1.9 
MB/s)
#12 1.863 [INFO] 
Downloading from 
central: https://re
po.maven.apache.org
/maven2/org/glassfi
sh/jaxb/jaxb-runtim
e/4.0.4/jaxb-runtim
e-4.0.4.pom
#12 1.895 [INFO] 
Downloaded from 
central: https://re
po.maven.apache.org
/maven2/org/glassfi
sh/jaxb/jaxb-runtim
e/4.0.4/jaxb-runtim
e-4.0.4.pom (11 kB 
at 339 kB/s)
#12 1.896 [INFO] 
Downloading from 
central: https://re
po.maven.apache.org
/maven2/com/sun/xml
/bind/mvn/jaxb-runt
ime-parent/4.0.4/ja
xb-runtime-parent-4
.0.4.pom
#12 1.925 [INFO] 
Downloaded from 
central: https://re
po.maven.apache.org
/maven2/com/sun/xml
/bind/mvn/jaxb-runt
ime-parent/4.0.4/ja
xb-runtime-parent-4
.0.4.pom (1.2 kB 
at 41 kB/s)
#12 1.927 [INFO] 
Downloading from 
central: https://re
po.maven.apache.org
/maven2/com/sun/xml
/bind/mvn/jaxb-pare
nt/4.0.4/jaxb-paren
t-4.0.4.pom
#12 1.958 [INFO] 
Downloaded from 
central: https://re
po.maven.apache.org
/maven2/com/sun/xml
/bind/mvn/jaxb-pare
nt/4.0.4/jaxb-paren
t-4.0.4.pom (35 kB 
at 1.1 MB/s)
#12 1.959 [INFO] 
Downloading from 
central: https://re
po.maven.apache.org
/maven2/com/sun/xml
/bind/jaxb-bom-ext/
4.0.4/jaxb-bom-ext-
4.0.4.pom
#12 1.987 [INFO] 
Downloaded from 
central: https://re
po.maven.apache.org
/maven2/com/sun/xml
/bind/jaxb-bom-ext/
4.0.4/jaxb-bom-ext-
4.0.4.pom (3.5 kB 
at 129 kB/s)
#12 1.990 [INFO] 
Downloading from 
central: https://re
po.maven.apache.org
/maven2/org/glassfi
sh/jaxb/jaxb-core/4
.0.4/jaxb-core-4.0.
4.pom
#12 2.017 [INFO] 
Downloaded from 
central: https://re
po.maven.apache.org
/maven2/org/glassfi
sh/jaxb/jaxb-core/4
.0.4/jaxb-core-4.0.
4.pom (3.7 kB at 
138 kB/s)
#12 2.021 [INFO] 
Downloading from 
central: https://re
po.maven.apache.org
/maven2/org/glassfi
sh/jaxb/txw2/4.0.4/
txw2-4.0.4.pom
#12 2.050 [INFO] 
Downloaded from 
central: https://re
po.maven.apache.org
/maven2/org/glassfi
sh/jaxb/txw2/4.0.4/
txw2-4.0.4.pom 
(1.8 kB at 64 kB/s)
#12 2.051 [INFO] 
Downloading from 
central: https://re
po.maven.apache.org
/maven2/com/sun/xml
/bind/mvn/jaxb-txw-
parent/4.0.4/jaxb-t
xw-parent-4.0.4.pom
#12 2.079 [INFO] 
Downloaded from 
central: https://re
po.maven.apache.org
/maven2/com/sun/xml
/bind/mvn/jaxb-txw-
parent/4.0.4/jaxb-t
xw-parent-4.0.4.pom
 (1.2 kB at 44 
kB/s)
#12 2.081 [INFO] 
Downloading from 
central: https://re
po.maven.apache.org
/maven2/com/sun/ist
ack/istack-commons-
runtime/4.1.2/istac
k-commons-runtime-4
.1.2.pom
#12 2.110 [INFO] 
Downloaded from 
central: https://re
po.maven.apache.org
/maven2/com/sun/ist
ack/istack-commons-
runtime/4.1.2/istac
k-commons-runtime-4
.1.2.pom (1.6 kB 
at 55 kB/s)
#12 2.112 [INFO] 
Downloading from 
central: https://re
po.maven.apache.org
/maven2/com/sun/ist
ack/istack-commons/
4.1.2/istack-common
s-4.1.2.pom
#12 2.142 [INFO] 
Downloaded from 
central: https://re
po.maven.apache.org
/maven2/com/sun/ist
ack/istack-commons/
4.1.2/istack-common
s-4.1.2.pom (26 kB 
at 877 kB/s)
#12 2.161 [INFO] 
Downloading from 
central: https://re
po.maven.apache.org
/maven2/com/fasterx
ml/jackson/dataform
at/jackson-dataform
at-toml/2.15.3/jack
son-dataformat-toml
-2.15.3.pom
#12 2.192 [INFO] 
Downloaded from 
central: https://re
po.maven.apache.org
/maven2/com/fasterx
ml/jackson/dataform
at/jackson-dataform
at-toml/2.15.3/jack
son-dataformat-toml
-2.15.3.pom (3.5 
kB at 112 kB/s)
#12 2.200 [INFO] 
Downloading from 
central: https://re
po.maven.apache.org
/maven2/io/netty/ne
tty-common/4.1.104.
Final/netty-common-
4.1.104.Final.pom
#12 2.228 [INFO] 
Downloaded from 
central: https://re
po.maven.apache.org
/maven2/io/netty/ne
tty-common/4.1.104.
Final/netty-common-
4.1.104.Final.pom 
(12 kB at 421 kB/s)
#12 2.230 [INFO] 
Downloading from 
central: https://re
po.maven.apache.org
/maven2/io/netty/ne
tty-parent/4.1.104.
Final/netty-parent-
4.1.104.Final.pom
#12 2.263 [INFO] 
Downloaded from 
central: https://re
po.maven.apache.org
/maven2/io/netty/ne
tty-parent/4.1.104.
Final/netty-parent-
4.1.104.Final.pom 
(85 kB at 2.5 MB/s)
#12 2.269 [INFO] 
Downloading from 
central: https://re
po.maven.apache.org
/maven2/io/netty/ne
tty-handler/4.1.104
.Final/netty-handle
r-4.1.104.Final.pom
#12 2.298 [INFO] 
Downloaded from 
central: https://re
po.maven.apache.org
/maven2/io/netty/ne
tty-handler/4.1.104
.Final/netty-handle
r-4.1.104.Final.pom
 (4.6 kB at 165 
kB/s)
#12 2.301 [INFO] 
Downloading from 
central: https://re
po.maven.apache.org
/maven2/io/netty/ne
tty-resolver/4.1.10
4.Final/netty-resol
ver-4.1.104.Final.p
om
#12 2.331 [INFO] 
Downloaded from 
central: https://re
po.maven.apache.org
/maven2/io/netty/ne
tty-resolver/4.1.10
4.Final/netty-resol
ver-4.1.104.Final.p
om (1.6 kB at 55 
kB/s)
#12 2.334 [INFO] 
Downloading from 
central: https://re
po.maven.apache.org
/maven2/io/netty/ne
tty-buffer/4.1.104.
Final/netty-buffer-
4.1.104.Final.pom
#12 2.365 [INFO] 
Downloaded from 
central: https://re
po.maven.apache.org
/maven2/io/netty/ne
tty-buffer/4.1.104.
Final/netty-buffer-
4.1.104.Final.pom 
(1.6 kB at 49 kB/s)
#12 2.369 [INFO] 
Downloading from 
central: https://re
po.maven.apache.org
/maven2/io/netty/ne
tty-transport/4.1.1
04.Final/netty-tran
sport-4.1.104.Final
.pom
#12 2.398 [INFO] 
Downloaded from 
central: https://re
po.maven.apache.org
/maven2/io/netty/ne
tty-transport/4.1.1
04.Final/netty-tran
sport-4.1.104.Final
.pom (2.2 kB at 75 
kB/s)
#12 2.401 [INFO] 
Downloading from 
central: https://re
po.maven.apache.org
/maven2/io/netty/ne
tty-transport-nativ
e-unix-common/4.1.1
04.Final/netty-tran
sport-native-unix-c
ommon-4.1.104.Final
.pom
#12 2.431 [INFO] 
Downloaded from 
central: https://re
po.maven.apache.org
/maven2/io/netty/ne
tty-transport-nativ
e-unix-common/4.1.1
04.Final/netty-tran
sport-native-unix-c
ommon-4.1.104.Final
.pom (33 kB at 1.1 
MB/s)
#12 2.435 [INFO] 
Downloading from 
central: https://re
po.maven.apache.org
/maven2/io/netty/ne
tty-codec/4.1.104.F
inal/netty-codec-4.
1.104.Final.pom
#12 2.464 [INFO] 
Downloaded from 
central: https://re
po.maven.apache.org
/maven2/io/netty/ne
tty-codec/4.1.104.F
inal/netty-codec-4.
1.104.Final.pom 
(5.5 kB at 182 
kB/s)
#12 2.538 [INFO] 
Downloading from 
central: https://re
po.maven.apache.org
/maven2/com/squareu
p/okhttp3/okhttp/4.
12.0/okhttp-4.12.0.
pom
#12 2.568 [INFO] 
Downloaded from 
central: https://re
po.maven.apache.org
/maven2/com/squareu
p/okhttp3/okhttp/4.
12.0/okhttp-4.12.0.
pom (1.8 kB at 59 
kB/s)
#12 2.571 [INFO] 
Downloading from 
central: https://re
po.maven.apache.org
/maven2/com/squareu
p/okio/okio/3.6.0/o
kio-3.6.0.pom
#12 2.599 [INFO] 
Downloaded from 
central: https://re
po.maven.apache.org
/maven2/com/squareu
p/okio/okio/3.6.0/o
kio-3.6.0.pom (1.7 
kB at 60 kB/s)
#12 2.600 [INFO] 
Downloading from 
central: https://re
po.maven.apache.org
/maven2/com/squareu
p/okio/okio-jvm/3.6
.0/okio-jvm-3.6.0.p
om
#12 2.630 [INFO] 
Downloaded from 
central: https://re
po.maven.apache.org
/maven2/com/squareu
p/okio/okio-jvm/3.6
.0/okio-jvm-3.6.0.p
om (1.9 kB at 65 
kB/s)
#12 2.632 [INFO] 
Downloading from 
central: https://re
po.maven.apache.org
/maven2/org/jetbrai
ns/kotlin/kotlin-st
dlib-jdk8/1.9.21/ko
tlin-stdlib-jdk8-1.
9.21.pom
#12 2.661 [INFO] 
Downloaded from 
central: https://re
po.maven.apache.org
/maven2/org/jetbrai
ns/kotlin/kotlin-st
dlib-jdk8/1.9.21/ko
tlin-stdlib-jdk8-1.
9.21.pom (1.6 kB 
at 55 kB/s)
#12 2.663 [INFO] 
Downloading from 
central: https://re
po.maven.apache.org
/maven2/org/jetbrai
ns/kotlin/kotlin-st
dlib/1.9.21/kotlin-
stdlib-1.9.21.pom
#12 2.692 [INFO] 
Downloaded from 
central: https://re
po.maven.apache.org
/maven2/org/jetbrai
ns/kotlin/kotlin-st
dlib/1.9.21/kotlin-
stdlib-1.9.21.pom 
(2.8 kB at 95 kB/s)
#12 2.695 [INFO] 
Downloading from 
central: https://re
po.maven.apache.org
/maven2/org/jetbrai
ns/kotlin/kotlin-st
dlib-jdk7/1.9.21/ko
tlin-stdlib-jdk7-1.
9.21.pom
#12 2.721 [INFO] 
Downloaded from 
central: https://re
po.maven.apache.org
/maven2/org/jetbrai
ns/kotlin/kotlin-st
dlib-jdk7/1.9.21/ko
tlin-stdlib-jdk7-1.
9.21.pom (1.4 kB 
at 53 kB/s)
#12 2.723 [INFO] 
Downloading from 
central: https://re
po.maven.apache.org
/maven2/org/jetbrai
ns/kotlin/kotlin-st
dlib-common/1.9.21/
kotlin-stdlib-commo
n-1.9.21.pom
#12 2.750 [INFO] 
Downloaded from 
central: https://re
po.maven.apache.org
/maven2/org/jetbrai
ns/kotlin/kotlin-st
dlib-common/1.9.21/
kotlin-stdlib-commo
n-1.9.21.pom (1.8 
kB at 67 kB/s)
#12 2.754 [INFO] 
Downloading from 
central: https://re
po.maven.apache.org
/maven2/io/netty/ne
tty-codec-http/4.1.
104.Final/netty-cod
ec-http-4.1.104.Fin
al.pom
#12 2.782 [INFO] 
Downloaded from 
central: https://re
po.maven.apache.org
/maven2/io/netty/ne
tty-codec-http/4.1.
104.Final/netty-cod
ec-http-4.1.104.Fin
al.pom (4.4 kB at 
156 kB/s)
#12 2.787 [INFO] 
Downloading from 
central: https://re
po.maven.apache.org
/maven2/io/netty/ne
tty-codec-http2/4.1
.104.Final/netty-co
dec-http2-4.1.104.F
inal.pom
#12 2.819 [INFO] 
Downloaded from 
central: https://re
po.maven.apache.org
/maven2/io/netty/ne
tty-codec-http2/4.1
.104.Final/netty-co
dec-http2-4.1.104.F
inal.pom (5.2 kB 
at 161 kB/s)
#12 2.822 [INFO] 
Downloading from 
central: https://re
po.maven.apache.org
/maven2/io/netty/ne
tty-resolver-dns/4.
1.104.Final/netty-r
esolver-dns-4.1.104
.Final.pom
#12 2.850 [INFO] 
Downloaded from 
central: https://re
po.maven.apache.org
/maven2/io/netty/ne
tty-resolver-dns/4.
1.104.Final/netty-r
esolver-dns-4.1.104
.Final.pom (3.7 kB 
at 133 kB/s)
#12 2.853 [INFO] 
Downloading from 
central: https://re
po.maven.apache.org
/maven2/io/netty/ne
tty-codec-dns/4.1.1
04.Final/netty-code
c-dns-4.1.104.Final
.pom
#12 2.884 [INFO] 
Downloaded from 
central: https://re
po.maven.apache.org
/maven2/io/netty/ne
tty-codec-dns/4.1.1
04.Final/netty-code
c-dns-4.1.104.Final
.pom (2.7 kB at 87 
kB/s)
#12 2.886 [INFO] 
Downloading from 
central: https://re
po.maven.apache.org
/maven2/io/netty/ne
tty-resolver-dns-na
tive-macos/4.1.104.
Final/netty-resolve
r-dns-native-macos-
4.1.104.Final.pom
#12 2.917 [INFO] 
Downloaded from 
central: https://re
po.maven.apache.org
/maven2/io/netty/ne
tty-resolver-dns-na
tive-macos/4.1.104.
Final/netty-resolve
r-dns-native-macos-
4.1.104.Final.pom 
(18 kB at 604 kB/s)
#12 2.920 [INFO] 
Downloading from 
central: https://re
po.maven.apache.org
/maven2/io/netty/ne
tty-resolver-dns-cl
asses-macos/4.1.104
.Final/netty-resolv
er-dns-classes-maco
s-4.1.104.Final.pom
#12 2.963 [INFO] 
Downloaded from 
central: https://re
po.maven.apache.org
/maven2/io/netty/ne
tty-resolver-dns-cl
asses-macos/4.1.104
.Final/netty-resolv
er-dns-classes-maco
s-4.1.104.Final.pom
 (2.0 kB at 45 
kB/s)
#12 2.967 [INFO] 
Downloading from 
central: https://re
po.maven.apache.org
/maven2/io/netty/ne
tty-transport-nativ
e-epoll/4.1.104.Fin
al/netty-transport-
native-epoll-4.1.10
4.Final.pom
#12 2.998 [INFO] 
Downloaded from 
central: https://re
po.maven.apache.org
/maven2/io/netty/ne
tty-transport-nativ
e-epoll/4.1.104.Fin
al/netty-transport-
native-epoll-4.1.10
4.Final.pom (26 kB 
at 852 kB/s)
#12 3.002 [INFO] 
Downloading from 
central: https://re
po.maven.apache.org
/maven2/io/netty/ne
tty-transport-class
es-epoll/4.1.104.Fi
nal/netty-transport
-classes-epoll-4.1.
104.Final.pom
#12 3.031 [INFO] 
Downloaded from 
central: https://re
po.maven.apache.org
/maven2/io/netty/ne
tty-transport-class
es-epoll/4.1.104.Fi
nal/netty-transport
-classes-epoll-4.1.
104.Final.pom (2.1 
kB at 76 kB/s)
#12 3.035 [INFO] 
Downloading from 
central: https://re
po.maven.apache.org
/maven2/io/netty/ne
tty-handler-proxy/4
.1.104.Final/netty-
handler-proxy-4.1.1
04.Final.pom
#12 3.067 [INFO] 
Downloaded from 
central: https://re
po.maven.apache.org
/maven2/io/netty/ne
tty-handler-proxy/4
.1.104.Final/netty-
handler-proxy-4.1.1
04.Final.pom (3.6 
kB at 108 kB/s)
#12 3.071 [INFO] 
Downloading from 
central: https://re
po.maven.apache.org
/maven2/io/netty/ne
tty-codec-socks/4.1
.104.Final/netty-co
dec-socks-4.1.104.F
inal.pom
#12 3.101 [INFO] 
Downloaded from 
central: https://re
po.maven.apache.org
/maven2/io/netty/ne
tty-codec-socks/4.1
.104.Final/netty-co
dec-socks-4.1.104.F
inal.pom (2.5 kB 
at 82 kB/s)
#12 3.172 [INFO] 
Downloading from 
central: https://re
po.maven.apache.org
/maven2/com/fasterx
ml/jackson/dataform
at/jackson-dataform
at-smile/2.15.3/jac
kson-dataformat-smi
le-2.15.3.pom
#12 3.198 [INFO] 
Downloaded from 
central: https://re
po.maven.apache.org
/maven2/com/fasterx
ml/jackson/dataform
at/jackson-dataform
at-smile/2.15.3/jac
kson-dataformat-smi
le-2.15.3.pom (3.4 
kB at 125 kB/s)
#12 3.200 [INFO] 
Downloading from 
central: https://re
po.maven.apache.org
/maven2/com/fasterx
ml/jackson/dataform
at/jackson-dataform
ats-binary/2.15.3/j
ackson-dataformats-
binary-2.15.3.pom
#12 3.231 [INFO] 
Downloaded from 
central: https://re
po.maven.apache.org
/maven2/com/fasterx
ml/jackson/dataform
at/jackson-dataform
ats-binary/2.15.3/j
ackson-dataformats-
binary-2.15.3.pom 
(3.8 kB at 123 
kB/s)
#12 3.234 [INFO] 
Downloading from 
central: https://re
po.maven.apache.org
/maven2/com/fasterx
ml/jackson/dataform
at/jackson-dataform
at-cbor/2.15.3/jack
son-dataformat-cbor
-2.15.3.pom
#12 3.260 [INFO] 
Downloaded from 
central: https://re
po.maven.apache.org
/maven2/com/fasterx
ml/jackson/dataform
at/jackson-dataform
at-cbor/2.15.3/jack
son-dataformat-cbor
-2.15.3.pom (3.1 
kB at 113 kB/s)
#12 3.288 [INFO] 
Downloading from 
central: https://re
po.maven.apache.org
/maven2/commons-cod
ec/commons-codec/1.
16.0/commons-codec-
1.16.0.pom
#12 3.317 [INFO] 
Downloaded from 
central: https://re
po.maven.apache.org
/maven2/commons-cod
ec/commons-codec/1.
16.0/commons-codec-
1.16.0.pom (16 kB 
at 551 kB/s)
#12 3.336 [INFO] 
Downloading from 
central: https://re
po.maven.apache.org
/maven2/net/bytebud
dy/byte-buddy-agent
/1.14.10/byte-buddy
-agent-1.14.10.pom
#12 3.366 [INFO] 
Downloaded from 
central: https://re
po.maven.apache.org
/maven2/net/bytebud
dy/byte-buddy-agent
/1.14.10/byte-buddy
-agent-1.14.10.pom 
(10 kB at 349 kB/s)
#12 3.377 [INFO] 
Downloading from 
central: https://re
po.maven.apache.org
/maven2/org/hamcres
t/hamcrest-core/2.2
/hamcrest-core-2.2.
pom
#12 3.404 [INFO] 
Downloaded from 
central: https://re
po.maven.apache.org
/maven2/org/hamcres
t/hamcrest-core/2.2
/hamcrest-core-2.2.
pom (1.4 kB at 48 
kB/s)
#12 3.462 [INFO] 
Downloading from 
central: https://re
po.maven.apache.org
/maven2/org/jboss/l
ogging/jboss-loggin
g/3.5.3.Final/jboss
-logging-3.5.3.Fina
l.jar
#12 3.462 [INFO] 
Downloading from 
central: https://re
po.maven.apache.org
/maven2/com/fasterx
ml/classmate/1.6.0/
classmate-1.6.0.jar
#12 3.463 [INFO] 
Downloading from 
central: https://re
po.maven.apache.org
/maven2/net/bytebud
dy/byte-buddy/1.14.
10/byte-buddy-1.14.
10.jar
#12 3.463 [INFO] 
Downloading from 
central: https://re
po.maven.apache.org
/maven2/org/glassfi
sh/jaxb/jaxb-runtim
e/4.0.4/jaxb-runtim
e-4.0.4.jar
#12 3.463 [INFO] 
Downloading from 
central: https://re
po.maven.apache.org
/maven2/org/glassfi
sh/jaxb/jaxb-core/4
.0.4/jaxb-core-4.0.
4.jar
#12 3.551 [INFO] 
Downloaded from 
central: https://re
po.maven.apache.org
/maven2/org/jboss/l
ogging/jboss-loggin
g/3.5.3.Final/jboss
-logging-3.5.3.Fina
l.jar (59 kB at 
665 kB/s)
#12 3.551 [INFO] 
Downloading from 
central: https://re
po.maven.apache.org
/maven2/org/glassfi
sh/jaxb/txw2/4.0.4/
txw2-4.0.4.jar
#12 3.563 [INFO] 
Downloaded from 
central: https://re
po.maven.apache.org
/maven2/com/fasterx
ml/classmate/1.6.0/
classmate-1.6.0.jar
 (69 kB at 682 
kB/s)
#12 3.563 [INFO] 
Downloading from 
central: https://re
po.maven.apache.org
/maven2/com/sun/ist
ack/istack-commons-
runtime/4.1.2/istac
k-commons-runtime-4
.1.2.jar
#12 3.611 [INFO] 
Downloaded from 
central: https://re
po.maven.apache.org
/maven2/org/glassfi
sh/jaxb/jaxb-core/4
.0.4/jaxb-core-4.0.
4.jar (139 kB at 
937 kB/s)
#12 3.611 [INFO] 
Downloading from 
central: https://re
po.maven.apache.org
/maven2/com/fasterx
ml/jackson/dataform
at/jackson-dataform
at-toml/2.15.3/jack
son-dataformat-toml
-2.15.3.jar
#12 3.627 [INFO] 
Downloaded from 
central: https://re
po.maven.apache.org
/maven2/com/sun/ist
ack/istack-commons-
runtime/4.1.2/istac
k-commons-runtime-4
.1.2.jar (26 kB at 
158 kB/s)
#12 3.627 [INFO] 
Downloading from 
central: https://re
po.maven.apache.org
/maven2/io/netty/ne
tty-common/4.1.104.
Final/netty-common-
4.1.104.Final.jar
#12 3.674 [INFO] 
Downloaded from 
central: https://re
po.maven.apache.org
/maven2/org/glassfi
sh/jaxb/txw2/4.0.4/
txw2-4.0.4.jar (73 
kB at 349 kB/s)
#12 3.674 [INFO] 
Downloading from 
central: https://re
po.maven.apache.org
/maven2/io/netty/ne
tty-handler/4.1.104
.Final/netty-handle
r-4.1.104.Final.jar
#12 3.677 [INFO] 
Downloaded from 
central: https://re
po.maven.apache.org
/maven2/com/fasterx
ml/jackson/dataform
at/jackson-dataform
at-toml/2.15.3/jack
son-dataformat-toml
-2.15.3.jar (56 kB 
at 261 kB/s)
#12 3.677 [INFO] 
Downloading from 
central: https://re
po.maven.apache.org
/maven2/io/netty/ne
tty-resolver/4.1.10
4.Final/netty-resol
ver-4.1.104.Final.j
ar
#12 3.768 [INFO] 
Downloaded from 
central: https://re
po.maven.apache.org
/maven2/io/netty/ne
tty-resolver/4.1.10
4.Final/netty-resol
ver-4.1.104.Final.j
ar (38 kB at 124 
kB/s)
#12 3.768 [INFO] 
Downloading from 
central: https://re
po.maven.apache.org
/maven2/io/netty/ne
tty-buffer/4.1.104.
Final/netty-buffer-
4.1.104.Final.jar
#12 3.933 [INFO] 
Downloaded from 
central: https://re
po.maven.apache.org
/maven2/org/glassfi
sh/jaxb/jaxb-runtim
e/4.0.4/jaxb-runtim
e-4.0.4.jar (920 
kB at 2.0 MB/s)
#12 3.933 [INFO] 
Downloading from 
central: https://re
po.maven.apache.org
/maven2/io/netty/ne
tty-transport-nativ
e-unix-common/4.1.1
04.Final/netty-tran
sport-native-unix-c
ommon-4.1.104.Final
.jar
#12 3.969 [INFO] 
Downloaded from 
central: https://re
po.maven.apache.org
/maven2/io/netty/ne
tty-common/4.1.104.
Final/netty-common-
4.1.104.Final.jar 
(661 kB at 1.3 
MB/s)
#12 3.969 [INFO] 
Downloading from 
central: https://re
po.maven.apache.org
/maven2/io/netty/ne
tty-codec/4.1.104.F
inal/netty-codec-4.
1.104.Final.jar
#12 3.989 [INFO] 
Downloaded from 
central: https://re
po.maven.apache.org
/maven2/io/netty/ne
tty-buffer/4.1.104.
Final/netty-buffer-
4.1.104.Final.jar 
(308 kB at 585 
kB/s)
#12 3.989 [INFO] 
Downloading from 
central: https://re
po.maven.apache.org
/maven2/io/netty/ne
tty-transport/4.1.1
04.Final/netty-tran
sport-4.1.104.Final
.jar
#12 4.011 [INFO] 
Downloaded from 
central: https://re
po.maven.apache.org
/maven2/io/netty/ne
tty-transport-nativ
e-unix-common/4.1.1
04.Final/netty-tran
sport-native-unix-c
ommon-4.1.104.Final
.jar (44 kB at 81 
kB/s)
#12 4.011 [INFO] 
Downloading from 
central: https://re
po.maven.apache.org
/maven2/com/squareu
p/okhttp3/okhttp/4.
12.0/okhttp-4.12.0.
jar
#12 4.022 [INFO] 
Downloaded from 
central: https://re
po.maven.apache.org
/maven2/io/netty/ne
tty-handler/4.1.104
.Final/netty-handle
r-4.1.104.Final.jar
 (561 kB at 1.0 
MB/s)
#12 4.022 [INFO] 
Downloading from 
central: https://re
po.maven.apache.org
/maven2/com/squareu
p/okio/okio/3.6.0/o
kio-3.6.0.jar
#12 4.121 [INFO] 
Downloaded from 
central: https://re
po.maven.apache.org
/maven2/com/squareu
p/okio/okio/3.6.0/o
kio-3.6.0.jar (26 
kB at 39 kB/s)
#12 4.121 [INFO] 
Downloading from 
central: https://re
po.maven.apache.org
/maven2/com/squareu
p/okio/okio-jvm/3.6
.0/okio-jvm-3.6.0.j
ar
#12 4.141 [INFO] 
Downloaded from 
central: https://re
po.maven.apache.org
/maven2/io/netty/ne
tty-codec/4.1.104.F
inal/netty-codec-4.
1.104.Final.jar 
(345 kB at 510 
kB/s)
#12 4.141 [INFO] 
Downloading from 
central: https://re
po.maven.apache.org
/maven2/org/jetbrai
ns/kotlin/kotlin-st
dlib-common/1.9.21/
kotlin-stdlib-commo
n-1.9.21.jar
#12 4.145 [INFO] 
Downloaded from 
central: https://re
po.maven.apache.org
/maven2/net/bytebud
dy/byte-buddy/1.14.
10/byte-buddy-1.14.
10.jar (4.2 MB at 
6.2 MB/s)
#12 4.145 [INFO] 
Downloading from 
central: https://re
po.maven.apache.org
/maven2/org/jetbrai
ns/kotlin/kotlin-st
dlib-jdk8/1.9.21/ko
tlin-stdlib-jdk8-1.
9.21.jar
#12 4.151 [INFO] 
Downloaded from 
central: https://re
po.maven.apache.org
/maven2/io/netty/ne
tty-transport/4.1.1
04.Final/netty-tran
sport-4.1.104.Final
.jar (497 kB at 
722 kB/s)
#12 4.151 [INFO] 
Downloading from 
central: https://re
po.maven.apache.org
/maven2/org/jetbrai
ns/kotlin/kotlin-st
dlib/1.9.21/kotlin-
stdlib-1.9.21.jar
#12 4.203 [INFO] 
Downloaded from 
central: https://re
po.maven.apache.org
/maven2/org/jetbrai
ns/kotlin/kotlin-st
dlib-jdk8/1.9.21/ko
tlin-stdlib-jdk8-1.
9.21.jar (967 B at 
1.3 kB/s)
#12 4.203 [INFO] 
Downloading from 
central: https://re
po.maven.apache.org
/maven2/org/jetbrai
ns/kotlin/kotlin-st
dlib-jdk7/1.9.21/ko
tlin-stdlib-jdk7-1.
9.21.jar
#12 4.284 [INFO] 
Downloaded from 
central: https://re
po.maven.apache.org
/maven2/org/jetbrai
ns/kotlin/kotlin-st
dlib-common/1.9.21/
kotlin-stdlib-commo
n-1.9.21.jar (227 
kB at 278 kB/s)
#12 4.284 [INFO] 
Downloading from 
central: https://re
po.maven.apache.org
/maven2/io/netty/ne
tty-codec-http/4.1.
104.Final/netty-cod
ec-http-4.1.104.Fin
al.jar
#12 4.285 [INFO] 
Downloaded from 
central: https://re
po.maven.apache.org
/maven2/org/jetbrai
ns/kotlin/kotlin-st
dlib-jdk7/1.9.21/ko
tlin-stdlib-jdk7-1.
9.21.jar (961 B at 
1.2 kB/s)
#12 4.285 [INFO] 
Downloading from 
central: https://re
po.maven.apache.org
/maven2/io/netty/ne
tty-codec-http2/4.1
.104.Final/netty-co
dec-http2-4.1.104.F
inal.jar
#12 4.384 [INFO] 
Downloaded from 
central: https://re
po.maven.apache.org
/maven2/com/squareu
p/okio/okio-jvm/3.6
.0/okio-jvm-3.6.0.j
ar (360 kB at 391 
kB/s)
#12 4.384 [INFO] 
Downloading from 
central: https://re
po.maven.apache.org
/maven2/io/netty/ne
tty-resolver-dns/4.
1.104.Final/netty-r
esolver-dns-4.1.104
.Final.jar
#12 4.415 [INFO] 
Downloaded from 
central: https://re
po.maven.apache.org
/maven2/org/jetbrai
ns/kotlin/kotlin-st
dlib/1.9.21/kotlin-
stdlib-1.9.21.jar 
(1.7 MB at 1.8 
MB/s)
#12 4.415 [INFO] 
Downloading from 
central: https://re
po.maven.apache.org
/maven2/io/netty/ne
tty-codec-dns/4.1.1
04.Final/netty-code
c-dns-4.1.104.Final
.jar
#12 4.429 [INFO] 
Downloaded from 
central: https://re
po.maven.apache.org
/maven2/com/squareu
p/okhttp3/okhttp/4.
12.0/okhttp-4.12.0.
jar (790 kB at 817 
kB/s)
#12 4.429 [INFO] 
Downloading from 
central: https://re
po.maven.apache.org
/maven2/io/netty/ne
tty-resolver-dns-na
tive-macos/4.1.104.
Final/netty-resolve
r-dns-native-macos-
4.1.104.Final-osx-x
86_64.jar
#12 4.434 [INFO] 
Downloaded from 
central: https://re
po.maven.apache.org
/maven2/io/netty/ne
tty-codec-http2/4.1
.104.Final/netty-co
dec-http2-4.1.104.F
inal.jar (488 kB 
at 503 kB/s)
#12 4.434 [INFO] 
Downloading from 
central: https://re
po.maven.apache.org
/maven2/io/netty/ne
tty-resolver-dns-cl
asses-macos/4.1.104
.Final/netty-resolv
er-dns-classes-maco
s-4.1.104.Final.jar
#12 4.463 [INFO] 
Downloaded from 
central: https://re
po.maven.apache.org
/maven2/io/netty/ne
tty-codec-dns/4.1.1
04.Final/netty-code
c-dns-4.1.104.Final
.jar (67 kB at 67 
kB/s)
#12 4.463 [INFO] 
Downloading from 
central: https://re
po.maven.apache.org
/maven2/io/netty/ne
tty-transport-nativ
e-epoll/4.1.104.Fin
al/netty-transport-
native-epoll-4.1.10
4.Final-linux-x86_6
4.jar
#12 4.465 [INFO] 
Downloaded from 
central: https://re
po.maven.apache.org
/maven2/io/netty/ne
tty-resolver-dns-cl
asses-macos/4.1.104
.Final/netty-resolv
er-dns-classes-maco
s-4.1.104.Final.jar
 (9.1 kB at 9.1 
kB/s)
#12 4.465 [INFO] 
Downloading from 
central: https://re
po.maven.apache.org
/maven2/io/netty/ne
tty-transport-class
es-epoll/4.1.104.Fi
nal/netty-transport
-classes-epoll-4.1.
104.Final.jar
#12 4.472 [INFO] 
Downloaded from 
central: https://re
po.maven.apache.org
/maven2/io/netty/ne
tty-resolver-dns-na
tive-macos/4.1.104.
Final/netty-resolve
r-dns-native-macos-
4.1.104.Final-osx-x
86_64.jar (19 kB 
at 19 kB/s)
#12 4.472 [INFO] 
Downloading from 
central: https://re
po.maven.apache.org
/maven2/io/netty/ne
tty-handler-proxy/4
.1.104.Final/netty-
handler-proxy-4.1.1
04.Final.jar
#12 4.484 [INFO] 
Downloaded from 
central: https://re
po.maven.apache.org
/maven2/io/netty/ne
tty-resolver-dns/4.
1.104.Final/netty-r
esolver-dns-4.1.104
.Final.jar (172 kB 
at 169 kB/s)
#12 4.484 [INFO] 
Downloading from 
central: https://re
po.maven.apache.org
/maven2/io/netty/ne
tty-codec-socks/4.1
.104.Final/netty-co
dec-socks-4.1.104.F
inal.jar
#12 4.506 [INFO] 
Downloaded from 
central: https://re
po.maven.apache.org
/maven2/io/netty/ne
tty-transport-nativ
e-epoll/4.1.104.Fin
al/netty-transport-
native-epoll-4.1.10
4.Final-linux-x86_6
4.jar (40 kB at 38 
kB/s)
#12 4.506 [INFO] 
Downloading from 
central: https://re
po.maven.apache.org
/maven2/com/fasterx
ml/jackson/dataform
at/jackson-dataform
at-smile/2.15.3/jac
kson-dataformat-smi
le-2.15.3.jar
#12 4.514 [INFO] 
Downloaded from 
central: https://re
po.maven.apache.org
/maven2/io/netty/ne
tty-handler-proxy/4
.1.104.Final/netty-
handler-proxy-4.1.1
04.Final.jar (26 
kB at 24 kB/s)
#12 4.514 [INFO] 
Downloading from 
central: https://re
po.maven.apache.org
/maven2/com/fasterx
ml/jackson/dataform
at/jackson-dataform
at-cbor/2.15.3/jack
son-dataformat-cbor
-2.15.3.jar
#12 4.516 [INFO] 
Downloaded from 
central: https://re
po.maven.apache.org
/maven2/io/netty/ne
tty-transport-class
es-epoll/4.1.104.Fi
nal/netty-transport
-classes-epoll-4.1.
104.Final.jar (147 
kB at 140 kB/s)
#12 4.516 [INFO] 
Downloading from 
central: https://re
po.maven.apache.org
/maven2/commons-cod
ec/commons-codec/1.
16.0/commons-codec-
1.16.0.jar
#12 4.526 [INFO] 
Downloaded from 
central: https://re
po.maven.apache.org
/maven2/io/netty/ne
tty-codec-http/4.1.
104.Final/netty-cod
ec-http-4.1.104.Fin
al.jar (665 kB at 
627 kB/s)
#12 4.526 [INFO] 
Downloading from 
central: https://re
po.maven.apache.org
/maven2/net/bytebud
dy/byte-buddy-agent
/1.14.10/byte-buddy
-agent-1.14.10.jar
#12 4.561 [INFO] 
Downloaded from 
central: https://re
po.maven.apache.org
/maven2/com/fasterx
ml/jackson/dataform
at/jackson-dataform
at-smile/2.15.3/jac
kson-dataformat-smi
le-2.15.3.jar (98 
kB at 90 kB/s)
#12 4.561 [INFO] 
Downloading from 
central: https://re
po.maven.apache.org
/maven2/org/hamcres
t/hamcrest-core/2.2
/hamcrest-core-2.2.
jar
#12 4.568 [INFO] 
Downloaded from 
central: https://re
po.maven.apache.org
/maven2/io/netty/ne
tty-codec-socks/4.1
.104.Final/netty-co
dec-socks-4.1.104.F
inal.jar (121 kB 
at 110 kB/s)
#12 4.576 [INFO] 
Downloaded from 
central: https://re
po.maven.apache.org
/maven2/com/fasterx
ml/jackson/dataform
at/jackson-dataform
at-cbor/2.15.3/jack
son-dataformat-cbor
-2.15.3.jar (70 kB 
at 63 kB/s)
#12 4.599 [INFO] 
Downloaded from 
central: https://re
po.maven.apache.org
/maven2/commons-cod
ec/commons-codec/1.
16.0/commons-codec-
1.16.0.jar (361 kB 
at 318 kB/s)
#12 4.604 [INFO] 
Downloaded from 
central: https://re
po.maven.apache.org
/maven2/org/hamcres
t/hamcrest-core/2.2
/hamcrest-core-2.2.
jar (1.5 kB at 1.3 
kB/s)
#12 4.607 [INFO] 
Downloaded from 
central: https://re
po.maven.apache.org
/maven2/net/bytebud
dy/byte-buddy-agent
/1.14.10/byte-buddy
-agent-1.14.10.jar 
(257 kB at 225 
kB/s)
#12 4.620 [INFO] 
#12 4.620 [INFO] 
--- 
clean:3.3.2:clean 
(default-clean) @ 
finance-portal ---
#12 4.654 [INFO] 
#12 4.654 [INFO] 
--- resources:3.3.1
:resources (default
-resources) @ 
finance-portal ---
#12 4.693 [INFO] 
Copying 1 resource 
from 
src/main/resources 
to target/classes
#12 4.703 [INFO] 
Copying 16 
resources from 
src/main/resources 
to target/classes
#12 4.706 [INFO] 
#12 4.706 [INFO] 
--- compiler:3.11.0
:compile 
(default-compile) 
@ finance-portal 
---
#12 4.752 [INFO] 
Downloading from 
central: https://re
po.maven.apache.org
/maven2/org/mapstru
ct/mapstruct-proces
sor/1.5.5.Final/map
struct-processor-1.
5.5.Final.pom
#12 4.781 [INFO] 
Downloaded from 
central: https://re
po.maven.apache.org
/maven2/org/mapstru
ct/mapstruct-proces
sor/1.5.5.Final/map
struct-processor-1.
5.5.Final.pom (3.3 
kB at 109 kB/s)
#12 4.783 [INFO] 
Downloading from 
central: https://re
po.maven.apache.org
/maven2/org/project
lombok/lombok-mapst
ruct-binding/0.2.0/
lombok-mapstruct-bi
nding-0.2.0.pom
#12 4.813 [INFO] 
Downloaded from 
central: https://re
po.maven.apache.org
/maven2/org/project
lombok/lombok-mapst
ruct-binding/0.2.0/
lombok-mapstruct-bi
nding-0.2.0.pom 
(1.4 kB at 49 kB/s)
#12 4.815 [INFO] 
Downloading from 
central: https://re
po.maven.apache.org
/maven2/org/mapstru
ct/mapstruct-proces
sor/1.5.5.Final/map
struct-processor-1.
5.5.Final.jar
#12 4.815 [INFO] 
Downloading from 
central: https://re
po.maven.apache.org
/maven2/org/project
lombok/lombok-mapst
ruct-binding/0.2.0/
lombok-mapstruct-bi
nding-0.2.0.jar
#12 4.841 [INFO] 
Downloaded from 
central: https://re
po.maven.apache.org
/maven2/org/project
lombok/lombok-mapst
ruct-binding/0.2.0/
lombok-mapstruct-bi
nding-0.2.0.jar 
(2.4 kB at 89 kB/s)
#12 5.069 [INFO] 
Downloaded from 
central: https://re
po.maven.apache.org
/maven2/org/mapstru
ct/mapstruct-proces
sor/1.5.5.Final/map
struct-processor-1.
5.5.Final.jar (1.9 
MB at 7.6 MB/s)
#12 5.083 [INFO] 
Changes detected - 
recompiling the 
module! :source
#12 5.086 [INFO] 
Compiling 142 
source files with 
javac [debug 
release 17] to 
target/classes
#12 8.141 [INFO] /a
pp/src/main/java/co
m/mintstack/finance
/config/RateLimitCo
nfig.java: /app/src
/main/java/com/mint
stack/finance/confi
g/RateLimitConfig.j
ava uses or 
overrides a 
deprecated API.
#12 8.141 [INFO] /a
pp/src/main/java/co
m/mintstack/finance
/config/RateLimitCo
nfig.java: 
Recompile with 
-Xlint:deprecation 
for details.
#12 8.141 [INFO] --
-------------------
-------------------
-------------------
--
#12 8.141 [ERROR] 
COMPILATION ERROR 
: 
#12 8.141 [INFO] --
-------------------
-------------------
-------------------
--
#12 8.141 [ERROR] /
app/src/main/java/c
om/mintstack/financ
e/controller/MonteC
arloController.java
:[45,37] 
incompatible 
types: inference 
variable T has 
incompatible bounds
#12 8.141     
equality 
constraints: com.mi
ntstack.finance.dto
.response.ApiRespon
se<com.mintstack.fi
nance.dto.response.
MonteCarloResult>
#12 8.141     
lower bounds: com.m
intstack.finance.dt
o.response.ApiRespo
nse<java.lang.Void>
#12 8.141 [ERROR] /
app/src/main/java/c
om/mintstack/financ
e/controller/MonteC
arloController.java
:[64,37] 
incompatible 
types: inference 
variable T has 
incompatible bounds
#12 8.141     
equality 
constraints: com.mi
ntstack.finance.dto
.response.ApiRespon
se<com.mintstack.fi
nance.dto.response.
VaRResult>
#12 8.141     
lower bounds: com.m
intstack.finance.dt
o.response.ApiRespo
nse<java.lang.Void>
#12 8.141 [ERROR] /
app/src/main/java/c
om/mintstack/financ
e/controller/MonteC
arloController.java
:[87,37] 
incompatible 
types: inference 
variable T has 
incompatible bounds
#12 8.141     
equality 
constraints: com.mi
ntstack.finance.dto
.response.ApiRespon
se<com.mintstack.fi
nance.dto.response.
PortfolioRiskResult
>
#12 8.141     
lower bounds: com.m
intstack.finance.dt
o.response.ApiRespo
nse<java.lang.Void>
#12 8.141 [ERROR] /
app/src/main/java/c
om/mintstack/financ
e/controller/Backte
stingController.jav
a:[48,37] 
incompatible 
types: inference 
variable T has 
incompatible bounds
#12 8.141     
equality 
constraints: com.mi
ntstack.finance.dto
.response.ApiRespon
se<com.mintstack.fi
nance.dto.response.
BacktestResult>
#12 8.141     
lower bounds: com.m
intstack.finance.dt
o.response.ApiRespo
nse<java.lang.Void>
#12 8.141 [ERROR] /
app/src/main/java/c
om/mintstack/financ
e/controller/Backte
stingController.jav
a:[82,37] 
incompatible 
types: inference 
variable T has 
incompatible bounds
#12 8.141     
equality 
constraints: com.mi
ntstack.finance.dto
.response.ApiRespon
se<com.mintstack.fi
nance.dto.response.
BacktestResult>
#12 8.141     
lower bounds: com.m
intstack.finance.dt
o.response.ApiRespo
nse<java.lang.Void>
#12 8.141 [ERROR] /
app/src/main/java/c
om/mintstack/financ
e/controller/Backte
stingController.jav
a:[111,37] 
incompatible 
types: inference 
variable T has 
incompatible bounds
#12 8.141     
equality 
constraints: com.mi
ntstack.finance.dto
.response.ApiRespon
se<java.util.List<c
om.mintstack.financ
e.dto.response.Back
testResult>>
#12 8.141     
lower bounds: com.m
intstack.finance.dt
o.response.ApiRespo
nse<java.lang.Void>
#12 8.141 [ERROR] /
app/src/main/java/c
om/mintstack/financ
e/controller/Techni
calIndicatorControl
ler.java:[32,37] 
incompatible 
types: inference 
variable T has 
incompatible bounds
#12 8.141     
equality 
constraints: com.mi
ntstack.finance.dto
.response.ApiRespon
se<java.lang.Double
>
#12 8.141     
lower bounds: com.m
intstack.finance.dt
o.response.ApiRespo
nse<java.lang.Void>
#12 8.141 [ERROR] /
app/src/main/java/c
om/mintstack/financ
e/controller/Techni
calIndicatorControl
ler.java:[50,37] 
incompatible 
types: inference 
variable T has 
incompatible bounds
#12 8.141     
equality 
constraints: com.mi
ntstack.finance.dto
.response.ApiRespon
se<com.mintstack.fi
nance.dto.response.
MACDResult>
#12 8.141     
lower bounds: com.m
intstack.finance.dt
o.response.ApiRespo
nse<java.lang.Void>
#12 8.141 [ERROR] /
app/src/main/java/c
om/mintstack/financ
e/controller/Techni
calIndicatorControl
ler.java:[67,37] 
incompatible 
types: inference 
variable T has 
incompatible bounds
#12 8.141     
equality 
constraints: com.mi
ntstack.finance.dto
.response.ApiRespon
se<com.mintstack.fi
nance.dto.response.
BollingerBandsResul
t>
#12 8.141     
lower bounds: com.m
intstack.finance.dt
o.response.ApiRespo
nse<java.lang.Void>
#12 8.141 [ERROR] /
app/src/main/java/c
om/mintstack/financ
e/controller/Techni
calIndicatorControl
ler.java:[83,37] 
incompatible 
types: inference 
variable T has 
incompatible bounds
#12 8.141     
equality 
constraints: com.mi
ntstack.finance.dto
.response.ApiRespon
se<java.lang.Double
>
#12 8.141     
lower bounds: com.m
intstack.finance.dt
o.response.ApiRespo
nse<java.lang.Void>
#12 8.141 [ERROR] /
app/src/main/java/c
om/mintstack/financ
e/controller/Techni
calIndicatorControl
ler.java:[98,37] 
incompatible 
types: inference 
variable T has 
incompatible bounds
#12 8.141     
equality 
constraints: com.mi
ntstack.finance.dto
.response.ApiRespon
se<java.lang.Double
>
#12 8.141     
lower bounds: com.m
intstack.finance.dt
o.response.ApiRespo
nse<java.lang.Void>
#12 8.141 [ERROR] /
app/src/main/java/c
om/mintstack/financ
e/controller/Techni
calIndicatorControl
ler.java:[114,37] 
incompatible 
types: inference 
variable T has 
incompatible bounds
#12 8.141     
equality 
constraints: com.mi
ntstack.finance.dto
.response.ApiRespon
se<com.mintstack.fi
nance.dto.response.
StochasticResult>
#12 8.141     
lower bounds: com.m
intstack.finance.dt
o.response.ApiRespo
nse<java.lang.Void>
#12 8.141 [INFO] 
12 errors 
#12 8.141 [INFO] --
-------------------
-------------------
-------------------
--
#12 8.141 [INFO] --
-------------------
-------------------
-------------------
-------------
#12 8.141 [INFO] 
BUILD FAILURE
#12 8.141 [INFO] --
-------------------
-------------------
-------------------
-------------
#12 8.143 [INFO] 
Total time:  7.171 
s
#12 8.143 [INFO] 
Finished at: 2026-0
1-22T14:13:40Z
#12 8.143 [INFO] --
-------------------
-------------------
-------------------
-------------
#12 8.143 [ERROR] 
Failed to execute 
goal org.apache.mav
en.plugins:maven-co
mpiler-plugin:3.11.
0:compile 
(default-compile) 
on project 
finance-portal: 
Compilation 
failure: 
Compilation 
failure: 
#12 8.143 [ERROR] /
app/src/main/java/c
om/mintstack/financ
e/controller/MonteC
arloController.java
:[45,37] 
incompatible 
types: inference 
variable T has 
incompatible bounds
#12 8.143 [ERROR]  
   equality 
constraints: com.mi
ntstack.finance.dto
.response.ApiRespon
se<com.mintstack.fi
nance.dto.response.
MonteCarloResult>
#12 8.143 [ERROR]  
   lower bounds: co
m.mintstack.finance
.dto.response.ApiRe
sponse<java.lang.Vo
id>
#12 8.143 [ERROR] /
app/src/main/java/c
om/mintstack/financ
e/controller/MonteC
arloController.java
:[64,37] 
incompatible 
types: inference 
variable T has 
incompatible bounds
#12 8.143 [ERROR]  
   equality 
constraints: com.mi
ntstack.finance.dto
.response.ApiRespon
se<com.mintstack.fi
nance.dto.response.
VaRResult>
#12 8.143 [ERROR]  
   lower bounds: co
m.mintstack.finance
.dto.response.ApiRe
sponse<java.lang.Vo
id>
#12 8.143 [ERROR] /
app/src/main/java/c
om/mintstack/financ
e/controller/MonteC
arloController.java
:[87,37] 
incompatible 
types: inference 
variable T has 
incompatible bounds
#12 8.143 [ERROR]  
   equality 
constraints: com.mi
ntstack.finance.dto
.response.ApiRespon
se<com.mintstack.fi
nance.dto.response.
PortfolioRiskResult
>
#12 8.143 [ERROR]  
   lower bounds: co
m.mintstack.finance
.dto.response.ApiRe
sponse<java.lang.Vo
id>
#12 8.143 [ERROR] /
app/src/main/java/c
om/mintstack/financ
e/controller/Backte
stingController.jav
a:[48,37] 
incompatible 
types: inference 
variable T has 
incompatible bounds
#12 8.143 [ERROR]  
   equality 
constraints: com.mi
ntstack.finance.dto
.response.ApiRespon
se<com.mintstack.fi
nance.dto.response.
BacktestResult>
#12 8.143 [ERROR]  
   lower bounds: co
m.mintstack.finance
.dto.response.ApiRe
sponse<java.lang.Vo
id>
#12 8.143 [ERROR] /
app/src/main/java/c
om/mintstack/financ
e/controller/Backte
stingController.jav
a:[82,37] 
incompatible 
types: inference 
variable T has 
incompatible bounds
#12 8.143 [ERROR]  
   equality 
constraints: com.mi
ntstack.finance.dto
.response.ApiRespon
se<com.mintstack.fi
nance.dto.response.
BacktestResult>
#12 8.143 [ERROR]  
   lower bounds: co
m.mintstack.finance
.dto.response.ApiRe
sponse<java.lang.Vo
id>
#12 8.143 [ERROR] /
app/src/main/java/c
om/mintstack/financ
e/controller/Backte
stingController.jav
a:[111,37] 
incompatible 
types: inference 
variable T has 
incompatible bounds
#12 8.143 [ERROR]  
   equality 
constraints: com.mi
ntstack.finance.dto
.response.ApiRespon
se<java.util.List<c
om.mintstack.financ
e.dto.response.Back
testResult>>
#12 8.143 [ERROR]  
   lower bounds: co
m.mintstack.finance
.dto.response.ApiRe
sponse<java.lang.Vo
id>
#12 8.143 [ERROR] /
app/src/main/java/c
om/mintstack/financ
e/controller/Techni
calIndicatorControl
ler.java:[32,37] 
incompatible 
types: inference 
variable T has 
incompatible bounds
#12 8.143 [ERROR]  
   equality 
constraints: com.mi
ntstack.finance.dto
.response.ApiRespon
se<java.lang.Double
>
#12 8.143 [ERROR]  
   lower bounds: co
m.mintstack.finance
.dto.response.ApiRe
sponse<java.lang.Vo
id>
#12 8.143 [ERROR] /
app/src/main/java/c
om/mintstack/financ
e/controller/Techni
calIndicatorControl
ler.java:[50,37] 
incompatible 
types: inference 
variable T has 
incompatible bounds
#12 8.143 [ERROR]  
   equality 
constraints: com.mi
ntstack.finance.dto
.response.ApiRespon
se<com.mintstack.fi
nance.dto.response.
MACDResult>
#12 8.143 [ERROR]  
   lower bounds: co
m.mintstack.finance
.dto.response.ApiRe
sponse<java.lang.Vo
id>
#12 8.143 [ERROR] /
app/src/main/java/c
om/mintstack/financ
e/controller/Techni
calIndicatorControl
ler.java:[67,37] 
incompatible 
types: inference 
variable T has 
incompatible bounds
#12 8.143 [ERROR]  
   equality 
constraints: com.mi
ntstack.finance.dto
.response.ApiRespon
se<com.mintstack.fi
nance.dto.response.
BollingerBandsResul
t>
#12 8.143 [ERROR]  
   lower bounds: co
m.mintstack.finance
.dto.response.ApiRe
sponse<java.lang.Vo
id>
#12 8.143 [ERROR] /
app/src/main/java/c
om/mintstack/financ
e/controller/Techni
calIndicatorControl
ler.java:[83,37] 
incompatible 
types: inference 
variable T has 
incompatible bounds
#12 8.143 [ERROR]  
   equality 
constraints: com.mi
ntstack.finance.dto
.response.ApiRespon
se<java.lang.Double
>
#12 8.143 [ERROR]  
   lower bounds: co
m.mintstack.finance
.dto.response.ApiRe
sponse<java.lang.Vo
id>
#12 8.143 [ERROR] /
app/src/main/java/c
om/mintstack/financ
e/controller/Techni
calIndicatorControl
ler.java:[98,37] 
incompatible 
types: inference 
variable T has 
incompatible bounds
#12 8.143 [ERROR]  
   equality 
constraints: com.mi
ntstack.finance.dto
.response.ApiRespon
se<java.lang.Double
>
#12 8.143 [ERROR]  
   lower bounds: co
m.mintstack.finance
.dto.response.ApiRe
sponse<java.lang.Vo
id>
#12 8.143 [ERROR] /
app/src/main/java/c
om/mintstack/financ
e/controller/Techni
calIndicatorControl
ler.java:[114,37] 
incompatible 
types: inference 
variable T has 
incompatible bounds
#12 8.143 [ERROR]  
   equality 
constraints: com.mi
ntstack.finance.dto
.response.ApiRespon
se<com.mintstack.fi
nance.dto.response.
StochasticResult>
#12 8.143 [ERROR]  
   lower bounds: co
m.mintstack.finance
.dto.response.ApiRe
sponse<java.lang.Vo
id>
#12 8.143 [ERROR] 
-> [Help 1]
#12 8.143 [ERROR] 
#12 8.143 [ERROR] 
To see the full 
stack trace of the 
errors, re-run 
Maven with the -e 
switch.
#12 8.143 [ERROR] 
Re-run Maven using 
the -X switch to 
enable full debug 
logging.
#12 8.143 [ERROR] 
#12 8.143 [ERROR] 
For more 
information about 
the errors and 
possible 
solutions, please 
read the following 
articles:
#12 8.143 [ERROR] 
[Help 1] http://cwi
ki.apache.org/confl
uence/display/MAVEN
/MojoFailureExcepti
on
#12 ERROR: process 
"/bin/sh -c mvn 
clean package 
-DskipTests -B" 
did not complete 
successfully: exit 
code: 1
------
 > [build 6/6] RUN 
mvn clean package 
-DskipTests -B:
8.143 [ERROR] /app/
src/main/java/com/m
intstack/finance/co
ntroller/TechnicalI
ndicatorController.
java:[114,37] 
incompatible 
types: inference 
variable T has 
incompatible bounds
8.143 [ERROR]     
equality 
constraints: com.mi
ntstack.finance.dto
.response.ApiRespon
se<com.mintstack.fi
nance.dto.response.
StochasticResult>
8.143 [ERROR]     
lower bounds: com.m
intstack.finance.dt
o.response.ApiRespo
nse<java.lang.Void>
8.143 [ERROR] -> 
[Help 1]
8.143 [ERROR] 
8.143 [ERROR] To 
see the full stack 
trace of the 
errors, re-run 
Maven with the -e 
switch.
8.143 [ERROR] 
Re-run Maven using 
the -X switch to 
enable full debug 
logging.
8.143 [ERROR] 
8.143 [ERROR] For 
more information 
about the errors 
and possible 
solutions, please 
read the following 
articles:
8.143 [ERROR] 
[Help 1] http://cwi
ki.apache.org/confl
uence/display/MAVEN
/MojoFailureExcepti
on
------
Dockerfile:11
-------------------
-
   9 |     # Copy 
source and build
  10 |     COPY 
src ./src
  11 | >>> RUN mvn 
clean package 
-DskipTests -B
  12 |     
  13 |     # 
Runtime stage
-------------------
-
ERROR: failed to 
build: failed to 
solve: process 
"/bin/sh -c mvn 
clean package 
-DskipTests -B" 
did not complete 
successfully: exit 
code: 1

View build 
details: docker-des
ktop://dashboard/bu
ild/desktop-linux/d
esktop-linux/6c766g
znorond9uxwveeryk4p
