[INFO] Scanning for projects...
Downloading from central: https://repo.maven.apache.org/maven2/org/springframework/boot/spring-boot-starter-parent/3.2.1/spring-boot-starter-parent-3.2.1.pom
Progress (1): 1.1 kBProgress (1): 2.6 kBProgress (1): 6.7 kBProgress (1): 10 kB Progress (1): 13 kB                   Downloaded from central: https://repo.maven.apache.org/maven2/org/springframework/boot/spring-boot-starter-parent/3.2.1/spring-boot-starter-parent-3.2.1.pom (13 kB at 52 kB/s)
Downloading from central: https://repo.maven.apache.org/maven2/org/springframework/boot/spring-boot-dependencies/3.2.1/spring-boot-dependencies-3.2.1.pom
Progress (1): 988 BProgress (1): 2.3 kBProgress (1): 4.4 kBProgress (1): 6.6 kBProgress (1): 8.2 kBProgress (1): 11 kB Progress (1): 16 kBProgress (1): 24 kBProgress (1): 32 kBProgress (1): 40 kBProgress (1): 45 kBProgress (1): 54 kBProgress (1): 64 kBProgress (1): 72 kBProgress (1): 84 kBProgress (1): 93 kBProgress (1): 97 kBProgress (1): 104 kBProgress (1): 111 kBProgress (1): 111 kB                    Downloaded from central: https://repo.maven.apache.org/maven2/org/springframework/boot/spring-boot-dependencies/3.2.1/spring-boot-dependencies-3.2.1.pom (111 kB at 1.7 MB/s)
Downloading from central: https://repo.maven.apache.org/maven2/org/springframework/cloud/spring-cloud-dependencies/2023.0.0/spring-cloud-dependencies-2023.0.0.pom
Progress (1): 1.1 kBProgress (1): 2.1 kBProgress (1): 5.1 kBProgress (1): 10 kB                    Downloaded from central: https://repo.maven.apache.org/maven2/org/springframework/cloud/spring-cloud-dependencies/2023.0.0/spring-cloud-dependencies-2023.0.0.pom (10 kB at 174 kB/s)
Downloading from central: https://repo.maven.apache.org/maven2/org/springframework/cloud/spring-cloud-dependencies-parent/4.1.0/spring-cloud-dependencies-parent-4.1.0.pom
Progress (1): 1.0 kBProgress (1): 2.2 kBProgress (1): 4.5 kBProgress (1): 8.1 kB                    Downloaded from central: https://repo.maven.apache.org/maven2/org/springframework/cloud/spring-cloud-dependencies-parent/4.1.0/spring-cloud-dependencies-parent-4.1.0.pom (8.1 kB at 207 kB/s)
Downloading from central: https://repo.maven.apache.org/maven2/org/springframework/cloud/spring-cloud-commons-dependencies/4.1.0/spring-cloud-commons-dependencies-4.1.0.pom
Progress (1): 1.1 kBProgress (1): 2.1 kBProgress (1): 6.0 kBProgress (1): 7.2 kB                    Downloaded from central: https://repo.maven.apache.org/maven2/org/springframework/cloud/spring-cloud-commons-dependencies/4.1.0/spring-cloud-commons-dependencies-4.1.0.pom (7.2 kB at 164 kB/s)
Downloading from central: https://repo.maven.apache.org/maven2/org/springframework/cloud/spring-cloud-netflix-dependencies/4.1.0/spring-cloud-netflix-dependencies-4.1.0.pom
Progress (1): 1.1 kBProgress (1): 2.1 kBProgress (1): 5.7 kBProgress (1): 9.8 kB                    Downloaded from central: https://repo.maven.apache.org/maven2/org/springframework/cloud/spring-cloud-netflix-dependencies/4.1.0/spring-cloud-netflix-dependencies-4.1.0.pom (9.8 kB at 150 kB/s)
Downloading from central: https://repo.maven.apache.org/maven2/org/springframework/cloud/spring-cloud-stream-dependencies/4.1.0/spring-cloud-stream-dependencies-4.1.0.pom
Progress (1): 1.1 kBProgress (1): 2.1 kBProgress (1): 7.7 kBProgress (1): 8.6 kB                    Downloaded from central: https://repo.maven.apache.org/maven2/org/springframework/cloud/spring-cloud-stream-dependencies/4.1.0/spring-cloud-stream-dependencies-4.1.0.pom (8.6 kB at 225 kB/s)
Downloading from central: https://repo.maven.apache.org/maven2/org/springframework/cloud/spring-cloud-task-dependencies/3.1.0/spring-cloud-task-dependencies-3.1.0.pom
Progress (1): 1.1 kBProgress (1): 2.1 kBProgress (1): 5.8 kB                    Downloaded from central: https://repo.maven.apache.org/maven2/org/springframework/cloud/spring-cloud-task-dependencies/3.1.0/spring-cloud-task-dependencies-3.1.0.pom (5.8 kB at 175 kB/s)
Downloading from central: https://repo.maven.apache.org/maven2/org/springframework/cloud/spring-cloud-circuitbreaker-dependencies/3.1.0/spring-cloud-circuitbreaker-dependencies-3.1.0.pom
Progress (1): 1.2 kBProgress (1): 2.1 kBProgress (1): 5.7 kBProgress (1): 6.7 kB                    Downloaded from central: https://repo.maven.apache.org/maven2/org/springframework/cloud/spring-cloud-circuitbreaker-dependencies/3.1.0/spring-cloud-circuitbreaker-dependencies-3.1.0.pom (6.7 kB at 181 kB/s)
Downloading from central: https://repo.maven.apache.org/maven2/io/github/resilience4j/resilience4j-bom/2.1.0/resilience4j-bom-2.1.0.pom
Progress (1): 1.5 kBProgress (1): 5.9 kBProgress (1): 6.4 kB                    Downloaded from central: https://repo.maven.apache.org/maven2/io/github/resilience4j/resilience4j-bom/2.1.0/resilience4j-bom-2.1.0.pom (6.4 kB at 183 kB/s)
Downloading from central: https://repo.maven.apache.org/maven2/org/springframework/cloud/spring-cloud-config-dependencies/4.1.0/spring-cloud-config-dependencies-4.1.0.pom
Progress (1): 1.1 kBProgress (1): 2.1 kBProgress (1): 5.9 kBProgress (1): 7.5 kB                    Downloaded from central: https://repo.maven.apache.org/maven2/org/springframework/cloud/spring-cloud-config-dependencies/4.1.0/spring-cloud-config-dependencies-4.1.0.pom (7.5 kB at 202 kB/s)
Downloading from central: https://repo.maven.apache.org/maven2/org/springframework/cloud/spring-cloud-function-dependencies/4.1.0/spring-cloud-function-dependencies-4.1.0.pom
Progress (1): 1.2 kBProgress (1): 2.1 kBProgress (1): 6.8 kB                    Downloaded from central: https://repo.maven.apache.org/maven2/org/springframework/cloud/spring-cloud-function-dependencies/4.1.0/spring-cloud-function-dependencies-4.1.0.pom (6.8 kB at 158 kB/s)
Downloading from central: https://repo.maven.apache.org/maven2/org/springframework/cloud/spring-cloud-gateway-dependencies/4.1.0/spring-cloud-gateway-dependencies-4.1.0.pom
Progress (1): 1.1 kBProgress (1): 2.1 kBProgress (1): 6.4 kB                    Downloaded from central: https://repo.maven.apache.org/maven2/org/springframework/cloud/spring-cloud-gateway-dependencies/4.1.0/spring-cloud-gateway-dependencies-4.1.0.pom (6.4 kB at 142 kB/s)
Downloading from central: https://repo.maven.apache.org/maven2/org/springframework/cloud/spring-cloud-consul-dependencies/4.1.0/spring-cloud-consul-dependencies-4.1.0.pom
Progress (1): 1.1 kBProgress (1): 2.1 kBProgress (1): 6.2 kBProgress (1): 7.5 kB                    Downloaded from central: https://repo.maven.apache.org/maven2/org/springframework/cloud/spring-cloud-consul-dependencies/4.1.0/spring-cloud-consul-dependencies-4.1.0.pom (7.5 kB at 166 kB/s)
Downloading from central: https://repo.maven.apache.org/maven2/org/springframework/cloud/spring-cloud-vault-dependencies/4.1.0/spring-cloud-vault-dependencies-4.1.0.pom
Progress (1): 1.1 kBProgress (1): 2.9 kBProgress (1): 6.2 kB                    Downloaded from central: https://repo.maven.apache.org/maven2/org/springframework/cloud/spring-cloud-vault-dependencies/4.1.0/spring-cloud-vault-dependencies-4.1.0.pom (6.2 kB at 108 kB/s)
Downloading from central: https://repo.maven.apache.org/maven2/org/springframework/cloud/spring-cloud-zookeeper-dependencies/4.1.0/spring-cloud-zookeeper-dependencies-4.1.0.pom
Progress (1): 1.2 kBProgress (1): 2.9 kBProgress (1): 7.8 kBProgress (1): 8.9 kB                    Downloaded from central: https://repo.maven.apache.org/maven2/org/springframework/cloud/spring-cloud-zookeeper-dependencies/4.1.0/spring-cloud-zookeeper-dependencies-4.1.0.pom (8.9 kB at 308 kB/s)
Downloading from central: https://repo.maven.apache.org/maven2/org/springframework/cloud/spring-cloud-bus-dependencies/4.1.0/spring-cloud-bus-dependencies-4.1.0.pom
Progress (1): 1.1 kBProgress (1): 2.9 kBProgress (1): 6.1 kB                    Downloaded from central: https://repo.maven.apache.org/maven2/org/springframework/cloud/spring-cloud-bus-dependencies/4.1.0/spring-cloud-bus-dependencies-4.1.0.pom (6.1 kB at 134 kB/s)
Downloading from central: https://repo.maven.apache.org/maven2/org/springframework/cloud/spring-cloud-contract-dependencies/4.1.0/spring-cloud-contract-dependencies-4.1.0.pom
Progress (1): 1.2 kBProgress (1): 2.9 kBProgress (1): 8.3 kBProgress (1): 9.0 kB                    Downloaded from central: https://repo.maven.apache.org/maven2/org/springframework/cloud/spring-cloud-contract-dependencies/4.1.0/spring-cloud-contract-dependencies-4.1.0.pom (9.0 kB at 191 kB/s)
Downloading from central: https://repo.maven.apache.org/maven2/org/springframework/cloud/spring-cloud-openfeign-dependencies/4.1.0/spring-cloud-openfeign-dependencies-4.1.0.pom
Progress (1): 1.2 kBProgress (1): 3.0 kBProgress (1): 6.5 kB                    Downloaded from central: https://repo.maven.apache.org/maven2/org/springframework/cloud/spring-cloud-openfeign-dependencies/4.1.0/spring-cloud-openfeign-dependencies-4.1.0.pom (6.5 kB at 121 kB/s)
Downloading from central: https://repo.maven.apache.org/maven2/io/github/openfeign/feign-bom/13.1/feign-bom-13.1.pom
Progress (1): 827 BProgress (1): 4.9 kBProgress (1): 7.2 kB                    Downloaded from central: https://repo.maven.apache.org/maven2/io/github/openfeign/feign-bom/13.1/feign-bom-13.1.pom (7.2 kB at 161 kB/s)
Downloading from central: https://repo.maven.apache.org/maven2/org/springframework/cloud/spring-cloud-kubernetes-dependencies/3.1.0/spring-cloud-kubernetes-dependencies-3.1.0.pom
Progress (1): 791 BProgress (1): 3.1 kBProgress (1): 7.2 kBProgress (1): 13 kB                    Downloaded from central: https://repo.maven.apache.org/maven2/org/springframework/cloud/spring-cloud-kubernetes-dependencies/3.1.0/spring-cloud-kubernetes-dependencies-3.1.0.pom (13 kB at 211 kB/s)
Downloading from central: https://repo.maven.apache.org/maven2/io/fabric8/kubernetes-client-bom/6.9.2/kubernetes-client-bom-6.9.2.pom
Progress (1): 1.2 kBProgress (1): 9.4 kBProgress (1): 25 kB Progress (1): 28 kB                   Downloaded from central: https://repo.maven.apache.org/maven2/io/fabric8/kubernetes-client-bom/6.9.2/kubernetes-client-bom-6.9.2.pom (28 kB at 601 kB/s)
Downloading from central: https://repo.maven.apache.org/maven2/org/testcontainers/testcontainers-bom/1.19.3/testcontainers-bom-1.19.3.pom
Progress (1): 1.2 kBProgress (1): 9.0 kB                    Downloaded from central: https://repo.maven.apache.org/maven2/org/testcontainers/testcontainers-bom/1.19.3/testcontainers-bom-1.19.3.pom (9.0 kB at 166 kB/s)
Downloading from central: https://repo.maven.apache.org/maven2/org/assertj/assertj-bom/3.24.2/assertj-bom-3.24.2.pom
Progress (1): 1.0 kBProgress (1): 3.7 kB                    Downloaded from central: https://repo.maven.apache.org/maven2/org/assertj/assertj-bom/3.24.2/assertj-bom-3.24.2.pom (3.7 kB at 91 kB/s)
Downloading from central: https://repo.maven.apache.org/maven2/io/zipkin/brave/brave-bom/5.16.0/brave-bom-5.16.0.pom
Progress (1): 814 BProgress (1): 2.4 kBProgress (1): 9.7 kBProgress (1): 12 kB                    Downloaded from central: https://repo.maven.apache.org/maven2/io/zipkin/brave/brave-bom/5.16.0/brave-bom-5.16.0.pom (12 kB at 171 kB/s)
Downloading from central: https://repo.maven.apache.org/maven2/io/zipkin/reporter2/zipkin-reporter-bom/2.16.3/zipkin-reporter-bom-2.16.3.pom
Progress (1): 752 BProgress (1): 2.3 kBProgress (1): 6.2 kBProgress (1): 6.9 kB                    Downloaded from central: https://repo.maven.apache.org/maven2/io/zipkin/reporter2/zipkin-reporter-bom/2.16.3/zipkin-reporter-bom-2.16.3.pom (6.9 kB at 156 kB/s)
Downloading from central: https://repo.maven.apache.org/maven2/com/datastax/oss/java-driver-bom/4.17.0/java-driver-bom-4.17.0.pom
Progress (1): 845 BProgress (1): 2.4 kBProgress (1): 4.1 kB                    Downloaded from central: https://repo.maven.apache.org/maven2/com/datastax/oss/java-driver-bom/4.17.0/java-driver-bom-4.17.0.pom (4.1 kB at 96 kB/s)
Downloading from central: https://repo.maven.apache.org/maven2/io/dropwizard/metrics/metrics-bom/4.2.23/metrics-bom-4.2.23.pom
Progress (1): 6.3 kBProgress (1): 8.2 kB                    Downloaded from central: https://repo.maven.apache.org/maven2/io/dropwizard/metrics/metrics-bom/4.2.23/metrics-bom-4.2.23.pom (8.2 kB at 235 kB/s)
Downloading from central: https://repo.maven.apache.org/maven2/io/dropwizard/metrics/metrics-parent/4.2.23/metrics-parent-4.2.23.pom
Progress (1): 1.8 kBProgress (1): 3.7 kBProgress (1): 5.9 kBProgress (1): 9.1 kBProgress (1): 14 kB Progress (1): 18 kBProgress (1): 21 kB                   Downloaded from central: https://repo.maven.apache.org/maven2/io/dropwizard/metrics/metrics-parent/4.2.23/metrics-parent-4.2.23.pom (21 kB at 531 kB/s)
Downloading from central: https://repo.maven.apache.org/maven2/org/glassfish/jaxb/jaxb-bom/4.0.4/jaxb-bom-4.0.4.pom
Progress (1): 849 BProgress (1): 5.4 kBProgress (1): 12 kB                    Downloaded from central: https://repo.maven.apache.org/maven2/org/glassfish/jaxb/jaxb-bom/4.0.4/jaxb-bom-4.0.4.pom (12 kB at 159 kB/s)
Downloading from central: https://repo.maven.apache.org/maven2/org/eclipse/ee4j/project/1.0.8/project-1.0.8.pom
Progress (1): 872 BProgress (1): 2.4 kBProgress (1): 5.0 kBProgress (1): 8.2 kBProgress (1): 12 kB Progress (1): 15 kB                   Downloaded from central: https://repo.maven.apache.org/maven2/org/eclipse/ee4j/project/1.0.8/project-1.0.8.pom (15 kB at 417 kB/s)
Downloading from central: https://repo.maven.apache.org/maven2/org/apache/groovy/groovy-bom/4.0.16/groovy-bom-4.0.16.pom
Progress (1): 859 BProgress (1): 3.5 kBProgress (1): 6.9 kBProgress (1): 11 kB Progress (1): 14 kBProgress (1): 18 kBProgress (1): 22 kBProgress (1): 23 kBProgress (1): 27 kB                   Downloaded from central: https://repo.maven.apache.org/maven2/org/apache/groovy/groovy-bom/4.0.16/groovy-bom-4.0.16.pom (27 kB at 649 kB/s)
Downloading from central: https://repo.maven.apache.org/maven2/org/infinispan/infinispan-bom/14.0.21.Final/infinispan-bom-14.0.21.Final.pom
Progress (1): 1.1 kBProgress (1): 8.1 kBProgress (1): 22 kB Progress (1): 24 kB                   Downloaded from central: https://repo.maven.apache.org/maven2/org/infinispan/infinispan-bom/14.0.21.Final/infinispan-bom-14.0.21.Final.pom (24 kB at 615 kB/s)
Downloading from central: https://repo.maven.apache.org/maven2/org/infinispan/infinispan-build-configuration-parent/14.0.21.Final/infinispan-build-configuration-parent-14.0.21.Final.pom
Progress (1): 1.0 kBProgress (1): 3.2 kBProgress (1): 5.5 kBProgress (1): 7.5 kBProgress (1): 9.9 kBProgress (1): 12 kB Progress (1): 14 kBProgress (1): 16 kBProgress (1): 20 kBProgress (1): 24 kB                   Downloaded from central: https://repo.maven.apache.org/maven2/org/infinispan/infinispan-build-configuration-parent/14.0.21.Final/infinispan-build-configuration-parent-14.0.21.Final.pom (24 kB at 767 kB/s)
Downloading from central: https://repo.maven.apache.org/maven2/org/jboss/jboss-parent/39/jboss-parent-39.pom
Progress (1): 691 BProgress (1): 2.0 kBProgress (1): 4.5 kBProgress (1): 6.8 kBProgress (1): 8.9 kBProgress (1): 13 kB Progress (1): 20 kBProgress (1): 22 kBProgress (1): 29 kBProgress (1): 33 kBProgress (1): 35 kBProgress (1): 38 kBProgress (1): 43 kBProgress (1): 60 kBProgress (1): 68 kB                   Downloaded from central: https://repo.maven.apache.org/maven2/org/jboss/jboss-parent/39/jboss-parent-39.pom (68 kB at 1.5 MB/s)
Downloading from central: https://repo.maven.apache.org/maven2/com/fasterxml/jackson/jackson-bom/2.15.3/jackson-bom-2.15.3.pom
Progress (1): 924 BProgress (1): 2.7 kBProgress (1): 8.1 kBProgress (1): 17 kB Progress (1): 18 kB                   Downloaded from central: https://repo.maven.apache.org/maven2/com/fasterxml/jackson/jackson-bom/2.15.3/jackson-bom-2.15.3.pom (18 kB at 391 kB/s)
Downloading from central: https://repo.maven.apache.org/maven2/com/fasterxml/jackson/jackson-parent/2.15/jackson-parent-2.15.pom
Progress (1): 1.1 kBProgress (1): 2.6 kBProgress (1): 4.1 kBProgress (1): 6.5 kB                    Downloaded from central: https://repo.maven.apache.org/maven2/com/fasterxml/jackson/jackson-parent/2.15/jackson-parent-2.15.pom (6.5 kB at 210 kB/s)
Downloading from central: https://repo.maven.apache.org/maven2/com/fasterxml/oss-parent/50/oss-parent-50.pom
Progress (1): 948 BProgress (1): 2.6 kBProgress (1): 4.0 kBProgress (1): 6.0 kBProgress (1): 9.6 kBProgress (1): 12 kB Progress (1): 15 kBProgress (1): 16 kBProgress (1): 19 kBProgress (1): 23 kBProgress (1): 24 kB                   Downloaded from central: https://repo.maven.apache.org/maven2/com/fasterxml/oss-parent/50/oss-parent-50.pom (24 kB at 482 kB/s)
Downloading from central: https://repo.maven.apache.org/maven2/org/glassfish/jersey/jersey-bom/3.1.5/jersey-bom-3.1.5.pom
Progress (1): 840 BProgress (1): 8.6 kBProgress (1): 20 kB Progress (1): 21 kB                   Downloaded from central: https://repo.maven.apache.org/maven2/org/glassfish/jersey/jersey-bom/3.1.5/jersey-bom-3.1.5.pom (21 kB at 505 kB/s)
Downloading from central: https://repo.maven.apache.org/maven2/org/eclipse/jetty/ee10/jetty-ee10-bom/12.0.5/jetty-ee10-bom-12.0.5.pom
Progress (1): 1.1 kBProgress (1): 4.5 kBProgress (1): 9.2 kB                    Downloaded from central: https://repo.maven.apache.org/maven2/org/eclipse/jetty/ee10/jetty-ee10-bom/12.0.5/jetty-ee10-bom-12.0.5.pom (9.2 kB at 264 kB/s)
Downloading from central: https://repo.maven.apache.org/maven2/org/eclipse/jetty/jetty-bom/12.0.5/jetty-bom-12.0.5.pom
Progress (1): 1.1 kBProgress (1): 4.5 kBProgress (1): 14 kB                    Downloaded from central: https://repo.maven.apache.org/maven2/org/eclipse/jetty/jetty-bom/12.0.5/jetty-bom-12.0.5.pom (14 kB at 307 kB/s)
Downloading from central: https://repo.maven.apache.org/maven2/org/junit/junit-bom/5.10.1/junit-bom-5.10.1.pom
Progress (1): 908 BProgress (1): 4.1 kBProgress (1): 5.6 kB                    Downloaded from central: https://repo.maven.apache.org/maven2/org/junit/junit-bom/5.10.1/junit-bom-5.10.1.pom (5.6 kB at 126 kB/s)
Downloading from central: https://repo.maven.apache.org/maven2/org/jetbrains/kotlin/kotlin-bom/1.9.21/kotlin-bom-1.9.21.pom
Progress (1): 909 BProgress (1): 5.3 kBProgress (1): 9.1 kB                    Downloaded from central: https://repo.maven.apache.org/maven2/org/jetbrains/kotlin/kotlin-bom/1.9.21/kotlin-bom-1.9.21.pom (9.1 kB at 212 kB/s)
Downloading from central: https://repo.maven.apache.org/maven2/org/jetbrains/kotlinx/kotlinx-coroutines-bom/1.7.3/kotlinx-coroutines-bom-1.7.3.pom
Progress (1): 1.2 kBProgress (1): 4.3 kB                    Downloaded from central: https://repo.maven.apache.org/maven2/org/jetbrains/kotlinx/kotlinx-coroutines-bom/1.7.3/kotlinx-coroutines-bom-1.7.3.pom (4.3 kB at 143 kB/s)
Downloading from central: https://repo.maven.apache.org/maven2/org/jetbrains/kotlinx/kotlinx-serialization-bom/1.6.2/kotlinx-serialization-bom-1.6.2.pom
Progress (1): 1.2 kBProgress (1): 3.8 kB                    Downloaded from central: https://repo.maven.apache.org/maven2/org/jetbrains/kotlinx/kotlinx-serialization-bom/1.6.2/kotlinx-serialization-bom-1.6.2.pom (3.8 kB at 58 kB/s)
Downloading from central: https://repo.maven.apache.org/maven2/org/apache/logging/log4j/log4j-bom/2.21.1/log4j-bom-2.21.1.pom
Progress (1): 795 BProgress (1): 2.3 kBProgress (1): 5.7 kBProgress (1): 12 kB Progress (1): 12 kB                   Downloaded from central: https://repo.maven.apache.org/maven2/org/apache/logging/log4j/log4j-bom/2.21.1/log4j-bom-2.21.1.pom (12 kB at 377 kB/s)
Downloading from central: https://repo.maven.apache.org/maven2/org/apache/logging/logging-parent/10.1.1/logging-parent-10.1.1.pom
Progress (1): 738 BProgress (1): 2.2 kBProgress (1): 4.7 kBProgress (1): 7.1 kBProgress (1): 11 kB Progress (1): 14 kBProgress (1): 20 kBProgress (1): 22 kBProgress (1): 24 kBProgress (1): 27 kBProgress (1): 29 kBProgress (1): 31 kBProgress (1): 34 kBProgress (1): 39 kBProgress (1): 39 kB                   Downloaded from central: https://repo.maven.apache.org/maven2/org/apache/logging/logging-parent/10.1.1/logging-parent-10.1.1.pom (39 kB at 933 kB/s)
Downloading from central: https://repo.maven.apache.org/maven2/org/apache/apache/30/apache-30.pom
Progress (1): 741 BProgress (1): 2.1 kBProgress (1): 4.0 kBProgress (1): 6.2 kBProgress (1): 11 kB Progress (1): 16 kBProgress (1): 20 kBProgress (1): 22 kBProgress (1): 23 kB                   Downloaded from central: https://repo.maven.apache.org/maven2/org/apache/apache/30/apache-30.pom (23 kB at 646 kB/s)
Downloading from central: https://repo.maven.apache.org/maven2/io/micrometer/micrometer-bom/1.12.1/micrometer-bom-1.12.1.pom
Progress (1): 1.0 kBProgress (1): 7.4 kBProgress (1): 8.0 kB                    Downloaded from central: https://repo.maven.apache.org/maven2/io/micrometer/micrometer-bom/1.12.1/micrometer-bom-1.12.1.pom (8.0 kB at 171 kB/s)
Downloading from central: https://repo.maven.apache.org/maven2/io/micrometer/micrometer-tracing-bom/1.2.1/micrometer-tracing-bom-1.2.1.pom
Progress (1): 1.0 kBProgress (1): 4.1 kBProgress (1): 4.7 kB                    Downloaded from central: https://repo.maven.apache.org/maven2/io/micrometer/micrometer-tracing-bom/1.2.1/micrometer-tracing-bom-1.2.1.pom (4.7 kB at 69 kB/s)
Downloading from central: https://repo.maven.apache.org/maven2/org/mockito/mockito-bom/5.7.0/mockito-bom-5.7.0.pom
Progress (1): 1.5 kBProgress (1): 3.0 kB                    Downloaded from central: https://repo.maven.apache.org/maven2/org/mockito/mockito-bom/5.7.0/mockito-bom-5.7.0.pom (3.0 kB at 67 kB/s)
Downloading from central: https://repo.maven.apache.org/maven2/io/netty/netty-bom/4.1.104.Final/netty-bom-4.1.104.Final.pom
Progress (1): 787 BProgress (1): 2.4 kBProgress (1): 12 kB Progress (1): 14 kB                   Downloaded from central: https://repo.maven.apache.org/maven2/io/netty/netty-bom/4.1.104.Final/netty-bom-4.1.104.Final.pom (14 kB at 275 kB/s)
Downloading from central: https://repo.maven.apache.org/maven2/org/sonatype/oss/oss-parent/7/oss-parent-7.pom
Progress (1): 847 BProgress (1): 2.5 kBProgress (1): 4.8 kB                    Downloaded from central: https://repo.maven.apache.org/maven2/org/sonatype/oss/oss-parent/7/oss-parent-7.pom (4.8 kB at 56 kB/s)
Downloading from central: https://repo.maven.apache.org/maven2/com/squareup/okhttp3/okhttp-bom/4.12.0/okhttp-bom-4.12.0.pom
Progress (1): 931 BProgress (1): 3.1 kB                    Downloaded from central: https://repo.maven.apache.org/maven2/com/squareup/okhttp3/okhttp-bom/4.12.0/okhttp-bom-4.12.0.pom (3.1 kB at 56 kB/s)
Downloading from central: https://repo.maven.apache.org/maven2/io/opentelemetry/opentelemetry-bom/1.31.0/opentelemetry-bom-1.31.0.pom
Progress (1): 955 BProgress (1): 7.0 kB                    Downloaded from central: https://repo.maven.apache.org/maven2/io/opentelemetry/opentelemetry-bom/1.31.0/opentelemetry-bom-1.31.0.pom (7.0 kB at 189 kB/s)
Downloading from central: https://repo.maven.apache.org/maven2/com/oracle/database/jdbc/ojdbc-bom/23.3.0.23.09/ojdbc-bom-23.3.0.23.09.pom
Progress (1): 907 BProgress (1): 3.8 kBProgress (1): 7.2 kB                    Downloaded from central: https://repo.maven.apache.org/maven2/com/oracle/database/jdbc/ojdbc-bom/23.3.0.23.09/ojdbc-bom-23.3.0.23.09.pom (7.2 kB at 171 kB/s)
Downloading from central: https://repo.maven.apache.org/maven2/io/prometheus/simpleclient_bom/0.16.0/simpleclient_bom-0.16.0.pom
Progress (1): 1.9 kBProgress (1): 6.0 kB                    Downloaded from central: https://repo.maven.apache.org/maven2/io/prometheus/simpleclient_bom/0.16.0/simpleclient_bom-0.16.0.pom (6.0 kB at 113 kB/s)
Downloading from central: https://repo.maven.apache.org/maven2/io/prometheus/parent/0.16.0/parent-0.16.0.pom
Progress (1): 1.1 kBProgress (1): 3.4 kBProgress (1): 7.9 kBProgress (1): 13 kB Progress (1): 13 kB                   Downloaded from central: https://repo.maven.apache.org/maven2/io/prometheus/parent/0.16.0/parent-0.16.0.pom (13 kB at 379 kB/s)
Downloading from central: https://repo.maven.apache.org/maven2/com/querydsl/querydsl-bom/5.0.0/querydsl-bom-5.0.0.pom
Progress (1): 1.2 kBProgress (1): 6.7 kBProgress (1): 7.2 kB                    Downloaded from central: https://repo.maven.apache.org/maven2/com/querydsl/querydsl-bom/5.0.0/querydsl-bom-5.0.0.pom (7.2 kB at 239 kB/s)
Downloading from central: https://repo.maven.apache.org/maven2/io/projectreactor/reactor-bom/2023.0.1/reactor-bom-2023.0.1.pom
Progress (1): 907 BProgress (1): 4.4 kBProgress (1): 4.8 kB                    Downloaded from central: https://repo.maven.apache.org/maven2/io/projectreactor/reactor-bom/2023.0.1/reactor-bom-2023.0.1.pom (4.8 kB at 82 kB/s)
Downloading from central: https://repo.maven.apache.org/maven2/io/rest-assured/rest-assured-bom/5.3.2/rest-assured-bom-5.3.2.pom
Progress (1): 1.2 kBProgress (1): 4.3 kB                    Downloaded from central: https://repo.maven.apache.org/maven2/io/rest-assured/rest-assured-bom/5.3.2/rest-assured-bom-5.3.2.pom (4.3 kB at 138 kB/s)
Downloading from central: https://repo.maven.apache.org/maven2/io/rsocket/rsocket-bom/1.1.3/rsocket-bom-1.1.3.pom
Progress (1): 1.2 kBProgress (1): 2.6 kB                    Downloaded from central: https://repo.maven.apache.org/maven2/io/rsocket/rsocket-bom/1.1.3/rsocket-bom-1.1.3.pom (2.6 kB at 101 kB/s)
Downloading from central: https://repo.maven.apache.org/maven2/org/seleniumhq/selenium/selenium-bom/4.14.1/selenium-bom-4.14.1.pom
Progress (1): 1.1 kBProgress (1): 6.0 kB                    Downloaded from central: https://repo.maven.apache.org/maven2/org/seleniumhq/selenium/selenium-bom/4.14.1/selenium-bom-4.14.1.pom (6.0 kB at 188 kB/s)
Downloading from central: https://repo.maven.apache.org/maven2/org/springframework/amqp/spring-amqp-bom/3.1.1/spring-amqp-bom-3.1.1.pom
Progress (1): 963 BProgress (1): 3.9 kB                    Downloaded from central: https://repo.maven.apache.org/maven2/org/springframework/amqp/spring-amqp-bom/3.1.1/spring-amqp-bom-3.1.1.pom (3.9 kB at 117 kB/s)
Downloading from central: https://repo.maven.apache.org/maven2/org/springframework/batch/spring-batch-bom/5.1.0/spring-batch-bom-5.1.0.pom
Progress (1): 1.2 kBProgress (1): 3.2 kB                    Downloaded from central: https://repo.maven.apache.org/maven2/org/springframework/batch/spring-batch-bom/5.1.0/spring-batch-bom-5.1.0.pom (3.2 kB at 120 kB/s)
Downloading from central: https://repo.maven.apache.org/maven2/org/springframework/data/spring-data-bom/2023.1.1/spring-data-bom-2023.1.1.pom
Progress (1): 957 BProgress (1): 2.5 kBProgress (1): 5.5 kB                    Downloaded from central: https://repo.maven.apache.org/maven2/org/springframework/data/spring-data-bom/2023.1.1/spring-data-bom-2023.1.1.pom (5.5 kB at 184 kB/s)
Downloading from central: https://repo.maven.apache.org/maven2/org/springframework/spring-framework-bom/6.1.2/spring-framework-bom-6.1.2.pom
Progress (1): 978 BProgress (1): 5.8 kB                    Downloaded from central: https://repo.maven.apache.org/maven2/org/springframework/spring-framework-bom/6.1.2/spring-framework-bom-6.1.2.pom (5.8 kB at 181 kB/s)
Downloading from central: https://repo.maven.apache.org/maven2/org/springframework/integration/spring-integration-bom/6.2.1/spring-integration-bom-6.2.1.pom
Progress (1): 962 BProgress (1): 6.9 kBProgress (1): 10 kB                    Downloaded from central: https://repo.maven.apache.org/maven2/org/springframework/integration/spring-integration-bom/6.2.1/spring-integration-bom-6.2.1.pom (10 kB at 243 kB/s)
Downloading from central: https://repo.maven.apache.org/maven2/org/springframework/restdocs/spring-restdocs-bom/3.0.1/spring-restdocs-bom-3.0.1.pom
Progress (1): 1.1 kBProgress (1): 2.6 kB                    Downloaded from central: https://repo.maven.apache.org/maven2/org/springframework/restdocs/spring-restdocs-bom/3.0.1/spring-restdocs-bom-3.0.1.pom (2.6 kB at 72 kB/s)
Downloading from central: https://repo.maven.apache.org/maven2/org/springframework/security/spring-security-bom/6.2.1/spring-security-bom-6.2.1.pom
Progress (1): 972 BProgress (1): 5.3 kB                    Downloaded from central: https://repo.maven.apache.org/maven2/org/springframework/security/spring-security-bom/6.2.1/spring-security-bom-6.2.1.pom (5.3 kB at 113 kB/s)
Downloading from central: https://repo.maven.apache.org/maven2/org/springframework/session/spring-session-bom/3.2.1/spring-session-bom-3.2.1.pom
Progress (1): 1.0 kBProgress (1): 2.9 kB                    Downloaded from central: https://repo.maven.apache.org/maven2/org/springframework/session/spring-session-bom/3.2.1/spring-session-bom-3.2.1.pom (2.9 kB at 96 kB/s)
Downloading from central: https://repo.maven.apache.org/maven2/org/springframework/ws/spring-ws-bom/4.0.9/spring-ws-bom-4.0.9.pom
Progress (1): 1.0 kBProgress (1): 2.7 kBProgress (1): 3.5 kB                    Downloaded from central: https://repo.maven.apache.org/maven2/org/springframework/ws/spring-ws-bom/4.0.9/spring-ws-bom-4.0.9.pom (3.5 kB at 106 kB/s)
[INFO] 
[INFO] --------------------< com.mintstack:finance-portal >--------------------
[INFO] Building MintStack Finance Portal 1.0.0-SNAPSHOT
[INFO]   from pom.xml
[INFO] --------------------------------[ jar ]---------------------------------
Downloading from central: https://repo.maven.apache.org/maven2/org/springframework/boot/spring-boot-maven-plugin/3.2.1/spring-boot-maven-plugin-3.2.1.pom
Progress (1): 980 BProgress (1): 4.0 kB                    Downloaded from central: https://repo.maven.apache.org/maven2/org/springframework/boot/spring-boot-maven-plugin/3.2.1/spring-boot-maven-plugin-3.2.1.pom (4.0 kB at 85 kB/s)
Downloading from central: https://repo.maven.apache.org/maven2/org/springframework/boot/spring-boot-maven-plugin/3.2.1/spring-boot-maven-plugin-3.2.1.jar
Progress (1): 7.7/134 kBProgress (1): 16/134 kB Progress (1): 32/134 kBProgress (1): 49/134 kBProgress (1): 65/134 kBProgress (1): 81/134 kBProgress (1): 98/134 kBProgress (1): 114/134 kBProgress (1): 131/134 kBProgress (1): 134 kB                        Downloaded from central: https://repo.maven.apache.org/maven2/org/springframework/boot/spring-boot-maven-plugin/3.2.1/spring-boot-maven-plugin-3.2.1.jar (134 kB at 1.6 MB/s)
Downloading from central: https://repo.maven.apache.org/maven2/org/apache/maven/plugins/maven-clean-plugin/3.3.2/maven-clean-plugin-3.3.2.pom
Progress (1): 797 BProgress (1): 2.2 kBProgress (1): 4.9 kBProgress (1): 5.3 kB                    Downloaded from central: https://repo.maven.apache.org/maven2/org/apache/maven/plugins/maven-clean-plugin/3.3.2/maven-clean-plugin-3.3.2.pom (5.3 kB at 121 kB/s)
Downloading from central: https://repo.maven.apache.org/maven2/org/apache/maven/plugins/maven-plugins/40/maven-plugins-40.pom
Progress (1): 770 BProgress (1): 2.3 kBProgress (1): 4.9 kBProgress (1): 7.4 kBProgress (1): 8.1 kB                    Downloaded from central: https://repo.maven.apache.org/maven2/org/apache/maven/plugins/maven-plugins/40/maven-plugins-40.pom (8.1 kB at 279 kB/s)
Downloading from central: https://repo.maven.apache.org/maven2/org/apache/maven/maven-parent/40/maven-parent-40.pom
Progress (1): 716 BProgress (1): 1.9 kBProgress (1): 5.5 kBProgress (1): 9.7 kBProgress (1): 14 kB Progress (1): 19 kBProgress (1): 23 kBProgress (1): 26 kBProgress (1): 28 kBProgress (1): 31 kBProgress (1): 34 kBProgress (1): 37 kBProgress (1): 40 kBProgress (1): 43 kBProgress (1): 48 kBProgress (1): 48 kBProgress (1): 49 kB                   Downloaded from central: https://repo.maven.apache.org/maven2/org/apache/maven/maven-parent/40/maven-parent-40.pom (49 kB at 1.0 MB/s)
Downloading from central: https://repo.maven.apache.org/maven2/org/apache/maven/plugins/maven-clean-plugin/3.3.2/maven-clean-plugin-3.3.2.jar
Progress (1): 3.3/36 kBProgress (1): 20/36 kB Progress (1): 36/36 kBProgress (1): 36 kB                      Downloaded from central: https://repo.maven.apache.org/maven2/org/apache/maven/plugins/maven-clean-plugin/3.3.2/maven-clean-plugin-3.3.2.jar (36 kB at 843 kB/s)
Downloading from central: https://repo.maven.apache.org/maven2/org/apache/maven/plugins/maven-resources-plugin/3.3.1/maven-resources-plugin-3.3.1.pom
Progress (1): 766 BProgress (1): 2.1 kBProgress (1): 4.9 kBProgress (1): 7.5 kBProgress (1): 8.2 kB                    Downloaded from central: https://repo.maven.apache.org/maven2/org/apache/maven/plugins/maven-resources-plugin/3.3.1/maven-resources-plugin-3.3.1.pom (8.2 kB at 255 kB/s)
Downloading from central: https://repo.maven.apache.org/maven2/org/apache/maven/plugins/maven-plugins/39/maven-plugins-39.pom
Progress (1): 763 BProgress (1): 2.3 kBProgress (1): 4.9 kBProgress (1): 7.3 kBProgress (1): 8.1 kB                    Downloaded from central: https://repo.maven.apache.org/maven2/org/apache/maven/plugins/maven-plugins/39/maven-plugins-39.pom (8.1 kB at 193 kB/s)
Downloading from central: https://repo.maven.apache.org/maven2/org/apache/maven/maven-parent/39/maven-parent-39.pom
Progress (1): 724 BProgress (1): 1.9 kBProgress (1): 5.5 kBProgress (1): 9.7 kBProgress (1): 14 kB Progress (1): 19 kBProgress (1): 23 kBProgress (1): 26 kBProgress (1): 28 kBProgress (1): 30 kBProgress (1): 34 kBProgress (1): 37 kBProgress (1): 40 kBProgress (1): 43 kBProgress (1): 48 kB                   Downloaded from central: https://repo.maven.apache.org/maven2/org/apache/maven/maven-parent/39/maven-parent-39.pom (48 kB at 1.4 MB/s)
Downloading from central: https://repo.maven.apache.org/maven2/org/apache/apache/29/apache-29.pom
Progress (1): 745 BProgress (1): 2.1 kBProgress (1): 4.0 kBProgress (1): 6.7 kBProgress (1): 12 kB Progress (1): 16 kBProgress (1): 19 kBProgress (1): 21 kB                   Downloaded from central: https://repo.maven.apache.org/maven2/org/apache/apache/29/apache-29.pom (21 kB at 576 kB/s)
Downloading from central: https://repo.maven.apache.org/maven2/org/apache/maven/plugins/maven-resources-plugin/3.3.1/maven-resources-plugin-3.3.1.jar
Progress (1): 7.7/31 kBProgress (1): 16/31 kB Progress (1): 31 kB                      Downloaded from central: https://repo.maven.apache.org/maven2/org/apache/maven/plugins/maven-resources-plugin/3.3.1/maven-resources-plugin-3.3.1.jar (31 kB at 837 kB/s)
Downloading from central: https://repo.maven.apache.org/maven2/org/apache/maven/plugins/maven-compiler-plugin/3.11.0/maven-compiler-plugin-3.11.0.pom
Progress (1): 756 BProgress (1): 2.2 kBProgress (1): 3.9 kBProgress (1): 7.6 kBProgress (1): 9.8 kB                    Downloaded from central: https://repo.maven.apache.org/maven2/org/apache/maven/plugins/maven-compiler-plugin/3.11.0/maven-compiler-plugin-3.11.0.pom (9.8 kB at 307 kB/s)
Downloading from central: https://repo.maven.apache.org/maven2/org/apache/maven/plugins/maven-compiler-plugin/3.11.0/maven-compiler-plugin-3.11.0.jar
Progress (1): 7.7/66 kBProgress (1): 8.2/66 kBProgress (1): 25/66 kB Progress (1): 41/66 kBProgress (1): 49/66 kBProgress (1): 66/66 kBProgress (1): 66 kB                      Downloaded from central: https://repo.maven.apache.org/maven2/org/apache/maven/plugins/maven-compiler-plugin/3.11.0/maven-compiler-plugin-3.11.0.jar (66 kB at 1.8 MB/s)
Downloading from central: https://repo.maven.apache.org/maven2/org/apache/maven/plugins/maven-surefire-plugin/3.1.2/maven-surefire-plugin-3.1.2.pom
Progress (1): 830 BProgress (1): 2.8 kBProgress (1): 5.5 kB                    Downloaded from central: https://repo.maven.apache.org/maven2/org/apache/maven/plugins/maven-surefire-plugin/3.1.2/maven-surefire-plugin-3.1.2.pom (5.5 kB at 156 kB/s)
Downloading from central: https://repo.maven.apache.org/maven2/org/apache/maven/surefire/surefire/3.1.2/surefire-3.1.2.pom
Progress (1): 768 BProgress (1): 2.4 kBProgress (1): 4.1 kBProgress (1): 8.0 kBProgress (1): 12 kB Progress (1): 14 kBProgress (1): 17 kBProgress (1): 20 kBProgress (1): 22 kB                   Downloaded from central: https://repo.maven.apache.org/maven2/org/apache/maven/surefire/surefire/3.1.2/surefire-3.1.2.pom (22 kB at 552 kB/s)
Downloading from central: https://repo.maven.apache.org/maven2/org/apache/maven/plugins/maven-surefire-plugin/3.1.2/maven-surefire-plugin-3.1.2.jar
Progress (1): 7.7/43 kBProgress (1): 12/43 kB Progress (1): 28/43 kBProgress (1): 43 kB                      Downloaded from central: https://repo.maven.apache.org/maven2/org/apache/maven/plugins/maven-surefire-plugin/3.1.2/maven-surefire-plugin-3.1.2.jar (43 kB at 1.5 MB/s)
Downloading from central: https://repo.maven.apache.org/maven2/org/apache/maven/plugins/maven-jar-plugin/3.3.0/maven-jar-plugin-3.3.0.pom
Progress (1): 779 BProgress (1): 2.2 kBProgress (1): 5.1 kBProgress (1): 6.8 kB                    Downloaded from central: https://repo.maven.apache.org/maven2/org/apache/maven/plugins/maven-jar-plugin/3.3.0/maven-jar-plugin-3.3.0.pom (6.8 kB at 271 kB/s)
Downloading from central: https://repo.maven.apache.org/maven2/org/apache/maven/plugins/maven-plugins/37/maven-plugins-37.pom
Progress (1): 753 BProgress (1): 2.2 kBProgress (1): 4.5 kBProgress (1): 7.2 kBProgress (1): 9.9 kB                    Downloaded from central: https://repo.maven.apache.org/maven2/org/apache/maven/plugins/maven-plugins/37/maven-plugins-37.pom (9.9 kB at 242 kB/s)
Downloading from central: https://repo.maven.apache.org/maven2/org/apache/maven/maven-parent/37/maven-parent-37.pom
Progress (1): 717 BProgress (1): 1.9 kBProgress (1): 5.4 kBProgress (1): 9.5 kBProgress (1): 14 kB Progress (1): 19 kBProgress (1): 22 kBProgress (1): 26 kBProgress (1): 28 kBProgress (1): 30 kBProgress (1): 33 kBProgress (1): 37 kBProgress (1): 40 kBProgress (1): 44 kBProgress (1): 46 kB                   Downloaded from central: https://repo.maven.apache.org/maven2/org/apache/maven/maven-parent/37/maven-parent-37.pom (46 kB at 1.1 MB/s)
Downloading from central: https://repo.maven.apache.org/maven2/org/apache/apache/27/apache-27.pom
Progress (1): 745 BProgress (1): 2.1 kBProgress (1): 3.9 kBProgress (1): 7.2 kBProgress (1): 12 kB Progress (1): 15 kBProgress (1): 18 kBProgress (1): 20 kB                   Downloaded from central: https://repo.maven.apache.org/maven2/org/apache/apache/27/apache-27.pom (20 kB at 582 kB/s)
Downloading from central: https://repo.maven.apache.org/maven2/org/apache/maven/plugins/maven-jar-plugin/3.3.0/maven-jar-plugin-3.3.0.jar
Progress (1): 7.7/27 kBProgress (1): 16/27 kB Progress (1): 27 kB                      Downloaded from central: https://repo.maven.apache.org/maven2/org/apache/maven/plugins/maven-jar-plugin/3.3.0/maven-jar-plugin-3.3.0.jar (27 kB at 547 kB/s)
Downloading from central: https://repo.maven.apache.org/maven2/org/springframework/boot/spring-boot-starter-web/3.2.1/spring-boot-starter-web-3.2.1.pom
Progress (1): 926 BProgress (1): 2.9 kB                    Downloaded from central: https://repo.maven.apache.org/maven2/org/springframework/boot/spring-boot-starter-web/3.2.1/spring-boot-starter-web-3.2.1.pom (2.9 kB at 105 kB/s)
Downloading from central: https://repo.maven.apache.org/maven2/org/springframework/boot/spring-boot-starter/3.2.1/spring-boot-starter-3.2.1.pom
Progress (1): 947 BProgress (1): 3.0 kB                    Downloaded from central: https://repo.maven.apache.org/maven2/org/springframework/boot/spring-boot-starter/3.2.1/spring-boot-starter-3.2.1.pom (3.0 kB at 89 kB/s)
Downloading from central: https://repo.maven.apache.org/maven2/org/springframework/boot/spring-boot/3.2.1/spring-boot-3.2.1.pom
Progress (1): 1.0 kBProgress (1): 2.2 kB                    Downloaded from central: https://repo.maven.apache.org/maven2/org/springframework/boot/spring-boot/3.2.1/spring-boot-3.2.1.pom (2.2 kB at 56 kB/s)
Downloading from central: https://repo.maven.apache.org/maven2/org/springframework/spring-core/6.1.2/spring-core-6.1.2.pom
Progress (1): 1.1 kBProgress (1): 2.0 kB                    Downloaded from central: https://repo.maven.apache.org/maven2/org/springframework/spring-core/6.1.2/spring-core-6.1.2.pom (2.0 kB at 67 kB/s)
Downloading from central: https://repo.maven.apache.org/maven2/org/springframework/spring-jcl/6.1.2/spring-jcl-6.1.2.pom
Progress (1): 1.1 kBProgress (1): 1.8 kB                    Downloaded from central: https://repo.maven.apache.org/maven2/org/springframework/spring-jcl/6.1.2/spring-jcl-6.1.2.pom (1.8 kB at 45 kB/s)
Downloading from central: https://repo.maven.apache.org/maven2/org/springframework/spring-context/6.1.2/spring-context-6.1.2.pom
Progress (1): 1.1 kBProgress (1): 2.8 kB                    Downloaded from central: https://repo.maven.apache.org/maven2/org/springframework/spring-context/6.1.2/spring-context-6.1.2.pom (2.8 kB at 81 kB/s)
Downloading from central: https://repo.maven.apache.org/maven2/org/springframework/spring-aop/6.1.2/spring-aop-6.1.2.pom
Progress (1): 1.1 kBProgress (1): 2.2 kB                    Downloaded from central: https://repo.maven.apache.org/maven2/org/springframework/spring-aop/6.1.2/spring-aop-6.1.2.pom (2.2 kB at 67 kB/s)
Downloading from central: https://repo.maven.apache.org/maven2/org/springframework/spring-beans/6.1.2/spring-beans-6.1.2.pom
Progress (1): 1.1 kBProgress (1): 2.0 kB                    Downloaded from central: https://repo.maven.apache.org/maven2/org/springframework/spring-beans/6.1.2/spring-beans-6.1.2.pom (2.0 kB at 67 kB/s)
Downloading from central: https://repo.maven.apache.org/maven2/org/springframework/spring-expression/6.1.2/spring-expression-6.1.2.pom
Progress (1): 1.1 kBProgress (1): 2.1 kB                    Downloaded from central: https://repo.maven.apache.org/maven2/org/springframework/spring-expression/6.1.2/spring-expression-6.1.2.pom (2.1 kB at 45 kB/s)
Downloading from central: https://repo.maven.apache.org/maven2/io/micrometer/micrometer-observation/1.12.1/micrometer-observation-1.12.1.pom
Progress (1): 1.1 kBProgress (1): 3.4 kBProgress (1): 3.8 kB                    Downloaded from central: https://repo.maven.apache.org/maven2/io/micrometer/micrometer-observation/1.12.1/micrometer-observation-1.12.1.pom (3.8 kB at 124 kB/s)
Downloading from central: https://repo.maven.apache.org/maven2/io/micrometer/micrometer-commons/1.12.1/micrometer-commons-1.12.1.pom
Progress (1): 1.1 kBProgress (1): 3.1 kBProgress (1): 3.4 kB                    Downloaded from central: https://repo.maven.apache.org/maven2/io/micrometer/micrometer-commons/1.12.1/micrometer-commons-1.12.1.pom (3.4 kB at 100 kB/s)
Downloading from central: https://repo.maven.apache.org/maven2/org/springframework/boot/spring-boot-autoconfigure/3.2.1/spring-boot-autoconfigure-3.2.1.pom
Progress (1): 1.0 kBProgress (1): 2.1 kB                    Downloaded from central: https://repo.maven.apache.org/maven2/org/springframework/boot/spring-boot-autoconfigure/3.2.1/spring-boot-autoconfigure-3.2.1.pom (2.1 kB at 73 kB/s)
Downloading from central: https://repo.maven.apache.org/maven2/jakarta/annotation/jakarta.annotation-api/2.1.1/jakarta.annotation-api-2.1.1.pom
Progress (1): 823 BProgress (1): 2.7 kBProgress (1): 5.8 kBProgress (1): 9.7 kBProgress (1): 13 kB Progress (1): 16 kB                   Downloaded from central: https://repo.maven.apache.org/maven2/jakarta/annotation/jakarta.annotation-api/2.1.1/jakarta.annotation-api-2.1.1.pom (16 kB at 385 kB/s)
Downloading from central: https://repo.maven.apache.org/maven2/org/eclipse/ee4j/project/1.0.7/project-1.0.7.pom
Progress (1): 838 BProgress (1): 2.5 kBProgress (1): 5.0 kBProgress (1): 7.9 kBProgress (1): 13 kB Progress (1): 14 kB                   Downloaded from central: https://repo.maven.apache.org/maven2/org/eclipse/ee4j/project/1.0.7/project-1.0.7.pom (14 kB at 289 kB/s)
Downloading from central: https://repo.maven.apache.org/maven2/org/yaml/snakeyaml/2.2/snakeyaml-2.2.pom
Progress (1): 1.2 kBProgress (1): 2.9 kBProgress (1): 6.8 kBProgress (1): 11 kB Progress (1): 15 kBProgress (1): 20 kBProgress (1): 21 kB                   Downloaded from central: https://repo.maven.apache.org/maven2/org/yaml/snakeyaml/2.2/snakeyaml-2.2.pom (21 kB at 559 kB/s)
Downloading from central: https://repo.maven.apache.org/maven2/org/springframework/boot/spring-boot-starter-json/3.2.1/spring-boot-starter-json-3.2.1.pom
Progress (1): 965 BProgress (1): 3.1 kB                    Downloaded from central: https://repo.maven.apache.org/maven2/org/springframework/boot/spring-boot-starter-json/3.2.1/spring-boot-starter-json-3.2.1.pom (3.1 kB at 63 kB/s)
Downloading from central: https://repo.maven.apache.org/maven2/org/springframework/spring-web/6.1.2/spring-web-6.1.2.pom
Progress (1): 1.1 kBProgress (1): 2.4 kB                    Downloaded from central: https://repo.maven.apache.org/maven2/org/springframework/spring-web/6.1.2/spring-web-6.1.2.pom (2.4 kB at 61 kB/s)
Downloading from central: https://repo.maven.apache.org/maven2/com/fasterxml/jackson/core/jackson-databind/2.15.3/jackson-databind-2.15.3.pom
Progress (1): 969 BProgress (1): 2.4 kBProgress (1): 4.0 kBProgress (1): 6.5 kBProgress (1): 8.4 kBProgress (1): 10 kB Progress (1): 14 kBProgress (1): 16 kBProgress (1): 18 kBProgress (1): 19 kB                   Downloaded from central: https://repo.maven.apache.org/maven2/com/fasterxml/jackson/core/jackson-databind/2.15.3/jackson-databind-2.15.3.pom (19 kB at 522 kB/s)
Downloading from central: https://repo.maven.apache.org/maven2/com/fasterxml/jackson/jackson-base/2.15.3/jackson-base-2.15.3.pom
Progress (1): 900 BProgress (1): 2.4 kBProgress (1): 4.3 kBProgress (1): 6.3 kBProgress (1): 8.4 kBProgress (1): 10 kB Progress (1): 11 kB                   Downloaded from central: https://repo.maven.apache.org/maven2/com/fasterxml/jackson/jackson-base/2.15.3/jackson-base-2.15.3.pom (11 kB at 418 kB/s)
Downloading from central: https://repo.maven.apache.org/maven2/org/junit/junit-bom/5.9.2/junit-bom-5.9.2.pom
Progress (1): 907 BProgress (1): 4.1 kBProgress (1): 5.6 kB                    Downloaded from central: https://repo.maven.apache.org/maven2/org/junit/junit-bom/5.9.2/junit-bom-5.9.2.pom (5.6 kB at 201 kB/s)
Downloading from central: https://repo.maven.apache.org/maven2/com/fasterxml/jackson/core/jackson-annotations/2.15.3/jackson-annotations-2.15.3.pom
Progress (1): 946 BProgress (1): 2.4 kBProgress (1): 3.9 kBProgress (1): 6.3 kBProgress (1): 7.1 kB                    Downloaded from central: https://repo.maven.apache.org/maven2/com/fasterxml/jackson/core/jackson-annotations/2.15.3/jackson-annotations-2.15.3.pom (7.1 kB at 181 kB/s)
Downloading from central: https://repo.maven.apache.org/maven2/com/fasterxml/jackson/core/jackson-core/2.15.3/jackson-core-2.15.3.pom
Progress (1): 978 BProgress (1): 2.9 kBProgress (1): 6.7 kBProgress (1): 9.3 kBProgress (1): 9.8 kB                    Downloaded from central: https://repo.maven.apache.org/maven2/com/fasterxml/jackson/core/jackson-core/2.15.3/jackson-core-2.15.3.pom (9.8 kB at 227 kB/s)
Downloading from central: https://repo.maven.apache.org/maven2/com/fasterxml/jackson/datatype/jackson-datatype-jdk8/2.15.3/jackson-datatype-jdk8-2.15.3.pom
Progress (1): 1.0 kBProgress (1): 2.6 kB                    Downloaded from central: https://repo.maven.apache.org/maven2/com/fasterxml/jackson/datatype/jackson-datatype-jdk8/2.15.3/jackson-datatype-jdk8-2.15.3.pom (2.6 kB at 66 kB/s)
Downloading from central: https://repo.maven.apache.org/maven2/com/fasterxml/jackson/module/jackson-modules-java8/2.15.3/jackson-modules-java8-2.15.3.pom
Progress (1): 1.4 kBProgress (1): 3.1 kB                    Downloaded from central: https://repo.maven.apache.org/maven2/com/fasterxml/jackson/module/jackson-modules-java8/2.15.3/jackson-modules-java8-2.15.3.pom (3.1 kB at 67 kB/s)
Downloading from central: https://repo.maven.apache.org/maven2/com/fasterxml/jackson/datatype/jackson-datatype-jsr310/2.15.3/jackson-datatype-jsr310-2.15.3.pom
Progress (1): 979 BProgress (1): 2.4 kBProgress (1): 4.6 kBProgress (1): 4.9 kB                    Downloaded from central: https://repo.maven.apache.org/maven2/com/fasterxml/jackson/datatype/jackson-datatype-jsr310/2.15.3/jackson-datatype-jsr310-2.15.3.pom (4.9 kB at 82 kB/s)
Downloading from central: https://repo.maven.apache.org/maven2/com/fasterxml/jackson/module/jackson-module-parameter-names/2.15.3/jackson-module-parameter-names-2.15.3.pom
Progress (1): 973 BProgress (1): 2.9 kBProgress (1): 4.4 kB                    Downloaded from central: https://repo.maven.apache.org/maven2/com/fasterxml/jackson/module/jackson-module-parameter-names/2.15.3/jackson-module-parameter-names-2.15.3.pom (4.4 kB at 168 kB/s)
Downloading from central: https://repo.maven.apache.org/maven2/org/springframework/boot/spring-boot-starter-tomcat/3.2.1/spring-boot-starter-tomcat-3.2.1.pom
Progress (1): 971 BProgress (1): 3.1 kB                    Downloaded from central: https://repo.maven.apache.org/maven2/org/springframework/boot/spring-boot-starter-tomcat/3.2.1/spring-boot-starter-tomcat-3.2.1.pom (3.1 kB at 89 kB/s)
Downloading from central: https://repo.maven.apache.org/maven2/org/apache/tomcat/embed/tomcat-embed-core/10.1.17/tomcat-embed-core-10.1.17.pom
Progress (1): 851 BProgress (1): 1.8 kB                    Downloaded from central: https://repo.maven.apache.org/maven2/org/apache/tomcat/embed/tomcat-embed-core/10.1.17/tomcat-embed-core-10.1.17.pom (1.8 kB at 41 kB/s)
Downloading from central: https://repo.maven.apache.org/maven2/org/apache/tomcat/embed/tomcat-embed-el/10.1.17/tomcat-embed-el-10.1.17.pom
Progress (1): 852 BProgress (1): 1.5 kB                    Downloaded from central: https://repo.maven.apache.org/maven2/org/apache/tomcat/embed/tomcat-embed-el/10.1.17/tomcat-embed-el-10.1.17.pom (1.5 kB at 57 kB/s)
Downloading from central: https://repo.maven.apache.org/maven2/org/apache/tomcat/embed/tomcat-embed-websocket/10.1.17/tomcat-embed-websocket-10.1.17.pom
Progress (1): 851 BProgress (1): 1.8 kB                    Downloaded from central: https://repo.maven.apache.org/maven2/org/apache/tomcat/embed/tomcat-embed-websocket/10.1.17/tomcat-embed-websocket-10.1.17.pom (1.8 kB at 43 kB/s)
Downloading from central: https://repo.maven.apache.org/maven2/org/springframework/spring-webmvc/6.1.2/spring-webmvc-6.1.2.pom
Progress (1): 1.0 kBProgress (1): 2.9 kB                    Downloaded from central: https://repo.maven.apache.org/maven2/org/springframework/spring-webmvc/6.1.2/spring-webmvc-6.1.2.pom (2.9 kB at 89 kB/s)
Downloading from central: https://repo.maven.apache.org/maven2/org/springframework/boot/spring-boot-starter-validation/3.2.1/spring-boot-starter-validation-3.2.1.pom
Progress (1): 976 BProgress (1): 2.5 kB                    Downloaded from central: https://repo.maven.apache.org/maven2/org/springframework/boot/spring-boot-starter-validation/3.2.1/spring-boot-starter-validation-3.2.1.pom (2.5 kB at 84 kB/s)
Downloading from central: https://repo.maven.apache.org/maven2/org/springframework/boot/spring-boot-starter-logging/3.2.1/spring-boot-starter-logging-3.2.1.pom
Progress (1): 982 BProgress (1): 2.5 kB                    Downloaded from central: https://repo.maven.apache.org/maven2/org/springframework/boot/spring-boot-starter-logging/3.2.1/spring-boot-starter-logging-3.2.1.pom (2.5 kB at 82 kB/s)
Downloading from central: https://repo.maven.apache.org/maven2/ch/qos/logback/logback-classic/1.4.14/logback-classic-1.4.14.pom
Progress (1): 1.7 kBProgress (1): 4.8 kBProgress (1): 8.2 kBProgress (1): 11 kB Progress (1): 13 kBProgress (1): 13 kB                   Downloaded from central: https://repo.maven.apache.org/maven2/ch/qos/logback/logback-classic/1.4.14/logback-classic-1.4.14.pom (13 kB at 291 kB/s)
Downloading from central: https://repo.maven.apache.org/maven2/ch/qos/logback/logback-parent/1.4.14/logback-parent-1.4.14.pom
Progress (1): 1.1 kBProgress (1): 2.7 kBProgress (1): 5.0 kBProgress (1): 9.8 kBProgress (1): 14 kB Progress (1): 17 kBProgress (1): 20 kB                   Downloaded from central: https://repo.maven.apache.org/maven2/ch/qos/logback/logback-parent/1.4.14/logback-parent-1.4.14.pom (20 kB at 598 kB/s)
Downloading from central: https://repo.maven.apache.org/maven2/ch/qos/logback/logback-core/1.4.14/logback-core-1.4.14.pom
Progress (1): 1.6 kBProgress (1): 3.7 kBProgress (1): 5.0 kB                    Downloaded from central: https://repo.maven.apache.org/maven2/ch/qos/logback/logback-core/1.4.14/logback-core-1.4.14.pom (5.0 kB at 158 kB/s)
Downloading from central: https://repo.maven.apache.org/maven2/org/slf4j/slf4j-api/2.0.9/slf4j-api-2.0.9.pom
Progress (1): 1.1 kBProgress (1): 2.8 kB                    Downloaded from central: https://repo.maven.apache.org/maven2/org/slf4j/slf4j-api/2.0.9/slf4j-api-2.0.9.pom (2.8 kB at 80 kB/s)
Downloading from central: https://repo.maven.apache.org/maven2/org/slf4j/slf4j-parent/2.0.9/slf4j-parent-2.0.9.pom
Progress (1): 945 BProgress (1): 3.2 kBProgress (1): 6.0 kBProgress (1): 8.1 kBProgress (1): 12 kB Progress (1): 14 kBProgress (1): 16 kB                   Downloaded from central: https://repo.maven.apache.org/maven2/org/slf4j/slf4j-parent/2.0.9/slf4j-parent-2.0.9.pom (16 kB at 456 kB/s)
Downloading from central: https://repo.maven.apache.org/maven2/org/slf4j/slf4j-bom/2.0.9/slf4j-bom-2.0.9.pom
Progress (1): 1.0 kBProgress (1): 4.8 kBProgress (1): 4.9 kB                    Downloaded from central: https://repo.maven.apache.org/maven2/org/slf4j/slf4j-bom/2.0.9/slf4j-bom-2.0.9.pom (4.9 kB at 176 kB/s)
Downloading from central: https://repo.maven.apache.org/maven2/org/apache/logging/log4j/log4j-to-slf4j/2.21.1/log4j-to-slf4j-2.21.1.pom
Progress (1): 824 BProgress (1): 2.5 kBProgress (1): 4.2 kB                    Downloaded from central: https://repo.maven.apache.org/maven2/org/apache/logging/log4j/log4j-to-slf4j/2.21.1/log4j-to-slf4j-2.21.1.pom (4.2 kB at 124 kB/s)
Downloading from central: https://repo.maven.apache.org/maven2/org/apache/logging/log4j/log4j/2.21.1/log4j-2.21.1.pom
Progress (1): 719 BProgress (1): 2.1 kBProgress (1): 4.0 kBProgress (1): 6.0 kBProgress (1): 10 kB Progress (1): 16 kBProgress (1): 24 kBProgress (1): 31 kBProgress (1): 35 kBProgress (1): 35 kB                   Downloaded from central: https://repo.maven.apache.org/maven2/org/apache/logging/log4j/log4j/2.21.1/log4j-2.21.1.pom (35 kB at 769 kB/s)
Downloading from central: https://repo.maven.apache.org/maven2/org/ow2/asm/asm-bom/9.5/asm-bom-9.5.pom
Progress (1): 1.2 kBProgress (1): 3.2 kB                    Downloaded from central: https://repo.maven.apache.org/maven2/org/ow2/asm/asm-bom/9.5/asm-bom-9.5.pom (3.2 kB at 115 kB/s)
Downloading from central: https://repo.maven.apache.org/maven2/org/ow2/ow2/1.5.1/ow2-1.5.1.pom
Progress (1): 707 BProgress (1): 2.1 kBProgress (1): 3.6 kBProgress (1): 5.7 kBProgress (1): 8.0 kBProgress (1): 11 kB                    Downloaded from central: https://repo.maven.apache.org/maven2/org/ow2/ow2/1.5.1/ow2-1.5.1.pom (11 kB at 269 kB/s)
Downloading from central: https://repo.maven.apache.org/maven2/org/codehaus/groovy/groovy-bom/3.0.19/groovy-bom-3.0.19.pom
Progress (1): 963 BProgress (1): 4.4 kBProgress (1): 8.1 kBProgress (1): 12 kB Progress (1): 15 kBProgress (1): 19 kBProgress (1): 23 kBProgress (1): 26 kB                   Downloaded from central: https://repo.maven.apache.org/maven2/org/codehaus/groovy/groovy-bom/3.0.19/groovy-bom-3.0.19.pom (26 kB at 629 kB/s)
Downloading from central: https://repo.maven.apache.org/maven2/com/fasterxml/jackson/jackson-bom/2.15.2/jackson-bom-2.15.2.pom
Progress (1): 924 BProgress (1): 2.7 kBProgress (1): 8.1 kBProgress (1): 17 kB Progress (1): 18 kB                   Downloaded from central: https://repo.maven.apache.org/maven2/com/fasterxml/jackson/jackson-bom/2.15.2/jackson-bom-2.15.2.pom (18 kB at 514 kB/s)
Downloading from central: https://repo.maven.apache.org/maven2/jakarta/platform/jakarta.jakartaee-bom/9.1.0/jakarta.jakartaee-bom-9.1.0.pom
Progress (1): 847 BProgress (1): 4.6 kBProgress (1): 9.6 kB                    Downloaded from central: https://repo.maven.apache.org/maven2/jakarta/platform/jakarta.jakartaee-bom/9.1.0/jakarta.jakartaee-bom-9.1.0.pom (9.6 kB at 329 kB/s)
Downloading from central: https://repo.maven.apache.org/maven2/jakarta/platform/jakartaee-api-parent/9.1.0/jakartaee-api-parent-9.1.0.pom
Progress (1): 823 BProgress (1): 3.1 kBProgress (1): 5.9 kBProgress (1): 11 kB Progress (1): 14 kBProgress (1): 15 kB                   Downloaded from central: https://repo.maven.apache.org/maven2/jakarta/platform/jakartaee-api-parent/9.1.0/jakartaee-api-parent-9.1.0.pom (15 kB at 362 kB/s)
Downloading from central: https://repo.maven.apache.org/maven2/org/eclipse/jetty/jetty-bom/9.4.53.v20231009/jetty-bom-9.4.53.v20231009.pom
Progress (1): 1.1 kBProgress (1): 4.8 kBProgress (1): 12 kB Progress (1): 18 kB                   Downloaded from central: https://repo.maven.apache.org/maven2/org/eclipse/jetty/jetty-bom/9.4.53.v20231009/jetty-bom-9.4.53.v20231009.pom (18 kB at 588 kB/s)
Downloading from central: https://repo.maven.apache.org/maven2/org/junit/junit-bom/5.10.0/junit-bom-5.10.0.pom
Progress (1): 912 BProgress (1): 4.1 kBProgress (1): 5.6 kB                    Downloaded from central: https://repo.maven.apache.org/maven2/org/junit/junit-bom/5.10.0/junit-bom-5.10.0.pom (5.6 kB at 209 kB/s)
Downloading from central: https://repo.maven.apache.org/maven2/io/fabric8/kubernetes-client-bom/5.12.4/kubernetes-client-bom-5.12.4.pom
Progress (1): 1.3 kBProgress (1): 12 kB Progress (1): 26 kB                   Downloaded from central: https://repo.maven.apache.org/maven2/io/fabric8/kubernetes-client-bom/5.12.4/kubernetes-client-bom-5.12.4.pom (26 kB at 827 kB/s)
Downloading from central: https://repo.maven.apache.org/maven2/org/mockito/mockito-bom/4.11.0/mockito-bom-4.11.0.pom
Progress (1): 1.4 kBProgress (1): 3.2 kB                    Downloaded from central: https://repo.maven.apache.org/maven2/org/mockito/mockito-bom/4.11.0/mockito-bom-4.11.0.pom (3.2 kB at 66 kB/s)
Downloading from central: https://repo.maven.apache.org/maven2/io/netty/netty-bom/4.1.97.Final/netty-bom-4.1.97.Final.pom
Progress (1): 786 BProgress (1): 2.4 kBProgress (1): 12 kB Progress (1): 13 kB                   Downloaded from central: https://repo.maven.apache.org/maven2/io/netty/netty-bom/4.1.97.Final/netty-bom-4.1.97.Final.pom (13 kB at 402 kB/s)
Downloading from central: https://repo.maven.apache.org/maven2/org/springframework/spring-framework-bom/5.3.29/spring-framework-bom-5.3.29.pom
Progress (1): 976 BProgress (1): 5.7 kB                    Downloaded from central: https://repo.maven.apache.org/maven2/org/springframework/spring-framework-bom/5.3.29/spring-framework-bom-5.3.29.pom (5.7 kB at 182 kB/s)
Downloading from central: https://repo.maven.apache.org/maven2/org/apache/logging/log4j/log4j-api/2.21.1/log4j-api-2.21.1.pom
Progress (1): 818 BProgress (1): 2.4 kBProgress (1): 4.0 kB                    Downloaded from central: https://repo.maven.apache.org/maven2/org/apache/logging/log4j/log4j-api/2.21.1/log4j-api-2.21.1.pom (4.0 kB at 111 kB/s)
Downloading from central: https://repo.maven.apache.org/maven2/org/slf4j/jul-to-slf4j/2.0.9/jul-to-slf4j-2.0.9.pom
Progress (1): 1.1 kB                    Downloaded from central: https://repo.maven.apache.org/maven2/org/slf4j/jul-to-slf4j/2.0.9/jul-to-slf4j-2.0.9.pom (1.1 kB at 23 kB/s)
Downloading from central: https://repo.maven.apache.org/maven2/org/hibernate/validator/hibernate-validator/8.0.1.Final/hibernate-validator-8.0.1.Final.pom
Progress (1): 947 BProgress (1): 3.0 kBProgress (1): 6.2 kBProgress (1): 9.0 kBProgress (1): 13 kB Progress (1): 15 kB                   Downloaded from central: https://repo.maven.apache.org/maven2/org/hibernate/validator/hibernate-validator/8.0.1.Final/hibernate-validator-8.0.1.Final.pom (15 kB at 404 kB/s)
Downloading from central: https://repo.maven.apache.org/maven2/org/hibernate/validator/hibernate-validator-parent/8.0.1.Final/hibernate-validator-parent-8.0.1.Final.pom
Progress (1): 871 BProgress (1): 3.5 kBProgress (1): 5.4 kBProgress (1): 7.4 kBProgress (1): 9.5 kBProgress (1): 12 kB Progress (1): 14 kBProgress (1): 16 kBProgress (1): 18 kBProgress (1): 24 kBProgress (1): 31 kBProgress (1): 35 kBProgress (1): 38 kBProgress (1): 41 kBProgress (1): 47 kBProgress (1): 48 kBProgress (1): 52 kBProgress (1): 56 kBProgress (1): 60 kBProgress (1): 67 kBProgress (1): 70 kBProgress (1): 73 kBProgress (1): 78 kBProgress (1): 80 kBProgress (1): 81 kB                   Downloaded from central: https://repo.maven.apache.org/maven2/org/hibernate/validator/hibernate-validator-parent/8.0.1.Final/hibernate-validator-parent-8.0.1.Final.pom (81 kB at 1.8 MB/s)
Downloading from central: https://repo.maven.apache.org/maven2/org/jboss/arquillian/arquillian-bom/1.7.0.Alpha10/arquillian-bom-1.7.0.Alpha10.pom
Progress (1): 997 BProgress (1): 6.6 kBProgress (1): 10 kB                    Downloaded from central: https://repo.maven.apache.org/maven2/org/jboss/arquillian/arquillian-bom/1.7.0.Alpha10/arquillian-bom-1.7.0.Alpha10.pom (10 kB at 289 kB/s)
Downloading from central: https://repo.maven.apache.org/maven2/org/jboss/shrinkwrap/shrinkwrap-bom/1.2.6/shrinkwrap-bom-1.2.6.pom
Progress (1): 986 BProgress (1): 4.0 kB                    Downloaded from central: https://repo.maven.apache.org/maven2/org/jboss/shrinkwrap/shrinkwrap-bom/1.2.6/shrinkwrap-bom-1.2.6.pom (4.0 kB at 91 kB/s)
Downloading from central: https://repo.maven.apache.org/maven2/org/jboss/shrinkwrap/resolver/shrinkwrap-resolver-bom/3.1.4/shrinkwrap-resolver-bom-3.1.4.pom
Progress (1): 975 BProgress (1): 5.5 kBProgress (1): 7.0 kB                    Downloaded from central: https://repo.maven.apache.org/maven2/org/jboss/shrinkwrap/resolver/shrinkwrap-resolver-bom/3.1.4/shrinkwrap-resolver-bom-3.1.4.pom (7.0 kB at 212 kB/s)
Downloading from central: https://repo.maven.apache.org/maven2/org/apache/maven/maven/3.6.3/maven-3.6.3.pom
Progress (1): 710 BProgress (1): 1.9 kBProgress (1): 3.5 kBProgress (1): 5.5 kBProgress (1): 11 kB Progress (1): 16 kBProgress (1): 20 kBProgress (1): 23 kBProgress (1): 25 kBProgress (1): 26 kB                   Downloaded from central: https://repo.maven.apache.org/maven2/org/apache/maven/maven/3.6.3/maven-3.6.3.pom (26 kB at 678 kB/s)
Downloading from central: https://repo.maven.apache.org/maven2/org/apache/maven/maven-parent/33/maven-parent-33.pom
Progress (1): 717 BProgress (1): 1.9 kBProgress (1): 5.4 kBProgress (1): 9.9 kBProgress (1): 14 kB Progress (1): 19 kBProgress (1): 23 kBProgress (1): 26 kBProgress (1): 27 kBProgress (1): 30 kBProgress (1): 33 kBProgress (1): 36 kBProgress (1): 39 kBProgress (1): 44 kB                   Downloaded from central: https://repo.maven.apache.org/maven2/org/apache/maven/maven-parent/33/maven-parent-33.pom (44 kB at 1.1 MB/s)
Downloading from central: https://repo.maven.apache.org/maven2/org/apache/apache/21/apache-21.pom
Progress (1): 749 BProgress (1): 2.1 kBProgress (1): 3.9 kBProgress (1): 8.2 kBProgress (1): 13 kB Progress (1): 16 kBProgress (1): 17 kB                   Downloaded from central: https://repo.maven.apache.org/maven2/org/apache/apache/21/apache-21.pom (17 kB at 380 kB/s)
Downloading from central: https://repo.maven.apache.org/maven2/org/jboss/shrinkwrap/descriptors/shrinkwrap-descriptors-bom/2.0.0/shrinkwrap-descriptors-bom-2.0.0.pom
Progress (1): 1.1 kBProgress (1): 5.2 kBProgress (1): 5.2 kB                    Downloaded from central: https://repo.maven.apache.org/maven2/org/jboss/shrinkwrap/descriptors/shrinkwrap-descriptors-bom/2.0.0/shrinkwrap-descriptors-bom-2.0.0.pom (5.2 kB at 141 kB/s)
Downloading from central: https://repo.maven.apache.org/maven2/jakarta/validation/jakarta.validation-api/3.0.2/jakarta.validation-api-3.0.2.pom
Progress (1): 1.0 kBProgress (1): 3.6 kBProgress (1): 6.2 kBProgress (1): 9.4 kBProgress (1): 11 kB                    Downloaded from central: https://repo.maven.apache.org/maven2/jakarta/validation/jakarta.validation-api/3.0.2/jakarta.validation-api-3.0.2.pom (11 kB at 250 kB/s)
Downloading from central: https://repo.maven.apache.org/maven2/org/eclipse/ee4j/project/1.0.6/project-1.0.6.pom
Progress (1): 839 BProgress (1): 2.5 kBProgress (1): 5.0 kBProgress (1): 7.6 kBProgress (1): 12 kB Progress (1): 13 kB                   Downloaded from central: https://repo.maven.apache.org/maven2/org/eclipse/ee4j/project/1.0.6/project-1.0.6.pom (13 kB at 460 kB/s)
Downloading from central: https://repo.maven.apache.org/maven2/org/jboss/logging/jboss-logging/3.5.3.Final/jboss-logging-3.5.3.Final.pom
Progress (1): 750 BProgress (1): 2.4 kBProgress (1): 5.4 kBProgress (1): 9.2 kBProgress (1): 16 kB Progress (1): 19 kB                   Downloaded from central: https://repo.maven.apache.org/maven2/org/jboss/logging/jboss-logging/3.5.3.Final/jboss-logging-3.5.3.Final.pom (19 kB at 563 kB/s)
Downloading from central: https://repo.maven.apache.org/maven2/org/jboss/logging/logging-parent/1.0.1.Final/logging-parent-1.0.1.Final.pom
Progress (1): 1.2 kBProgress (1): 3.8 kBProgress (1): 6.0 kB                    Downloaded from central: https://repo.maven.apache.org/maven2/org/jboss/logging/logging-parent/1.0.1.Final/logging-parent-1.0.1.Final.pom (6.0 kB at 192 kB/s)
Downloading from central: https://repo.maven.apache.org/maven2/org/junit/junit-bom/5.9.3/junit-bom-5.9.3.pom
Progress (1): 907 BProgress (1): 4.1 kBProgress (1): 5.6 kB                    Downloaded from central: https://repo.maven.apache.org/maven2/org/junit/junit-bom/5.9.3/junit-bom-5.9.3.pom (5.6 kB at 156 kB/s)
Downloading from central: https://repo.maven.apache.org/maven2/com/fasterxml/classmate/1.6.0/classmate-1.6.0.pom
Progress (1): 1.2 kBProgress (1): 2.9 kBProgress (1): 5.0 kBProgress (1): 6.6 kB                    Downloaded from central: https://repo.maven.apache.org/maven2/com/fasterxml/classmate/1.6.0/classmate-1.6.0.pom (6.6 kB at 207 kB/s)
Downloading from central: https://repo.maven.apache.org/maven2/com/fasterxml/oss-parent/55/oss-parent-55.pom
Progress (1): 947 BProgress (1): 2.6 kBProgress (1): 4.0 kBProgress (1): 6.4 kBProgress (1): 9.6 kBProgress (1): 12 kB Progress (1): 15 kBProgress (1): 18 kBProgress (1): 21 kBProgress (1): 24 kB                   Downloaded from central: https://repo.maven.apache.org/maven2/com/fasterxml/oss-parent/55/oss-parent-55.pom (24 kB at 655 kB/s)
Downloading from central: https://repo.maven.apache.org/maven2/org/springframework/boot/spring-boot-starter-actuator/3.2.1/spring-boot-starter-actuator-3.2.1.pom
Progress (1): 952 BProgress (1): 2.8 kB                    Downloaded from central: https://repo.maven.apache.org/maven2/org/springframework/boot/spring-boot-starter-actuator/3.2.1/spring-boot-starter-actuator-3.2.1.pom (2.8 kB at 84 kB/s)
Downloading from central: https://repo.maven.apache.org/maven2/org/springframework/boot/spring-boot-actuator-autoconfigure/3.2.1/spring-boot-actuator-autoconfigure-3.2.1.pom
Progress (1): 993 BProgress (1): 2.9 kB                    Downloaded from central: https://repo.maven.apache.org/maven2/org/springframework/boot/spring-boot-actuator-autoconfigure/3.2.1/spring-boot-actuator-autoconfigure-3.2.1.pom (2.9 kB at 85 kB/s)
Downloading from central: https://repo.maven.apache.org/maven2/org/springframework/boot/spring-boot-actuator/3.2.1/spring-boot-actuator-3.2.1.pom
Progress (1): 1.0 kBProgress (1): 2.0 kB                    Downloaded from central: https://repo.maven.apache.org/maven2/org/springframework/boot/spring-boot-actuator/3.2.1/spring-boot-actuator-3.2.1.pom (2.0 kB at 55 kB/s)
Downloading from central: https://repo.maven.apache.org/maven2/io/micrometer/micrometer-jakarta9/1.12.1/micrometer-jakarta9-1.12.1.pom
Progress (1): 1.1 kBProgress (1): 3.4 kBProgress (1): 3.8 kB                    Downloaded from central: https://repo.maven.apache.org/maven2/io/micrometer/micrometer-jakarta9/1.12.1/micrometer-jakarta9-1.12.1.pom (3.8 kB at 88 kB/s)
Downloading from central: https://repo.maven.apache.org/maven2/io/micrometer/micrometer-core/1.12.1/micrometer-core-1.12.1.pom
Progress (1): 998 BProgress (1): 5.1 kBProgress (1): 9.3 kBProgress (1): 10 kB                    Downloaded from central: https://repo.maven.apache.org/maven2/io/micrometer/micrometer-core/1.12.1/micrometer-core-1.12.1.pom (10 kB at 261 kB/s)
Downloading from central: https://repo.maven.apache.org/maven2/org/hdrhistogram/HdrHistogram/2.1.12/HdrHistogram-2.1.12.pom
Progress (1): 949 BProgress (1): 2.8 kBProgress (1): 6.6 kBProgress (1): 11 kB                    Downloaded from central: https://repo.maven.apache.org/maven2/org/hdrhistogram/HdrHistogram/2.1.12/HdrHistogram-2.1.12.pom (11 kB at 327 kB/s)
Downloading from central: https://repo.maven.apache.org/maven2/org/latencyutils/LatencyUtils/2.0.3/LatencyUtils-2.0.3.pom
Progress (1): 1.0 kBProgress (1): 3.9 kBProgress (1): 7.2 kB                    Downloaded from central: https://repo.maven.apache.org/maven2/org/latencyutils/LatencyUtils/2.0.3/LatencyUtils-2.0.3.pom (7.2 kB at 250 kB/s)
Downloading from central: https://repo.maven.apache.org/maven2/org/springframework/boot/spring-boot-starter-security/3.2.1/spring-boot-starter-security-3.2.1.pom
Progress (1): 1.0 kBProgress (1): 2.7 kB                    Downloaded from central: https://repo.maven.apache.org/maven2/org/springframework/boot/spring-boot-starter-security/3.2.1/spring-boot-starter-security-3.2.1.pom (2.7 kB at 70 kB/s)
Downloading from central: https://repo.maven.apache.org/maven2/org/springframework/security/spring-security-config/6.2.1/spring-security-config-6.2.1.pom
Progress (1): 1.0 kBProgress (1): 2.8 kB                    Downloaded from central: https://repo.maven.apache.org/maven2/org/springframework/security/spring-security-config/6.2.1/spring-security-config-6.2.1.pom (2.8 kB at 81 kB/s)
Downloading from central: https://repo.maven.apache.org/maven2/org/springframework/security/spring-security-core/6.2.1/spring-security-core-6.2.1.pom
Progress (1): 1.0 kBProgress (1): 3.2 kB                    Downloaded from central: https://repo.maven.apache.org/maven2/org/springframework/security/spring-security-core/6.2.1/spring-security-core-6.2.1.pom (3.2 kB at 87 kB/s)
Downloading from central: https://repo.maven.apache.org/maven2/org/springframework/security/spring-security-crypto/6.2.1/spring-security-crypto-6.2.1.pom
Progress (1): 1.0 kBProgress (1): 1.9 kB                    Downloaded from central: https://repo.maven.apache.org/maven2/org/springframework/security/spring-security-crypto/6.2.1/spring-security-crypto-6.2.1.pom (1.9 kB at 72 kB/s)
Downloading from central: https://repo.maven.apache.org/maven2/org/springframework/security/spring-security-web/6.2.1/spring-security-web-6.2.1.pom
Progress (1): 1.0 kBProgress (1): 3.2 kB                    Downloaded from central: https://repo.maven.apache.org/maven2/org/springframework/security/spring-security-web/6.2.1/spring-security-web-6.2.1.pom (3.2 kB at 84 kB/s)
Downloading from central: https://repo.maven.apache.org/maven2/org/springframework/boot/spring-boot-starter-oauth2-resource-server/3.2.1/spring-boot-starter-oauth2-resource-server-3.2.1.pom
Progress (1): 975 BProgress (1): 3.0 kB                    Downloaded from central: https://repo.maven.apache.org/maven2/org/springframework/boot/spring-boot-starter-oauth2-resource-server/3.2.1/spring-boot-starter-oauth2-resource-server-3.2.1.pom (3.0 kB at 76 kB/s)
Downloading from central: https://repo.maven.apache.org/maven2/org/springframework/security/spring-security-oauth2-resource-server/6.2.1/spring-security-oauth2-resource-server-6.2.1.pom
Progress (1): 988 BProgress (1): 2.7 kB                    Downloaded from central: https://repo.maven.apache.org/maven2/org/springframework/security/spring-security-oauth2-resource-server/6.2.1/spring-security-oauth2-resource-server-6.2.1.pom (2.7 kB at 68 kB/s)
Downloading from central: https://repo.maven.apache.org/maven2/org/springframework/security/spring-security-oauth2-core/6.2.1/spring-security-oauth2-core-6.2.1.pom
Progress (1): 1.0 kBProgress (1): 2.5 kB                    Downloaded from central: https://repo.maven.apache.org/maven2/org/springframework/security/spring-security-oauth2-core/6.2.1/spring-security-oauth2-core-6.2.1.pom (2.5 kB at 60 kB/s)
Downloading from central: https://repo.maven.apache.org/maven2/org/springframework/security/spring-security-oauth2-jose/6.2.1/spring-security-oauth2-jose-6.2.1.pom
Progress (1): 1.0 kBProgress (1): 2.7 kB                    Downloaded from central: https://repo.maven.apache.org/maven2/org/springframework/security/spring-security-oauth2-jose/6.2.1/spring-security-oauth2-jose-6.2.1.pom (2.7 kB at 84 kB/s)
Downloading from central: https://repo.maven.apache.org/maven2/com/nimbusds/nimbus-jose-jwt/9.24.4/nimbus-jose-jwt-9.24.4.pom
Progress (1): 927 BProgress (1): 3.2 kBProgress (1): 6.2 kBProgress (1): 9.6 kBProgress (1): 12 kB                    Downloaded from central: https://repo.maven.apache.org/maven2/com/nimbusds/nimbus-jose-jwt/9.24.4/nimbus-jose-jwt-9.24.4.pom (12 kB at 356 kB/s)
Downloading from central: https://repo.maven.apache.org/maven2/com/github/stephenc/jcip/jcip-annotations/1.0-1/jcip-annotations-1.0-1.pom
Progress (1): 759 BProgress (1): 2.5 kBProgress (1): 5.4 kB                    Downloaded from central: https://repo.maven.apache.org/maven2/com/github/stephenc/jcip/jcip-annotations/1.0-1/jcip-annotations-1.0-1.pom (5.4 kB at 147 kB/s)
Downloading from central: https://repo.maven.apache.org/maven2/org/springframework/boot/spring-boot-starter-data-jpa/3.2.1/spring-boot-starter-data-jpa-3.2.1.pom
Progress (1): 979 BProgress (1): 2.9 kB                    Downloaded from central: https://repo.maven.apache.org/maven2/org/springframework/boot/spring-boot-starter-data-jpa/3.2.1/spring-boot-starter-data-jpa-3.2.1.pom (2.9 kB at 67 kB/s)
Downloading from central: https://repo.maven.apache.org/maven2/org/springframework/boot/spring-boot-starter-aop/3.2.1/spring-boot-starter-aop-3.2.1.pom
Progress (1): 963 BProgress (1): 2.5 kB                    Downloaded from central: https://repo.maven.apache.org/maven2/org/springframework/boot/spring-boot-starter-aop/3.2.1/spring-boot-starter-aop-3.2.1.pom (2.5 kB at 82 kB/s)
Downloading from central: https://repo.maven.apache.org/maven2/org/aspectj/aspectjweaver/1.9.21/aspectjweaver-1.9.21.pom
Progress (1): 1.0 kBProgress (1): 2.1 kB                    Downloaded from central: https://repo.maven.apache.org/maven2/org/aspectj/aspectjweaver/1.9.21/aspectjweaver-1.9.21.pom (2.1 kB at 74 kB/s)
Downloading from central: https://repo.maven.apache.org/maven2/org/springframework/boot/spring-boot-starter-jdbc/3.2.1/spring-boot-starter-jdbc-3.2.1.pom
Progress (1): 973 BProgress (1): 2.5 kB                    Downloaded from central: https://repo.maven.apache.org/maven2/org/springframework/boot/spring-boot-starter-jdbc/3.2.1/spring-boot-starter-jdbc-3.2.1.pom (2.5 kB at 63 kB/s)
Downloading from central: https://repo.maven.apache.org/maven2/com/zaxxer/HikariCP/5.0.1/HikariCP-5.0.1.pom
Progress (1): 1.2 kBProgress (1): 2.8 kBProgress (1): 7.3 kBProgress (1): 11 kB Progress (1): 13 kBProgress (1): 17 kBProgress (1): 20 kBProgress (1): 23 kBProgress (1): 25 kB                   Downloaded from central: https://repo.maven.apache.org/maven2/com/zaxxer/HikariCP/5.0.1/HikariCP-5.0.1.pom (25 kB at 798 kB/s)
Downloading from central: https://repo.maven.apache.org/maven2/org/sonatype/oss/oss-parent/9/oss-parent-9.pom
Progress (1): 835 BProgress (1): 2.7 kBProgress (1): 6.2 kBProgress (1): 6.6 kB                    Downloaded from central: https://repo.maven.apache.org/maven2/org/sonatype/oss/oss-parent/9/oss-parent-9.pom (6.6 kB at 119 kB/s)
Downloading from central: https://repo.maven.apache.org/maven2/org/springframework/spring-jdbc/6.1.2/spring-jdbc-6.1.2.pom
Progress (1): 1.0 kBProgress (1): 2.4 kB                    Downloaded from central: https://repo.maven.apache.org/maven2/org/springframework/spring-jdbc/6.1.2/spring-jdbc-6.1.2.pom (2.4 kB at 70 kB/s)
Downloading from central: https://repo.maven.apache.org/maven2/org/springframework/spring-tx/6.1.2/spring-tx-6.1.2.pom
Progress (1): 1.1 kBProgress (1): 2.2 kB                    Downloaded from central: https://repo.maven.apache.org/maven2/org/springframework/spring-tx/6.1.2/spring-tx-6.1.2.pom (2.2 kB at 65 kB/s)
Downloading from central: https://repo.maven.apache.org/maven2/org/hibernate/orm/hibernate-core/6.4.1.Final/hibernate-core-6.4.1.Final.pom
Progress (1): 1.1 kBProgress (1): 5.5 kBProgress (1): 5.8 kB                    Downloaded from central: https://repo.maven.apache.org/maven2/org/hibernate/orm/hibernate-core/6.4.1.Final/hibernate-core-6.4.1.Final.pom (5.8 kB at 160 kB/s)
Downloading from central: https://repo.maven.apache.org/maven2/jakarta/persistence/jakarta.persistence-api/3.1.0/jakarta.persistence-api-3.1.0.pom
Progress (1): 860 BProgress (1): 2.9 kBProgress (1): 6.4 kBProgress (1): 9.8 kBProgress (1): 13 kB Progress (1): 16 kB                   Downloaded from central: https://repo.maven.apache.org/maven2/jakarta/persistence/jakarta.persistence-api/3.1.0/jakarta.persistence-api-3.1.0.pom (16 kB at 239 kB/s)
Downloading from central: https://repo.maven.apache.org/maven2/jakarta/transaction/jakarta.transaction-api/2.0.1/jakarta.transaction-api-2.0.1.pom
Progress (1): 823 BProgress (1): 2.6 kBProgress (1): 4.6 kBProgress (1): 7.7 kBProgress (1): 11 kB Progress (1): 14 kB                   Downloaded from central: https://repo.maven.apache.org/maven2/jakarta/transaction/jakarta.transaction-api/2.0.1/jakarta.transaction-api-2.0.1.pom (14 kB at 390 kB/s)
Downloading from central: https://repo.maven.apache.org/maven2/org/hibernate/common/hibernate-commons-annotations/6.0.6.Final/hibernate-commons-annotations-6.0.6.Final.pom
Progress (1): 1.0 kBProgress (1): 2.1 kB                    Downloaded from central: https://repo.maven.apache.org/maven2/org/hibernate/common/hibernate-commons-annotations/6.0.6.Final/hibernate-commons-annotations-6.0.6.Final.pom (2.1 kB at 49 kB/s)
Downloading from central: https://repo.maven.apache.org/maven2/io/smallrye/jandex/3.1.2/jandex-3.1.2.pom
Progress (1): 1.8 kBProgress (1): 4.3 kBProgress (1): 7.0 kB                    Downloaded from central: https://repo.maven.apache.org/maven2/io/smallrye/jandex/3.1.2/jandex-3.1.2.pom (7.0 kB at 162 kB/s)
Downloading from central: https://repo.maven.apache.org/maven2/io/smallrye/jandex-parent/3.1.2/jandex-parent-3.1.2.pom
Progress (1): 1.3 kBProgress (1): 4.9 kBProgress (1): 7.2 kB                    Downloaded from central: https://repo.maven.apache.org/maven2/io/smallrye/jandex-parent/3.1.2/jandex-parent-3.1.2.pom (7.2 kB at 174 kB/s)
Downloading from central: https://repo.maven.apache.org/maven2/io/smallrye/smallrye-build-parent/39/smallrye-build-parent-39.pom
Progress (1): 1.1 kBProgress (1): 3.1 kBProgress (1): 5.7 kBProgress (1): 9.7 kBProgress (1): 12 kB Progress (1): 16 kBProgress (1): 20 kBProgress (1): 28 kB                   Downloaded from central: https://repo.maven.apache.org/maven2/io/smallrye/smallrye-build-parent/39/smallrye-build-parent-39.pom (28 kB at 944 kB/s)
Downloading from central: https://repo.maven.apache.org/maven2/net/bytebuddy/byte-buddy/1.14.10/byte-buddy-1.14.10.pom
Progress (1): 959 BProgress (1): 3.7 kBProgress (1): 7.0 kBProgress (1): 14 kB Progress (1): 16 kB                   Downloaded from central: https://repo.maven.apache.org/maven2/net/bytebuddy/byte-buddy/1.14.10/byte-buddy-1.14.10.pom (16 kB at 360 kB/s)
Downloading from central: https://repo.maven.apache.org/maven2/net/bytebuddy/byte-buddy-parent/1.14.10/byte-buddy-parent-1.14.10.pom
Progress (1): 829 BProgress (1): 2.1 kBProgress (1): 3.6 kBProgress (1): 6.2 kBProgress (1): 8.0 kBProgress (1): 11 kB Progress (1): 13 kBProgress (1): 17 kBProgress (1): 22 kBProgress (1): 25 kBProgress (1): 35 kBProgress (1): 46 kBProgress (1): 51 kBProgress (1): 56 kBProgress (1): 62 kBProgress (1): 62 kB                   Downloaded from central: https://repo.maven.apache.org/maven2/net/bytebuddy/byte-buddy-parent/1.14.10/byte-buddy-parent-1.14.10.pom (62 kB at 1.6 MB/s)
Downloading from central: https://repo.maven.apache.org/maven2/jakarta/xml/bind/jakarta.xml.bind-api/4.0.1/jakarta.xml.bind-api-4.0.1.pom
Progress (1): 845 BProgress (1): 3.2 kBProgress (1): 6.0 kBProgress (1): 9.8 kBProgress (1): 13 kB Progress (1): 13 kB                   Downloaded from central: https://repo.maven.apache.org/maven2/jakarta/xml/bind/jakarta.xml.bind-api/4.0.1/jakarta.xml.bind-api-4.0.1.pom (13 kB at 410 kB/s)
Downloading from central: https://repo.maven.apache.org/maven2/jakarta/xml/bind/jakarta.xml.bind-api-parent/4.0.1/jakarta.xml.bind-api-parent-4.0.1.pom
Progress (1): 897 BProgress (1): 2.8 kBProgress (1): 6.5 kBProgress (1): 9.2 kB                    Downloaded from central: https://repo.maven.apache.org/maven2/jakarta/xml/bind/jakarta.xml.bind-api-parent/4.0.1/jakarta.xml.bind-api-parent-4.0.1.pom (9.2 kB at 195 kB/s)
Downloading from central: https://repo.maven.apache.org/maven2/jakarta/activation/jakarta.activation-api/2.1.2/jakarta.activation-api-2.1.2.pom
Progress (1): 856 BProgress (1): 2.7 kBProgress (1): 5.6 kBProgress (1): 9.6 kBProgress (1): 12 kB Progress (1): 17 kBProgress (1): 18 kB                   Downloaded from central: https://repo.maven.apache.org/maven2/jakarta/activation/jakarta.activation-api/2.1.2/jakarta.activation-api-2.1.2.pom (18 kB at 526 kB/s)
Downloading from central: https://repo.maven.apache.org/maven2/org/glassfish/jaxb/jaxb-runtime/4.0.4/jaxb-runtime-4.0.4.pom
Progress (1): 806 BProgress (1): 3.2 kBProgress (1): 6.9 kBProgress (1): 10 kB Progress (1): 11 kB                   Downloaded from central: https://repo.maven.apache.org/maven2/org/glassfish/jaxb/jaxb-runtime/4.0.4/jaxb-runtime-4.0.4.pom (11 kB at 401 kB/s)
Downloading from central: https://repo.maven.apache.org/maven2/com/sun/xml/bind/mvn/jaxb-runtime-parent/4.0.4/jaxb-runtime-parent-4.0.4.pom
Progress (1): 932 BProgress (1): 1.2 kB                    Downloaded from central: https://repo.maven.apache.org/maven2/com/sun/xml/bind/mvn/jaxb-runtime-parent/4.0.4/jaxb-runtime-parent-4.0.4.pom (1.2 kB at 42 kB/s)
Downloading from central: https://repo.maven.apache.org/maven2/com/sun/xml/bind/mvn/jaxb-parent/4.0.4/jaxb-parent-4.0.4.pom
Progress (1): 760 BProgress (1): 2.6 kBProgress (1): 4.4 kBProgress (1): 6.5 kBProgress (1): 12 kB Progress (1): 16 kBProgress (1): 21 kBProgress (1): 28 kBProgress (1): 32 kBProgress (1): 35 kB                   Downloaded from central: https://repo.maven.apache.org/maven2/com/sun/xml/bind/mvn/jaxb-parent/4.0.4/jaxb-parent-4.0.4.pom (35 kB at 1.0 MB/s)
Downloading from central: https://repo.maven.apache.org/maven2/com/sun/xml/bind/jaxb-bom-ext/4.0.4/jaxb-bom-ext-4.0.4.pom
Progress (1): 863 BProgress (1): 3.5 kB                    Downloaded from central: https://repo.maven.apache.org/maven2/com/sun/xml/bind/jaxb-bom-ext/4.0.4/jaxb-bom-ext-4.0.4.pom (3.5 kB at 58 kB/s)
Downloading from central: https://repo.maven.apache.org/maven2/org/glassfish/jaxb/jaxb-core/4.0.4/jaxb-core-4.0.4.pom
Progress (1): 898 BProgress (1): 3.1 kBProgress (1): 3.7 kB                    Downloaded from central: https://repo.maven.apache.org/maven2/org/glassfish/jaxb/jaxb-core/4.0.4/jaxb-core-4.0.4.pom (3.7 kB at 98 kB/s)
Downloading from central: https://repo.maven.apache.org/maven2/org/eclipse/angus/angus-activation/2.0.1/angus-activation-2.0.1.pom
Progress (1): 930 BProgress (1): 3.3 kBProgress (1): 4.0 kB                    Downloaded from central: https://repo.maven.apache.org/maven2/org/eclipse/angus/angus-activation/2.0.1/angus-activation-2.0.1.pom (4.0 kB at 111 kB/s)
Downloading from central: https://repo.maven.apache.org/maven2/org/eclipse/angus/angus-activation-project/2.0.1/angus-activation-project-2.0.1.pom
Progress (1): 846 BProgress (1): 2.6 kBProgress (1): 5.1 kBProgress (1): 10 kB Progress (1): 14 kBProgress (1): 17 kBProgress (1): 20 kBProgress (1): 20 kB                   Downloaded from central: https://repo.maven.apache.org/maven2/org/eclipse/angus/angus-activation-project/2.0.1/angus-activation-project-2.0.1.pom (20 kB at 525 kB/s)
Downloading from central: https://repo.maven.apache.org/maven2/org/glassfish/jaxb/txw2/4.0.4/txw2-4.0.4.pom
Progress (1): 931 BProgress (1): 1.8 kB                    Downloaded from central: https://repo.maven.apache.org/maven2/org/glassfish/jaxb/txw2/4.0.4/txw2-4.0.4.pom (1.8 kB at 41 kB/s)
Downloading from central: https://repo.maven.apache.org/maven2/com/sun/xml/bind/mvn/jaxb-txw-parent/4.0.4/jaxb-txw-parent-4.0.4.pom
Progress (1): 930 BProgress (1): 1.2 kB                    Downloaded from central: https://repo.maven.apache.org/maven2/com/sun/xml/bind/mvn/jaxb-txw-parent/4.0.4/jaxb-txw-parent-4.0.4.pom (1.2 kB at 29 kB/s)
Downloading from central: https://repo.maven.apache.org/maven2/com/sun/istack/istack-commons-runtime/4.1.2/istack-commons-runtime-4.1.2.pom
Progress (1): 933 BProgress (1): 1.6 kB                    Downloaded from central: https://repo.maven.apache.org/maven2/com/sun/istack/istack-commons-runtime/4.1.2/istack-commons-runtime-4.1.2.pom (1.6 kB at 49 kB/s)
Downloading from central: https://repo.maven.apache.org/maven2/com/sun/istack/istack-commons/4.1.2/istack-commons-4.1.2.pom
Progress (1): 785 BProgress (1): 2.6 kBProgress (1): 4.8 kBProgress (1): 12 kB Progress (1): 17 kBProgress (1): 21 kBProgress (1): 25 kBProgress (1): 26 kB                   Downloaded from central: https://repo.maven.apache.org/maven2/com/sun/istack/istack-commons/4.1.2/istack-commons-4.1.2.pom (26 kB at 849 kB/s)
Downloading from central: https://repo.maven.apache.org/maven2/jakarta/inject/jakarta.inject-api/2.0.1/jakarta.inject-api-2.0.1.pom
Progress (1): 1.2 kBProgress (1): 3.4 kBProgress (1): 5.4 kBProgress (1): 5.9 kB                    Downloaded from central: https://repo.maven.apache.org/maven2/jakarta/inject/jakarta.inject-api/2.0.1/jakarta.inject-api-2.0.1.pom (5.9 kB at 138 kB/s)
Downloading from central: https://repo.maven.apache.org/maven2/org/antlr/antlr4-runtime/4.13.0/antlr4-runtime-4.13.0.pom
Progress (1): 901 BProgress (1): 3.0 kBProgress (1): 3.6 kB                    Downloaded from central: https://repo.maven.apache.org/maven2/org/antlr/antlr4-runtime/4.13.0/antlr4-runtime-4.13.0.pom (3.6 kB at 65 kB/s)
Downloading from central: https://repo.maven.apache.org/maven2/org/antlr/antlr4-master/4.13.0/antlr4-master-4.13.0.pom
Progress (1): 959 BProgress (1): 2.9 kBProgress (1): 4.8 kB                    Downloaded from central: https://repo.maven.apache.org/maven2/org/antlr/antlr4-master/4.13.0/antlr4-master-4.13.0.pom (4.8 kB at 120 kB/s)
Downloading from central: https://repo.maven.apache.org/maven2/org/springframework/data/spring-data-jpa/3.2.1/spring-data-jpa-3.2.1.pom
Progress (1): 1.7 kBProgress (1): 5.3 kBProgress (1): 8.5 kBProgress (1): 11 kB                    Downloaded from central: https://repo.maven.apache.org/maven2/org/springframework/data/spring-data-jpa/3.2.1/spring-data-jpa-3.2.1.pom (11 kB at 402 kB/s)
Downloading from central: https://repo.maven.apache.org/maven2/org/springframework/data/spring-data-jpa-parent/3.2.1/spring-data-jpa-parent-3.2.1.pom
Progress (1): 1.2 kBProgress (1): 2.7 kBProgress (1): 6.1 kBProgress (1): 6.9 kB                    Downloaded from central: https://repo.maven.apache.org/maven2/org/springframework/data/spring-data-jpa-parent/3.2.1/spring-data-jpa-parent-3.2.1.pom (6.9 kB at 135 kB/s)
Downloading from central: https://repo.maven.apache.org/maven2/org/springframework/data/build/spring-data-parent/3.2.1/spring-data-parent-3.2.1.pom
Progress (1): 727 BProgress (1): 2.3 kBProgress (1): 3.4 kBProgress (1): 4.7 kBProgress (1): 6.2 kBProgress (1): 8.4 kBProgress (1): 12 kB Progress (1): 15 kBProgress (1): 18 kBProgress (1): 21 kBProgress (1): 28 kBProgress (1): 31 kBProgress (1): 36 kBProgress (1): 40 kBProgress (1): 41 kB                   Downloaded from central: https://repo.maven.apache.org/maven2/org/springframework/data/build/spring-data-parent/3.2.1/spring-data-parent-3.2.1.pom (41 kB at 1.0 MB/s)
Downloading from central: https://repo.maven.apache.org/maven2/org/springframework/data/build/spring-data-build/3.2.1/spring-data-build-3.2.1.pom
Progress (1): 954 BProgress (1): 2.4 kBProgress (1): 4.4 kBProgress (1): 7.2 kBProgress (1): 7.3 kB                    Downloaded from central: https://repo.maven.apache.org/maven2/org/springframework/data/build/spring-data-build/3.2.1/spring-data-build-3.2.1.pom (7.3 kB at 193 kB/s)
Downloading from central: https://repo.maven.apache.org/maven2/org/springframework/data/spring-data-commons/3.2.1/spring-data-commons-3.2.1.pom
Progress (1): 1.2 kBProgress (1): 5.3 kBProgress (1): 9.2 kBProgress (1): 9.9 kB                    Downloaded from central: https://repo.maven.apache.org/maven2/org/springframework/data/spring-data-commons/3.2.1/spring-data-commons-3.2.1.pom (9.9 kB at 283 kB/s)
Downloading from central: https://repo.maven.apache.org/maven2/org/springframework/spring-orm/6.1.2/spring-orm-6.1.2.pom
Progress (1): 1.1 kBProgress (1): 2.6 kB                    Downloaded from central: https://repo.maven.apache.org/maven2/org/springframework/spring-orm/6.1.2/spring-orm-6.1.2.pom (2.6 kB at 62 kB/s)
Downloading from central: https://repo.maven.apache.org/maven2/org/springframework/spring-aspects/6.1.2/spring-aspects-6.1.2.pom
Progress (1): 1.1 kBProgress (1): 2.0 kB                    Downloaded from central: https://repo.maven.apache.org/maven2/org/springframework/spring-aspects/6.1.2/spring-aspects-6.1.2.pom (2.0 kB at 58 kB/s)
Downloading from central: https://repo.maven.apache.org/maven2/org/postgresql/postgresql/42.6.0/postgresql-42.6.0.pom
Progress (1): 1.3 kBProgress (1): 2.7 kB                    Downloaded from central: https://repo.maven.apache.org/maven2/org/postgresql/postgresql/42.6.0/postgresql-42.6.0.pom (2.7 kB at 60 kB/s)
Downloading from central: https://repo.maven.apache.org/maven2/org/checkerframework/checker-qual/3.31.0/checker-qual-3.31.0.pom
Progress (1): 940 BProgress (1): 2.1 kB                    Downloaded from central: https://repo.maven.apache.org/maven2/org/checkerframework/checker-qual/3.31.0/checker-qual-3.31.0.pom (2.1 kB at 70 kB/s)
Downloading from central: https://repo.maven.apache.org/maven2/org/flywaydb/flyway-core/9.22.3/flyway-core-9.22.3.pom
Progress (1): 834 BProgress (1): 3.9 kBProgress (1): 6.8 kBProgress (1): 8.8 kB                    Downloaded from central: https://repo.maven.apache.org/maven2/org/flywaydb/flyway-core/9.22.3/flyway-core-9.22.3.pom (8.8 kB at 245 kB/s)
Downloading from central: https://repo.maven.apache.org/maven2/org/flywaydb/flyway-parent/9.22.3/flyway-parent-9.22.3.pom
Progress (1): 725 BProgress (1): 2.2 kBProgress (1): 4.5 kBProgress (1): 6.5 kBProgress (1): 14 kB Progress (1): 22 kBProgress (1): 26 kBProgress (1): 30 kBProgress (1): 35 kBProgress (1): 35 kB                   Downloaded from central: https://repo.maven.apache.org/maven2/org/flywaydb/flyway-parent/9.22.3/flyway-parent-9.22.3.pom (35 kB at 645 kB/s)
Downloading from central: https://repo.maven.apache.org/maven2/com/fasterxml/jackson/dataformat/jackson-dataformat-toml/2.15.3/jackson-dataformat-toml-2.15.3.pom
Progress (1): 1.0 kBProgress (1): 3.2 kBProgress (1): 3.5 kB                    Downloaded from central: https://repo.maven.apache.org/maven2/com/fasterxml/jackson/dataformat/jackson-dataformat-toml/2.15.3/jackson-dataformat-toml-2.15.3.pom (3.5 kB at 112 kB/s)
Downloading from central: https://repo.maven.apache.org/maven2/com/fasterxml/jackson/dataformat/jackson-dataformats-text/2.15.3/jackson-dataformats-text-2.15.3.pom
Progress (1): 1.2 kBProgress (1): 3.0 kBProgress (1): 3.5 kB                    Downloaded from central: https://repo.maven.apache.org/maven2/com/fasterxml/jackson/dataformat/jackson-dataformats-text/2.15.3/jackson-dataformats-text-2.15.3.pom (3.5 kB at 105 kB/s)
Downloading from central: https://repo.maven.apache.org/maven2/com/google/code/gson/gson/2.10.1/gson-2.10.1.pom
Progress (1): 1.1 kBProgress (1): 3.4 kBProgress (1): 6.6 kBProgress (1): 8.7 kBProgress (1): 9.4 kB                    Downloaded from central: https://repo.maven.apache.org/maven2/com/google/code/gson/gson/2.10.1/gson-2.10.1.pom (9.4 kB at 184 kB/s)
Downloading from central: https://repo.maven.apache.org/maven2/com/google/code/gson/gson-parent/2.10.1/gson-parent-2.10.1.pom
Progress (1): 1.1 kBProgress (1): 2.7 kBProgress (1): 4.3 kBProgress (1): 6.5 kBProgress (1): 8.5 kBProgress (1): 11 kB Progress (1): 13 kB                   Downloaded from central: https://repo.maven.apache.org/maven2/com/google/code/gson/gson-parent/2.10.1/gson-parent-2.10.1.pom (13 kB at 338 kB/s)
Downloading from central: https://repo.maven.apache.org/maven2/org/springframework/boot/spring-boot-starter-data-redis/3.2.1/spring-boot-starter-data-redis-3.2.1.pom
Progress (1): 965 BProgress (1): 2.5 kB                    Downloaded from central: https://repo.maven.apache.org/maven2/org/springframework/boot/spring-boot-starter-data-redis/3.2.1/spring-boot-starter-data-redis-3.2.1.pom (2.5 kB at 42 kB/s)
Downloading from central: https://repo.maven.apache.org/maven2/io/lettuce/lettuce-core/6.3.0.RELEASE/lettuce-core-6.3.0.RELEASE.pom
Progress (1): 950 BProgress (1): 4.8 kBProgress (1): 7.4 kB                    Downloaded from central: https://repo.maven.apache.org/maven2/io/lettuce/lettuce-core/6.3.0.RELEASE/lettuce-core-6.3.0.RELEASE.pom (7.4 kB at 238 kB/s)
Downloading from central: https://repo.maven.apache.org/maven2/io/netty/netty-common/4.1.104.Final/netty-common-4.1.104.Final.pom
Progress (1): 1.3 kBProgress (1): 4.7 kBProgress (1): 10 kB Progress (1): 12 kB                   Downloaded from central: https://repo.maven.apache.org/maven2/io/netty/netty-common/4.1.104.Final/netty-common-4.1.104.Final.pom (12 kB at 347 kB/s)
Downloading from central: https://repo.maven.apache.org/maven2/io/netty/netty-parent/4.1.104.Final/netty-parent-4.1.104.Final.pom
Progress (1): 719 BProgress (1): 2.1 kBProgress (1): 4.2 kBProgress (1): 7.0 kBProgress (1): 8.5 kBProgress (1): 20 kB Progress (1): 23 kBProgress (1): 25 kBProgress (1): 27 kBProgress (1): 30 kBProgress (1): 33 kBProgress (1): 37 kBProgress (1): 42 kBProgress (1): 46 kBProgress (1): 48 kBProgress (1): 49 kBProgress (1): 52 kBProgress (1): 55 kBProgress (1): 57 kBProgress (1): 61 kBProgress (1): 62 kBProgress (1): 65 kBProgress (1): 67 kBProgress (1): 70 kBProgress (1): 73 kBProgress (1): 77 kBProgress (1): 82 kBProgress (1): 85 kB                   Downloaded from central: https://repo.maven.apache.org/maven2/io/netty/netty-parent/4.1.104.Final/netty-parent-4.1.104.Final.pom (85 kB at 1.3 MB/s)
Downloading from central: https://repo.maven.apache.org/maven2/io/netty/netty-handler/4.1.104.Final/netty-handler-4.1.104.Final.pom
Progress (1): 800 BProgress (1): 3.9 kBProgress (1): 4.6 kB                    Downloaded from central: https://repo.maven.apache.org/maven2/io/netty/netty-handler/4.1.104.Final/netty-handler-4.1.104.Final.pom (4.6 kB at 171 kB/s)
Downloading from central: https://repo.maven.apache.org/maven2/io/netty/netty-resolver/4.1.104.Final/netty-resolver-4.1.104.Final.pom
Progress (1): 885 BProgress (1): 1.6 kB                    Downloaded from central: https://repo.maven.apache.org/maven2/io/netty/netty-resolver/4.1.104.Final/netty-resolver-4.1.104.Final.pom (1.6 kB at 25 kB/s)
Downloading from central: https://repo.maven.apache.org/maven2/io/netty/netty-buffer/4.1.104.Final/netty-buffer-4.1.104.Final.pom
Progress (1): 885 BProgress (1): 1.6 kB                    Downloaded from central: https://repo.maven.apache.org/maven2/io/netty/netty-buffer/4.1.104.Final/netty-buffer-4.1.104.Final.pom (1.6 kB at 48 kB/s)
Downloading from central: https://repo.maven.apache.org/maven2/io/netty/netty-transport/4.1.104.Final/netty-transport-4.1.104.Final.pom
Progress (1): 850 BProgress (1): 2.2 kB                    Downloaded from central: https://repo.maven.apache.org/maven2/io/netty/netty-transport/4.1.104.Final/netty-transport-4.1.104.Final.pom (2.2 kB at 66 kB/s)
Downloading from central: https://repo.maven.apache.org/maven2/io/netty/netty-transport-native-unix-common/4.1.104.Final/netty-transport-native-unix-common-4.1.104.Final.pom
Progress (1): 766 BProgress (1): 2.2 kBProgress (1): 4.2 kBProgress (1): 6.8 kBProgress (1): 14 kB Progress (1): 33 kB                   Downloaded from central: https://repo.maven.apache.org/maven2/io/netty/netty-transport-native-unix-common/4.1.104.Final/netty-transport-native-unix-common-4.1.104.Final.pom (33 kB at 919 kB/s)
Downloading from central: https://repo.maven.apache.org/maven2/io/netty/netty-codec/4.1.104.Final/netty-codec-4.1.104.Final.pom
Progress (1): 807 BProgress (1): 4.5 kBProgress (1): 5.5 kB                    Downloaded from central: https://repo.maven.apache.org/maven2/io/netty/netty-codec/4.1.104.Final/netty-codec-4.1.104.Final.pom (5.5 kB at 177 kB/s)
Downloading from central: https://repo.maven.apache.org/maven2/io/projectreactor/reactor-core/3.6.1/reactor-core-3.6.1.pom
Progress (1): 1.0 kBProgress (1): 2.1 kB                    Downloaded from central: https://repo.maven.apache.org/maven2/io/projectreactor/reactor-core/3.6.1/reactor-core-3.6.1.pom (2.1 kB at 65 kB/s)
Downloading from central: https://repo.maven.apache.org/maven2/org/reactivestreams/reactive-streams/1.0.4/reactive-streams-1.0.4.pom
Progress (1): 1.1 kB                    Downloaded from central: https://repo.maven.apache.org/maven2/org/reactivestreams/reactive-streams/1.0.4/reactive-streams-1.0.4.pom (1.1 kB at 44 kB/s)
Downloading from central: https://repo.maven.apache.org/maven2/org/springframework/data/spring-data-redis/3.2.1/spring-data-redis-3.2.1.pom
Progress (1): 1.0 kBProgress (1): 4.1 kBProgress (1): 7.7 kBProgress (1): 9.7 kB                    Downloaded from central: https://repo.maven.apache.org/maven2/org/springframework/data/spring-data-redis/3.2.1/spring-data-redis-3.2.1.pom (9.7 kB at 285 kB/s)
Downloading from central: https://repo.maven.apache.org/maven2/org/springframework/data/spring-data-keyvalue/3.2.1/spring-data-keyvalue-3.2.1.pom
Progress (1): 1.5 kBProgress (1): 2.7 kB                    Downloaded from central: https://repo.maven.apache.org/maven2/org/springframework/data/spring-data-keyvalue/3.2.1/spring-data-keyvalue-3.2.1.pom (2.7 kB at 75 kB/s)
Downloading from central: https://repo.maven.apache.org/maven2/org/springframework/spring-oxm/6.1.2/spring-oxm-6.1.2.pom
Progress (1): 1.1 kBProgress (1): 2.2 kB                    Downloaded from central: https://repo.maven.apache.org/maven2/org/springframework/spring-oxm/6.1.2/spring-oxm-6.1.2.pom (2.2 kB at 77 kB/s)
Downloading from central: https://repo.maven.apache.org/maven2/org/springframework/spring-context-support/6.1.2/spring-context-support-6.1.2.pom
Progress (1): 1.1 kBProgress (1): 2.4 kB                    Downloaded from central: https://repo.maven.apache.org/maven2/org/springframework/spring-context-support/6.1.2/spring-context-support-6.1.2.pom (2.4 kB at 64 kB/s)
Downloading from central: https://repo.maven.apache.org/maven2/org/springframework/boot/spring-boot-starter-cache/3.2.1/spring-boot-starter-cache-3.2.1.pom
Progress (1): 983 BProgress (1): 2.3 kB                    Downloaded from central: https://repo.maven.apache.org/maven2/org/springframework/boot/spring-boot-starter-cache/3.2.1/spring-boot-starter-cache-3.2.1.pom (2.3 kB at 40 kB/s)
Downloading from central: https://repo.maven.apache.org/maven2/org/springframework/kafka/spring-kafka/3.1.1/spring-kafka-3.1.1.pom
Progress (1): 971 BProgress (1): 3.6 kBProgress (1): 7.4 kB                    Downloaded from central: https://repo.maven.apache.org/maven2/org/springframework/kafka/spring-kafka/3.1.1/spring-kafka-3.1.1.pom (7.4 kB at 199 kB/s)
Downloading from central: https://repo.maven.apache.org/maven2/org/springframework/spring-messaging/6.1.2/spring-messaging-6.1.2.pom
Progress (1): 1.1 kBProgress (1): 2.2 kB                    Downloaded from central: https://repo.maven.apache.org/maven2/org/springframework/spring-messaging/6.1.2/spring-messaging-6.1.2.pom (2.2 kB at 52 kB/s)
Downloading from central: https://repo.maven.apache.org/maven2/org/springframework/retry/spring-retry/2.0.5/spring-retry-2.0.5.pom
Progress (1): 803 BProgress (1): 3.0 kBProgress (1): 6.6 kBProgress (1): 8.8 kB                    Downloaded from central: https://repo.maven.apache.org/maven2/org/springframework/retry/spring-retry/2.0.5/spring-retry-2.0.5.pom (8.8 kB at 205 kB/s)
Downloading from central: https://repo.maven.apache.org/maven2/org/springframework/spring-framework-bom/6.0.15/spring-framework-bom-6.0.15.pom
Progress (1): 978 BProgress (1): 5.8 kB                    Downloaded from central: https://repo.maven.apache.org/maven2/org/springframework/spring-framework-bom/6.0.15/spring-framework-bom-6.0.15.pom (5.8 kB at 167 kB/s)
Downloading from central: https://repo.maven.apache.org/maven2/org/apache/kafka/kafka-clients/3.6.1/kafka-clients-3.6.1.pom
Progress (1): 1.0 kBProgress (1): 1.8 kB                    Downloaded from central: https://repo.maven.apache.org/maven2/org/apache/kafka/kafka-clients/3.6.1/kafka-clients-3.6.1.pom (1.8 kB at 49 kB/s)
Downloading from central: https://repo.maven.apache.org/maven2/com/github/luben/zstd-jni/1.5.5-1/zstd-jni-1.5.5-1.pom
Progress (1): 1.1 kBProgress (1): 1.9 kB                    Downloaded from central: https://repo.maven.apache.org/maven2/com/github/luben/zstd-jni/1.5.5-1/zstd-jni-1.5.5-1.pom (1.9 kB at 50 kB/s)
Downloading from central: https://repo.maven.apache.org/maven2/org/lz4/lz4-java/1.8.0/lz4-java-1.8.0.pom
Progress (1): 831 BProgress (1): 2.1 kB                    Downloaded from central: https://repo.maven.apache.org/maven2/org/lz4/lz4-java/1.8.0/lz4-java-1.8.0.pom (2.1 kB at 57 kB/s)
Downloading from central: https://repo.maven.apache.org/maven2/org/xerial/snappy/snappy-java/1.1.10.5/snappy-java-1.1.10.5.pom
Progress (1): 1.3 kBProgress (1): 3.1 kB                    Downloaded from central: https://repo.maven.apache.org/maven2/org/xerial/snappy/snappy-java/1.1.10.5/snappy-java-1.1.10.5.pom (3.1 kB at 67 kB/s)
Downloading from central: https://repo.maven.apache.org/maven2/com/google/code/findbugs/jsr305/3.0.2/jsr305-3.0.2.pom
Progress (1): 1.0 kBProgress (1): 3.7 kBProgress (1): 4.3 kB                    Downloaded from central: https://repo.maven.apache.org/maven2/com/google/code/findbugs/jsr305/3.0.2/jsr305-3.0.2.pom (4.3 kB at 65 kB/s)
Downloading from central: https://repo.maven.apache.org/maven2/org/springframework/boot/spring-boot-starter-websocket/3.2.1/spring-boot-starter-websocket-3.2.1.pom
Progress (1): 963 BProgress (1): 2.5 kB                    Downloaded from central: https://repo.maven.apache.org/maven2/org/springframework/boot/spring-boot-starter-websocket/3.2.1/spring-boot-starter-websocket-3.2.1.pom (2.5 kB at 66 kB/s)
Downloading from central: https://repo.maven.apache.org/maven2/org/springframework/spring-websocket/6.1.2/spring-websocket-6.1.2.pom
Progress (1): 1.1 kBProgress (1): 2.4 kB                    Downloaded from central: https://repo.maven.apache.org/maven2/org/springframework/spring-websocket/6.1.2/spring-websocket-6.1.2.pom (2.4 kB at 65 kB/s)
Downloading from central: https://repo.maven.apache.org/maven2/org/springframework/boot/spring-boot-starter-mail/3.2.1/spring-boot-starter-mail-3.2.1.pom
Progress (1): 965 BProgress (1): 2.5 kB                    Downloaded from central: https://repo.maven.apache.org/maven2/org/springframework/boot/spring-boot-starter-mail/3.2.1/spring-boot-starter-mail-3.2.1.pom (2.5 kB at 61 kB/s)
Downloading from central: https://repo.maven.apache.org/maven2/org/eclipse/angus/jakarta.mail/2.0.2/jakarta.mail-2.0.2.pom
Progress (1): 827 BProgress (1): 2.5 kBProgress (1): 8.2 kBProgress (1): 11 kB Progress (1): 12 kB                   Downloaded from central: https://repo.maven.apache.org/maven2/org/eclipse/angus/jakarta.mail/2.0.2/jakarta.mail-2.0.2.pom (12 kB at 336 kB/s)
Downloading from central: https://repo.maven.apache.org/maven2/org/eclipse/angus/all/2.0.2/all-2.0.2.pom
Progress (1): 800 BProgress (1): 2.6 kBProgress (1): 4.5 kBProgress (1): 9.0 kBProgress (1): 13 kB Progress (1): 17 kBProgress (1): 20 kBProgress (1): 24 kBProgress (1): 28 kBProgress (1): 30 kBProgress (1): 31 kB                   Downloaded from central: https://repo.maven.apache.org/maven2/org/eclipse/angus/all/2.0.2/all-2.0.2.pom (31 kB at 925 kB/s)
Downloading from central: https://repo.maven.apache.org/maven2/org/springframework/boot/spring-boot-starter-thymeleaf/3.2.1/spring-boot-starter-thymeleaf-3.2.1.pom
Progress (1): 971 BProgress (1): 2.3 kB                    Downloaded from central: https://repo.maven.apache.org/maven2/org/springframework/boot/spring-boot-starter-thymeleaf/3.2.1/spring-boot-starter-thymeleaf-3.2.1.pom (2.3 kB at 52 kB/s)
Downloading from central: https://repo.maven.apache.org/maven2/org/thymeleaf/thymeleaf-spring6/3.1.2.RELEASE/thymeleaf-spring6-3.1.2.RELEASE.pom
Progress (1): 972 BProgress (1): 2.7 kBProgress (1): 4.6 kB                    Downloaded from central: https://repo.maven.apache.org/maven2/org/thymeleaf/thymeleaf-spring6/3.1.2.RELEASE/thymeleaf-spring6-3.1.2.RELEASE.pom (4.6 kB at 141 kB/s)
Downloading from central: https://repo.maven.apache.org/maven2/org/thymeleaf/thymeleaf-lib/3.1.2.RELEASE/thymeleaf-lib-3.1.2.RELEASE.pom
Progress (1): 956 BProgress (1): 2.6 kBProgress (1): 4.9 kBProgress (1): 6.5 kB                    Downloaded from central: https://repo.maven.apache.org/maven2/org/thymeleaf/thymeleaf-lib/3.1.2.RELEASE/thymeleaf-lib-3.1.2.RELEASE.pom (6.5 kB at 171 kB/s)
Downloading from central: https://repo.maven.apache.org/maven2/org/thymeleaf/thymeleaf-parent/3.1.2.RELEASE/thymeleaf-parent-3.1.2.RELEASE.pom
Progress (1): 890 BProgress (1): 2.4 kBProgress (1): 4.9 kBProgress (1): 7.3 kBProgress (1): 13 kB Progress (1): 17 kBProgress (1): 20 kBProgress (1): 22 kB                   Downloaded from central: https://repo.maven.apache.org/maven2/org/thymeleaf/thymeleaf-parent/3.1.2.RELEASE/thymeleaf-parent-3.1.2.RELEASE.pom (22 kB at 516 kB/s)
Downloading from central: https://repo.maven.apache.org/maven2/org/springframework/spring-framework-bom/6.0.11/spring-framework-bom-6.0.11.pom
Progress (1): 978 BProgress (1): 5.8 kB                    Downloaded from central: https://repo.maven.apache.org/maven2/org/springframework/spring-framework-bom/6.0.11/spring-framework-bom-6.0.11.pom (5.8 kB at 114 kB/s)
Downloading from central: https://repo.maven.apache.org/maven2/io/projectreactor/reactor-bom/2022.0.9/reactor-bom-2022.0.9.pom
Progress (1): 907 BProgress (1): 4.4 kBProgress (1): 4.8 kB                    Downloaded from central: https://repo.maven.apache.org/maven2/io/projectreactor/reactor-bom/2022.0.9/reactor-bom-2022.0.9.pom (4.8 kB at 164 kB/s)
Downloading from central: https://repo.maven.apache.org/maven2/org/apache/logging/log4j/log4j-bom/2.20.0/log4j-bom-2.20.0.pom
Progress (1): 788 BProgress (1): 3.6 kBProgress (1): 9.0 kBProgress (1): 9.0 kB                    Downloaded from central: https://repo.maven.apache.org/maven2/org/apache/logging/log4j/log4j-bom/2.20.0/log4j-bom-2.20.0.pom (9.0 kB at 201 kB/s)
Downloading from central: https://repo.maven.apache.org/maven2/org/apache/logging/logging-parent/7/logging-parent-7.pom
Progress (1): 843 BProgress (1): 2.3 kBProgress (1): 3.3 kB                    Downloaded from central: https://repo.maven.apache.org/maven2/org/apache/logging/logging-parent/7/logging-parent-7.pom (3.3 kB at 91 kB/s)
Downloading from central: https://repo.maven.apache.org/maven2/org/thymeleaf/thymeleaf/3.1.2.RELEASE/thymeleaf-3.1.2.RELEASE.pom
Progress (1): 978 BProgress (1): 2.8 kBProgress (1): 4.0 kB                    Downloaded from central: https://repo.maven.apache.org/maven2/org/thymeleaf/thymeleaf/3.1.2.RELEASE/thymeleaf-3.1.2.RELEASE.pom (4.0 kB at 133 kB/s)
Downloading from central: https://repo.maven.apache.org/maven2/org/attoparser/attoparser/2.0.7.RELEASE/attoparser-2.0.7.RELEASE.pom
Progress (1): 1.5 kBProgress (1): 3.0 kBProgress (1): 5.0 kBProgress (1): 7.9 kBProgress (1): 11 kB Progress (1): 11 kB                   Downloaded from central: https://repo.maven.apache.org/maven2/org/attoparser/attoparser/2.0.7.RELEASE/attoparser-2.0.7.RELEASE.pom (11 kB at 273 kB/s)
Downloading from central: https://repo.maven.apache.org/maven2/org/unbescape/unbescape/1.1.6.RELEASE/unbescape-1.1.6.RELEASE.pom
Progress (1): 1.5 kBProgress (1): 3.0 kBProgress (1): 5.1 kBProgress (1): 8.0 kBProgress (1): 10.0 kB                     Downloaded from central: https://repo.maven.apache.org/maven2/org/unbescape/unbescape/1.1.6.RELEASE/unbescape-1.1.6.RELEASE.pom (10.0 kB at 243 kB/s)
Downloading from central: https://repo.maven.apache.org/maven2/org/springframework/boot/spring-boot-starter-log4j2/3.2.1/spring-boot-starter-log4j2-3.2.1.pom
Progress (1): 985 BProgress (1): 2.5 kB                    Downloaded from central: https://repo.maven.apache.org/maven2/org/springframework/boot/spring-boot-starter-log4j2/3.2.1/spring-boot-starter-log4j2-3.2.1.pom (2.5 kB at 58 kB/s)
Downloading from central: https://repo.maven.apache.org/maven2/org/apache/logging/log4j/log4j-slf4j2-impl/2.21.1/log4j-slf4j2-impl-2.21.1.pom
Progress (1): 824 BProgress (1): 2.7 kBProgress (1): 5.3 kB                    Downloaded from central: https://repo.maven.apache.org/maven2/org/apache/logging/log4j/log4j-slf4j2-impl/2.21.1/log4j-slf4j2-impl-2.21.1.pom (5.3 kB at 178 kB/s)
Downloading from central: https://repo.maven.apache.org/maven2/org/apache/logging/log4j/log4j-core/2.21.1/log4j-core-2.21.1.pom
Progress (1): 789 BProgress (1): 2.2 kBProgress (1): 6.4 kBProgress (1): 9.6 kBProgress (1): 11 kB                    Downloaded from central: https://repo.maven.apache.org/maven2/org/apache/logging/log4j/log4j-core/2.21.1/log4j-core-2.21.1.pom (11 kB at 11 kB/s)
Downloading from central: https://repo.maven.apache.org/maven2/org/apache/logging/log4j/log4j-jul/2.21.1/log4j-jul-2.21.1.pom
Progress (1): 818 BProgress (1): 3.0 kBProgress (1): 4.6 kB                    Downloaded from central: https://repo.maven.apache.org/maven2/org/apache/logging/log4j/log4j-jul/2.21.1/log4j-jul-2.21.1.pom (4.6 kB at 4.1 kB/s)
Downloading from central: https://repo.maven.apache.org/maven2/org/apache/logging/log4j/log4j-layout-template-json/2.21.1/log4j-layout-template-json-2.21.1.pom
Progress (1): 828 BProgress (1): 2.4 kBProgress (1): 3.4 kB                    Downloaded from central: https://repo.maven.apache.org/maven2/org/apache/logging/log4j/log4j-layout-template-json/2.21.1/log4j-layout-template-json-2.21.1.pom (3.4 kB at 98 kB/s)
Downloading from central: https://repo.maven.apache.org/maven2/io/micrometer/micrometer-tracing-bridge-otel/1.2.1/micrometer-tracing-bridge-otel-1.2.1.pom
Progress (1): 1.1 kBProgress (1): 4.7 kBProgress (1): 5.8 kB                    Downloaded from central: https://repo.maven.apache.org/maven2/io/micrometer/micrometer-tracing-bridge-otel/1.2.1/micrometer-tracing-bridge-otel-1.2.1.pom (5.8 kB at 194 kB/s)
Downloading from central: https://repo.maven.apache.org/maven2/io/micrometer/micrometer-tracing/1.2.1/micrometer-tracing-1.2.1.pom
Progress (1): 1.1 kBProgress (1): 3.8 kBProgress (1): 4.7 kB                    Downloaded from central: https://repo.maven.apache.org/maven2/io/micrometer/micrometer-tracing/1.2.1/micrometer-tracing-1.2.1.pom (4.7 kB at 148 kB/s)
Downloading from central: https://repo.maven.apache.org/maven2/io/micrometer/context-propagation/1.1.0/context-propagation-1.1.0.pom
Progress (1): 995 BProgress (1): 2.9 kBProgress (1): 3.5 kB                    Downloaded from central: https://repo.maven.apache.org/maven2/io/micrometer/context-propagation/1.1.0/context-propagation-1.1.0.pom (3.5 kB at 116 kB/s)
Downloading from central: https://repo.maven.apache.org/maven2/aopalliance/aopalliance/1.0/aopalliance-1.0.pom
Progress (1): 363 B                   Downloaded from central: https://repo.maven.apache.org/maven2/aopalliance/aopalliance/1.0/aopalliance-1.0.pom (363 B at 14 kB/s)
Downloading from central: https://repo.maven.apache.org/maven2/io/opentelemetry/opentelemetry-api/1.31.0/opentelemetry-api-1.31.0.pom
Progress (1): 1.0 kBProgress (1): 1.8 kB                    Downloaded from central: https://repo.maven.apache.org/maven2/io/opentelemetry/opentelemetry-api/1.31.0/opentelemetry-api-1.31.0.pom (1.8 kB at 59 kB/s)
Downloading from central: https://repo.maven.apache.org/maven2/io/opentelemetry/opentelemetry-context/1.31.0/opentelemetry-context-1.31.0.pom
Progress (1): 989 BProgress (1): 1.6 kB                    Downloaded from central: https://repo.maven.apache.org/maven2/io/opentelemetry/opentelemetry-context/1.31.0/opentelemetry-context-1.31.0.pom (1.6 kB at 54 kB/s)
Downloading from central: https://repo.maven.apache.org/maven2/io/opentelemetry/semconv/opentelemetry-semconv/1.21.0-alpha/opentelemetry-semconv-1.21.0-alpha.pom
Progress (1): 998 BProgress (1): 2.2 kB                    Downloaded from central: https://repo.maven.apache.org/maven2/io/opentelemetry/semconv/opentelemetry-semconv/1.21.0-alpha/opentelemetry-semconv-1.21.0-alpha.pom (2.2 kB at 41 kB/s)
Downloading from central: https://repo.maven.apache.org/maven2/io/opentelemetry/opentelemetry-bom/1.29.0/opentelemetry-bom-1.29.0.pom
Progress (1): 954 BProgress (1): 7.0 kB                    Downloaded from central: https://repo.maven.apache.org/maven2/io/opentelemetry/opentelemetry-bom/1.29.0/opentelemetry-bom-1.29.0.pom (7.0 kB at 211 kB/s)
Downloading from central: https://repo.maven.apache.org/maven2/io/opentelemetry/opentelemetry-sdk-common/1.31.0/opentelemetry-sdk-common-1.31.0.pom
Progress (1): 1.0 kBProgress (1): 1.8 kB                    Downloaded from central: https://repo.maven.apache.org/maven2/io/opentelemetry/opentelemetry-sdk-common/1.31.0/opentelemetry-sdk-common-1.31.0.pom (1.8 kB at 60 kB/s)
Downloading from central: https://repo.maven.apache.org/maven2/io/opentelemetry/opentelemetry-sdk-trace/1.31.0/opentelemetry-sdk-trace-1.31.0.pom
Progress (1): 985 BProgress (1): 2.0 kB                    Downloaded from central: https://repo.maven.apache.org/maven2/io/opentelemetry/opentelemetry-sdk-trace/1.31.0/opentelemetry-sdk-trace-1.31.0.pom (2.0 kB at 79 kB/s)
Downloading from central: https://repo.maven.apache.org/maven2/io/opentelemetry/opentelemetry-sdk/1.31.0/opentelemetry-sdk-1.31.0.pom
Progress (1): 994 BProgress (1): 2.5 kB                    Downloaded from central: https://repo.maven.apache.org/maven2/io/opentelemetry/opentelemetry-sdk/1.31.0/opentelemetry-sdk-1.31.0.pom (2.5 kB at 42 kB/s)
Downloading from central: https://repo.maven.apache.org/maven2/io/opentelemetry/opentelemetry-sdk-metrics/1.31.0/opentelemetry-sdk-metrics-1.31.0.pom
Progress (1): 997 BProgress (1): 2.2 kB                    Downloaded from central: https://repo.maven.apache.org/maven2/io/opentelemetry/opentelemetry-sdk-metrics/1.31.0/opentelemetry-sdk-metrics-1.31.0.pom (2.2 kB at 78 kB/s)
Downloading from central: https://repo.maven.apache.org/maven2/io/opentelemetry/opentelemetry-extension-incubator/1.31.0-alpha/opentelemetry-extension-incubator-1.31.0-alpha.pom
Progress (1): 991 BProgress (1): 1.8 kB                    Downloaded from central: https://repo.maven.apache.org/maven2/io/opentelemetry/opentelemetry-extension-incubator/1.31.0-alpha/opentelemetry-extension-incubator-1.31.0-alpha.pom (1.8 kB at 62 kB/s)
Downloading from central: https://repo.maven.apache.org/maven2/io/opentelemetry/opentelemetry-sdk-logs/1.31.0/opentelemetry-sdk-logs-1.31.0.pom
Progress (1): 982 BProgress (1): 2.2 kB                    Downloaded from central: https://repo.maven.apache.org/maven2/io/opentelemetry/opentelemetry-sdk-logs/1.31.0/opentelemetry-sdk-logs-1.31.0.pom (2.2 kB at 75 kB/s)
Downloading from central: https://repo.maven.apache.org/maven2/io/opentelemetry/opentelemetry-api-events/1.31.0-alpha/opentelemetry-api-events-1.31.0-alpha.pom
Progress (1): 989 BProgress (1): 1.8 kB                    Downloaded from central: https://repo.maven.apache.org/maven2/io/opentelemetry/opentelemetry-api-events/1.31.0-alpha/opentelemetry-api-events-1.31.0-alpha.pom (1.8 kB at 66 kB/s)
Downloading from central: https://repo.maven.apache.org/maven2/io/opentelemetry/instrumentation/opentelemetry-instrumentation-api-semconv/1.31.0-alpha/opentelemetry-instrumentation-api-semconv-1.31.0-alpha.pom
Progress (1): 979 BProgress (1): 3.1 kB                    Downloaded from central: https://repo.maven.apache.org/maven2/io/opentelemetry/instrumentation/opentelemetry-instrumentation-api-semconv/1.31.0-alpha/opentelemetry-instrumentation-api-semconv-1.31.0-alpha.pom (3.1 kB at 73 kB/s)
Downloading from central: https://repo.maven.apache.org/maven2/io/opentelemetry/instrumentation/opentelemetry-instrumentation-api/1.31.0/opentelemetry-instrumentation-api-1.31.0.pom
Progress (1): 1.0 kBProgress (1): 2.6 kB                    Downloaded from central: https://repo.maven.apache.org/maven2/io/opentelemetry/instrumentation/opentelemetry-instrumentation-api/1.31.0/opentelemetry-instrumentation-api-1.31.0.pom (2.6 kB at 84 kB/s)
Downloading from central: https://repo.maven.apache.org/maven2/io/opentelemetry/opentelemetry-extension-trace-propagators/1.31.0/opentelemetry-extension-trace-propagators-1.31.0.pom
Progress (1): 995 BProgress (1): 1.8 kB                    Downloaded from central: https://repo.maven.apache.org/maven2/io/opentelemetry/opentelemetry-extension-trace-propagators/1.31.0/opentelemetry-extension-trace-propagators-1.31.0.pom (1.8 kB at 59 kB/s)
Downloading from central: https://repo.maven.apache.org/maven2/io/opentelemetry/opentelemetry-exporter-otlp/1.31.0/opentelemetry-exporter-otlp-1.31.0.pom
Progress (1): 973 BProgress (1): 2.8 kB                    Downloaded from central: https://repo.maven.apache.org/maven2/io/opentelemetry/opentelemetry-exporter-otlp/1.31.0/opentelemetry-exporter-otlp-1.31.0.pom (2.8 kB at 72 kB/s)
Downloading from central: https://repo.maven.apache.org/maven2/io/opentelemetry/opentelemetry-exporter-otlp-common/1.31.0/opentelemetry-exporter-otlp-common-1.31.0.pom
Progress (1): 991 BProgress (1): 1.8 kB                    Downloaded from central: https://repo.maven.apache.org/maven2/io/opentelemetry/opentelemetry-exporter-otlp-common/1.31.0/opentelemetry-exporter-otlp-common-1.31.0.pom (1.8 kB at 57 kB/s)
Downloading from central: https://repo.maven.apache.org/maven2/io/opentelemetry/opentelemetry-exporter-common/1.31.0/opentelemetry-exporter-common-1.31.0.pom
Progress (1): 997 BProgress (1): 1.8 kB                    Downloaded from central: https://repo.maven.apache.org/maven2/io/opentelemetry/opentelemetry-exporter-common/1.31.0/opentelemetry-exporter-common-1.31.0.pom (1.8 kB at 64 kB/s)
Downloading from central: https://repo.maven.apache.org/maven2/io/opentelemetry/opentelemetry-exporter-sender-okhttp/1.31.0/opentelemetry-exporter-sender-okhttp-1.31.0.pom
Progress (1): 981 BProgress (1): 2.2 kB                    Downloaded from central: https://repo.maven.apache.org/maven2/io/opentelemetry/opentelemetry-exporter-sender-okhttp/1.31.0/opentelemetry-exporter-sender-okhttp-1.31.0.pom (2.2 kB at 71 kB/s)
Downloading from central: https://repo.maven.apache.org/maven2/com/squareup/okhttp3/okhttp/4.12.0/okhttp-4.12.0.pom
Progress (1): 947 BProgress (1): 1.8 kB                    Downloaded from central: https://repo.maven.apache.org/maven2/com/squareup/okhttp3/okhttp/4.12.0/okhttp-4.12.0.pom (1.8 kB at 67 kB/s)
Downloading from central: https://repo.maven.apache.org/maven2/com/squareup/okio/okio/3.6.0/okio-3.6.0.pom
Progress (1): 948 BProgress (1): 1.7 kB                    Downloaded from central: https://repo.maven.apache.org/maven2/com/squareup/okio/okio/3.6.0/okio-3.6.0.pom (1.7 kB at 65 kB/s)
Downloading from central: https://repo.maven.apache.org/maven2/com/squareup/okio/okio-jvm/3.6.0/okio-jvm-3.6.0.pom
Progress (1): 941 BProgress (1): 1.9 kB                    Downloaded from central: https://repo.maven.apache.org/maven2/com/squareup/okio/okio-jvm/3.6.0/okio-jvm-3.6.0.pom (1.9 kB at 63 kB/s)
Downloading from central: https://repo.maven.apache.org/maven2/org/jetbrains/kotlin/kotlin-stdlib-jdk8/1.9.21/kotlin-stdlib-jdk8-1.9.21.pom
Progress (1): 1.3 kBProgress (1): 1.6 kB                    Downloaded from central: https://repo.maven.apache.org/maven2/org/jetbrains/kotlin/kotlin-stdlib-jdk8/1.9.21/kotlin-stdlib-jdk8-1.9.21.pom (1.6 kB at 61 kB/s)
Downloading from central: https://repo.maven.apache.org/maven2/org/jetbrains/kotlin/kotlin-stdlib/1.9.21/kotlin-stdlib-1.9.21.pom
Progress (1): 966 BProgress (1): 2.8 kB                    Downloaded from central: https://repo.maven.apache.org/maven2/org/jetbrains/kotlin/kotlin-stdlib/1.9.21/kotlin-stdlib-1.9.21.pom (2.8 kB at 105 kB/s)
Downloading from central: https://repo.maven.apache.org/maven2/org/jetbrains/annotations/13.0/annotations-13.0.pom
Progress (1): 1.0 kBProgress (1): 4.5 kBProgress (1): 4.9 kB                    Downloaded from central: https://repo.maven.apache.org/maven2/org/jetbrains/annotations/13.0/annotations-13.0.pom (4.9 kB at 164 kB/s)
Downloading from central: https://repo.maven.apache.org/maven2/org/jetbrains/kotlin/kotlin-stdlib-jdk7/1.9.21/kotlin-stdlib-jdk7-1.9.21.pom
Progress (1): 1.3 kBProgress (1): 1.4 kB                    Downloaded from central: https://repo.maven.apache.org/maven2/org/jetbrains/kotlin/kotlin-stdlib-jdk7/1.9.21/kotlin-stdlib-jdk7-1.9.21.pom (1.4 kB at 51 kB/s)
Downloading from central: https://repo.maven.apache.org/maven2/org/jetbrains/kotlin/kotlin-stdlib-common/1.9.21/kotlin-stdlib-common-1.9.21.pom
Progress (1): 975 BProgress (1): 1.8 kB                    Downloaded from central: https://repo.maven.apache.org/maven2/org/jetbrains/kotlin/kotlin-stdlib-common/1.9.21/kotlin-stdlib-common-1.9.21.pom (1.8 kB at 70 kB/s)
Downloading from central: https://repo.maven.apache.org/maven2/io/opentelemetry/opentelemetry-sdk-extension-autoconfigure-spi/1.31.0/opentelemetry-sdk-extension-autoconfigure-spi-1.31.0.pom
Progress (1): 977 BProgress (1): 1.8 kB                    Downloaded from central: https://repo.maven.apache.org/maven2/io/opentelemetry/opentelemetry-sdk-extension-autoconfigure-spi/1.31.0/opentelemetry-sdk-extension-autoconfigure-spi-1.31.0.pom (1.8 kB at 68 kB/s)
Downloading from central: https://repo.maven.apache.org/maven2/org/springframework/boot/spring-boot-starter-webflux/3.2.1/spring-boot-starter-webflux-3.2.1.pom
Progress (1): 956 BProgress (1): 2.9 kB                    Downloaded from central: https://repo.maven.apache.org/maven2/org/springframework/boot/spring-boot-starter-webflux/3.2.1/spring-boot-starter-webflux-3.2.1.pom (2.9 kB at 86 kB/s)
Downloading from central: https://repo.maven.apache.org/maven2/org/springframework/boot/spring-boot-starter-reactor-netty/3.2.1/spring-boot-starter-reactor-netty-3.2.1.pom
Progress (1): 980 BProgress (1): 2.1 kB                    Downloaded from central: https://repo.maven.apache.org/maven2/org/springframework/boot/spring-boot-starter-reactor-netty/3.2.1/spring-boot-starter-reactor-netty-3.2.1.pom (2.1 kB at 79 kB/s)
Downloading from central: https://repo.maven.apache.org/maven2/io/projectreactor/netty/reactor-netty-http/1.1.14/reactor-netty-http-1.1.14.pom
Progress (1): 1.1 kBProgress (1): 4.3 kB                    Downloaded from central: https://repo.maven.apache.org/maven2/io/projectreactor/netty/reactor-netty-http/1.1.14/reactor-netty-http-1.1.14.pom (4.3 kB at 143 kB/s)
Downloading from central: https://repo.maven.apache.org/maven2/io/netty/netty-codec-http/4.1.104.Final/netty-codec-http-4.1.104.Final.pom
Progress (1): 810 BProgress (1): 4.3 kBProgress (1): 4.4 kB                    Downloaded from central: https://repo.maven.apache.org/maven2/io/netty/netty-codec-http/4.1.104.Final/netty-codec-http-4.1.104.Final.pom (4.4 kB at 168 kB/s)
Downloading from central: https://repo.maven.apache.org/maven2/io/netty/netty-codec-http2/4.1.104.Final/netty-codec-http2-4.1.104.Final.pom
Progress (1): 802 BProgress (1): 3.4 kBProgress (1): 5.2 kB                    Downloaded from central: https://repo.maven.apache.org/maven2/io/netty/netty-codec-http2/4.1.104.Final/netty-codec-http2-4.1.104.Final.pom (5.2 kB at 178 kB/s)
Downloading from central: https://repo.maven.apache.org/maven2/io/netty/netty-resolver-dns/4.1.104.Final/netty-resolver-dns-4.1.104.Final.pom
Progress (1): 810 BProgress (1): 3.4 kBProgress (1): 3.7 kB                    Downloaded from central: https://repo.maven.apache.org/maven2/io/netty/netty-resolver-dns/4.1.104.Final/netty-resolver-dns-4.1.104.Final.pom (3.7 kB at 149 kB/s)
Downloading from central: https://repo.maven.apache.org/maven2/io/netty/netty-codec-dns/4.1.104.Final/netty-codec-dns-4.1.104.Final.pom
Progress (1): 850 BProgress (1): 2.7 kB                    Downloaded from central: https://repo.maven.apache.org/maven2/io/netty/netty-codec-dns/4.1.104.Final/netty-codec-dns-4.1.104.Final.pom (2.7 kB at 93 kB/s)
Downloading from central: https://repo.maven.apache.org/maven2/io/netty/netty-resolver-dns-native-macos/4.1.104.Final/netty-resolver-dns-native-macos-4.1.104.Final.pom
Progress (1): 766 BProgress (1): 2.1 kBProgress (1): 4.4 kBProgress (1): 6.5 kBProgress (1): 17 kB Progress (1): 18 kB                   Downloaded from central: https://repo.maven.apache.org/maven2/io/netty/netty-resolver-dns-native-macos/4.1.104.Final/netty-resolver-dns-native-macos-4.1.104.Final.pom (18 kB at 245 kB/s)
Downloading from central: https://repo.maven.apache.org/maven2/io/netty/netty-resolver-dns-classes-macos/4.1.104.Final/netty-resolver-dns-classes-macos-4.1.104.Final.pom
Progress (1): 859 BProgress (1): 2.0 kB                    Downloaded from central: https://repo.maven.apache.org/maven2/io/netty/netty-resolver-dns-classes-macos/4.1.104.Final/netty-resolver-dns-classes-macos-4.1.104.Final.pom (2.0 kB at 74 kB/s)
Downloading from central: https://repo.maven.apache.org/maven2/io/netty/netty-transport-native-epoll/4.1.104.Final/netty-transport-native-epoll-4.1.104.Final.pom
Progress (1): 752 BProgress (1): 2.0 kBProgress (1): 3.4 kBProgress (1): 5.9 kBProgress (1): 8.6 kBProgress (1): 18 kB Progress (1): 26 kBProgress (1): 26 kB                   Downloaded from central: https://repo.maven.apache.org/maven2/io/netty/netty-transport-native-epoll/4.1.104.Final/netty-transport-native-epoll-4.1.104.Final.pom (26 kB at 96 kB/s)
Downloading from central: https://repo.maven.apache.org/maven2/io/netty/netty-transport-classes-epoll/4.1.104.Final/netty-transport-classes-epoll-4.1.104.Final.pom
Progress (1): 850 BProgress (1): 2.1 kB                    Downloaded from central: https://repo.maven.apache.org/maven2/io/netty/netty-transport-classes-epoll/4.1.104.Final/netty-transport-classes-epoll-4.1.104.Final.pom (2.1 kB at 79 kB/s)
Downloading from central: https://repo.maven.apache.org/maven2/io/projectreactor/netty/reactor-netty-core/1.1.14/reactor-netty-core-1.1.14.pom
Progress (1): 1.2 kBProgress (1): 3.9 kB                    Downloaded from central: https://repo.maven.apache.org/maven2/io/projectreactor/netty/reactor-netty-core/1.1.14/reactor-netty-core-1.1.14.pom (3.9 kB at 135 kB/s)
Downloading from central: https://repo.maven.apache.org/maven2/io/netty/netty-handler-proxy/4.1.104.Final/netty-handler-proxy-4.1.104.Final.pom
Progress (1): 815 BProgress (1): 3.3 kBProgress (1): 3.6 kB                    Downloaded from central: https://repo.maven.apache.org/maven2/io/netty/netty-handler-proxy/4.1.104.Final/netty-handler-proxy-4.1.104.Final.pom (3.6 kB at 104 kB/s)
Downloading from central: https://repo.maven.apache.org/maven2/io/netty/netty-codec-socks/4.1.104.Final/netty-codec-socks-4.1.104.Final.pom
Progress (1): 850 BProgress (1): 2.5 kB                    Downloaded from central: https://repo.maven.apache.org/maven2/io/netty/netty-codec-socks/4.1.104.Final/netty-codec-socks-4.1.104.Final.pom (2.5 kB at 102 kB/s)
Downloading from central: https://repo.maven.apache.org/maven2/org/springframework/spring-webflux/6.1.2/spring-webflux-6.1.2.pom
Progress (1): 1.0 kBProgress (1): 2.6 kB                    Downloaded from central: https://repo.maven.apache.org/maven2/org/springframework/spring-webflux/6.1.2/spring-webflux-6.1.2.pom (2.6 kB at 92 kB/s)
Downloading from central: https://repo.maven.apache.org/maven2/com/bucket4j/bucket4j-core/8.7.0/bucket4j-core-8.7.0.pom
Progress (1): 1.2 kBProgress (1): 2.1 kB                    Downloaded from central: https://repo.maven.apache.org/maven2/com/bucket4j/bucket4j-core/8.7.0/bucket4j-core-8.7.0.pom (2.1 kB at 72 kB/s)
Downloading from central: https://repo.maven.apache.org/maven2/org/springframework/boot/spring-boot-starter-quartz/3.2.1/spring-boot-starter-quartz-3.2.1.pom
Progress (1): 971 BProgress (1): 2.6 kB                    Downloaded from central: https://repo.maven.apache.org/maven2/org/springframework/boot/spring-boot-starter-quartz/3.2.1/spring-boot-starter-quartz-3.2.1.pom (2.6 kB at 91 kB/s)
Downloading from central: https://repo.maven.apache.org/maven2/org/quartz-scheduler/quartz/2.3.2/quartz-2.3.2.pom
Progress (1): 1.0 kBProgress (1): 3.7 kBProgress (1): 6.8 kBProgress (1): 9.0 kB                    Downloaded from central: https://repo.maven.apache.org/maven2/org/quartz-scheduler/quartz/2.3.2/quartz-2.3.2.pom (9.0 kB at 282 kB/s)
Downloading from central: https://repo.maven.apache.org/maven2/org/quartz-scheduler/quartz-parent/2.3.2/quartz-parent-2.3.2.pom
Progress (1): 939 BProgress (1): 2.8 kBProgress (1): 6.0 kBProgress (1): 9.9 kBProgress (1): 13 kB Progress (1): 15 kB                   Downloaded from central: https://repo.maven.apache.org/maven2/org/quartz-scheduler/quartz-parent/2.3.2/quartz-parent-2.3.2.pom (15 kB at 448 kB/s)
Downloading from central: https://repo.maven.apache.org/maven2/com/mchange/mchange-commons-java/0.2.15/mchange-commons-java-0.2.15.pom
Progress (1): 1.3 kBProgress (1): 3.7 kB                    Downloaded from central: https://repo.maven.apache.org/maven2/com/mchange/mchange-commons-java/0.2.15/mchange-commons-java-0.2.15.pom (3.7 kB at 133 kB/s)
Downloading from central: https://repo.maven.apache.org/maven2/org/springdoc/springdoc-openapi-starter-webmvc-ui/2.3.0/springdoc-openapi-starter-webmvc-ui-2.3.0.pom
Progress (1): 1.7 kBProgress (1): 1.8 kB                    Downloaded from central: https://repo.maven.apache.org/maven2/org/springdoc/springdoc-openapi-starter-webmvc-ui/2.3.0/springdoc-openapi-starter-webmvc-ui-2.3.0.pom (1.8 kB at 52 kB/s)
Downloading from central: https://repo.maven.apache.org/maven2/org/springdoc/springdoc-openapi/2.3.0/springdoc-openapi-2.3.0.pom
Progress (1): 1.2 kBProgress (1): 3.1 kBProgress (1): 6.8 kBProgress (1): 9.9 kBProgress (1): 10 kB                    Downloaded from central: https://repo.maven.apache.org/maven2/org/springdoc/springdoc-openapi/2.3.0/springdoc-openapi-2.3.0.pom (10 kB at 359 kB/s)
Downloading from central: https://repo.maven.apache.org/maven2/org/springframework/boot/spring-boot-starter-parent/3.2.0/spring-boot-starter-parent-3.2.0.pom
Progress (1): 1.1 kBProgress (1): 3.7 kBProgress (1): 7.6 kBProgress (1): 11 kB Progress (1): 13 kB                   Downloaded from central: https://repo.maven.apache.org/maven2/org/springframework/boot/spring-boot-starter-parent/3.2.0/spring-boot-starter-parent-3.2.0.pom (13 kB at 458 kB/s)
Downloading from central: https://repo.maven.apache.org/maven2/org/springframework/boot/spring-boot-dependencies/3.2.0/spring-boot-dependencies-3.2.0.pom
Progress (1): 988 BProgress (1): 2.8 kBProgress (1): 5.1 kBProgress (1): 7.4 kBProgress (1): 9.6 kBProgress (1): 12 kB Progress (1): 23 kBProgress (1): 31 kBProgress (1): 40 kBProgress (1): 47 kBProgress (1): 55 kBProgress (1): 68 kBProgress (1): 78 kBProgress (1): 89 kBProgress (1): 97 kBProgress (1): 97 kBProgress (1): 104 kBProgress (1): 111 kBProgress (1): 111 kB                    Downloaded from central: https://repo.maven.apache.org/maven2/org/springframework/boot/spring-boot-dependencies/3.2.0/spring-boot-dependencies-3.2.0.pom (111 kB at 3.0 MB/s)
Downloading from central: https://repo.maven.apache.org/maven2/io/dropwizard/metrics/metrics-bom/4.2.22/metrics-bom-4.2.22.pom
Progress (1): 6.3 kBProgress (1): 8.2 kB                    Downloaded from central: https://repo.maven.apache.org/maven2/io/dropwizard/metrics/metrics-bom/4.2.22/metrics-bom-4.2.22.pom (8.2 kB at 119 kB/s)
Downloading from central: https://repo.maven.apache.org/maven2/io/dropwizard/metrics/metrics-parent/4.2.22/metrics-parent-4.2.22.pom
Progress (1): 1.8 kBProgress (1): 3.7 kBProgress (1): 5.9 kBProgress (1): 9.1 kBProgress (1): 14 kB Progress (1): 18 kBProgress (1): 21 kB                   Downloaded from central: https://repo.maven.apache.org/maven2/io/dropwizard/metrics/metrics-parent/4.2.22/metrics-parent-4.2.22.pom (21 kB at 668 kB/s)
Downloading from central: https://repo.maven.apache.org/maven2/org/apache/groovy/groovy-bom/4.0.15/groovy-bom-4.0.15.pom
Progress (1): 859 BProgress (1): 3.5 kBProgress (1): 6.9 kBProgress (1): 11 kB Progress (1): 14 kBProgress (1): 18 kBProgress (1): 22 kBProgress (1): 27 kB                   Downloaded from central: https://repo.maven.apache.org/maven2/org/apache/groovy/groovy-bom/4.0.15/groovy-bom-4.0.15.pom (27 kB at 909 kB/s)
Downloading from central: https://repo.maven.apache.org/maven2/org/glassfish/jersey/jersey-bom/3.1.3/jersey-bom-3.1.3.pom
Progress (1): 842 BProgress (1): 8.5 kBProgress (1): 19 kB Progress (1): 19 kB                   Downloaded from central: https://repo.maven.apache.org/maven2/org/glassfish/jersey/jersey-bom/3.1.3/jersey-bom-3.1.3.pom (19 kB at 494 kB/s)
Downloading from central: https://repo.maven.apache.org/maven2/org/eclipse/jetty/ee10/jetty-ee10-bom/12.0.3/jetty-ee10-bom-12.0.3.pom
Progress (1): 1.1 kBProgress (1): 4.5 kBProgress (1): 9.2 kB                    Downloaded from central: https://repo.maven.apache.org/maven2/org/eclipse/jetty/ee10/jetty-ee10-bom/12.0.3/jetty-ee10-bom-12.0.3.pom (9.2 kB at 280 kB/s)
Downloading from central: https://repo.maven.apache.org/maven2/org/eclipse/jetty/jetty-bom/12.0.3/jetty-bom-12.0.3.pom
Progress (1): 1.1 kBProgress (1): 4.5 kBProgress (1): 14 kB                    Downloaded from central: https://repo.maven.apache.org/maven2/org/eclipse/jetty/jetty-bom/12.0.3/jetty-bom-12.0.3.pom (14 kB at 498 kB/s)
Downloading from central: https://repo.maven.apache.org/maven2/org/jetbrains/kotlin/kotlin-bom/1.9.20/kotlin-bom-1.9.20.pom
Progress (1): 909 BProgress (1): 5.3 kBProgress (1): 9.1 kB                    Downloaded from central: https://repo.maven.apache.org/maven2/org/jetbrains/kotlin/kotlin-bom/1.9.20/kotlin-bom-1.9.20.pom (9.1 kB at 338 kB/s)
Downloading from central: https://repo.maven.apache.org/maven2/org/jetbrains/kotlinx/kotlinx-serialization-bom/1.6.1/kotlinx-serialization-bom-1.6.1.pom
Progress (1): 1.2 kBProgress (1): 3.8 kB                    Downloaded from central: https://repo.maven.apache.org/maven2/org/jetbrains/kotlinx/kotlinx-serialization-bom/1.6.1/kotlinx-serialization-bom-1.6.1.pom (3.8 kB at 121 kB/s)
Downloading from central: https://repo.maven.apache.org/maven2/io/micrometer/micrometer-bom/1.12.0/micrometer-bom-1.12.0.pom
Progress (1): 1.1 kBProgress (1): 7.4 kBProgress (1): 8.0 kB                    Downloaded from central: https://repo.maven.apache.org/maven2/io/micrometer/micrometer-bom/1.12.0/micrometer-bom-1.12.0.pom (8.0 kB at 260 kB/s)
Downloading from central: https://repo.maven.apache.org/maven2/io/micrometer/micrometer-tracing-bom/1.2.0/micrometer-tracing-bom-1.2.0.pom
Progress (1): 1.0 kBProgress (1): 4.1 kBProgress (1): 4.7 kB                    Downloaded from central: https://repo.maven.apache.org/maven2/io/micrometer/micrometer-tracing-bom/1.2.0/micrometer-tracing-bom-1.2.0.pom (4.7 kB at 161 kB/s)
Downloading from central: https://repo.maven.apache.org/maven2/io/netty/netty-bom/4.1.101.Final/netty-bom-4.1.101.Final.pom
Progress (1): 786 BProgress (1): 2.4 kBProgress (1): 12 kB Progress (1): 13 kB                   Downloaded from central: https://repo.maven.apache.org/maven2/io/netty/netty-bom/4.1.101.Final/netty-bom-4.1.101.Final.pom (13 kB at 492 kB/s)
Downloading from central: https://repo.maven.apache.org/maven2/io/projectreactor/reactor-bom/2023.0.0/reactor-bom-2023.0.0.pom
Progress (1): 911 BProgress (1): 4.4 kBProgress (1): 4.8 kB                    Downloaded from central: https://repo.maven.apache.org/maven2/io/projectreactor/reactor-bom/2023.0.0/reactor-bom-2023.0.0.pom (4.8 kB at 170 kB/s)
Downloading from central: https://repo.maven.apache.org/maven2/org/springframework/amqp/spring-amqp-bom/3.1.0/spring-amqp-bom-3.1.0.pom
Progress (1): 963 BProgress (1): 3.4 kB                    Downloaded from central: https://repo.maven.apache.org/maven2/org/springframework/amqp/spring-amqp-bom/3.1.0/spring-amqp-bom-3.1.0.pom (3.4 kB at 113 kB/s)
Downloading from central: https://repo.maven.apache.org/maven2/org/springframework/data/spring-data-bom/2023.1.0/spring-data-bom-2023.1.0.pom
Progress (1): 961 BProgress (1): 2.5 kBProgress (1): 5.5 kB                    Downloaded from central: https://repo.maven.apache.org/maven2/org/springframework/data/spring-data-bom/2023.1.0/spring-data-bom-2023.1.0.pom (5.5 kB at 157 kB/s)
Downloading from central: https://repo.maven.apache.org/maven2/org/springframework/spring-framework-bom/6.1.1/spring-framework-bom-6.1.1.pom
Progress (1): 978 BProgress (1): 5.8 kB                    Downloaded from central: https://repo.maven.apache.org/maven2/org/springframework/spring-framework-bom/6.1.1/spring-framework-bom-6.1.1.pom (5.8 kB at 200 kB/s)
Downloading from central: https://repo.maven.apache.org/maven2/org/springframework/integration/spring-integration-bom/6.2.0/spring-integration-bom-6.2.0.pom
Progress (1): 962 BProgress (1): 7.3 kBProgress (1): 10 kB                    Downloaded from central: https://repo.maven.apache.org/maven2/org/springframework/integration/spring-integration-bom/6.2.0/spring-integration-bom-6.2.0.pom (10 kB at 209 kB/s)
Downloading from central: https://repo.maven.apache.org/maven2/org/springframework/security/spring-security-bom/6.2.0/spring-security-bom-6.2.0.pom
Progress (1): 975 BProgress (1): 5.3 kB                    Downloaded from central: https://repo.maven.apache.org/maven2/org/springframework/security/spring-security-bom/6.2.0/spring-security-bom-6.2.0.pom (5.3 kB at 137 kB/s)
Downloading from central: https://repo.maven.apache.org/maven2/org/springframework/session/spring-session-bom/3.2.0/spring-session-bom-3.2.0.pom
Progress (1): 1.0 kBProgress (1): 2.9 kB                    Downloaded from central: https://repo.maven.apache.org/maven2/org/springframework/session/spring-session-bom/3.2.0/spring-session-bom-3.2.0.pom (2.9 kB at 85 kB/s)
Downloading from central: https://repo.maven.apache.org/maven2/org/springframework/ws/spring-ws-bom/4.0.8/spring-ws-bom-4.0.8.pom
Progress (1): 1.0 kBProgress (1): 2.7 kBProgress (1): 3.5 kB                    Downloaded from central: https://repo.maven.apache.org/maven2/org/springframework/ws/spring-ws-bom/4.0.8/spring-ws-bom-4.0.8.pom (3.5 kB at 106 kB/s)
Downloading from central: https://repo.maven.apache.org/maven2/org/springdoc/springdoc-openapi-starter-webmvc-api/2.3.0/springdoc-openapi-starter-webmvc-api-2.3.0.pom
Progress (1): 1.6 kBProgress (1): 1.8 kB                    Downloaded from central: https://repo.maven.apache.org/maven2/org/springdoc/springdoc-openapi-starter-webmvc-api/2.3.0/springdoc-openapi-starter-webmvc-api-2.3.0.pom (1.8 kB at 61 kB/s)
Downloading from central: https://repo.maven.apache.org/maven2/org/springdoc/springdoc-openapi-starter-common/2.3.0/springdoc-openapi-starter-common-2.3.0.pom
Progress (1): 1.8 kBProgress (1): 4.3 kBProgress (1): 4.5 kB                    Downloaded from central: https://repo.maven.apache.org/maven2/org/springdoc/springdoc-openapi-starter-common/2.3.0/springdoc-openapi-starter-common-2.3.0.pom (4.5 kB at 150 kB/s)
Downloading from central: https://repo.maven.apache.org/maven2/io/swagger/core/v3/swagger-core-jakarta/2.2.19/swagger-core-jakarta-2.2.19.pom
Progress (1): 2.4 kBProgress (1): 3.0 kB                    Downloaded from central: https://repo.maven.apache.org/maven2/io/swagger/core/v3/swagger-core-jakarta/2.2.19/swagger-core-jakarta-2.2.19.pom (3.0 kB at 84 kB/s)
Downloading from central: https://repo.maven.apache.org/maven2/io/swagger/core/v3/swagger-project-jakarta/2.2.19/swagger-project-jakarta-2.2.19.pom
Progress (1): 1.3 kBProgress (1): 3.4 kBProgress (1): 7.1 kBProgress (1): 10 kB Progress (1): 16 kBProgress (1): 22 kBProgress (1): 26 kBProgress (1): 27 kB                   Downloaded from central: https://repo.maven.apache.org/maven2/io/swagger/core/v3/swagger-project-jakarta/2.2.19/swagger-project-jakarta-2.2.19.pom (27 kB at 958 kB/s)
Downloading from central: https://repo.maven.apache.org/maven2/org/apache/commons/commons-lang3/3.13.0/commons-lang3-3.13.0.pom
Progress (1): 728 BProgress (1): 2.0 kBProgress (1): 4.7 kBProgress (1): 8.3 kBProgress (1): 12 kB Progress (1): 15 kBProgress (1): 16 kBProgress (1): 18 kBProgress (1): 21 kBProgress (1): 24 kBProgress (1): 27 kBProgress (1): 30 kBProgress (1): 31 kB                   Downloaded from central: https://repo.maven.apache.org/maven2/org/apache/commons/commons-lang3/3.13.0/commons-lang3-3.13.0.pom (31 kB at 968 kB/s)
Downloading from central: https://repo.maven.apache.org/maven2/org/apache/commons/commons-parent/58/commons-parent-58.pom
Progress (1): 704 BProgress (1): 1.9 kBProgress (1): 3.1 kBProgress (1): 4.5 kBProgress (1): 6.5 kBProgress (1): 8.3 kBProgress (1): 10 kB Progress (1): 12 kBProgress (1): 15 kBProgress (1): 18 kBProgress (1): 20 kBProgress (1): 23 kBProgress (1): 26 kBProgress (1): 29 kBProgress (1): 33 kBProgress (1): 33 kBProgress (1): 36 kBProgress (1): 41 kBProgress (1): 44 kBProgress (1): 47 kBProgress (1): 49 kBProgress (1): 51 kBProgress (1): 55 kBProgress (1): 58 kBProgress (1): 61 kBProgress (1): 64 kBProgress (1): 67 kBProgress (1): 72 kBProgress (1): 76 kBProgress (1): 80 kBProgress (1): 83 kB                   Downloaded from central: https://repo.maven.apache.org/maven2/org/apache/commons/commons-parent/58/commons-parent-58.pom (83 kB at 2.4 MB/s)
Downloading from central: https://repo.maven.apache.org/maven2/io/swagger/core/v3/swagger-annotations-jakarta/2.2.19/swagger-annotations-jakarta-2.2.19.pom
Progress (1): 709 B                   Downloaded from central: https://repo.maven.apache.org/maven2/io/swagger/core/v3/swagger-annotations-jakarta/2.2.19/swagger-annotations-jakarta-2.2.19.pom (709 B at 26 kB/s)
Downloading from central: https://repo.maven.apache.org/maven2/io/swagger/core/v3/swagger-models-jakarta/2.2.19/swagger-models-jakarta-2.2.19.pom
Progress (1): 857 B                   Downloaded from central: https://repo.maven.apache.org/maven2/io/swagger/core/v3/swagger-models-jakarta/2.2.19/swagger-models-jakarta-2.2.19.pom (857 B at 31 kB/s)
Downloading from central: https://repo.maven.apache.org/maven2/com/fasterxml/jackson/dataformat/jackson-dataformat-yaml/2.15.3/jackson-dataformat-yaml-2.15.3.pom
Progress (1): 968 BProgress (1): 2.5 kBProgress (1): 2.6 kB                    Downloaded from central: https://repo.maven.apache.org/maven2/com/fasterxml/jackson/dataformat/jackson-dataformat-yaml/2.15.3/jackson-dataformat-yaml-2.15.3.pom (2.6 kB at 91 kB/s)
Downloading from central: https://repo.maven.apache.org/maven2/org/webjars/swagger-ui/5.10.3/swagger-ui-5.10.3.pom
Progress (1): 1.1 kBProgress (1): 3.8 kBProgress (1): 6.2 kB                    Downloaded from central: https://repo.maven.apache.org/maven2/org/webjars/swagger-ui/5.10.3/swagger-ui-5.10.3.pom (6.2 kB at 198 kB/s)
Downloading from central: https://repo.maven.apache.org/maven2/org/projectlombok/lombok/1.18.30/lombok-1.18.30.pom
Progress (1): 1.1 kBProgress (1): 1.5 kB                    Downloaded from central: https://repo.maven.apache.org/maven2/org/projectlombok/lombok/1.18.30/lombok-1.18.30.pom (1.5 kB at 48 kB/s)
Downloading from central: https://repo.maven.apache.org/maven2/org/mapstruct/mapstruct/1.5.5.Final/mapstruct-1.5.5.Final.pom
Progress (1): 1.1 kBProgress (1): 1.8 kB                    Downloaded from central: https://repo.maven.apache.org/maven2/org/mapstruct/mapstruct/1.5.5.Final/mapstruct-1.5.5.Final.pom (1.8 kB at 57 kB/s)
Downloading from central: https://repo.maven.apache.org/maven2/org/mapstruct/mapstruct-parent/1.5.5.Final/mapstruct-parent-1.5.5.Final.pom
Progress (1): 1.1 kBProgress (1): 1.6 kB                    Downloaded from central: https://repo.maven.apache.org/maven2/org/mapstruct/mapstruct-parent/1.5.5.Final/mapstruct-parent-1.5.5.Final.pom (1.6 kB at 57 kB/s)
Downloading from central: https://repo.maven.apache.org/maven2/com/fasterxml/jackson/dataformat/jackson-dataformat-xml/2.15.3/jackson-dataformat-xml-2.15.3.pom
Progress (1): 986 BProgress (1): 2.6 kBProgress (1): 4.3 kBProgress (1): 6.5 kBProgress (1): 7.3 kB                    Downloaded from central: https://repo.maven.apache.org/maven2/com/fasterxml/jackson/dataformat/jackson-dataformat-xml/2.15.3/jackson-dataformat-xml-2.15.3.pom (7.3 kB at 69 kB/s)
Downloading from central: https://repo.maven.apache.org/maven2/org/codehaus/woodstox/stax2-api/4.2.1/stax2-api-4.2.1.pom
Progress (1): 966 BProgress (1): 2.7 kBProgress (1): 4.5 kBProgress (1): 6.3 kB                    Downloaded from central: https://repo.maven.apache.org/maven2/org/codehaus/woodstox/stax2-api/4.2.1/stax2-api-4.2.1.pom (6.3 kB at 165 kB/s)
Downloading from central: https://repo.maven.apache.org/maven2/com/fasterxml/oss-parent/38/oss-parent-38.pom
Progress (1): 949 BProgress (1): 2.6 kBProgress (1): 4.0 kBProgress (1): 5.9 kBProgress (1): 9.2 kBProgress (1): 12 kB Progress (1): 14 kBProgress (1): 18 kBProgress (1): 21 kBProgress (1): 23 kB                   Downloaded from central: https://repo.maven.apache.org/maven2/com/fasterxml/oss-parent/38/oss-parent-38.pom (23 kB at 720 kB/s)
Downloading from central: https://repo.maven.apache.org/maven2/com/fasterxml/woodstox/woodstox-core/6.5.1/woodstox-core-6.5.1.pom
Progress (1): 996 BProgress (1): 3.1 kBProgress (1): 6.5 kBProgress (1): 9.2 kBProgress (1): 9.6 kB                    Downloaded from central: https://repo.maven.apache.org/maven2/com/fasterxml/woodstox/woodstox-core/6.5.1/woodstox-core-6.5.1.pom (9.6 kB at 218 kB/s)
Downloading from central: https://repo.maven.apache.org/maven2/org/opensearch/client/opensearch-rest-high-level-client/2.11.0/opensearch-rest-high-level-client-2.11.0.pom
Progress (1): 1.1 kBProgress (1): 2.8 kB                    Downloaded from central: https://repo.maven.apache.org/maven2/org/opensearch/client/opensearch-rest-high-level-client/2.11.0/opensearch-rest-high-level-client-2.11.0.pom (2.8 kB at 81 kB/s)
Downloading from central: https://repo.maven.apache.org/maven2/org/opensearch/opensearch/2.11.0/opensearch-2.11.0.pom
Progress (1): 1.1 kBProgress (1): 11 kB Progress (1): 12 kB                   Downloaded from central: https://repo.maven.apache.org/maven2/org/opensearch/opensearch/2.11.0/opensearch-2.11.0.pom (12 kB at 253 kB/s)
Downloading from central: https://repo.maven.apache.org/maven2/org/opensearch/opensearch-common/2.11.0/opensearch-common-2.11.0.pom
Progress (1): 1.0 kBProgress (1): 1.4 kB                    Downloaded from central: https://repo.maven.apache.org/maven2/org/opensearch/opensearch-common/2.11.0/opensearch-common-2.11.0.pom (1.4 kB at 45 kB/s)
Downloading from central: https://repo.maven.apache.org/maven2/org/opensearch/opensearch-core/2.11.0/opensearch-core-2.11.0.pom
Progress (1): 1.1 kBProgress (1): 2.7 kB                    Downloaded from central: https://repo.maven.apache.org/maven2/org/opensearch/opensearch-core/2.11.0/opensearch-core-2.11.0.pom (2.7 kB at 83 kB/s)
Downloading from central: https://repo.maven.apache.org/maven2/org/apache/lucene/lucene-core/9.7.0/lucene-core-9.7.0.pom
Progress (1): 1.7 kBProgress (1): 2.1 kB                    Downloaded from central: https://repo.maven.apache.org/maven2/org/apache/lucene/lucene-core/9.7.0/lucene-core-9.7.0.pom (2.1 kB at 77 kB/s)
Downloading from central: https://repo.maven.apache.org/maven2/org/opensearch/opensearch-compress/2.11.0/opensearch-compress-2.11.0.pom
Progress (1): 1.3 kBProgress (1): 2.2 kB                    Downloaded from central: https://repo.maven.apache.org/maven2/org/opensearch/opensearch-compress/2.11.0/opensearch-compress-2.11.0.pom (2.2 kB at 62 kB/s)
Downloading from central: https://repo.maven.apache.org/maven2/com/github/luben/zstd-jni/1.5.5-5/zstd-jni-1.5.5-5.pom
Progress (1): 1.1 kBProgress (1): 1.9 kB                    Downloaded from central: https://repo.maven.apache.org/maven2/com/github/luben/zstd-jni/1.5.5-5/zstd-jni-1.5.5-5.pom (1.9 kB at 66 kB/s)
Downloading from central: https://repo.maven.apache.org/maven2/org/opensearch/opensearch-secure-sm/2.11.0/opensearch-secure-sm-2.11.0.pom
Progress (1): 1.0 kBProgress (1): 1.4 kB                    Downloaded from central: https://repo.maven.apache.org/maven2/org/opensearch/opensearch-secure-sm/2.11.0/opensearch-secure-sm-2.11.0.pom (1.4 kB at 47 kB/s)
Downloading from central: https://repo.maven.apache.org/maven2/org/opensearch/opensearch-x-content/2.11.0/opensearch-x-content-2.11.0.pom
Progress (1): 1.3 kBProgress (1): 3.6 kB                    Downloaded from central: https://repo.maven.apache.org/maven2/org/opensearch/opensearch-x-content/2.11.0/opensearch-x-content-2.11.0.pom (3.6 kB at 112 kB/s)
Downloading from central: https://repo.maven.apache.org/maven2/com/fasterxml/jackson/dataformat/jackson-dataformat-smile/2.15.3/jackson-dataformat-smile-2.15.3.pom
Progress (1): 966 BProgress (1): 2.5 kBProgress (1): 3.4 kB                    Downloaded from central: https://repo.maven.apache.org/maven2/com/fasterxml/jackson/dataformat/jackson-dataformat-smile/2.15.3/jackson-dataformat-smile-2.15.3.pom (3.4 kB at 130 kB/s)
Downloading from central: https://repo.maven.apache.org/maven2/com/fasterxml/jackson/dataformat/jackson-dataformats-binary/2.15.3/jackson-dataformats-binary-2.15.3.pom
Progress (1): 1.2 kBProgress (1): 2.7 kBProgress (1): 3.8 kB                    Downloaded from central: https://repo.maven.apache.org/maven2/com/fasterxml/jackson/dataformat/jackson-dataformats-binary/2.15.3/jackson-dataformats-binary-2.15.3.pom (3.8 kB at 112 kB/s)
Downloading from central: https://repo.maven.apache.org/maven2/com/fasterxml/jackson/dataformat/jackson-dataformat-cbor/2.15.3/jackson-dataformat-cbor-2.15.3.pom
Progress (1): 952 BProgress (1): 2.4 kBProgress (1): 3.1 kB                    Downloaded from central: https://repo.maven.apache.org/maven2/com/fasterxml/jackson/dataformat/jackson-dataformat-cbor/2.15.3/jackson-dataformat-cbor-2.15.3.pom (3.1 kB at 99 kB/s)
Downloading from central: https://repo.maven.apache.org/maven2/org/opensearch/opensearch-geo/2.11.0/opensearch-geo-2.11.0.pom
Progress (1): 1.0 kBProgress (1): 1.4 kB                    Downloaded from central: https://repo.maven.apache.org/maven2/org/opensearch/opensearch-geo/2.11.0/opensearch-geo-2.11.0.pom (1.4 kB at 46 kB/s)
Downloading from central: https://repo.maven.apache.org/maven2/org/opensearch/opensearch-telemetry/2.11.0/opensearch-telemetry-2.11.0.pom
Progress (1): 1.1 kBProgress (1): 1.7 kB                    Downloaded from central: https://repo.maven.apache.org/maven2/org/opensearch/opensearch-telemetry/2.11.0/opensearch-telemetry-2.11.0.pom (1.7 kB at 57 kB/s)
Downloading from central: https://repo.maven.apache.org/maven2/org/apache/lucene/lucene-analysis-common/9.7.0/lucene-analysis-common-9.7.0.pom
Progress (1): 1.7 kBProgress (1): 2.4 kB                    Downloaded from central: https://repo.maven.apache.org/maven2/org/apache/lucene/lucene-analysis-common/9.7.0/lucene-analysis-common-9.7.0.pom (2.4 kB at 74 kB/s)
Downloading from central: https://repo.maven.apache.org/maven2/org/apache/lucene/lucene-backward-codecs/9.7.0/lucene-backward-codecs-9.7.0.pom
Progress (1): 1.7 kBProgress (1): 2.4 kB                    Downloaded from central: https://repo.maven.apache.org/maven2/org/apache/lucene/lucene-backward-codecs/9.7.0/lucene-backward-codecs-9.7.0.pom (2.4 kB at 77 kB/s)
Downloading from central: https://repo.maven.apache.org/maven2/org/apache/lucene/lucene-grouping/9.7.0/lucene-grouping-9.7.0.pom
Progress (1): 1.7 kBProgress (1): 2.6 kB                    Downloaded from central: https://repo.maven.apache.org/maven2/org/apache/lucene/lucene-grouping/9.7.0/lucene-grouping-9.7.0.pom (2.6 kB at 99 kB/s)
Downloading from central: https://repo.maven.apache.org/maven2/org/apache/lucene/lucene-highlighter/9.7.0/lucene-highlighter-9.7.0.pom
Progress (1): 1.7 kBProgress (1): 2.8 kB                    Downloaded from central: https://repo.maven.apache.org/maven2/org/apache/lucene/lucene-highlighter/9.7.0/lucene-highlighter-9.7.0.pom (2.8 kB at 86 kB/s)
Downloading from central: https://repo.maven.apache.org/maven2/org/apache/lucene/lucene-join/9.7.0/lucene-join-9.7.0.pom
Progress (1): 1.7 kBProgress (1): 2.4 kB                    Downloaded from central: https://repo.maven.apache.org/maven2/org/apache/lucene/lucene-join/9.7.0/lucene-join-9.7.0.pom (2.4 kB at 79 kB/s)
Downloading from central: https://repo.maven.apache.org/maven2/org/apache/lucene/lucene-memory/9.7.0/lucene-memory-9.7.0.pom
Progress (1): 1.7 kBProgress (1): 2.4 kB                    Downloaded from central: https://repo.maven.apache.org/maven2/org/apache/lucene/lucene-memory/9.7.0/lucene-memory-9.7.0.pom (2.4 kB at 82 kB/s)
Downloading from central: https://repo.maven.apache.org/maven2/org/apache/lucene/lucene-misc/9.7.0/lucene-misc-9.7.0.pom
Progress (1): 1.7 kBProgress (1): 2.4 kB                    Downloaded from central: https://repo.maven.apache.org/maven2/org/apache/lucene/lucene-misc/9.7.0/lucene-misc-9.7.0.pom (2.4 kB at 72 kB/s)
Downloading from central: https://repo.maven.apache.org/maven2/org/apache/lucene/lucene-queries/9.7.0/lucene-queries-9.7.0.pom
Progress (1): 1.7 kBProgress (1): 2.4 kB                    Downloaded from central: https://repo.maven.apache.org/maven2/org/apache/lucene/lucene-queries/9.7.0/lucene-queries-9.7.0.pom (2.4 kB at 82 kB/s)
Downloading from central: https://repo.maven.apache.org/maven2/org/apache/lucene/lucene-queryparser/9.7.0/lucene-queryparser-9.7.0.pom
Progress (1): 1.7 kBProgress (1): 2.8 kB                    Downloaded from central: https://repo.maven.apache.org/maven2/org/apache/lucene/lucene-queryparser/9.7.0/lucene-queryparser-9.7.0.pom (2.8 kB at 102 kB/s)
Downloading from central: https://repo.maven.apache.org/maven2/org/apache/lucene/lucene-sandbox/9.7.0/lucene-sandbox-9.7.0.pom
Progress (1): 1.7 kBProgress (1): 2.6 kB                    Downloaded from central: https://repo.maven.apache.org/maven2/org/apache/lucene/lucene-sandbox/9.7.0/lucene-sandbox-9.7.0.pom (2.6 kB at 83 kB/s)
Downloading from central: https://repo.maven.apache.org/maven2/org/apache/lucene/lucene-spatial-extras/9.7.0/lucene-spatial-extras-9.7.0.pom
Progress (1): 1.7 kBProgress (1): 3.0 kB                    Downloaded from central: https://repo.maven.apache.org/maven2/org/apache/lucene/lucene-spatial-extras/9.7.0/lucene-spatial-extras-9.7.0.pom (3.0 kB at 105 kB/s)
Downloading from central: https://repo.maven.apache.org/maven2/org/apache/lucene/lucene-spatial3d/9.7.0/lucene-spatial3d-9.7.0.pom
Progress (1): 1.7 kBProgress (1): 2.4 kB                    Downloaded from central: https://repo.maven.apache.org/maven2/org/apache/lucene/lucene-spatial3d/9.7.0/lucene-spatial3d-9.7.0.pom (2.4 kB at 82 kB/s)
Downloading from central: https://repo.maven.apache.org/maven2/org/apache/lucene/lucene-suggest/9.7.0/lucene-suggest-9.7.0.pom
Progress (1): 1.7 kBProgress (1): 2.6 kB                    Downloaded from central: https://repo.maven.apache.org/maven2/org/apache/lucene/lucene-suggest/9.7.0/lucene-suggest-9.7.0.pom (2.6 kB at 86 kB/s)
Downloading from central: https://repo.maven.apache.org/maven2/org/opensearch/opensearch-cli/2.11.0/opensearch-cli-2.11.0.pom
Progress (1): 1.1 kBProgress (1): 2.0 kB                    Downloaded from central: https://repo.maven.apache.org/maven2/org/opensearch/opensearch-cli/2.11.0/opensearch-cli-2.11.0.pom (2.0 kB at 68 kB/s)
Downloading from central: https://repo.maven.apache.org/maven2/net/sf/jopt-simple/jopt-simple/5.0.4/jopt-simple-5.0.4.pom
Progress (1): 1.2 kBProgress (1): 4.2 kBProgress (1): 8.2 kBProgress (1): 12 kB Progress (1): 14 kB                   Downloaded from central: https://repo.maven.apache.org/maven2/net/sf/jopt-simple/jopt-simple/5.0.4/jopt-simple-5.0.4.pom (14 kB at 466 kB/s)
Downloading from central: https://repo.maven.apache.org/maven2/joda-time/joda-time/2.12.2/joda-time-2.12.2.pom
Progress (1): 888 BProgress (1): 3.8 kBProgress (1): 7.3 kBProgress (1): 11 kB Progress (1): 13 kBProgress (1): 15 kBProgress (1): 19 kBProgress (1): 25 kBProgress (1): 29 kBProgress (1): 31 kBProgress (1): 34 kBProgress (1): 38 kBProgress (1): 40 kB                   Downloaded from central: https://repo.maven.apache.org/maven2/joda-time/joda-time/2.12.2/joda-time-2.12.2.pom (40 kB at 1.2 MB/s)
Downloading from central: https://repo.maven.apache.org/maven2/com/tdunning/t-digest/3.2/t-digest-3.2.pom
Progress (1): 779 BProgress (1): 2.4 kBProgress (1): 5.2 kBProgress (1): 8.3 kBProgress (1): 9.9 kB                    Downloaded from central: https://repo.maven.apache.org/maven2/com/tdunning/t-digest/3.2/t-digest-3.2.pom (9.9 kB at 282 kB/s)
Downloading from central: https://repo.maven.apache.org/maven2/net/java/dev/jna/jna/5.13.0/jna-5.13.0.pom
Progress (1): 1.4 kBProgress (1): 2.0 kB                    Downloaded from central: https://repo.maven.apache.org/maven2/net/java/dev/jna/jna/5.13.0/jna-5.13.0.pom (2.0 kB at 78 kB/s)
Downloading from central: https://repo.maven.apache.org/maven2/com/jcraft/jzlib/1.1.3/jzlib-1.1.3.pom
Progress (1): 1.2 kBProgress (1): 3.1 kB                    Downloaded from central: https://repo.maven.apache.org/maven2/com/jcraft/jzlib/1.1.3/jzlib-1.1.3.pom (3.1 kB at 104 kB/s)
Downloading from central: https://repo.maven.apache.org/maven2/org/sonatype/oss/oss-parent/6/oss-parent-6.pom
Progress (1): 845 BProgress (1): 2.5 kBProgress (1): 4.8 kB                    Downloaded from central: https://repo.maven.apache.org/maven2/org/sonatype/oss/oss-parent/6/oss-parent-6.pom (4.8 kB at 156 kB/s)
Downloading from central: https://repo.maven.apache.org/maven2/com/google/protobuf/protobuf-java/3.22.3/protobuf-java-3.22.3.pom
Progress (1): 1.1 kBProgress (1): 1.6 kB                    Downloaded from central: https://repo.maven.apache.org/maven2/com/google/protobuf/protobuf-java/3.22.3/protobuf-java-3.22.3.pom (1.6 kB at 58 kB/s)
Downloading from central: https://repo.maven.apache.org/maven2/com/google/protobuf/protobuf-parent/3.22.3/protobuf-parent-3.22.3.pom
Progress (1): 973 BProgress (1): 2.9 kBProgress (1): 6.3 kBProgress (1): 9.0 kB                    Downloaded from central: https://repo.maven.apache.org/maven2/com/google/protobuf/protobuf-parent/3.22.3/protobuf-parent-3.22.3.pom (9.0 kB at 301 kB/s)
Downloading from central: https://repo.maven.apache.org/maven2/com/google/protobuf/protobuf-bom/3.22.3/protobuf-bom-3.22.3.pom
Progress (1): 1.1 kBProgress (1): 3.0 kBProgress (1): 3.5 kB                    Downloaded from central: https://repo.maven.apache.org/maven2/com/google/protobuf/protobuf-bom/3.22.3/protobuf-bom-3.22.3.pom (3.5 kB at 122 kB/s)
Downloading from central: https://repo.maven.apache.org/maven2/org/opensearch/client/opensearch-rest-client/2.11.0/opensearch-rest-client-2.11.0.pom
Progress (1): 1.0 kBProgress (1): 3.5 kB                    Downloaded from central: https://repo.maven.apache.org/maven2/org/opensearch/client/opensearch-rest-client/2.11.0/opensearch-rest-client-2.11.0.pom (3.5 kB at 112 kB/s)
Downloading from central: https://repo.maven.apache.org/maven2/org/apache/httpcomponents/httpclient/4.5.14/httpclient-4.5.14.pom
Progress (1): 855 BProgress (1): 2.8 kBProgress (1): 5.0 kBProgress (1): 6.6 kB                    Downloaded from central: https://repo.maven.apache.org/maven2/org/apache/httpcomponents/httpclient/4.5.14/httpclient-4.5.14.pom (6.6 kB at 207 kB/s)
Downloading from central: https://repo.maven.apache.org/maven2/org/apache/httpcomponents/httpcomponents-client/4.5.14/httpcomponents-client-4.5.14.pom
Progress (1): 837 BProgress (1): 2.3 kBProgress (1): 4.5 kBProgress (1): 8.6 kBProgress (1): 11 kB Progress (1): 14 kBProgress (1): 15 kB                   Downloaded from central: https://repo.maven.apache.org/maven2/org/apache/httpcomponents/httpcomponents-client/4.5.14/httpcomponents-client-4.5.14.pom (15 kB at 477 kB/s)
Downloading from central: https://repo.maven.apache.org/maven2/org/apache/httpcomponents/httpcomponents-parent/11/httpcomponents-parent-11.pom
Progress (1): 798 BProgress (1): 2.2 kBProgress (1): 3.7 kBProgress (1): 5.3 kBProgress (1): 6.5 kBProgress (1): 8.7 kBProgress (1): 12 kB Progress (1): 15 kBProgress (1): 18 kBProgress (1): 23 kBProgress (1): 26 kBProgress (1): 27 kBProgress (1): 31 kBProgress (1): 34 kBProgress (1): 35 kB                   Downloaded from central: https://repo.maven.apache.org/maven2/org/apache/httpcomponents/httpcomponents-parent/11/httpcomponents-parent-11.pom (35 kB at 1.2 MB/s)
Downloading from central: https://repo.maven.apache.org/maven2/org/apache/httpcomponents/httpcore/4.4.16/httpcore-4.4.16.pom
Progress (1): 869 BProgress (1): 2.5 kBProgress (1): 4.7 kBProgress (1): 5.0 kB                    Downloaded from central: https://repo.maven.apache.org/maven2/org/apache/httpcomponents/httpcore/4.4.16/httpcore-4.4.16.pom (5.0 kB at 166 kB/s)
Downloading from central: https://repo.maven.apache.org/maven2/org/apache/httpcomponents/httpcomponents-core/4.4.16/httpcomponents-core-4.4.16.pom
Progress (1): 846 BProgress (1): 2.3 kBProgress (1): 4.2 kBProgress (1): 7.2 kBProgress (1): 9.7 kBProgress (1): 12 kB                    Downloaded from central: https://repo.maven.apache.org/maven2/org/apache/httpcomponents/httpcomponents-core/4.4.16/httpcomponents-core-4.4.16.pom (12 kB at 427 kB/s)
Downloading from central: https://repo.maven.apache.org/maven2/org/apache/httpcomponents/httpasyncclient/4.1.5/httpasyncclient-4.1.5.pom
Progress (1): 865 BProgress (1): 3.1 kBProgress (1): 5.1 kBProgress (1): 5.9 kB                    Downloaded from central: https://repo.maven.apache.org/maven2/org/apache/httpcomponents/httpasyncclient/4.1.5/httpasyncclient-4.1.5.pom (5.9 kB at 179 kB/s)
Downloading from central: https://repo.maven.apache.org/maven2/org/apache/httpcomponents/httpcomponents-asyncclient/4.1.5/httpcomponents-asyncclient-4.1.5.pom
Progress (1): 849 BProgress (1): 2.4 kBProgress (1): 5.9 kBProgress (1): 8.4 kBProgress (1): 10 kB                    Downloaded from central: https://repo.maven.apache.org/maven2/org/apache/httpcomponents/httpcomponents-asyncclient/4.1.5/httpcomponents-asyncclient-4.1.5.pom (10 kB at 365 kB/s)
Downloading from central: https://repo.maven.apache.org/maven2/org/apache/httpcomponents/httpcore-nio/4.4.16/httpcore-nio-4.4.16.pom
Progress (1): 866 BProgress (1): 2.7 kBProgress (1): 4.8 kBProgress (1): 5.5 kB                    Downloaded from central: https://repo.maven.apache.org/maven2/org/apache/httpcomponents/httpcore-nio/4.4.16/httpcore-nio-4.4.16.pom (5.5 kB at 190 kB/s)
Downloading from central: https://repo.maven.apache.org/maven2/commons-codec/commons-codec/1.16.0/commons-codec-1.16.0.pom
Progress (1): 742 BProgress (1): 1.9 kBProgress (1): 3.8 kBProgress (1): 6.2 kBProgress (1): 8.5 kBProgress (1): 11 kB Progress (1): 13 kBProgress (1): 16 kB                   Downloaded from central: https://repo.maven.apache.org/maven2/commons-codec/commons-codec/1.16.0/commons-codec-1.16.0.pom (16 kB at 533 kB/s)
Downloading from central: https://repo.maven.apache.org/maven2/commons-logging/commons-logging/1.2/commons-logging-1.2.pom
Progress (1): 770 BProgress (1): 2.0 kBProgress (1): 5.3 kBProgress (1): 7.3 kBProgress (1): 11 kB Progress (1): 14 kBProgress (1): 17 kBProgress (1): 19 kBProgress (1): 19 kB                   Downloaded from central: https://repo.maven.apache.org/maven2/commons-logging/commons-logging/1.2/commons-logging-1.2.pom (19 kB at 662 kB/s)
Downloading from central: https://repo.maven.apache.org/maven2/org/apache/commons/commons-parent/34/commons-parent-34.pom
Progress (1): 715 BProgress (1): 1.9 kBProgress (1): 3.2 kBProgress (1): 4.7 kBProgress (1): 8.3 kBProgress (1): 12 kB Progress (1): 16 kBProgress (1): 19 kBProgress (1): 21 kBProgress (1): 24 kBProgress (1): 27 kBProgress (1): 30 kBProgress (1): 33 kBProgress (1): 37 kBProgress (1): 43 kBProgress (1): 43 kBProgress (1): 45 kBProgress (1): 48 kBProgress (1): 51 kBProgress (1): 53 kBProgress (1): 55 kBProgress (1): 56 kB                   Downloaded from central: https://repo.maven.apache.org/maven2/org/apache/commons/commons-parent/34/commons-parent-34.pom (56 kB at 1.6 MB/s)
Downloading from central: https://repo.maven.apache.org/maven2/org/apache/apache/13/apache-13.pom
Progress (1): 749 BProgress (1): 2.1 kBProgress (1): 4.1 kBProgress (1): 8.9 kBProgress (1): 11 kB Progress (1): 14 kB                   Downloaded from central: https://repo.maven.apache.org/maven2/org/apache/apache/13/apache-13.pom (14 kB at 437 kB/s)
Downloading from central: https://repo.maven.apache.org/maven2/org/opensearch/plugin/mapper-extras-client/2.11.0/mapper-extras-client-2.11.0.pom
Progress (1): 997 BProgress (1): 1.4 kB                    Downloaded from central: https://repo.maven.apache.org/maven2/org/opensearch/plugin/mapper-extras-client/2.11.0/mapper-extras-client-2.11.0.pom (1.4 kB at 45 kB/s)
Downloading from central: https://repo.maven.apache.org/maven2/org/opensearch/plugin/parent-join-client/2.11.0/parent-join-client-2.11.0.pom
Progress (1): 991 BProgress (1): 1.4 kB                    Downloaded from central: https://repo.maven.apache.org/maven2/org/opensearch/plugin/parent-join-client/2.11.0/parent-join-client-2.11.0.pom (1.4 kB at 46 kB/s)
Downloading from central: https://repo.maven.apache.org/maven2/org/opensearch/plugin/aggs-matrix-stats-client/2.11.0/aggs-matrix-stats-client-2.11.0.pom
Progress (1): 1.0 kBProgress (1): 1.5 kB                    Downloaded from central: https://repo.maven.apache.org/maven2/org/opensearch/plugin/aggs-matrix-stats-client/2.11.0/aggs-matrix-stats-client-2.11.0.pom (1.5 kB at 52 kB/s)
Downloading from central: https://repo.maven.apache.org/maven2/org/opensearch/plugin/rank-eval-client/2.11.0/rank-eval-client-2.11.0.pom
Progress (1): 996 BProgress (1): 1.4 kB                    Downloaded from central: https://repo.maven.apache.org/maven2/org/opensearch/plugin/rank-eval-client/2.11.0/rank-eval-client-2.11.0.pom (1.4 kB at 46 kB/s)
Downloading from central: https://repo.maven.apache.org/maven2/org/opensearch/plugin/lang-mustache-client/2.11.0/lang-mustache-client-2.11.0.pom
Progress (1): 1.0 kBProgress (1): 1.8 kB                    Downloaded from central: https://repo.maven.apache.org/maven2/org/opensearch/plugin/lang-mustache-client/2.11.0/lang-mustache-client-2.11.0.pom (1.8 kB at 67 kB/s)
Downloading from central: https://repo.maven.apache.org/maven2/com/github/spullara/mustache/java/compiler/0.9.10/compiler-0.9.10.pom
Progress (1): 1.2 kBProgress (1): 3.4 kB                    Downloaded from central: https://repo.maven.apache.org/maven2/com/github/spullara/mustache/java/compiler/0.9.10/compiler-0.9.10.pom (3.4 kB at 82 kB/s)
Downloading from central: https://repo.maven.apache.org/maven2/com/github/spullara/mustache/java/mustache.java/0.9.10/mustache.java-0.9.10.pom
Progress (1): 1.1 kBProgress (1): 3.3 kBProgress (1): 4.3 kB                    Downloaded from central: https://repo.maven.apache.org/maven2/com/github/spullara/mustache/java/mustache.java/0.9.10/mustache.java-0.9.10.pom (4.3 kB at 37 kB/s)
Downloading from central: https://repo.maven.apache.org/maven2/org/springframework/boot/spring-boot-starter-test/3.2.1/spring-boot-starter-test-3.2.1.pom
Progress (1): 916 BProgress (1): 4.2 kBProgress (1): 5.0 kB                    Downloaded from central: https://repo.maven.apache.org/maven2/org/springframework/boot/spring-boot-starter-test/3.2.1/spring-boot-starter-test-3.2.1.pom (5.0 kB at 187 kB/s)
Downloading from central: https://repo.maven.apache.org/maven2/org/springframework/boot/spring-boot-test/3.2.1/spring-boot-test-3.2.1.pom
Progress (1): 1.0 kBProgress (1): 2.0 kB                    Downloaded from central: https://repo.maven.apache.org/maven2/org/springframework/boot/spring-boot-test/3.2.1/spring-boot-test-3.2.1.pom (2.0 kB at 63 kB/s)
Downloading from central: https://repo.maven.apache.org/maven2/org/springframework/boot/spring-boot-test-autoconfigure/3.2.1/spring-boot-test-autoconfigure-3.2.1.pom
Progress (1): 1.0 kBProgress (1): 2.5 kB                    Downloaded from central: https://repo.maven.apache.org/maven2/org/springframework/boot/spring-boot-test-autoconfigure/3.2.1/spring-boot-test-autoconfigure-3.2.1.pom (2.5 kB at 49 kB/s)
Downloading from central: https://repo.maven.apache.org/maven2/com/jayway/jsonpath/json-path/2.8.0/json-path-2.8.0.pom
Progress (1): 961 BProgress (1): 1.9 kB                    Downloaded from central: https://repo.maven.apache.org/maven2/com/jayway/jsonpath/json-path/2.8.0/json-path-2.8.0.pom (1.9 kB at 37 kB/s)
Downloading from central: https://repo.maven.apache.org/maven2/net/minidev/json-smart/2.5.0/json-smart-2.5.0.pom
Progress (1): 781 BProgress (1): 1.9 kBProgress (1): 3.6 kBProgress (1): 5.5 kBProgress (1): 8.2 kBProgress (1): 9.2 kB                    Downloaded from central: https://repo.maven.apache.org/maven2/net/minidev/json-smart/2.5.0/json-smart-2.5.0.pom (9.2 kB at 209 kB/s)
Downloading from central: https://repo.maven.apache.org/maven2/net/minidev/accessors-smart/2.5.0/accessors-smart-2.5.0.pom
Progress (1): 779 BProgress (1): 2.4 kBProgress (1): 4.3 kBProgress (1): 7.1 kBProgress (1): 11 kB Progress (1): 11 kB                   Downloaded from central: https://repo.maven.apache.org/maven2/net/minidev/accessors-smart/2.5.0/accessors-smart-2.5.0.pom (11 kB at 376 kB/s)
Downloading from central: https://repo.maven.apache.org/maven2/org/ow2/asm/asm/9.3/asm-9.3.pom
Progress (1): 1.3 kBProgress (1): 2.4 kB                    Downloaded from central: https://repo.maven.apache.org/maven2/org/ow2/asm/asm/9.3/asm-9.3.pom (2.4 kB at 39 kB/s)
Downloading from central: https://repo.maven.apache.org/maven2/org/ow2/ow2/1.5/ow2-1.5.pom
Progress (1): 704 BProgress (1): 2.1 kBProgress (1): 3.6 kBProgress (1): 5.8 kBProgress (1): 8.1 kBProgress (1): 11 kB                    Downloaded from central: https://repo.maven.apache.org/maven2/org/ow2/ow2/1.5/ow2-1.5.pom (11 kB at 330 kB/s)
Downloading from central: https://repo.maven.apache.org/maven2/org/assertj/assertj-core/3.24.2/assertj-core-3.24.2.pom
Progress (1): 1.0 kBProgress (1): 3.5 kBProgress (1): 6.8 kBProgress (1): 9.6 kBProgress (1): 12 kB Progress (1): 15 kBProgress (1): 16 kBProgress (1): 19 kBProgress (1): 19 kB                   Downloaded from central: https://repo.maven.apache.org/maven2/org/assertj/assertj-core/3.24.2/assertj-core-3.24.2.pom (19 kB at 621 kB/s)
Downloading from central: https://repo.maven.apache.org/maven2/org/assertj/assertj-parent/3.24.2/assertj-parent-3.24.2.pom
Progress (1): 1.2 kBProgress (1): 4.1 kBProgress (1): 7.9 kBProgress (1): 13 kB                    Downloaded from central: https://repo.maven.apache.org/maven2/org/assertj/assertj-parent/3.24.2/assertj-parent-3.24.2.pom (13 kB at 372 kB/s)
Downloading from central: https://repo.maven.apache.org/maven2/org/assertj/assertj-build/3.24.2/assertj-build-3.24.2.pom
Progress (1): 1.0 kBProgress (1): 3.6 kBProgress (1): 6.1 kBProgress (1): 8.0 kBProgress (1): 8.8 kB                    Downloaded from central: https://repo.maven.apache.org/maven2/org/assertj/assertj-build/3.24.2/assertj-build-3.24.2.pom (8.8 kB at 303 kB/s)
Downloading from central: https://repo.maven.apache.org/maven2/org/junit/junit-bom/5.9.1/junit-bom-5.9.1.pom
Progress (1): 907 BProgress (1): 4.1 kBProgress (1): 5.6 kB                    Downloaded from central: https://repo.maven.apache.org/maven2/org/junit/junit-bom/5.9.1/junit-bom-5.9.1.pom (5.6 kB at 217 kB/s)
Downloading from central: https://repo.maven.apache.org/maven2/org/awaitility/awaitility/4.2.0/awaitility-4.2.0.pom
Progress (1): 822 BProgress (1): 3.0 kBProgress (1): 3.5 kB                    Downloaded from central: https://repo.maven.apache.org/maven2/org/awaitility/awaitility/4.2.0/awaitility-4.2.0.pom (3.5 kB at 114 kB/s)
Downloading from central: https://repo.maven.apache.org/maven2/org/awaitility/awaitility-parent/4.2.0/awaitility-parent-4.2.0.pom
Progress (1): 825 BProgress (1): 2.5 kBProgress (1): 5.3 kBProgress (1): 9.6 kBProgress (1): 10 kB                    Downloaded from central: https://repo.maven.apache.org/maven2/org/awaitility/awaitility-parent/4.2.0/awaitility-parent-4.2.0.pom (10 kB at 293 kB/s)
Downloading from central: https://repo.maven.apache.org/maven2/org/hamcrest/hamcrest/2.2/hamcrest-2.2.pom
Progress (1): 1.1 kB                    Downloaded from central: https://repo.maven.apache.org/maven2/org/hamcrest/hamcrest/2.2/hamcrest-2.2.pom (1.1 kB at 35 kB/s)
Downloading from central: https://repo.maven.apache.org/maven2/org/junit/jupiter/junit-jupiter/5.10.1/junit-jupiter-5.10.1.pom
Progress (1): 943 BProgress (1): 3.2 kB                    Downloaded from central: https://repo.maven.apache.org/maven2/org/junit/jupiter/junit-jupiter/5.10.1/junit-jupiter-5.10.1.pom (3.2 kB at 119 kB/s)
Downloading from central: https://repo.maven.apache.org/maven2/org/junit/jupiter/junit-jupiter-api/5.10.1/junit-jupiter-api-5.10.1.pom
Progress (1): 954 BProgress (1): 3.2 kB                    Downloaded from central: https://repo.maven.apache.org/maven2/org/junit/jupiter/junit-jupiter-api/5.10.1/junit-jupiter-api-5.10.1.pom (3.2 kB at 110 kB/s)
Downloading from central: https://repo.maven.apache.org/maven2/org/opentest4j/opentest4j/1.3.0/opentest4j-1.3.0.pom
Progress (1): 996 BProgress (1): 2.0 kB                    Downloaded from central: https://repo.maven.apache.org/maven2/org/opentest4j/opentest4j/1.3.0/opentest4j-1.3.0.pom (2.0 kB at 64 kB/s)
Downloading from central: https://repo.maven.apache.org/maven2/org/junit/platform/junit-platform-commons/1.10.1/junit-platform-commons-1.10.1.pom
Progress (1): 966 BProgress (1): 2.8 kB                    Downloaded from central: https://repo.maven.apache.org/maven2/org/junit/platform/junit-platform-commons/1.10.1/junit-platform-commons-1.10.1.pom (2.8 kB at 101 kB/s)
Downloading from central: https://repo.maven.apache.org/maven2/org/apiguardian/apiguardian-api/1.1.2/apiguardian-api-1.1.2.pom
Progress (1): 1.0 kBProgress (1): 1.5 kB                    Downloaded from central: https://repo.maven.apache.org/maven2/org/apiguardian/apiguardian-api/1.1.2/apiguardian-api-1.1.2.pom (1.5 kB at 53 kB/s)
Downloading from central: https://repo.maven.apache.org/maven2/org/junit/jupiter/junit-jupiter-params/5.10.1/junit-jupiter-params-5.10.1.pom
Progress (1): 964 BProgress (1): 3.0 kB                    Downloaded from central: https://repo.maven.apache.org/maven2/org/junit/jupiter/junit-jupiter-params/5.10.1/junit-jupiter-params-5.10.1.pom (3.0 kB at 111 kB/s)
Downloading from central: https://repo.maven.apache.org/maven2/org/junit/jupiter/junit-jupiter-engine/5.10.1/junit-jupiter-engine-5.10.1.pom
Progress (1): 963 BProgress (1): 3.2 kB                    Downloaded from central: https://repo.maven.apache.org/maven2/org/junit/jupiter/junit-jupiter-engine/5.10.1/junit-jupiter-engine-5.10.1.pom (3.2 kB at 114 kB/s)
Downloading from central: https://repo.maven.apache.org/maven2/org/junit/platform/junit-platform-engine/1.10.1/junit-platform-engine-1.10.1.pom
Progress (1): 957 BProgress (1): 3.2 kB                    Downloaded from central: https://repo.maven.apache.org/maven2/org/junit/platform/junit-platform-engine/1.10.1/junit-platform-engine-1.10.1.pom (3.2 kB at 114 kB/s)
Downloading from central: https://repo.maven.apache.org/maven2/org/mockito/mockito-core/5.7.0/mockito-core-5.7.0.pom
Progress (1): 1.6 kBProgress (1): 2.5 kB                    Downloaded from central: https://repo.maven.apache.org/maven2/org/mockito/mockito-core/5.7.0/mockito-core-5.7.0.pom (2.5 kB at 88 kB/s)
Downloading from central: https://repo.maven.apache.org/maven2/net/bytebuddy/byte-buddy-agent/1.14.10/byte-buddy-agent-1.14.10.pom
Progress (1): 1.2 kBProgress (1): 3.6 kBProgress (1): 6.2 kBProgress (1): 10 kB Progress (1): 10 kB                   Downloaded from central: https://repo.maven.apache.org/maven2/net/bytebuddy/byte-buddy-agent/1.14.10/byte-buddy-agent-1.14.10.pom (10 kB at 337 kB/s)
Downloading from central: https://repo.maven.apache.org/maven2/org/objenesis/objenesis/3.3/objenesis-3.3.pom
Progress (1): 795 BProgress (1): 2.5 kBProgress (1): 3.0 kB                    Downloaded from central: https://repo.maven.apache.org/maven2/org/objenesis/objenesis/3.3/objenesis-3.3.pom (3.0 kB at 107 kB/s)
Downloading from central: https://repo.maven.apache.org/maven2/org/objenesis/objenesis-parent/3.3/objenesis-parent-3.3.pom
Progress (1): 741 BProgress (1): 2.3 kBProgress (1): 4.5 kBProgress (1): 6.6 kBProgress (1): 10 kB Progress (1): 13 kBProgress (1): 18 kBProgress (1): 19 kB                   Downloaded from central: https://repo.maven.apache.org/maven2/org/objenesis/objenesis-parent/3.3/objenesis-parent-3.3.pom (19 kB at 599 kB/s)
Downloading from central: https://repo.maven.apache.org/maven2/org/mockito/mockito-junit-jupiter/5.7.0/mockito-junit-jupiter-5.7.0.pom
Progress (1): 1.6 kBProgress (1): 2.3 kB                    Downloaded from central: https://repo.maven.apache.org/maven2/org/mockito/mockito-junit-jupiter/5.7.0/mockito-junit-jupiter-5.7.0.pom (2.3 kB at 39 kB/s)
Downloading from central: https://repo.maven.apache.org/maven2/org/skyscreamer/jsonassert/1.5.1/jsonassert-1.5.1.pom
Progress (1): 1.1 kBProgress (1): 4.0 kBProgress (1): 5.2 kB                    Downloaded from central: https://repo.maven.apache.org/maven2/org/skyscreamer/jsonassert/1.5.1/jsonassert-1.5.1.pom (5.2 kB at 167 kB/s)
Downloading from central: https://repo.maven.apache.org/maven2/com/vaadin/external/google/android-json/0.0.20131108.vaadin1/android-json-0.0.20131108.vaadin1.pom
Progress (1): 1.1 kBProgress (1): 2.8 kB                    Downloaded from central: https://repo.maven.apache.org/maven2/com/vaadin/external/google/android-json/0.0.20131108.vaadin1/android-json-0.0.20131108.vaadin1.pom (2.8 kB at 96 kB/s)
Downloading from central: https://repo.maven.apache.org/maven2/org/springframework/spring-test/6.1.2/spring-test-6.1.2.pom
Progress (1): 1.1 kBProgress (1): 2.0 kB                    Downloaded from central: https://repo.maven.apache.org/maven2/org/springframework/spring-test/6.1.2/spring-test-6.1.2.pom (2.0 kB at 73 kB/s)
Downloading from central: https://repo.maven.apache.org/maven2/org/xmlunit/xmlunit-core/2.9.1/xmlunit-core-2.9.1.pom
Progress (1): 848 BProgress (1): 2.4 kB                    Downloaded from central: https://repo.maven.apache.org/maven2/org/xmlunit/xmlunit-core/2.9.1/xmlunit-core-2.9.1.pom (2.4 kB at 84 kB/s)
Downloading from central: https://repo.maven.apache.org/maven2/org/xmlunit/xmlunit-parent/2.9.1/xmlunit-parent-2.9.1.pom
Progress (1): 783 BProgress (1): 2.1 kBProgress (1): 4.5 kBProgress (1): 7.6 kBProgress (1): 11 kB Progress (1): 13 kBProgress (1): 16 kBProgress (1): 21 kB                   Downloaded from central: https://repo.maven.apache.org/maven2/org/xmlunit/xmlunit-parent/2.9.1/xmlunit-parent-2.9.1.pom (21 kB at 671 kB/s)
Downloading from central: https://repo.maven.apache.org/maven2/org/springframework/security/spring-security-test/6.2.1/spring-security-test-6.2.1.pom
Progress (1): 1.0 kBProgress (1): 2.7 kB                    Downloaded from central: https://repo.maven.apache.org/maven2/org/springframework/security/spring-security-test/6.2.1/spring-security-test-6.2.1.pom (2.7 kB at 61 kB/s)
Downloading from central: https://repo.maven.apache.org/maven2/org/testcontainers/junit-jupiter/1.19.3/junit-jupiter-1.19.3.pom
Progress (1): 1.3 kBProgress (1): 1.5 kB                    Downloaded from central: https://repo.maven.apache.org/maven2/org/testcontainers/junit-jupiter/1.19.3/junit-jupiter-1.19.3.pom (1.5 kB at 55 kB/s)
Downloading from central: https://repo.maven.apache.org/maven2/org/testcontainers/testcontainers/1.19.3/testcontainers-1.19.3.pom
Progress (1): 1.3 kBProgress (1): 2.6 kB                    Downloaded from central: https://repo.maven.apache.org/maven2/org/testcontainers/testcontainers/1.19.3/testcontainers-1.19.3.pom (2.6 kB at 79 kB/s)
Downloading from central: https://repo.maven.apache.org/maven2/junit/junit/4.13.2/junit-4.13.2.pom
Progress (1): 1.0 kBProgress (1): 3.3 kBProgress (1): 5.1 kBProgress (1): 7.2 kBProgress (1): 9.8 kBProgress (1): 13 kB Progress (1): 16 kBProgress (1): 21 kBProgress (1): 25 kBProgress (1): 27 kB                   Downloaded from central: https://repo.maven.apache.org/maven2/junit/junit/4.13.2/junit-4.13.2.pom (27 kB at 965 kB/s)
Downloading from central: https://repo.maven.apache.org/maven2/org/hamcrest/hamcrest-core/2.2/hamcrest-core-2.2.pom
Progress (1): 1.3 kBProgress (1): 1.4 kB                    Downloaded from central: https://repo.maven.apache.org/maven2/org/hamcrest/hamcrest-core/2.2/hamcrest-core-2.2.pom (1.4 kB at 50 kB/s)
Downloading from central: https://repo.maven.apache.org/maven2/org/apache/commons/commons-compress/1.24.0/commons-compress-1.24.0.pom
Progress (1): 749 BProgress (1): 1.9 kBProgress (1): 3.5 kBProgress (1): 6.5 kBProgress (1): 9.4 kBProgress (1): 11 kB Progress (1): 14 kBProgress (1): 17 kBProgress (1): 22 kBProgress (1): 22 kB                   Downloaded from central: https://repo.maven.apache.org/maven2/org/apache/commons/commons-compress/1.24.0/commons-compress-1.24.0.pom (22 kB at 727 kB/s)
Downloading from central: https://repo.maven.apache.org/maven2/org/apache/commons/commons-parent/61/commons-parent-61.pom
Progress (1): 704 BProgress (1): 1.9 kBProgress (1): 3.1 kBProgress (1): 4.6 kBProgress (1): 6.5 kBProgress (1): 8.4 kBProgress (1): 10 kB Progress (1): 13 kBProgress (1): 15 kBProgress (1): 18 kBProgress (1): 20 kBProgress (1): 23 kBProgress (1): 25 kBProgress (1): 28 kBProgress (1): 32 kBProgress (1): 32 kBProgress (1): 36 kBProgress (1): 41 kBProgress (1): 44 kBProgress (1): 46 kBProgress (1): 49 kBProgress (1): 51 kBProgress (1): 55 kBProgress (1): 58 kBProgress (1): 60 kBProgress (1): 64 kBProgress (1): 67 kBProgress (1): 71 kBProgress (1): 74 kBProgress (1): 77 kBProgress (1): 80 kBProgress (1): 81 kB                   Downloaded from central: https://repo.maven.apache.org/maven2/org/apache/commons/commons-parent/61/commons-parent-61.pom (81 kB at 1.9 MB/s)
Downloading from central: https://repo.maven.apache.org/maven2/org/rnorth/duct-tape/duct-tape/1.0.8/duct-tape-1.0.8.pom
Progress (1): 1.0 kBProgress (1): 4.6 kBProgress (1): 6.2 kB                    Downloaded from central: https://repo.maven.apache.org/maven2/org/rnorth/duct-tape/duct-tape/1.0.8/duct-tape-1.0.8.pom (6.2 kB at 194 kB/s)
Downloading from central: https://repo.maven.apache.org/maven2/org/jetbrains/annotations/17.0.0/annotations-17.0.0.pom
Progress (1): 1.3 kBProgress (1): 1.4 kB                    Downloaded from central: https://repo.maven.apache.org/maven2/org/jetbrains/annotations/17.0.0/annotations-17.0.0.pom (1.4 kB at 44 kB/s)
Downloading from central: https://repo.maven.apache.org/maven2/com/github/docker-java/docker-java-api/3.3.4/docker-java-api-3.3.4.pom
Progress (1): 1.4 kBProgress (1): 2.3 kB                    Downloaded from central: https://repo.maven.apache.org/maven2/com/github/docker-java/docker-java-api/3.3.4/docker-java-api-3.3.4.pom (2.3 kB at 79 kB/s)
Downloading from central: https://repo.maven.apache.org/maven2/com/github/docker-java/docker-java-parent/3.3.4/docker-java-parent-3.3.4.pom
Progress (1): 1.1 kBProgress (1): 2.7 kBProgress (1): 5.7 kBProgress (1): 8.8 kBProgress (1): 12 kB Progress (1): 12 kB                   Downloaded from central: https://repo.maven.apache.org/maven2/com/github/docker-java/docker-java-parent/3.3.4/docker-java-parent-3.3.4.pom (12 kB at 378 kB/s)
Downloading from central: https://repo.maven.apache.org/maven2/com/github/docker-java/docker-java-transport-zerodep/3.3.4/docker-java-transport-zerodep-3.3.4.pom
Progress (1): 1.4 kBProgress (1): 4.1 kB                    Downloaded from central: https://repo.maven.apache.org/maven2/com/github/docker-java/docker-java-transport-zerodep/3.3.4/docker-java-transport-zerodep-3.3.4.pom (4.1 kB at 132 kB/s)
Downloading from central: https://repo.maven.apache.org/maven2/com/github/docker-java/docker-java-transport/3.3.4/docker-java-transport-3.3.4.pom
Progress (1): 1.4 kBProgress (1): 1.6 kB                    Downloaded from central: https://repo.maven.apache.org/maven2/com/github/docker-java/docker-java-transport/3.3.4/docker-java-transport-3.3.4.pom (1.6 kB at 59 kB/s)
Downloading from central: https://repo.maven.apache.org/maven2/org/testcontainers/postgresql/1.19.3/postgresql-1.19.3.pom
Progress (1): 1.3 kBProgress (1): 1.5 kB                    Downloaded from central: https://repo.maven.apache.org/maven2/org/testcontainers/postgresql/1.19.3/postgresql-1.19.3.pom (1.5 kB at 49 kB/s)
Downloading from central: https://repo.maven.apache.org/maven2/org/testcontainers/jdbc/1.19.3/jdbc-1.19.3.pom
Progress (1): 1.3 kBProgress (1): 1.5 kB                    Downloaded from central: https://repo.maven.apache.org/maven2/org/testcontainers/jdbc/1.19.3/jdbc-1.19.3.pom (1.5 kB at 52 kB/s)
Downloading from central: https://repo.maven.apache.org/maven2/org/testcontainers/database-commons/1.19.3/database-commons-1.19.3.pom
Progress (1): 1.3 kBProgress (1): 1.5 kB                    Downloaded from central: https://repo.maven.apache.org/maven2/org/testcontainers/database-commons/1.19.3/database-commons-1.19.3.pom (1.5 kB at 53 kB/s)
Downloading from central: https://repo.maven.apache.org/maven2/com/h2database/h2/2.2.224/h2-2.2.224.pom
Progress (1): 1.1 kB                    Downloaded from central: https://repo.maven.apache.org/maven2/com/h2database/h2/2.2.224/h2-2.2.224.pom (1.1 kB at 35 kB/s)
Downloading from central: https://repo.maven.apache.org/maven2/org/springframework/boot/spring-boot-starter-web/3.2.1/spring-boot-starter-web-3.2.1.jar
Downloading from central: https://repo.maven.apache.org/maven2/org/springframework/boot/spring-boot-starter/3.2.1/spring-boot-starter-3.2.1.jar
Downloading from central: https://repo.maven.apache.org/maven2/org/springframework/boot/spring-boot/3.2.1/spring-boot-3.2.1.jar
Downloading from central: https://repo.maven.apache.org/maven2/org/springframework/boot/spring-boot-autoconfigure/3.2.1/spring-boot-autoconfigure-3.2.1.jar
Downloading from central: https://repo.maven.apache.org/maven2/jakarta/annotation/jakarta.annotation-api/2.1.1/jakarta.annotation-api-2.1.1.jar
Progress (1): 0/1.6 MBProgress (1): 0/1.6 MBProgress (1): 0/1.6 MBProgress (1): 0/1.6 MBProgress (1): 0.1/1.6 MBProgress (1): 0.1/1.6 MBProgress (1): 0.1/1.6 MBProgress (1): 0.1/1.6 MBProgress (1): 0.1/1.6 MBProgress (2): 0.1/1.6 MB | 0/1.9 MBProgress (2): 0.1/1.6 MB | 0/1.9 MBProgress (2): 0.1/1.6 MB | 0/1.9 MBProgress (2): 0.1/1.6 MB | 0/1.9 MBProgress (2): 0.1/1.6 MB | 0/1.9 MBProgress (2): 0.1/1.6 MB | 0/1.9 MBProgress (2): 0.1/1.6 MB | 0/1.9 MBProgress (2): 0.1/1.6 MB | 0/1.9 MBProgress (2): 0.1/1.6 MB | 0/1.9 MBProgress (2): 0.1/1.6 MB | 0/1.9 MBProgress (2): 0.1/1.6 MB | 0/1.9 MBProgress (2): 0.1/1.6 MB | 0/1.9 MBProgress (2): 0.1/1.6 MB | 0/1.9 MBProgress (2): 0.1/1.6 MB | 0/1.9 MBProgress (2): 0.1/1.6 MB | 0/1.9 MBProgress (2): 0.1/1.6 MB | 0/1.9 MBProgress (2): 0.1/1.6 MB | 0/1.9 MBProgress (2): 0.1/1.6 MB | 0/1.9 MBProgress (2): 0.1/1.6 MB | 0/1.9 MBProgress (2): 0.1/1.6 MB | 0/1.9 MBProgress (2): 0.1/1.6 MB | 0/1.9 MBProgress (2): 0.1/1.6 MB | 0/1.9 MBProgress (2): 0.1/1.6 MB | 0/1.9 MBProgress (2): 0.1/1.6 MB | 0/1.9 MBProgress (2): 0.1/1.6 MB | 0/1.9 MBProgress (2): 0.1/1.6 MB | 0/1.9 MBProgress (2): 0.1/1.6 MB | 0/1.9 MBProgress (2): 0.1/1.6 MB | 0/1.9 MBProgress (2): 0.1/1.6 MB | 0/1.9 MBProgress (2): 0.1/1.6 MB | 0/1.9 MBProgress (2): 0.1/1.6 MB | 0/1.9 MBProgress (2): 0.1/1.6 MB | 0/1.9 MBProgress (2): 0.1/1.6 MB | 0/1.9 MBProgress (2): 0.1/1.6 MB | 0/1.9 MBProgress (2): 0.1/1.6 MB | 0/1.9 MBProgress (2): 0.1/1.6 MB | 0/1.9 MBProgress (2): 0.1/1.6 MB | 0/1.9 MBProgress (2): 0.1/1.6 MB | 0.1/1.9 MBProgress (2): 0.1/1.6 MB | 0.1/1.9 MBProgress (2): 0.1/1.6 MB | 0.1/1.9 MBProgress (2): 0.1/1.6 MB | 0.1/1.9 MBProgress (2): 0.1/1.6 MB | 0.1/1.9 MBProgress (2): 0.1/1.6 MB | 0.1/1.9 MBProgress (2): 0.1/1.6 MB | 0.1/1.9 MBProgress (2): 0.1/1.6 MB | 0.1/1.9 MBProgress (2): 0.2/1.6 MB | 0.1/1.9 MBProgress (2): 0.2/1.6 MB | 0.1/1.9 MBProgress (2): 0.2/1.6 MB | 0.1/1.9 MBProgress (2): 0.2/1.6 MB | 0.1/1.9 MBProgress (2): 0.2/1.6 MB | 0.1/1.9 MBProgress (2): 0.2/1.6 MB | 0.1/1.9 MBProgress (2): 0.3/1.6 MB | 0.1/1.9 MBProgress (2): 0.3/1.6 MB | 0.1/1.9 MBProgress (2): 0.3/1.6 MB | 0.1/1.9 MBProgress (2): 0.3/1.6 MB | 0.1/1.9 MBProgress (2): 0.3/1.6 MB | 0.1/1.9 MBProgress (2): 0.3/1.6 MB | 0.1/1.9 MBProgress (2): 0.3/1.6 MB | 0.1/1.9 MBProgress (2): 0.3/1.6 MB | 0.1/1.9 MBProgress (2): 0.3/1.6 MB | 0.1/1.9 MBProgress (2): 0.3/1.6 MB | 0.1/1.9 MBProgress (2): 0.4/1.6 MB | 0.1/1.9 MBProgress (2): 0.4/1.6 MB | 0.1/1.9 MBProgress (3): 0.4/1.6 MB | 0.1/1.9 MB | 0.9/4.8 kBProgress (3): 0.4/1.6 MB | 0.1/1.9 MB | 2.3/4.8 kBProgress (3): 0.4/1.6 MB | 0.1/1.9 MB | 3.6/4.8 kBProgress (3): 0.4/1.6 MB | 0.1/1.9 MB | 4.8 kB    Progress (3): 0.4/1.6 MB | 0.1/1.9 MB | 4.8 kB                                              Downloaded from central: https://repo.maven.apache.org/maven2/org/springframework/boot/spring-boot-starter-web/3.2.1/spring-boot-starter-web-3.2.1.jar (4.8 kB at 28 kB/s)
Downloading from central: https://repo.maven.apache.org/maven2/org/yaml/snakeyaml/2.2/snakeyaml-2.2.jar
Progress (3): 0.4/1.6 MB | 0.1/1.9 MB | 0.9/4.8 kBProgress (3): 0.4/1.6 MB | 0.1/1.9 MB | 2.3/4.8 kBProgress (3): 0.4/1.6 MB | 0.1/1.9 MB | 3.6/4.8 kBProgress (3): 0.4/1.6 MB | 0.1/1.9 MB | 4.8 kB                                                  Downloaded from central: https://repo.maven.apache.org/maven2/org/springframework/boot/spring-boot-starter/3.2.1/spring-boot-starter-3.2.1.jar (4.8 kB at 28 kB/s)
Downloading from central: https://repo.maven.apache.org/maven2/org/springframework/boot/spring-boot-starter-json/3.2.1/spring-boot-starter-json-3.2.1.jar
Progress (2): 0.4/1.6 MB | 0.1/1.9 MBProgress (2): 0.4/1.6 MB | 0.1/1.9 MBProgress (2): 0.4/1.6 MB | 0.1/1.9 MBProgress (2): 0.4/1.6 MB | 0.1/1.9 MBProgress (2): 0.4/1.6 MB | 0.1/1.9 MBProgress (2): 0.4/1.6 MB | 0.1/1.9 MBProgress (2): 0.4/1.6 MB | 0.1/1.9 MBProgress (2): 0.4/1.6 MB | 0.1/1.9 MBProgress (3): 0.4/1.6 MB | 0.1/1.9 MB | 0.9/26 kBProgress (3): 0.4/1.6 MB | 0.1/1.9 MB | 2.3/26 kBProgress (3): 0.4/1.6 MB | 0.1/1.9 MB | 3.6/26 kBProgress (3): 0.4/1.6 MB | 0.1/1.9 MB | 5.0/26 kBProgress (3): 0.4/1.6 MB | 0.1/1.9 MB | 6.4/26 kBProgress (3): 0.4/1.6 MB | 0.1/1.9 MB | 7.7/26 kBProgress (3): 0.4/1.6 MB | 0.1/1.9 MB | 9.1/26 kBProgress (3): 0.4/1.6 MB | 0.1/1.9 MB | 10/26 kB Progress (3): 0.4/1.6 MB | 0.1/1.9 MB | 12/26 kBProgress (3): 0.4/1.6 MB | 0.1/1.9 MB | 13/26 kBProgress (3): 0.4/1.6 MB | 0.1/1.9 MB | 15/26 kBProgress (3): 0.4/1.6 MB | 0.1/1.9 MB | 16/26 kBProgress (3): 0.4/1.6 MB | 0.1/1.9 MB | 17/26 kBProgress (3): 0.4/1.6 MB | 0.1/1.9 MB | 19/26 kBProgress (3): 0.4/1.6 MB | 0.1/1.9 MB | 20/26 kBProgress (3): 0.4/1.6 MB | 0.1/1.9 MB | 21/26 kBProgress (3): 0.4/1.6 MB | 0.1/1.9 MB | 23/26 kBProgress (3): 0.4/1.6 MB | 0.1/1.9 MB | 24/26 kBProgress (3): 0.4/1.6 MB | 0.1/1.9 MB | 26/26 kBProgress (3): 0.4/1.6 MB | 0.1/1.9 MB | 26 kB                                                Downloaded from central: https://repo.maven.apache.org/maven2/jakarta/annotation/jakarta.annotation-api/2.1.1/jakarta.annotation-api-2.1.1.jar (26 kB at 141 kB/s)
Downloading from central: https://repo.maven.apache.org/maven2/com/fasterxml/jackson/datatype/jackson-datatype-jdk8/2.15.3/jackson-datatype-jdk8-2.15.3.jar
Progress (2): 0.4/1.6 MB | 0.1/1.9 MBProgress (2): 0.4/1.6 MB | 0.1/1.9 MBProgress (2): 0.4/1.6 MB | 0.1/1.9 MBProgress (2): 0.5/1.6 MB | 0.1/1.9 MBProgress (2): 0.5/1.6 MB | 0.1/1.9 MBProgress (2): 0.5/1.6 MB | 0.1/1.9 MBProgress (2): 0.5/1.6 MB | 0.1/1.9 MBProgress (2): 0.5/1.6 MB | 0.1/1.9 MBProgress (2): 0.5/1.6 MB | 0.1/1.9 MBProgress (2): 0.5/1.6 MB | 0.1/1.9 MBProgress (2): 0.5/1.6 MB | 0.1/1.9 MBProgress (2): 0.5/1.6 MB | 0.1/1.9 MBProgress (2): 0.5/1.6 MB | 0.1/1.9 MBProgress (2): 0.5/1.6 MB | 0.1/1.9 MBProgress (2): 0.5/1.6 MB | 0.1/1.9 MBProgress (2): 0.5/1.6 MB | 0.1/1.9 MBProgress (2): 0.5/1.6 MB | 0.1/1.9 MBProgress (2): 0.5/1.6 MB | 0.2/1.9 MBProgress (2): 0.5/1.6 MB | 0.2/1.9 MBProgress (2): 0.5/1.6 MB | 0.2/1.9 MBProgress (2): 0.5/1.6 MB | 0.2/1.9 MBProgress (2): 0.5/1.6 MB | 0.2/1.9 MBProgress (2): 0.5/1.6 MB | 0.2/1.9 MBProgress (2): 0.5/1.6 MB | 0.2/1.9 MBProgress (2): 0.5/1.6 MB | 0.2/1.9 MBProgress (2): 0.6/1.6 MB | 0.2/1.9 MBProgress (2): 0.6/1.6 MB | 0.2/1.9 MBProgress (2): 0.6/1.6 MB | 0.2/1.9 MBProgress (2): 0.6/1.6 MB | 0.2/1.9 MBProgress (2): 0.6/1.6 MB | 0.2/1.9 MBProgress (2): 0.6/1.6 MB | 0.2/1.9 MBProgress (2): 0.7/1.6 MB | 0.2/1.9 MBProgress (2): 0.7/1.6 MB | 0.2/1.9 MBProgress (2): 0.7/1.6 MB | 0.2/1.9 MBProgress (2): 0.7/1.6 MB | 0.2/1.9 MBProgress (2): 0.7/1.6 MB | 0.2/1.9 MBProgress (2): 0.7/1.6 MB | 0.2/1.9 MBProgress (2): 0.7/1.6 MB | 0.2/1.9 MBProgress (2): 0.7/1.6 MB | 0.2/1.9 MBProgress (2): 0.7/1.6 MB | 0.2/1.9 MBProgress (2): 0.7/1.6 MB | 0.2/1.9 MBProgress (2): 0.8/1.6 MB | 0.2/1.9 MBProgress (2): 0.8/1.6 MB | 0.2/1.9 MBProgress (2): 0.8/1.6 MB | 0.2/1.9 MBProgress (3): 0.8/1.6 MB | 0.2/1.9 MB | 0.9/4.7 kBProgress (4): 0.8/1.6 MB | 0.2/1.9 MB | 0.9/4.7 kB | 0.9/334 kBProgress (4): 0.8/1.6 MB | 0.2/1.9 MB | 2.3/4.7 kB | 0.9/334 kBProgress (4): 0.8/1.6 MB | 0.2/1.9 MB | 3.6/4.7 kB | 0.9/334 kBProgress (4): 0.8/1.6 MB | 0.2/1.9 MB | 3.6/4.7 kB | 2.3/334 kBProgress (4): 0.8/1.6 MB | 0.2/1.9 MB | 3.6/4.7 kB | 3.6/334 kBProgress (4): 0.8/1.6 MB | 0.2/1.9 MB | 3.6/4.7 kB | 3.6/334 kBProgress (4): 0.8/1.6 MB | 0.2/1.9 MB | 4.7 kB | 3.6/334 kB    Progress (4): 0.8/1.6 MB | 0.2/1.9 MB | 4.7 kB | 5.0/334 kBProgress (4): 0.8/1.6 MB | 0.2/1.9 MB | 4.7 kB | 6.4/334 kBProgress (4): 0.8/1.6 MB | 0.2/1.9 MB | 4.7 kB | 7.7/334 kBProgress (4): 0.8/1.6 MB | 0.2/1.9 MB | 4.7 kB | 9.1/334 kBProgress (4): 0.8/1.6 MB | 0.2/1.9 MB | 4.7 kB | 10/334 kB Progress (4): 0.8/1.6 MB | 0.2/1.9 MB | 4.7 kB | 12/334 kBProgress (4): 0.8/1.6 MB | 0.2/1.9 MB | 4.7 kB | 12/334 kB                                                          Downloaded from central: https://repo.maven.apache.org/maven2/org/springframework/boot/spring-boot-starter-json/3.2.1/spring-boot-starter-json-3.2.1.jar (4.7 kB at 12 kB/s)
Downloading from central: https://repo.maven.apache.org/maven2/com/fasterxml/jackson/module/jackson-module-parameter-names/2.15.3/jackson-module-parameter-names-2.15.3.jar
Progress (3): 0.8/1.6 MB | 0.2/1.9 MB | 12/334 kBProgress (3): 0.8/1.6 MB | 0.2/1.9 MB | 12/334 kBProgress (3): 0.8/1.6 MB | 0.2/1.9 MB | 12/334 kBProgress (3): 0.8/1.6 MB | 0.2/1.9 MB | 13/334 kBProgress (3): 0.8/1.6 MB | 0.2/1.9 MB | 15/334 kBProgress (3): 0.8/1.6 MB | 0.2/1.9 MB | 16/334 kBProgress (3): 0.8/1.6 MB | 0.2/1.9 MB | 17/334 kBProgress (3): 0.8/1.6 MB | 0.2/1.9 MB | 19/334 kBProgress (3): 0.8/1.6 MB | 0.2/1.9 MB | 20/334 kBProgress (3): 0.8/1.6 MB | 0.2/1.9 MB | 21/334 kBProgress (3): 0.8/1.6 MB | 0.2/1.9 MB | 23/334 kBProgress (4): 0.8/1.6 MB | 0.2/1.9 MB | 23/334 kB | 0.9/36 kBProgress (4): 0.8/1.6 MB | 0.2/1.9 MB | 24/334 kB | 0.9/36 kBProgress (4): 0.8/1.6 MB | 0.2/1.9 MB | 25/334 kB | 0.9/36 kBProgress (4): 0.8/1.6 MB | 0.2/1.9 MB | 26/334 kB | 0.9/36 kBProgress (4): 0.8/1.6 MB | 0.2/1.9 MB | 27/334 kB | 0.9/36 kBProgress (4): 0.8/1.6 MB | 0.2/1.9 MB | 29/334 kB | 0.9/36 kBProgress (4): 0.8/1.6 MB | 0.2/1.9 MB | 30/334 kB | 0.9/36 kBProgress (4): 0.8/1.6 MB | 0.2/1.9 MB | 31/334 kB | 0.9/36 kBProgress (4): 0.8/1.6 MB | 0.2/1.9 MB | 33/334 kB | 0.9/36 kBProgress (4): 0.8/1.6 MB | 0.2/1.9 MB | 34/334 kB | 0.9/36 kBProgress (4): 0.8/1.6 MB | 0.2/1.9 MB | 36/334 kB | 0.9/36 kBProgress (4): 0.8/1.6 MB | 0.2/1.9 MB | 37/334 kB | 0.9/36 kBProgress (4): 0.8/1.6 MB | 0.2/1.9 MB | 38/334 kB | 0.9/36 kBProgress (4): 0.8/1.6 MB | 0.2/1.9 MB | 40/334 kB | 0.9/36 kBProgress (4): 0.8/1.6 MB | 0.2/1.9 MB | 41/334 kB | 0.9/36 kBProgress (4): 0.8/1.6 MB | 0.2/1.9 MB | 42/334 kB | 0.9/36 kBProgress (4): 0.8/1.6 MB | 0.2/1.9 MB | 44/334 kB | 0.9/36 kBProgress (4): 0.8/1.6 MB | 0.2/1.9 MB | 45/334 kB | 0.9/36 kBProgress (4): 0.8/1.6 MB | 0.2/1.9 MB | 46/334 kB | 0.9/36 kBProgress (4): 0.8/1.6 MB | 0.2/1.9 MB | 48/334 kB | 0.9/36 kBProgress (4): 0.8/1.6 MB | 0.2/1.9 MB | 49/334 kB | 0.9/36 kBProgress (4): 0.8/1.6 MB | 0.2/1.9 MB | 53/334 kB | 0.9/36 kBProgress (4): 0.8/1.6 MB | 0.2/1.9 MB | 58/334 kB | 0.9/36 kBProgress (4): 0.8/1.6 MB | 0.2/1.9 MB | 62/334 kB | 0.9/36 kBProgress (4): 0.8/1.6 MB | 0.2/1.9 MB | 62/334 kB | 2.3/36 kBProgress (4): 0.8/1.6 MB | 0.2/1.9 MB | 62/334 kB | 3.6/36 kBProgress (4): 0.8/1.6 MB | 0.2/1.9 MB | 62/334 kB | 5.0/36 kBProgress (4): 0.8/1.6 MB | 0.2/1.9 MB | 62/334 kB | 6.4/36 kBProgress (4): 0.8/1.6 MB | 0.2/1.9 MB | 62/334 kB | 7.7/36 kBProgress (4): 0.8/1.6 MB | 0.2/1.9 MB | 62/334 kB | 9.1/36 kBProgress (4): 0.8/1.6 MB | 0.2/1.9 MB | 62/334 kB | 10/36 kB Progress (4): 0.8/1.6 MB | 0.2/1.9 MB | 62/334 kB | 12/36 kBProgress (4): 0.8/1.6 MB | 0.2/1.9 MB | 62/334 kB | 13/36 kBProgress (4): 0.8/1.6 MB | 0.2/1.9 MB | 62/334 kB | 15/36 kBProgress (4): 0.8/1.6 MB | 0.2/1.9 MB | 62/334 kB | 16/36 kBProgress (4): 0.8/1.6 MB | 0.2/1.9 MB | 62/334 kB | 17/36 kBProgress (4): 0.8/1.6 MB | 0.2/1.9 MB | 62/334 kB | 19/36 kBProgress (4): 0.8/1.6 MB | 0.2/1.9 MB | 62/334 kB | 20/36 kBProgress (4): 0.8/1.6 MB | 0.2/1.9 MB | 62/334 kB | 21/36 kBProgress (4): 0.8/1.6 MB | 0.2/1.9 MB | 62/334 kB | 23/36 kBProgress (4): 0.8/1.6 MB | 0.2/1.9 MB | 62/334 kB | 24/36 kBProgress (4): 0.8/1.6 MB | 0.2/1.9 MB | 62/334 kB | 24/36 kBProgress (4): 0.8/1.6 MB | 0.2/1.9 MB | 62/334 kB | 24/36 kBProgress (4): 0.8/1.6 MB | 0.2/1.9 MB | 62/334 kB | 26/36 kBProgress (4): 0.8/1.6 MB | 0.2/1.9 MB | 62/334 kB | 27/36 kBProgress (4): 0.8/1.6 MB | 0.2/1.9 MB | 62/334 kB | 28/36 kBProgress (4): 0.8/1.6 MB | 0.2/1.9 MB | 62/334 kB | 33/36 kBProgress (4): 0.8/1.6 MB | 0.2/1.9 MB | 62/334 kB | 36 kB                                                            Downloaded from central: https://repo.maven.apache.org/maven2/com/fasterxml/jackson/datatype/jackson-datatype-jdk8/2.15.3/jackson-datatype-jdk8-2.15.3.jar (36 kB at 85 kB/s)
Downloading from central: https://repo.maven.apache.org/maven2/org/springframework/boot/spring-boot-starter-tomcat/3.2.1/spring-boot-starter-tomcat-3.2.1.jar
Progress (3): 0.8/1.6 MB | 0.2/1.9 MB | 62/334 kBProgress (3): 0.8/1.6 MB | 0.2/1.9 MB | 62/334 kBProgress (3): 0.8/1.6 MB | 0.2/1.9 MB | 62/334 kBProgress (3): 0.8/1.6 MB | 0.2/1.9 MB | 62/334 kBProgress (3): 0.8/1.6 MB | 0.3/1.9 MB | 62/334 kBProgress (3): 0.8/1.6 MB | 0.3/1.9 MB | 62/334 kBProgress (3): 0.8/1.6 MB | 0.3/1.9 MB | 62/334 kBProgress (3): 0.8/1.6 MB | 0.3/1.9 MB | 62/334 kBProgress (3): 0.8/1.6 MB | 0.3/1.9 MB | 66/334 kBProgress (3): 0.8/1.6 MB | 0.3/1.9 MB | 70/334 kBProgress (3): 0.8/1.6 MB | 0.3/1.9 MB | 75/334 kBProgress (3): 0.8/1.6 MB | 0.3/1.9 MB | 79/334 kBProgress (3): 0.8/1.6 MB | 0.3/1.9 MB | 83/334 kBProgress (3): 0.8/1.6 MB | 0.3/1.9 MB | 87/334 kBProgress (3): 0.8/1.6 MB | 0.3/1.9 MB | 92/334 kBProgress (3): 0.8/1.6 MB | 0.3/1.9 MB | 96/334 kBProgress (3): 0.8/1.6 MB | 0.3/1.9 MB | 100/334 kBProgress (3): 0.8/1.6 MB | 0.3/1.9 MB | 104/334 kBProgress (3): 0.8/1.6 MB | 0.3/1.9 MB | 108/334 kBProgress (3): 0.8/1.6 MB | 0.3/1.9 MB | 113/334 kBProgress (3): 0.8/1.6 MB | 0.3/1.9 MB | 117/334 kBProgress (3): 0.8/1.6 MB | 0.3/1.9 MB | 121/334 kBProgress (3): 0.8/1.6 MB | 0.3/1.9 MB | 125/334 kBProgress (3): 0.8/1.6 MB | 0.3/1.9 MB | 125/334 kBProgress (3): 0.8/1.6 MB | 0.3/1.9 MB | 125/334 kBProgress (3): 0.8/1.6 MB | 0.3/1.9 MB | 130/334 kBProgress (3): 0.8/1.6 MB | 0.3/1.9 MB | 134/334 kBProgress (4): 0.8/1.6 MB | 0.3/1.9 MB | 134/334 kB | 0.9/10 kBProgress (4): 0.8/1.6 MB | 0.3/1.9 MB | 134/334 kB | 2.3/10 kBProgress (4): 0.8/1.6 MB | 0.3/1.9 MB | 134/334 kB | 3.4/10 kBProgress (4): 0.8/1.6 MB | 0.3/1.9 MB | 134/334 kB | 4.7/10 kBProgress (4): 0.8/1.6 MB | 0.3/1.9 MB | 134/334 kB | 6.1/10 kBProgress (4): 0.8/1.6 MB | 0.3/1.9 MB | 134/334 kB | 7.5/10 kBProgress (4): 0.8/1.6 MB | 0.3/1.9 MB | 134/334 kB | 8.9/10 kBProgress (4): 0.8/1.6 MB | 0.3/1.9 MB | 134/334 kB | 10/10 kB Progress (4): 0.8/1.6 MB | 0.3/1.9 MB | 134/334 kB | 10 kB                                                             Downloaded from central: https://repo.maven.apache.org/maven2/com/fasterxml/jackson/module/jackson-module-parameter-names/2.15.3/jackson-module-parameter-names-2.15.3.jar (10 kB at 21 kB/s)
Downloading from central: https://repo.maven.apache.org/maven2/org/apache/tomcat/embed/tomcat-embed-core/10.1.17/tomcat-embed-core-10.1.17.jar
Progress (3): 0.8/1.6 MB | 0.4/1.9 MB | 134/334 kBProgress (4): 0.8/1.6 MB | 0.4/1.9 MB | 134/334 kB | 3.8/4.8 kBProgress (4): 0.8/1.6 MB | 0.4/1.9 MB | 134/334 kB | 4.8 kB                                                               Downloaded from central: https://repo.maven.apache.org/maven2/org/springframework/boot/spring-boot-starter-tomcat/3.2.1/spring-boot-starter-tomcat-3.2.1.jar (4.8 kB at 9.1 kB/s)
Downloading from central: https://repo.maven.apache.org/maven2/org/apache/tomcat/embed/tomcat-embed-websocket/10.1.17/tomcat-embed-websocket-10.1.17.jar
Progress (3): 0.8/1.6 MB | 0.4/1.9 MB | 138/334 kBProgress (3): 0.8/1.6 MB | 0.4/1.9 MB | 142/334 kBProgress (3): 0.8/1.6 MB | 0.4/1.9 MB | 146/334 kBProgress (3): 0.8/1.6 MB | 0.4/1.9 MB | 147/334 kBProgress (3): 0.8/1.6 MB | 0.4/1.9 MB | 152/334 kBProgress (3): 0.8/1.6 MB | 0.4/1.9 MB | 156/334 kBProgress (3): 0.8/1.6 MB | 0.4/1.9 MB | 160/334 kBProgress (3): 0.8/1.6 MB | 0.4/1.9 MB | 164/334 kBProgress (3): 0.8/1.6 MB | 0.4/1.9 MB | 168/334 kBProgress (3): 0.8/1.6 MB | 0.4/1.9 MB | 172/334 kBProgress (3): 0.8/1.6 MB | 0.4/1.9 MB | 176/334 kBProgress (3): 0.8/1.6 MB | 0.4/1.9 MB | 180/334 kBProgress (3): 0.8/1.6 MB | 0.4/1.9 MB | 185/334 kBProgress (3): 0.8/1.6 MB | 0.4/1.9 MB | 189/334 kBProgress (3): 0.8/1.6 MB | 0.4/1.9 MB | 193/334 kBProgress (3): 0.8/1.6 MB | 0.4/1.9 MB | 197/334 kBProgress (3): 0.8/1.6 MB | 0.4/1.9 MB | 201/334 kBProgress (3): 0.8/1.6 MB | 0.4/1.9 MB | 205/334 kBProgress (3): 0.8/1.6 MB | 0.4/1.9 MB | 209/334 kBProgress (3): 0.8/1.6 MB | 0.4/1.9 MB | 213/334 kBProgress (3): 0.8/1.6 MB | 0.4/1.9 MB | 221/334 kBProgress (3): 0.8/1.6 MB | 0.4/1.9 MB | 238/334 kBProgress (3): 0.8/1.6 MB | 0.4/1.9 MB | 254/334 kBProgress (3): 0.8/1.6 MB | 0.4/1.9 MB | 254/334 kBProgress (3): 0.8/1.6 MB | 0.4/1.9 MB | 254/334 kBProgress (3): 0.8/1.6 MB | 0.4/1.9 MB | 254/334 kBProgress (3): 0.8/1.6 MB | 0.4/1.9 MB | 254/334 kBProgress (3): 0.8/1.6 MB | 0.4/1.9 MB | 254/334 kBProgress (3): 0.8/1.6 MB | 0.5/1.9 MB | 254/334 kBProgress (3): 0.8/1.6 MB | 0.5/1.9 MB | 254/334 kBProgress (3): 0.8/1.6 MB | 0.5/1.9 MB | 254/334 kBProgress (3): 0.8/1.6 MB | 0.5/1.9 MB | 270/334 kBProgress (3): 0.8/1.6 MB | 0.5/1.9 MB | 287/334 kBProgress (3): 0.9/1.6 MB | 0.5/1.9 MB | 287/334 kBProgress (3): 0.9/1.6 MB | 0.5/1.9 MB | 287/334 kBProgress (3): 0.9/1.6 MB | 0.5/1.9 MB | 303/334 kBProgress (3): 0.9/1.6 MB | 0.5/1.9 MB | 319/334 kBProgress (3): 0.9/1.6 MB | 0.5/1.9 MB | 334 kB                                                  Downloaded from central: https://repo.maven.apache.org/maven2/org/yaml/snakeyaml/2.2/snakeyaml-2.2.jar (334 kB at 580 kB/s)
Downloading from central: https://repo.maven.apache.org/maven2/org/springframework/spring-web/6.1.2/spring-web-6.1.2.jar
Progress (2): 0.9/1.6 MB | 0.5/1.9 MBProgress (2): 0.9/1.6 MB | 0.5/1.9 MBProgress (2): 0.9/1.6 MB | 0.5/1.9 MBProgress (3): 0.9/1.6 MB | 0.5/1.9 MB | 0/3.5 MBProgress (3): 0.9/1.6 MB | 0.5/1.9 MB | 0/3.5 MBProgress (3): 0.9/1.6 MB | 0.5/1.9 MB | 0/3.5 MBProgress (3): 0.9/1.6 MB | 0.5/1.9 MB | 0/3.5 MBProgress (3): 0.9/1.6 MB | 0.5/1.9 MB | 0/3.5 MBProgress (3): 0.9/1.6 MB | 0.5/1.9 MB | 0/3.5 MBProgress (3): 0.9/1.6 MB | 0.5/1.9 MB | 0/3.5 MBProgress (3): 0.9/1.6 MB | 0.5/1.9 MB | 0/3.5 MBProgress (3): 0.9/1.6 MB | 0.5/1.9 MB | 0/3.5 MBProgress (3): 0.9/1.6 MB | 0.5/1.9 MB | 0/3.5 MBProgress (3): 0.9/1.6 MB | 0.5/1.9 MB | 0/3.5 MBProgress (3): 0.9/1.6 MB | 0.5/1.9 MB | 0/3.5 MBProgress (3): 0.9/1.6 MB | 0.5/1.9 MB | 0/3.5 MBProgress (3): 0.9/1.6 MB | 0.5/1.9 MB | 0/3.5 MBProgress (3): 0.9/1.6 MB | 0.5/1.9 MB | 0/3.5 MBProgress (3): 0.9/1.6 MB | 0.5/1.9 MB | 0/3.5 MBProgress (3): 0.9/1.6 MB | 0.5/1.9 MB | 0/3.5 MBProgress (3): 0.9/1.6 MB | 0.5/1.9 MB | 0/3.5 MBProgress (3): 0.9/1.6 MB | 0.5/1.9 MB | 0/3.5 MBProgress (3): 0.9/1.6 MB | 0.5/1.9 MB | 0/3.5 MBProgress (3): 0.9/1.6 MB | 0.5/1.9 MB | 0/3.5 MBProgress (3): 0.9/1.6 MB | 0.5/1.9 MB | 0/3.5 MBProgress (3): 0.9/1.6 MB | 0.5/1.9 MB | 0/3.5 MBProgress (3): 0.9/1.6 MB | 0.5/1.9 MB | 0/3.5 MBProgress (3): 0.9/1.6 MB | 0.5/1.9 MB | 0/3.5 MBProgress (3): 0.9/1.6 MB | 0.5/1.9 MB | 0/3.5 MBProgress (3): 0.9/1.6 MB | 0.5/1.9 MB | 0/3.5 MBProgress (3): 0.9/1.6 MB | 0.5/1.9 MB | 0/3.5 MBProgress (3): 0.9/1.6 MB | 0.5/1.9 MB | 0.1/3.5 MBProgress (3): 0.9/1.6 MB | 0.5/1.9 MB | 0.1/3.5 MBProgress (3): 0.9/1.6 MB | 0.5/1.9 MB | 0.1/3.5 MBProgress (3): 0.9/1.6 MB | 0.6/1.9 MB | 0.1/3.5 MBProgress (4): 0.9/1.6 MB | 0.6/1.9 MB | 0.1/3.5 MB | 3.8/281 kBProgress (4): 0.9/1.6 MB | 0.6/1.9 MB | 0.1/3.5 MB | 8.0/281 kBProgress (4): 0.9/1.6 MB | 0.6/1.9 MB | 0.1/3.5 MB | 12/281 kB Progress (4): 0.9/1.6 MB | 0.6/1.9 MB | 0.1/3.5 MB | 16/281 kBProgress (4): 0.9/1.6 MB | 0.6/1.9 MB | 0.1/3.5 MB | 20/281 kBProgress (4): 0.9/1.6 MB | 0.6/1.9 MB | 0.1/3.5 MB | 24/281 kBProgress (4): 0.9/1.6 MB | 0.6/1.9 MB | 0.1/3.5 MB | 28/281 kBProgress (4): 0.9/1.6 MB | 0.6/1.9 MB | 0.1/3.5 MB | 33/281 kBProgress (4): 0.9/1.6 MB | 0.6/1.9 MB | 0.1/3.5 MB | 37/281 kBProgress (4): 0.9/1.6 MB | 0.6/1.9 MB | 0.1/3.5 MB | 41/281 kBProgress (4): 0.9/1.6 MB | 0.6/1.9 MB | 0.1/3.5 MB | 45/281 kBProgress (4): 0.9/1.6 MB | 0.6/1.9 MB | 0.1/3.5 MB | 50/281 kBProgress (4): 0.9/1.6 MB | 0.6/1.9 MB | 0.1/3.5 MB | 54/281 kBProgress (4): 0.9/1.6 MB | 0.6/1.9 MB | 0.1/3.5 MB | 58/281 kBProgress (4): 0.9/1.6 MB | 0.6/1.9 MB | 0.1/3.5 MB | 61/281 kBProgress (4): 0.9/1.6 MB | 0.6/1.9 MB | 0.1/3.5 MB | 61/281 kBProgress (4): 0.9/1.6 MB | 0.6/1.9 MB | 0.1/3.5 MB | 61/281 kBProgress (4): 0.9/1.6 MB | 0.6/1.9 MB | 0.1/3.5 MB | 61/281 kBProgress (4): 0.9/1.6 MB | 0.6/1.9 MB | 0.1/3.5 MB | 61/281 kBProgress (4): 0.9/1.6 MB | 0.6/1.9 MB | 0.1/3.5 MB | 61/281 kBProgress (4): 0.9/1.6 MB | 0.6/1.9 MB | 0.1/3.5 MB | 61/281 kBProgress (4): 0.9/1.6 MB | 0.6/1.9 MB | 0.1/3.5 MB | 61/281 kBProgress (4): 0.9/1.6 MB | 0.6/1.9 MB | 0.1/3.5 MB | 61/281 kBProgress (4): 0.9/1.6 MB | 0.6/1.9 MB | 0.1/3.5 MB | 61/281 kBProgress (4): 0.9/1.6 MB | 0.6/1.9 MB | 0.1/3.5 MB | 61/281 kBProgress (4): 0.9/1.6 MB | 0.6/1.9 MB | 0.1/3.5 MB | 61/281 kBProgress (4): 0.9/1.6 MB | 0.6/1.9 MB | 0.1/3.5 MB | 61/281 kBProgress (4): 0.9/1.6 MB | 0.6/1.9 MB | 0.1/3.5 MB | 61/281 kBProgress (4): 0.9/1.6 MB | 0.6/1.9 MB | 0.1/3.5 MB | 61/281 kBProgress (4): 0.9/1.6 MB | 0.6/1.9 MB | 0.1/3.5 MB | 61/281 kBProgress (4): 0.9/1.6 MB | 0.6/1.9 MB | 0.1/3.5 MB | 61/281 kBProgress (4): 0.9/1.6 MB | 0.6/1.9 MB | 0.1/3.5 MB | 61/281 kBProgress (4): 0.9/1.6 MB | 0.6/1.9 MB | 0.1/3.5 MB | 61/281 kBProgress (4): 0.9/1.6 MB | 0.6/1.9 MB | 0.1/3.5 MB | 61/281 kBProgress (4): 0.9/1.6 MB | 0.6/1.9 MB | 0.1/3.5 MB | 61/281 kBProgress (5): 0.9/1.6 MB | 0.6/1.9 MB | 0.1/3.5 MB | 61/281 kB | 0/1.9 MBProgress (5): 0.9/1.6 MB | 0.6/1.9 MB | 0.1/3.5 MB | 61/281 kB | 0/1.9 MBProgress (5): 0.9/1.6 MB | 0.6/1.9 MB | 0.1/3.5 MB | 61/281 kB | 0/1.9 MBProgress (5): 0.9/1.6 MB | 0.6/1.9 MB | 0.1/3.5 MB | 61/281 kB | 0/1.9 MBProgress (5): 0.9/1.6 MB | 0.7/1.9 MB | 0.1/3.5 MB | 61/281 kB | 0/1.9 MBProgress (5): 0.9/1.6 MB | 0.7/1.9 MB | 0.1/3.5 MB | 61/281 kB | 0.1/1.9 MBProgress (5): 0.9/1.6 MB | 0.7/1.9 MB | 0.1/3.5 MB | 61/281 kB | 0.1/1.9 MBProgress (5): 0.9/1.6 MB | 0.7/1.9 MB | 0.1/3.5 MB | 61/281 kB | 0.1/1.9 MBProgress (5): 0.9/1.6 MB | 0.7/1.9 MB | 0.1/3.5 MB | 61/281 kB | 0.1/1.9 MBProgress (5): 0.9/1.6 MB | 0.7/1.9 MB | 0.1/3.5 MB | 61/281 kB | 0.1/1.9 MBProgress (5): 0.9/1.6 MB | 0.7/1.9 MB | 0.1/3.5 MB | 61/281 kB | 0.1/1.9 MBProgress (5): 0.9/1.6 MB | 0.7/1.9 MB | 0.1/3.5 MB | 61/281 kB | 0.2/1.9 MBProgress (5): 0.9/1.6 MB | 0.7/1.9 MB | 0.1/3.5 MB | 61/281 kB | 0.2/1.9 MBProgress (5): 0.9/1.6 MB | 0.7/1.9 MB | 0.1/3.5 MB | 61/281 kB | 0.2/1.9 MBProgress (5): 0.9/1.6 MB | 0.7/1.9 MB | 0.1/3.5 MB | 61/281 kB | 0.2/1.9 MBProgress (5): 0.9/1.6 MB | 0.7/1.9 MB | 0.1/3.5 MB | 61/281 kB | 0.2/1.9 MBProgress (5): 0.9/1.6 MB | 0.7/1.9 MB | 0.1/3.5 MB | 61/281 kB | 0.2/1.9 MBProgress (5): 0.9/1.6 MB | 0.7/1.9 MB | 0.1/3.5 MB | 65/281 kB | 0.2/1.9 MBProgress (5): 0.9/1.6 MB | 0.7/1.9 MB | 0.1/3.5 MB | 69/281 kB | 0.2/1.9 MBProgress (5): 0.9/1.6 MB | 0.7/1.9 MB | 0.1/3.5 MB | 69/281 kB | 0.2/1.9 MBProgress (5): 0.9/1.6 MB | 0.7/1.9 MB | 0.1/3.5 MB | 69/281 kB | 0.2/1.9 MBProgress (5): 0.9/1.6 MB | 0.7/1.9 MB | 0.1/3.5 MB | 69/281 kB | 0.2/1.9 MBProgress (5): 0.9/1.6 MB | 0.7/1.9 MB | 0.1/3.5 MB | 69/281 kB | 0.2/1.9 MBProgress (5): 0.9/1.6 MB | 0.7/1.9 MB | 0.1/3.5 MB | 69/281 kB | 0.2/1.9 MBProgress (5): 0.9/1.6 MB | 0.7/1.9 MB | 0.1/3.5 MB | 69/281 kB | 0.2/1.9 MBProgress (5): 0.9/1.6 MB | 0.7/1.9 MB | 0.1/3.5 MB | 69/281 kB | 0.2/1.9 MBProgress (5): 0.9/1.6 MB | 0.7/1.9 MB | 0.2/3.5 MB | 69/281 kB | 0.2/1.9 MBProgress (5): 0.9/1.6 MB | 0.7/1.9 MB | 0.2/3.5 MB | 69/281 kB | 0.2/1.9 MBProgress (5): 0.9/1.6 MB | 0.7/1.9 MB | 0.2/3.5 MB | 69/281 kB | 0.2/1.9 MBProgress (5): 0.9/1.6 MB | 0.7/1.9 MB | 0.2/3.5 MB | 69/281 kB | 0.2/1.9 MBProgress (5): 0.9/1.6 MB | 0.7/1.9 MB | 0.2/3.5 MB | 69/281 kB | 0.2/1.9 MBProgress (5): 0.9/1.6 MB | 0.7/1.9 MB | 0.2/3.5 MB | 69/281 kB | 0.2/1.9 MBProgress (5): 0.9/1.6 MB | 0.7/1.9 MB | 0.2/3.5 MB | 69/281 kB | 0.2/1.9 MBProgress (5): 0.9/1.6 MB | 0.7/1.9 MB | 0.2/3.5 MB | 69/281 kB | 0.2/1.9 MBProgress (5): 0.9/1.6 MB | 0.7/1.9 MB | 0.2/3.5 MB | 69/281 kB | 0.2/1.9 MBProgress (5): 0.9/1.6 MB | 0.7/1.9 MB | 0.2/3.5 MB | 69/281 kB | 0.2/1.9 MBProgress (5): 0.9/1.6 MB | 0.7/1.9 MB | 0.2/3.5 MB | 69/281 kB | 0.2/1.9 MBProgress (5): 0.9/1.6 MB | 0.7/1.9 MB | 0.2/3.5 MB | 69/281 kB | 0.2/1.9 MBProgress (5): 0.9/1.6 MB | 0.7/1.9 MB | 0.2/3.5 MB | 69/281 kB | 0.2/1.9 MBProgress (5): 0.9/1.6 MB | 0.7/1.9 MB | 0.2/3.5 MB | 69/281 kB | 0.2/1.9 MBProgress (5): 0.9/1.6 MB | 0.7/1.9 MB | 0.2/3.5 MB | 69/281 kB | 0.2/1.9 MBProgress (5): 0.9/1.6 MB | 0.7/1.9 MB | 0.3/3.5 MB | 69/281 kB | 0.2/1.9 MBProgress (5): 0.9/1.6 MB | 0.7/1.9 MB | 0.3/3.5 MB | 69/281 kB | 0.2/1.9 MBProgress (5): 0.9/1.6 MB | 0.7/1.9 MB | 0.3/3.5 MB | 69/281 kB | 0.2/1.9 MBProgress (5): 0.9/1.6 MB | 0.7/1.9 MB | 0.3/3.5 MB | 69/281 kB | 0.2/1.9 MBProgress (5): 0.9/1.6 MB | 0.7/1.9 MB | 0.3/3.5 MB | 69/281 kB | 0.2/1.9 MBProgress (5): 0.9/1.6 MB | 0.7/1.9 MB | 0.3/3.5 MB | 69/281 kB | 0.2/1.9 MBProgress (5): 0.9/1.6 MB | 0.7/1.9 MB | 0.3/3.5 MB | 69/281 kB | 0.2/1.9 MBProgress (5): 0.9/1.6 MB | 0.7/1.9 MB | 0.3/3.5 MB | 69/281 kB | 0.2/1.9 MBProgress (5): 1.0/1.6 MB | 0.7/1.9 MB | 0.3/3.5 MB | 69/281 kB | 0.2/1.9 MBProgress (5): 1.0/1.6 MB | 0.7/1.9 MB | 0.3/3.5 MB | 69/281 kB | 0.2/1.9 MBProgress (5): 1.0/1.6 MB | 0.7/1.9 MB | 0.3/3.5 MB | 69/281 kB | 0.2/1.9 MBProgress (5): 1.0/1.6 MB | 0.7/1.9 MB | 0.3/3.5 MB | 69/281 kB | 0.2/1.9 MBProgress (5): 1.0/1.6 MB | 0.7/1.9 MB | 0.3/3.5 MB | 69/281 kB | 0.2/1.9 MBProgress (5): 1.0/1.6 MB | 0.7/1.9 MB | 0.3/3.5 MB | 69/281 kB | 0.2/1.9 MBProgress (5): 1.1/1.6 MB | 0.7/1.9 MB | 0.3/3.5 MB | 69/281 kB | 0.2/1.9 MBProgress (5): 1.1/1.6 MB | 0.7/1.9 MB | 0.3/3.5 MB | 73/281 kB | 0.2/1.9 MBProgress (5): 1.1/1.6 MB | 0.7/1.9 MB | 0.3/3.5 MB | 78/281 kB | 0.2/1.9 MBProgress (5): 1.1/1.6 MB | 0.7/1.9 MB | 0.3/3.5 MB | 82/281 kB | 0.2/1.9 MBProgress (5): 1.1/1.6 MB | 0.7/1.9 MB | 0.3/3.5 MB | 82/281 kB | 0.2/1.9 MBProgress (5): 1.1/1.6 MB | 0.7/1.9 MB | 0.3/3.5 MB | 82/281 kB | 0.2/1.9 MBProgress (5): 1.1/1.6 MB | 0.7/1.9 MB | 0.3/3.5 MB | 86/281 kB | 0.2/1.9 MBProgress (5): 1.1/1.6 MB | 0.7/1.9 MB | 0.3/3.5 MB | 90/281 kB | 0.2/1.9 MBProgress (5): 1.1/1.6 MB | 0.7/1.9 MB | 0.3/3.5 MB | 95/281 kB | 0.2/1.9 MBProgress (5): 1.1/1.6 MB | 0.7/1.9 MB | 0.3/3.5 MB | 99/281 kB | 0.2/1.9 MBProgress (5): 1.1/1.6 MB | 0.7/1.9 MB | 0.3/3.5 MB | 103/281 kB | 0.2/1.9 MBProgress (5): 1.1/1.6 MB | 0.7/1.9 MB | 0.3/3.5 MB | 107/281 kB | 0.2/1.9 MBProgress (5): 1.1/1.6 MB | 0.7/1.9 MB | 0.3/3.5 MB | 111/281 kB | 0.2/1.9 MBProgress (5): 1.1/1.6 MB | 0.7/1.9 MB | 0.3/3.5 MB | 116/281 kB | 0.2/1.9 MBProgress (5): 1.1/1.6 MB | 0.7/1.9 MB | 0.3/3.5 MB | 120/281 kB | 0.2/1.9 MBProgress (5): 1.1/1.6 MB | 0.7/1.9 MB | 0.3/3.5 MB | 124/281 kB | 0.2/1.9 MBProgress (5): 1.1/1.6 MB | 0.7/1.9 MB | 0.3/3.5 MB | 128/281 kB | 0.2/1.9 MBProgress (5): 1.1/1.6 MB | 0.7/1.9 MB | 0.3/3.5 MB | 128/281 kB | 0.2/1.9 MBProgress (5): 1.1/1.6 MB | 0.7/1.9 MB | 0.3/3.5 MB | 128/281 kB | 0.2/1.9 MBProgress (5): 1.1/1.6 MB | 0.7/1.9 MB | 0.3/3.5 MB | 128/281 kB | 0.2/1.9 MBProgress (5): 1.1/1.6 MB | 0.7/1.9 MB | 0.3/3.5 MB | 128/281 kB | 0.2/1.9 MBProgress (5): 1.1/1.6 MB | 0.7/1.9 MB | 0.3/3.5 MB | 128/281 kB | 0.2/1.9 MBProgress (5): 1.1/1.6 MB | 0.8/1.9 MB | 0.3/3.5 MB | 128/281 kB | 0.2/1.9 MBProgress (5): 1.1/1.6 MB | 0.8/1.9 MB | 0.3/3.5 MB | 128/281 kB | 0.2/1.9 MBProgress (5): 1.1/1.6 MB | 0.8/1.9 MB | 0.3/3.5 MB | 128/281 kB | 0.3/1.9 MBProgress (5): 1.1/1.6 MB | 0.8/1.9 MB | 0.3/3.5 MB | 128/281 kB | 0.3/1.9 MBProgress (5): 1.1/1.6 MB | 0.8/1.9 MB | 0.3/3.5 MB | 128/281 kB | 0.3/1.9 MBProgress (5): 1.1/1.6 MB | 0.8/1.9 MB | 0.3/3.5 MB | 128/281 kB | 0.3/1.9 MBProgress (5): 1.1/1.6 MB | 0.8/1.9 MB | 0.3/3.5 MB | 128/281 kB | 0.3/1.9 MBProgress (5): 1.1/1.6 MB | 0.8/1.9 MB | 0.3/3.5 MB | 128/281 kB | 0.3/1.9 MBProgress (5): 1.1/1.6 MB | 0.8/1.9 MB | 0.3/3.5 MB | 128/281 kB | 0.4/1.9 MBProgress (5): 1.1/1.6 MB | 0.8/1.9 MB | 0.3/3.5 MB | 128/281 kB | 0.4/1.9 MBProgress (5): 1.1/1.6 MB | 0.8/1.9 MB | 0.3/3.5 MB | 128/281 kB | 0.4/1.9 MBProgress (5): 1.1/1.6 MB | 0.8/1.9 MB | 0.3/3.5 MB | 128/281 kB | 0.4/1.9 MBProgress (5): 1.1/1.6 MB | 0.8/1.9 MB | 0.3/3.5 MB | 128/281 kB | 0.4/1.9 MBProgress (5): 1.1/1.6 MB | 0.8/1.9 MB | 0.3/3.5 MB | 128/281 kB | 0.4/1.9 MBProgress (5): 1.1/1.6 MB | 0.8/1.9 MB | 0.3/3.5 MB | 128/281 kB | 0.4/1.9 MBProgress (5): 1.1/1.6 MB | 0.8/1.9 MB | 0.3/3.5 MB | 128/281 kB | 0.4/1.9 MBProgress (5): 1.1/1.6 MB | 0.8/1.9 MB | 0.3/3.5 MB | 128/281 kB | 0.4/1.9 MBProgress (5): 1.1/1.6 MB | 0.8/1.9 MB | 0.3/3.5 MB | 128/281 kB | 0.4/1.9 MBProgress (5): 1.1/1.6 MB | 0.8/1.9 MB | 0.3/3.5 MB | 128/281 kB | 0.4/1.9 MBProgress (5): 1.1/1.6 MB | 0.8/1.9 MB | 0.3/3.5 MB | 128/281 kB | 0.4/1.9 MBProgress (5): 1.1/1.6 MB | 0.8/1.9 MB | 0.4/3.5 MB | 128/281 kB | 0.4/1.9 MBProgress (5): 1.1/1.6 MB | 0.8/1.9 MB | 0.4/3.5 MB | 128/281 kB | 0.5/1.9 MBProgress (5): 1.1/1.6 MB | 0.8/1.9 MB | 0.4/3.5 MB | 128/281 kB | 0.5/1.9 MBProgress (5): 1.1/1.6 MB | 0.8/1.9 MB | 0.4/3.5 MB | 128/281 kB | 0.5/1.9 MBProgress (5): 1.1/1.6 MB | 0.8/1.9 MB | 0.4/3.5 MB | 128/281 kB | 0.5/1.9 MBProgress (5): 1.1/1.6 MB | 0.8/1.9 MB | 0.4/3.5 MB | 128/281 kB | 0.5/1.9 MBProgress (5): 1.1/1.6 MB | 0.8/1.9 MB | 0.4/3.5 MB | 128/281 kB | 0.5/1.9 MBProgress (5): 1.1/1.6 MB | 0.8/1.9 MB | 0.4/3.5 MB | 128/281 kB | 0.5/1.9 MBProgress (5): 1.1/1.6 MB | 0.8/1.9 MB | 0.4/3.5 MB | 128/281 kB | 0.5/1.9 MBProgress (5): 1.1/1.6 MB | 0.8/1.9 MB | 0.4/3.5 MB | 128/281 kB | 0.5/1.9 MBProgress (5): 1.1/1.6 MB | 0.8/1.9 MB | 0.5/3.5 MB | 128/281 kB | 0.5/1.9 MBProgress (5): 1.1/1.6 MB | 0.8/1.9 MB | 0.5/3.5 MB | 128/281 kB | 0.5/1.9 MBProgress (5): 1.1/1.6 MB | 0.8/1.9 MB | 0.5/3.5 MB | 128/281 kB | 0.5/1.9 MBProgress (5): 1.1/1.6 MB | 0.8/1.9 MB | 0.5/3.5 MB | 128/281 kB | 0.5/1.9 MBProgress (5): 1.1/1.6 MB | 0.8/1.9 MB | 0.5/3.5 MB | 128/281 kB | 0.5/1.9 MBProgress (5): 1.1/1.6 MB | 0.8/1.9 MB | 0.5/3.5 MB | 128/281 kB | 0.5/1.9 MBProgress (5): 1.2/1.6 MB | 0.8/1.9 MB | 0.5/3.5 MB | 128/281 kB | 0.5/1.9 MBProgress (5): 1.2/1.6 MB | 0.8/1.9 MB | 0.5/3.5 MB | 128/281 kB | 0.5/1.9 MBProgress (5): 1.2/1.6 MB | 0.8/1.9 MB | 0.5/3.5 MB | 128/281 kB | 0.5/1.9 MBProgress (5): 1.2/1.6 MB | 0.8/1.9 MB | 0.5/3.5 MB | 128/281 kB | 0.6/1.9 MBProgress (5): 1.2/1.6 MB | 0.8/1.9 MB | 0.5/3.5 MB | 128/281 kB | 0.6/1.9 MBProgress (5): 1.2/1.6 MB | 0.8/1.9 MB | 0.5/3.5 MB | 128/281 kB | 0.6/1.9 MBProgress (5): 1.2/1.6 MB | 0.8/1.9 MB | 0.6/3.5 MB | 128/281 kB | 0.6/1.9 MBProgress (5): 1.2/1.6 MB | 0.8/1.9 MB | 0.6/3.5 MB | 128/281 kB | 0.6/1.9 MBProgress (5): 1.2/1.6 MB | 0.8/1.9 MB | 0.6/3.5 MB | 128/281 kB | 0.6/1.9 MBProgress (5): 1.2/1.6 MB | 0.8/1.9 MB | 0.6/3.5 MB | 128/281 kB | 0.6/1.9 MBProgress (5): 1.2/1.6 MB | 0.8/1.9 MB | 0.6/3.5 MB | 128/281 kB | 0.6/1.9 MBProgress (5): 1.2/1.6 MB | 0.8/1.9 MB | 0.6/3.5 MB | 128/281 kB | 0.6/1.9 MBProgress (5): 1.2/1.6 MB | 0.8/1.9 MB | 0.6/3.5 MB | 128/281 kB | 0.6/1.9 MBProgress (5): 1.2/1.6 MB | 0.8/1.9 MB | 0.6/3.5 MB | 128/281 kB | 0.6/1.9 MBProgress (5): 1.2/1.6 MB | 0.8/1.9 MB | 0.6/3.5 MB | 128/281 kB | 0.6/1.9 MBProgress (5): 1.2/1.6 MB | 0.8/1.9 MB | 0.6/3.5 MB | 128/281 kB | 0.6/1.9 MBProgress (5): 1.3/1.6 MB | 0.8/1.9 MB | 0.6/3.5 MB | 128/281 kB | 0.6/1.9 MBProgress (5): 1.3/1.6 MB | 0.8/1.9 MB | 0.7/3.5 MB | 128/281 kB | 0.6/1.9 MBProgress (5): 1.3/1.6 MB | 0.8/1.9 MB | 0.7/3.5 MB | 128/281 kB | 0.6/1.9 MBProgress (5): 1.3/1.6 MB | 0.8/1.9 MB | 0.7/3.5 MB | 128/281 kB | 0.6/1.9 MBProgress (5): 1.3/1.6 MB | 0.8/1.9 MB | 0.7/3.5 MB | 128/281 kB | 0.6/1.9 MBProgress (5): 1.3/1.6 MB | 0.8/1.9 MB | 0.7/3.5 MB | 128/281 kB | 0.6/1.9 MBProgress (5): 1.3/1.6 MB | 0.9/1.9 MB | 0.7/3.5 MB | 128/281 kB | 0.6/1.9 MBProgress (5): 1.3/1.6 MB | 0.9/1.9 MB | 0.7/3.5 MB | 128/281 kB | 0.6/1.9 MBProgress (5): 1.3/1.6 MB | 0.9/1.9 MB | 0.7/3.5 MB | 128/281 kB | 0.6/1.9 MBProgress (5): 1.3/1.6 MB | 0.9/1.9 MB | 0.7/3.5 MB | 128/281 kB | 0.6/1.9 MBProgress (5): 1.3/1.6 MB | 0.9/1.9 MB | 0.7/3.5 MB | 128/281 kB | 0.6/1.9 MBProgress (5): 1.3/1.6 MB | 0.9/1.9 MB | 0.7/3.5 MB | 128/281 kB | 0.6/1.9 MBProgress (5): 1.3/1.6 MB | 0.9/1.9 MB | 0.7/3.5 MB | 128/281 kB | 0.6/1.9 MBProgress (5): 1.3/1.6 MB | 0.9/1.9 MB | 0.7/3.5 MB | 128/281 kB | 0.6/1.9 MBProgress (5): 1.3/1.6 MB | 0.9/1.9 MB | 0.7/3.5 MB | 128/281 kB | 0.6/1.9 MBProgress (5): 1.3/1.6 MB | 0.9/1.9 MB | 0.7/3.5 MB | 128/281 kB | 0.6/1.9 MBProgress (5): 1.3/1.6 MB | 0.9/1.9 MB | 0.7/3.5 MB | 128/281 kB | 0.6/1.9 MBProgress (5): 1.3/1.6 MB | 0.9/1.9 MB | 0.7/3.5 MB | 128/281 kB | 0.6/1.9 MBProgress (5): 1.3/1.6 MB | 0.9/1.9 MB | 0.7/3.5 MB | 128/281 kB | 0.6/1.9 MBProgress (5): 1.3/1.6 MB | 0.9/1.9 MB | 0.7/3.5 MB | 128/281 kB | 0.6/1.9 MBProgress (5): 1.3/1.6 MB | 0.9/1.9 MB | 0.7/3.5 MB | 128/281 kB | 0.6/1.9 MBProgress (5): 1.3/1.6 MB | 0.9/1.9 MB | 0.7/3.5 MB | 128/281 kB | 0.6/1.9 MBProgress (5): 1.3/1.6 MB | 0.9/1.9 MB | 0.7/3.5 MB | 128/281 kB | 0.6/1.9 MBProgress (5): 1.3/1.6 MB | 0.9/1.9 MB | 0.7/3.5 MB | 128/281 kB | 0.6/1.9 MBProgress (5): 1.4/1.6 MB | 0.9/1.9 MB | 0.7/3.5 MB | 128/281 kB | 0.6/1.9 MBProgress (5): 1.4/1.6 MB | 0.9/1.9 MB | 0.7/3.5 MB | 128/281 kB | 0.6/1.9 MBProgress (5): 1.4/1.6 MB | 0.9/1.9 MB | 0.7/3.5 MB | 128/281 kB | 0.6/1.9 MBProgress (5): 1.4/1.6 MB | 0.9/1.9 MB | 0.7/3.5 MB | 128/281 kB | 0.7/1.9 MBProgress (5): 1.4/1.6 MB | 0.9/1.9 MB | 0.7/3.5 MB | 128/281 kB | 0.7/1.9 MBProgress (5): 1.4/1.6 MB | 0.9/1.9 MB | 0.7/3.5 MB | 128/281 kB | 0.7/1.9 MBProgress (5): 1.4/1.6 MB | 0.9/1.9 MB | 0.7/3.5 MB | 128/281 kB | 0.7/1.9 MBProgress (5): 1.4/1.6 MB | 0.9/1.9 MB | 0.7/3.5 MB | 128/281 kB | 0.7/1.9 MBProgress (5): 1.4/1.6 MB | 0.9/1.9 MB | 0.7/3.5 MB | 128/281 kB | 0.7/1.9 MBProgress (5): 1.4/1.6 MB | 1.0/1.9 MB | 0.7/3.5 MB | 128/281 kB | 0.7/1.9 MBProgress (5): 1.4/1.6 MB | 1.0/1.9 MB | 0.8/3.5 MB | 128/281 kB | 0.7/1.9 MBProgress (5): 1.4/1.6 MB | 1.0/1.9 MB | 0.8/3.5 MB | 128/281 kB | 0.8/1.9 MBProgress (5): 1.4/1.6 MB | 1.0/1.9 MB | 0.8/3.5 MB | 128/281 kB | 0.8/1.9 MBProgress (5): 1.4/1.6 MB | 1.0/1.9 MB | 0.8/3.5 MB | 128/281 kB | 0.8/1.9 MBProgress (5): 1.4/1.6 MB | 1.0/1.9 MB | 0.8/3.5 MB | 128/281 kB | 0.8/1.9 MBProgress (5): 1.4/1.6 MB | 1.0/1.9 MB | 0.8/3.5 MB | 128/281 kB | 0.8/1.9 MBProgress (5): 1.4/1.6 MB | 1.0/1.9 MB | 0.8/3.5 MB | 128/281 kB | 0.8/1.9 MBProgress (5): 1.4/1.6 MB | 1.0/1.9 MB | 0.8/3.5 MB | 128/281 kB | 0.8/1.9 MBProgress (5): 1.4/1.6 MB | 1.0/1.9 MB | 0.8/3.5 MB | 128/281 kB | 0.8/1.9 MBProgress (5): 1.4/1.6 MB | 1.0/1.9 MB | 0.8/3.5 MB | 128/281 kB | 0.8/1.9 MBProgress (5): 1.4/1.6 MB | 1.0/1.9 MB | 0.8/3.5 MB | 128/281 kB | 0.8/1.9 MBProgress (5): 1.4/1.6 MB | 1.0/1.9 MB | 0.8/3.5 MB | 128/281 kB | 0.8/1.9 MBProgress (5): 1.4/1.6 MB | 1.0/1.9 MB | 0.8/3.5 MB | 128/281 kB | 0.8/1.9 MBProgress (5): 1.4/1.6 MB | 1.0/1.9 MB | 0.8/3.5 MB | 128/281 kB | 0.8/1.9 MBProgress (5): 1.4/1.6 MB | 1.0/1.9 MB | 0.8/3.5 MB | 128/281 kB | 0.8/1.9 MBProgress (5): 1.4/1.6 MB | 1.0/1.9 MB | 0.8/3.5 MB | 128/281 kB | 0.8/1.9 MBProgress (5): 1.4/1.6 MB | 1.0/1.9 MB | 0.8/3.5 MB | 128/281 kB | 0.8/1.9 MBProgress (5): 1.4/1.6 MB | 1.0/1.9 MB | 0.8/3.5 MB | 128/281 kB | 0.8/1.9 MBProgress (5): 1.4/1.6 MB | 1.0/1.9 MB | 0.8/3.5 MB | 128/281 kB | 0.8/1.9 MBProgress (5): 1.4/1.6 MB | 1.0/1.9 MB | 0.8/3.5 MB | 128/281 kB | 0.8/1.9 MBProgress (5): 1.4/1.6 MB | 1.1/1.9 MB | 0.8/3.5 MB | 128/281 kB | 0.8/1.9 MBProgress (5): 1.4/1.6 MB | 1.1/1.9 MB | 0.8/3.5 MB | 128/281 kB | 0.8/1.9 MBProgress (5): 1.4/1.6 MB | 1.1/1.9 MB | 0.8/3.5 MB | 128/281 kB | 0.8/1.9 MBProgress (5): 1.4/1.6 MB | 1.1/1.9 MB | 0.8/3.5 MB | 128/281 kB | 0.9/1.9 MBProgress (5): 1.4/1.6 MB | 1.1/1.9 MB | 0.9/3.5 MB | 128/281 kB | 0.9/1.9 MBProgress (5): 1.4/1.6 MB | 1.1/1.9 MB | 0.9/3.5 MB | 128/281 kB | 0.9/1.9 MBProgress (5): 1.5/1.6 MB | 1.1/1.9 MB | 0.9/3.5 MB | 128/281 kB | 0.9/1.9 MBProgress (5): 1.5/1.6 MB | 1.1/1.9 MB | 0.9/3.5 MB | 128/281 kB | 0.9/1.9 MBProgress (5): 1.5/1.6 MB | 1.1/1.9 MB | 0.9/3.5 MB | 128/281 kB | 0.9/1.9 MBProgress (5): 1.5/1.6 MB | 1.1/1.9 MB | 0.9/3.5 MB | 128/281 kB | 0.9/1.9 MBProgress (5): 1.5/1.6 MB | 1.1/1.9 MB | 0.9/3.5 MB | 128/281 kB | 0.9/1.9 MBProgress (5): 1.5/1.6 MB | 1.1/1.9 MB | 0.9/3.5 MB | 128/281 kB | 0.9/1.9 MBProgress (5): 1.5/1.6 MB | 1.1/1.9 MB | 0.9/3.5 MB | 128/281 kB | 0.9/1.9 MBProgress (5): 1.5/1.6 MB | 1.1/1.9 MB | 0.9/3.5 MB | 128/281 kB | 0.9/1.9 MBProgress (5): 1.5/1.6 MB | 1.1/1.9 MB | 0.9/3.5 MB | 128/281 kB | 0.9/1.9 MBProgress (5): 1.5/1.6 MB | 1.1/1.9 MB | 0.9/3.5 MB | 128/281 kB | 0.9/1.9 MBProgress (5): 1.5/1.6 MB | 1.1/1.9 MB | 0.9/3.5 MB | 128/281 kB | 0.9/1.9 MBProgress (5): 1.5/1.6 MB | 1.1/1.9 MB | 0.9/3.5 MB | 128/281 kB | 0.9/1.9 MBProgress (5): 1.5/1.6 MB | 1.1/1.9 MB | 0.9/3.5 MB | 128/281 kB | 0.9/1.9 MBProgress (5): 1.5/1.6 MB | 1.1/1.9 MB | 0.9/3.5 MB | 128/281 kB | 0.9/1.9 MBProgress (5): 1.5/1.6 MB | 1.1/1.9 MB | 0.9/3.5 MB | 128/281 kB | 1.0/1.9 MBProgress (5): 1.5/1.6 MB | 1.1/1.9 MB | 0.9/3.5 MB | 128/281 kB | 1.0/1.9 MBProgress (5): 1.5/1.6 MB | 1.1/1.9 MB | 0.9/3.5 MB | 128/281 kB | 1.0/1.9 MBProgress (5): 1.5/1.6 MB | 1.1/1.9 MB | 0.9/3.5 MB | 128/281 kB | 1.0/1.9 MBProgress (5): 1.5/1.6 MB | 1.1/1.9 MB | 0.9/3.5 MB | 128/281 kB | 1.0/1.9 MBProgress (5): 1.5/1.6 MB | 1.1/1.9 MB | 0.9/3.5 MB | 128/281 kB | 1.0/1.9 MBProgress (5): 1.5/1.6 MB | 1.1/1.9 MB | 0.9/3.5 MB | 128/281 kB | 1.0/1.9 MBProgress (5): 1.5/1.6 MB | 1.1/1.9 MB | 0.9/3.5 MB | 128/281 kB | 1.0/1.9 MBProgress (5): 1.5/1.6 MB | 1.1/1.9 MB | 0.9/3.5 MB | 128/281 kB | 1.0/1.9 MBProgress (5): 1.5/1.6 MB | 1.1/1.9 MB | 0.9/3.5 MB | 128/281 kB | 1.0/1.9 MBProgress (5): 1.5/1.6 MB | 1.1/1.9 MB | 0.9/3.5 MB | 128/281 kB | 1.0/1.9 MBProgress (5): 1.5/1.6 MB | 1.1/1.9 MB | 0.9/3.5 MB | 128/281 kB | 1.0/1.9 MBProgress (5): 1.5/1.6 MB | 1.2/1.9 MB | 0.9/3.5 MB | 128/281 kB | 1.0/1.9 MBProgress (5): 1.5/1.6 MB | 1.2/1.9 MB | 1.0/3.5 MB | 128/281 kB | 1.0/1.9 MBProgress (5): 1.5/1.6 MB | 1.2/1.9 MB | 1.0/3.5 MB | 128/281 kB | 1.0/1.9 MBProgress (5): 1.5/1.6 MB | 1.2/1.9 MB | 1.0/3.5 MB | 128/281 kB | 1.0/1.9 MBProgress (5): 1.5/1.6 MB | 1.2/1.9 MB | 1.0/3.5 MB | 128/281 kB | 1.1/1.9 MBProgress (5): 1.6/1.6 MB | 1.2/1.9 MB | 1.0/3.5 MB | 128/281 kB | 1.1/1.9 MBProgress (5): 1.6/1.6 MB | 1.2/1.9 MB | 1.0/3.5 MB | 128/281 kB | 1.1/1.9 MBProgress (5): 1.6/1.6 MB | 1.2/1.9 MB | 1.0/3.5 MB | 128/281 kB | 1.1/1.9 MBProgress (5): 1.6/1.6 MB | 1.2/1.9 MB | 1.0/3.5 MB | 128/281 kB | 1.1/1.9 MBProgress (5): 1.6/1.6 MB | 1.2/1.9 MB | 1.0/3.5 MB | 128/281 kB | 1.1/1.9 MBProgress (5): 1.6/1.6 MB | 1.2/1.9 MB | 1.0/3.5 MB | 128/281 kB | 1.1/1.9 MBProgress (5): 1.6/1.6 MB | 1.2/1.9 MB | 1.0/3.5 MB | 128/281 kB | 1.1/1.9 MBProgress (5): 1.6/1.6 MB | 1.2/1.9 MB | 1.0/3.5 MB | 128/281 kB | 1.1/1.9 MBProgress (5): 1.6/1.6 MB | 1.2/1.9 MB | 1.0/3.5 MB | 128/281 kB | 1.1/1.9 MBProgress (5): 1.6/1.6 MB | 1.2/1.9 MB | 1.0/3.5 MB | 128/281 kB | 1.1/1.9 MBProgress (5): 1.6/1.6 MB | 1.2/1.9 MB | 1.0/3.5 MB | 128/281 kB | 1.1/1.9 MBProgress (5): 1.6/1.6 MB | 1.2/1.9 MB | 1.0/3.5 MB | 128/281 kB | 1.1/1.9 MBProgress (5): 1.6/1.6 MB | 1.2/1.9 MB | 1.0/3.5 MB | 128/281 kB | 1.1/1.9 MBProgress (5): 1.6/1.6 MB | 1.2/1.9 MB | 1.0/3.5 MB | 128/281 kB | 1.2/1.9 MBProgress (5): 1.6/1.6 MB | 1.2/1.9 MB | 1.0/3.5 MB | 128/281 kB | 1.2/1.9 MBProgress (5): 1.6 MB | 1.2/1.9 MB | 1.0/3.5 MB | 128/281 kB | 1.2/1.9 MB    Progress (5): 1.6 MB | 1.2/1.9 MB | 1.0/3.5 MB | 128/281 kB | 1.2/1.9 MB                                                                        Downloaded from central: https://repo.maven.apache.org/maven2/org/springframework/boot/spring-boot/3.2.1/spring-boot-3.2.1.jar (1.6 MB at 1.1 MB/s)
Downloading from central: https://repo.maven.apache.org/maven2/org/springframework/spring-beans/6.1.2/spring-beans-6.1.2.jar
Progress (4): 1.2/1.9 MB | 1.1/3.5 MB | 128/281 kB | 1.2/1.9 MBProgress (4): 1.2/1.9 MB | 1.1/3.5 MB | 128/281 kB | 1.2/1.9 MBProgress (4): 1.2/1.9 MB | 1.1/3.5 MB | 128/281 kB | 1.2/1.9 MBProgress (4): 1.2/1.9 MB | 1.1/3.5 MB | 128/281 kB | 1.2/1.9 MBProgress (4): 1.2/1.9 MB | 1.1/3.5 MB | 128/281 kB | 1.2/1.9 MBProgress (4): 1.2/1.9 MB | 1.1/3.5 MB | 128/281 kB | 1.2/1.9 MBProgress (4): 1.2/1.9 MB | 1.1/3.5 MB | 128/281 kB | 1.2/1.9 MBProgress (4): 1.2/1.9 MB | 1.1/3.5 MB | 128/281 kB | 1.2/1.9 MBProgress (4): 1.2/1.9 MB | 1.1/3.5 MB | 128/281 kB | 1.2/1.9 MBProgress (4): 1.2/1.9 MB | 1.1/3.5 MB | 128/281 kB | 1.2/1.9 MBProgress (4): 1.2/1.9 MB | 1.1/3.5 MB | 128/281 kB | 1.2/1.9 MBProgress (4): 1.2/1.9 MB | 1.1/3.5 MB | 128/281 kB | 1.2/1.9 MBProgress (4): 1.2/1.9 MB | 1.1/3.5 MB | 128/281 kB | 1.2/1.9 MBProgress (4): 1.2/1.9 MB | 1.1/3.5 MB | 128/281 kB | 1.2/1.9 MBProgress (4): 1.3/1.9 MB | 1.1/3.5 MB | 128/281 kB | 1.2/1.9 MBProgress (4): 1.3/1.9 MB | 1.1/3.5 MB | 128/281 kB | 1.3/1.9 MBProgress (4): 1.3/1.9 MB | 1.1/3.5 MB | 128/281 kB | 1.3/1.9 MBProgress (4): 1.3/1.9 MB | 1.2/3.5 MB | 128/281 kB | 1.3/1.9 MBProgress (4): 1.3/1.9 MB | 1.2/3.5 MB | 128/281 kB | 1.3/1.9 MBProgress (4): 1.3/1.9 MB | 1.2/3.5 MB | 128/281 kB | 1.3/1.9 MBProgress (4): 1.3/1.9 MB | 1.2/3.5 MB | 128/281 kB | 1.3/1.9 MBProgress (4): 1.3/1.9 MB | 1.2/3.5 MB | 128/281 kB | 1.3/1.9 MBProgress (4): 1.3/1.9 MB | 1.2/3.5 MB | 128/281 kB | 1.3/1.9 MBProgress (4): 1.3/1.9 MB | 1.2/3.5 MB | 128/281 kB | 1.3/1.9 MBProgress (4): 1.3/1.9 MB | 1.2/3.5 MB | 128/281 kB | 1.4/1.9 MBProgress (4): 1.3/1.9 MB | 1.2/3.5 MB | 128/281 kB | 1.4/1.9 MBProgress (4): 1.3/1.9 MB | 1.2/3.5 MB | 128/281 kB | 1.4/1.9 MBProgress (4): 1.3/1.9 MB | 1.2/3.5 MB | 128/281 kB | 1.4/1.9 MBProgress (4): 1.3/1.9 MB | 1.2/3.5 MB | 128/281 kB | 1.4/1.9 MBProgress (4): 1.3/1.9 MB | 1.2/3.5 MB | 128/281 kB | 1.4/1.9 MBProgress (4): 1.3/1.9 MB | 1.2/3.5 MB | 128/281 kB | 1.4/1.9 MBProgress (4): 1.3/1.9 MB | 1.2/3.5 MB | 128/281 kB | 1.4/1.9 MBProgress (4): 1.3/1.9 MB | 1.2/3.5 MB | 128/281 kB | 1.4/1.9 MBProgress (4): 1.3/1.9 MB | 1.2/3.5 MB | 128/281 kB | 1.4/1.9 MBProgress (4): 1.3/1.9 MB | 1.2/3.5 MB | 128/281 kB | 1.4/1.9 MBProgress (4): 1.3/1.9 MB | 1.2/3.5 MB | 128/281 kB | 1.4/1.9 MBProgress (5): 1.3/1.9 MB | 1.2/3.5 MB | 128/281 kB | 1.4/1.9 MB | 7.7/857 kBProgress (5): 1.3/1.9 MB | 1.2/3.5 MB | 128/281 kB | 1.4/1.9 MB | 16/857 kB Progress (5): 1.3/1.9 MB | 1.2/3.5 MB | 128/281 kB | 1.4/1.9 MB | 16/857 kBProgress (5): 1.3/1.9 MB | 1.2/3.5 MB | 128/281 kB | 1.5/1.9 MB | 16/857 kBProgress (5): 1.3/1.9 MB | 1.2/3.5 MB | 128/281 kB | 1.5/1.9 MB | 16/857 kBProgress (5): 1.3/1.9 MB | 1.2/3.5 MB | 128/281 kB | 1.5/1.9 MB | 32/857 kBProgress (5): 1.3/1.9 MB | 1.2/3.5 MB | 128/281 kB | 1.5/1.9 MB | 32/857 kBProgress (5): 1.3/1.9 MB | 1.3/3.5 MB | 128/281 kB | 1.5/1.9 MB | 32/857 kBProgress (5): 1.3/1.9 MB | 1.3/3.5 MB | 128/281 kB | 1.5/1.9 MB | 32/857 kBProgress (5): 1.3/1.9 MB | 1.3/3.5 MB | 128/281 kB | 1.5/1.9 MB | 49/857 kBProgress (5): 1.3/1.9 MB | 1.3/3.5 MB | 128/281 kB | 1.5/1.9 MB | 49/857 kBProgress (5): 1.3/1.9 MB | 1.3/3.5 MB | 128/281 kB | 1.5/1.9 MB | 49/857 kBProgress (5): 1.3/1.9 MB | 1.3/3.5 MB | 128/281 kB | 1.5/1.9 MB | 49/857 kBProgress (5): 1.3/1.9 MB | 1.3/3.5 MB | 128/281 kB | 1.5/1.9 MB | 65/857 kBProgress (5): 1.3/1.9 MB | 1.3/3.5 MB | 128/281 kB | 1.5/1.9 MB | 65/857 kBProgress (5): 1.3/1.9 MB | 1.3/3.5 MB | 128/281 kB | 1.5/1.9 MB | 65/857 kBProgress (5): 1.3/1.9 MB | 1.3/3.5 MB | 128/281 kB | 1.5/1.9 MB | 81/857 kBProgress (5): 1.3/1.9 MB | 1.3/3.5 MB | 128/281 kB | 1.5/1.9 MB | 98/857 kBProgress (5): 1.3/1.9 MB | 1.3/3.5 MB | 128/281 kB | 1.5/1.9 MB | 114/857 kBProgress (5): 1.3/1.9 MB | 1.3/3.5 MB | 128/281 kB | 1.5/1.9 MB | 131/857 kBProgress (5): 1.4/1.9 MB | 1.3/3.5 MB | 128/281 kB | 1.5/1.9 MB | 131/857 kBProgress (5): 1.4/1.9 MB | 1.3/3.5 MB | 128/281 kB | 1.5/1.9 MB | 147/857 kBProgress (5): 1.4/1.9 MB | 1.3/3.5 MB | 128/281 kB | 1.5/1.9 MB | 163/857 kBProgress (5): 1.4/1.9 MB | 1.3/3.5 MB | 128/281 kB | 1.5/1.9 MB | 164/857 kBProgress (5): 1.4/1.9 MB | 1.3/3.5 MB | 128/281 kB | 1.5/1.9 MB | 172/857 kBProgress (5): 1.4/1.9 MB | 1.3/3.5 MB | 128/281 kB | 1.5/1.9 MB | 180/857 kBProgress (5): 1.4/1.9 MB | 1.3/3.5 MB | 128/281 kB | 1.5/1.9 MB | 180/857 kBProgress (5): 1.4/1.9 MB | 1.3/3.5 MB | 128/281 kB | 1.5/1.9 MB | 180/857 kBProgress (5): 1.4/1.9 MB | 1.3/3.5 MB | 128/281 kB | 1.5/1.9 MB | 180/857 kBProgress (5): 1.4/1.9 MB | 1.3/3.5 MB | 128/281 kB | 1.5/1.9 MB | 180/857 kBProgress (5): 1.4/1.9 MB | 1.3/3.5 MB | 128/281 kB | 1.6/1.9 MB | 180/857 kBProgress (5): 1.4/1.9 MB | 1.3/3.5 MB | 128/281 kB | 1.6/1.9 MB | 197/857 kBProgress (5): 1.4/1.9 MB | 1.3/3.5 MB | 128/281 kB | 1.6/1.9 MB | 205/857 kBProgress (5): 1.4/1.9 MB | 1.3/3.5 MB | 128/281 kB | 1.6/1.9 MB | 213/857 kBProgress (5): 1.4/1.9 MB | 1.3/3.5 MB | 128/281 kB | 1.6/1.9 MB | 213/857 kBProgress (5): 1.4/1.9 MB | 1.3/3.5 MB | 128/281 kB | 1.6/1.9 MB | 229/857 kBProgress (5): 1.4/1.9 MB | 1.3/3.5 MB | 128/281 kB | 1.6/1.9 MB | 229/857 kBProgress (5): 1.4/1.9 MB | 1.3/3.5 MB | 128/281 kB | 1.6/1.9 MB | 229/857 kBProgress (5): 1.4/1.9 MB | 1.3/3.5 MB | 128/281 kB | 1.6/1.9 MB | 229/857 kBProgress (5): 1.4/1.9 MB | 1.3/3.5 MB | 128/281 kB | 1.6/1.9 MB | 246/857 kBProgress (5): 1.4/1.9 MB | 1.4/3.5 MB | 128/281 kB | 1.6/1.9 MB | 246/857 kBProgress (5): 1.4/1.9 MB | 1.4/3.5 MB | 128/281 kB | 1.6/1.9 MB | 246/857 kBProgress (5): 1.4/1.9 MB | 1.4/3.5 MB | 128/281 kB | 1.6/1.9 MB | 246/857 kBProgress (5): 1.4/1.9 MB | 1.4/3.5 MB | 128/281 kB | 1.6/1.9 MB | 246/857 kBProgress (5): 1.4/1.9 MB | 1.4/3.5 MB | 128/281 kB | 1.6/1.9 MB | 246/857 kBProgress (5): 1.4/1.9 MB | 1.4/3.5 MB | 128/281 kB | 1.6/1.9 MB | 246/857 kBProgress (5): 1.4/1.9 MB | 1.4/3.5 MB | 128/281 kB | 1.7/1.9 MB | 246/857 kBProgress (5): 1.4/1.9 MB | 1.4/3.5 MB | 128/281 kB | 1.7/1.9 MB | 246/857 kBProgress (5): 1.4/1.9 MB | 1.4/3.5 MB | 128/281 kB | 1.7/1.9 MB | 246/857 kBProgress (5): 1.4/1.9 MB | 1.4/3.5 MB | 128/281 kB | 1.7/1.9 MB | 246/857 kBProgress (5): 1.4/1.9 MB | 1.4/3.5 MB | 128/281 kB | 1.7/1.9 MB | 246/857 kBProgress (5): 1.4/1.9 MB | 1.4/3.5 MB | 128/281 kB | 1.7/1.9 MB | 246/857 kBProgress (5): 1.4/1.9 MB | 1.4/3.5 MB | 128/281 kB | 1.7/1.9 MB | 246/857 kBProgress (5): 1.4/1.9 MB | 1.4/3.5 MB | 128/281 kB | 1.7/1.9 MB | 262/857 kBProgress (5): 1.4/1.9 MB | 1.4/3.5 MB | 128/281 kB | 1.7/1.9 MB | 262/857 kBProgress (5): 1.4/1.9 MB | 1.4/3.5 MB | 128/281 kB | 1.7/1.9 MB | 262/857 kBProgress (5): 1.4/1.9 MB | 1.4/3.5 MB | 128/281 kB | 1.7/1.9 MB | 262/857 kBProgress (5): 1.4/1.9 MB | 1.4/3.5 MB | 128/281 kB | 1.7/1.9 MB | 262/857 kBProgress (5): 1.4/1.9 MB | 1.4/3.5 MB | 128/281 kB | 1.8/1.9 MB | 262/857 kBProgress (5): 1.4/1.9 MB | 1.4/3.5 MB | 128/281 kB | 1.8/1.9 MB | 262/857 kBProgress (5): 1.4/1.9 MB | 1.4/3.5 MB | 128/281 kB | 1.8/1.9 MB | 279/857 kBProgress (5): 1.4/1.9 MB | 1.4/3.5 MB | 128/281 kB | 1.8/1.9 MB | 279/857 kBProgress (5): 1.4/1.9 MB | 1.4/3.5 MB | 128/281 kB | 1.8/1.9 MB | 279/857 kBProgress (5): 1.4/1.9 MB | 1.4/3.5 MB | 128/281 kB | 1.8/1.9 MB | 279/857 kBProgress (5): 1.4/1.9 MB | 1.4/3.5 MB | 128/281 kB | 1.8/1.9 MB | 279/857 kBProgress (5): 1.4/1.9 MB | 1.4/3.5 MB | 128/281 kB | 1.8/1.9 MB | 279/857 kBProgress (5): 1.4/1.9 MB | 1.4/3.5 MB | 128/281 kB | 1.8/1.9 MB | 295/857 kBProgress (5): 1.4/1.9 MB | 1.4/3.5 MB | 128/281 kB | 1.8/1.9 MB | 295/857 kBProgress (5): 1.4/1.9 MB | 1.4/3.5 MB | 128/281 kB | 1.9/1.9 MB | 295/857 kBProgress (5): 1.4/1.9 MB | 1.4/3.5 MB | 128/281 kB | 1.9/1.9 MB | 311/857 kBProgress (5): 1.4/1.9 MB | 1.5/3.5 MB | 128/281 kB | 1.9/1.9 MB | 311/857 kBProgress (5): 1.4/1.9 MB | 1.5/3.5 MB | 128/281 kB | 1.9/1.9 MB | 311/857 kBProgress (5): 1.4/1.9 MB | 1.5/3.5 MB | 128/281 kB | 1.9/1.9 MB | 311/857 kBProgress (5): 1.4/1.9 MB | 1.5/3.5 MB | 128/281 kB | 1.9 MB | 311/857 kB    Progress (5): 1.4/1.9 MB | 1.5/3.5 MB | 128/281 kB | 1.9 MB | 328/857 kB                                                                        Downloaded from central: https://repo.maven.apache.org/maven2/org/springframework/spring-web/6.1.2/spring-web-6.1.2.jar (1.9 MB at 906 kB/s)
Downloading from central: https://repo.maven.apache.org/maven2/org/springframework/spring-webmvc/6.1.2/spring-webmvc-6.1.2.jar
Progress (4): 1.4/1.9 MB | 1.5/3.5 MB | 128/281 kB | 344/857 kBProgress (4): 1.4/1.9 MB | 1.5/3.5 MB | 128/281 kB | 360/857 kBProgress (4): 1.5/1.9 MB | 1.5/3.5 MB | 128/281 kB | 360/857 kBProgress (4): 1.5/1.9 MB | 1.5/3.5 MB | 128/281 kB | 360/857 kBProgress (4): 1.5/1.9 MB | 1.5/3.5 MB | 128/281 kB | 377/857 kBProgress (4): 1.5/1.9 MB | 1.5/3.5 MB | 128/281 kB | 377/857 kBProgress (4): 1.5/1.9 MB | 1.5/3.5 MB | 128/281 kB | 393/857 kBProgress (4): 1.5/1.9 MB | 1.5/3.5 MB | 128/281 kB | 393/857 kBProgress (4): 1.5/1.9 MB | 1.5/3.5 MB | 128/281 kB | 393/857 kBProgress (4): 1.5/1.9 MB | 1.5/3.5 MB | 128/281 kB | 410/857 kBProgress (4): 1.5/1.9 MB | 1.5/3.5 MB | 128/281 kB | 426/857 kBProgress (4): 1.5/1.9 MB | 1.6/3.5 MB | 128/281 kB | 426/857 kBProgress (4): 1.5/1.9 MB | 1.6/3.5 MB | 128/281 kB | 426/857 kBProgress (4): 1.5/1.9 MB | 1.6/3.5 MB | 128/281 kB | 442/857 kBProgress (4): 1.5/1.9 MB | 1.6/3.5 MB | 128/281 kB | 442/857 kBProgress (4): 1.5/1.9 MB | 1.6/3.5 MB | 128/281 kB | 459/857 kBProgress (4): 1.5/1.9 MB | 1.6/3.5 MB | 133/281 kB | 459/857 kBProgress (4): 1.5/1.9 MB | 1.6/3.5 MB | 133/281 kB | 475/857 kBProgress (4): 1.5/1.9 MB | 1.6/3.5 MB | 133/281 kB | 492/857 kBProgress (4): 1.5/1.9 MB | 1.6/3.5 MB | 133/281 kB | 508/857 kBProgress (4): 1.5/1.9 MB | 1.6/3.5 MB | 133/281 kB | 508/857 kBProgress (4): 1.5/1.9 MB | 1.6/3.5 MB | 133/281 kB | 508/857 kBProgress (4): 1.5/1.9 MB | 1.6/3.5 MB | 133/281 kB | 508/857 kBProgress (4): 1.5/1.9 MB | 1.6/3.5 MB | 133/281 kB | 524/857 kBProgress (4): 1.5/1.9 MB | 1.6/3.5 MB | 133/281 kB | 524/857 kBProgress (4): 1.5/1.9 MB | 1.6/3.5 MB | 133/281 kB | 524/857 kBProgress (4): 1.5/1.9 MB | 1.6/3.5 MB | 133/281 kB | 541/857 kBProgress (4): 1.5/1.9 MB | 1.6/3.5 MB | 133/281 kB | 541/857 kBProgress (4): 1.5/1.9 MB | 1.6/3.5 MB | 133/281 kB | 541/857 kBProgress (4): 1.5/1.9 MB | 1.6/3.5 MB | 133/281 kB | 557/857 kBProgress (4): 1.5/1.9 MB | 1.6/3.5 MB | 133/281 kB | 573/857 kBProgress (4): 1.5/1.9 MB | 1.7/3.5 MB | 133/281 kB | 573/857 kBProgress (4): 1.5/1.9 MB | 1.7/3.5 MB | 133/281 kB | 573/857 kBProgress (4): 1.5/1.9 MB | 1.7/3.5 MB | 133/281 kB | 590/857 kBProgress (4): 1.5/1.9 MB | 1.7/3.5 MB | 133/281 kB | 606/857 kBProgress (4): 1.5/1.9 MB | 1.7/3.5 MB | 133/281 kB | 606/857 kBProgress (4): 1.5/1.9 MB | 1.7/3.5 MB | 133/281 kB | 623/857 kBProgress (5): 1.5/1.9 MB | 1.7/3.5 MB | 133/281 kB | 623/857 kB | 0/1.0 MBProgress (5): 1.5/1.9 MB | 1.7/3.5 MB | 133/281 kB | 623/857 kB | 0/1.0 MBProgress (5): 1.5/1.9 MB | 1.7/3.5 MB | 133/281 kB | 623/857 kB | 0/1.0 MBProgress (5): 1.5/1.9 MB | 1.7/3.5 MB | 133/281 kB | 623/857 kB | 0/1.0 MBProgress (5): 1.5/1.9 MB | 1.7/3.5 MB | 133/281 kB | 623/857 kB | 0.1/1.0 MBProgress (5): 1.6/1.9 MB | 1.7/3.5 MB | 133/281 kB | 623/857 kB | 0.1/1.0 MBProgress (5): 1.6/1.9 MB | 1.7/3.5 MB | 133/281 kB | 639/857 kB | 0.1/1.0 MBProgress (5): 1.6/1.9 MB | 1.7/3.5 MB | 133/281 kB | 639/857 kB | 0.1/1.0 MBProgress (5): 1.6/1.9 MB | 1.7/3.5 MB | 133/281 kB | 639/857 kB | 0.1/1.0 MBProgress (5): 1.6/1.9 MB | 1.7/3.5 MB | 133/281 kB | 655/857 kB | 0.1/1.0 MBProgress (5): 1.6/1.9 MB | 1.7/3.5 MB | 133/281 kB | 655/857 kB | 0.1/1.0 MBProgress (5): 1.6/1.9 MB | 1.7/3.5 MB | 133/281 kB | 655/857 kB | 0.1/1.0 MBProgress (5): 1.6/1.9 MB | 1.7/3.5 MB | 133/281 kB | 655/857 kB | 0.1/1.0 MBProgress (5): 1.6/1.9 MB | 1.7/3.5 MB | 133/281 kB | 655/857 kB | 0.1/1.0 MBProgress (5): 1.6/1.9 MB | 1.7/3.5 MB | 133/281 kB | 672/857 kB | 0.1/1.0 MBProgress (5): 1.6/1.9 MB | 1.7/3.5 MB | 133/281 kB | 672/857 kB | 0.1/1.0 MBProgress (5): 1.6/1.9 MB | 1.7/3.5 MB | 133/281 kB | 672/857 kB | 0.1/1.0 MBProgress (5): 1.6/1.9 MB | 1.7/3.5 MB | 133/281 kB | 672/857 kB | 0.1/1.0 MBProgress (5): 1.6/1.9 MB | 1.7/3.5 MB | 133/281 kB | 688/857 kB | 0.1/1.0 MBProgress (5): 1.6/1.9 MB | 1.7/3.5 MB | 133/281 kB | 688/857 kB | 0.1/1.0 MBProgress (5): 1.6/1.9 MB | 1.7/3.5 MB | 133/281 kB | 688/857 kB | 0.2/1.0 MBProgress (5): 1.6/1.9 MB | 1.8/3.5 MB | 133/281 kB | 688/857 kB | 0.2/1.0 MBProgress (5): 1.6/1.9 MB | 1.8/3.5 MB | 133/281 kB | 688/857 kB | 0.2/1.0 MBProgress (5): 1.6/1.9 MB | 1.8/3.5 MB | 133/281 kB | 705/857 kB | 0.2/1.0 MBProgress (5): 1.6/1.9 MB | 1.8/3.5 MB | 133/281 kB | 705/857 kB | 0.2/1.0 MBProgress (5): 1.6/1.9 MB | 1.8/3.5 MB | 133/281 kB | 705/857 kB | 0.2/1.0 MBProgress (5): 1.6/1.9 MB | 1.8/3.5 MB | 133/281 kB | 705/857 kB | 0.2/1.0 MBProgress (5): 1.6/1.9 MB | 1.8/3.5 MB | 137/281 kB | 705/857 kB | 0.2/1.0 MBProgress (5): 1.6/1.9 MB | 1.8/3.5 MB | 137/281 kB | 721/857 kB | 0.2/1.0 MBProgress (5): 1.6/1.9 MB | 1.8/3.5 MB | 137/281 kB | 721/857 kB | 0.2/1.0 MBProgress (5): 1.6/1.9 MB | 1.8/3.5 MB | 137/281 kB | 721/857 kB | 0.2/1.0 MBProgress (5): 1.6/1.9 MB | 1.8/3.5 MB | 137/281 kB | 721/857 kB | 0.2/1.0 MBProgress (5): 1.6/1.9 MB | 1.8/3.5 MB | 137/281 kB | 737/857 kB | 0.2/1.0 MBProgress (5): 1.6/1.9 MB | 1.8/3.5 MB | 137/281 kB | 737/857 kB | 0.2/1.0 MBProgress (5): 1.6/1.9 MB | 1.8/3.5 MB | 141/281 kB | 737/857 kB | 0.2/1.0 MBProgress (5): 1.6/1.9 MB | 1.8/3.5 MB | 145/281 kB | 737/857 kB | 0.2/1.0 MBProgress (5): 1.6/1.9 MB | 1.8/3.5 MB | 145/281 kB | 737/857 kB | 0.2/1.0 MBProgress (5): 1.6/1.9 MB | 1.8/3.5 MB | 145/281 kB | 737/857 kB | 0.2/1.0 MBProgress (5): 1.6/1.9 MB | 1.8/3.5 MB | 145/281 kB | 737/857 kB | 0.2/1.0 MBProgress (5): 1.6/1.9 MB | 1.8/3.5 MB | 145/281 kB | 754/857 kB | 0.2/1.0 MBProgress (5): 1.6/1.9 MB | 1.8/3.5 MB | 145/281 kB | 770/857 kB | 0.2/1.0 MBProgress (5): 1.6/1.9 MB | 1.8/3.5 MB | 145/281 kB | 770/857 kB | 0.2/1.0 MBProgress (5): 1.6/1.9 MB | 1.9/3.5 MB | 145/281 kB | 770/857 kB | 0.2/1.0 MBProgress (5): 1.6/1.9 MB | 1.9/3.5 MB | 145/281 kB | 770/857 kB | 0.2/1.0 MBProgress (5): 1.6/1.9 MB | 1.9/3.5 MB | 145/281 kB | 786/857 kB | 0.2/1.0 MBProgress (5): 1.6/1.9 MB | 1.9/3.5 MB | 145/281 kB | 786/857 kB | 0.2/1.0 MBProgress (5): 1.6/1.9 MB | 1.9/3.5 MB | 145/281 kB | 786/857 kB | 0.2/1.0 MBProgress (5): 1.6/1.9 MB | 1.9/3.5 MB | 145/281 kB | 803/857 kB | 0.2/1.0 MBProgress (5): 1.6/1.9 MB | 1.9/3.5 MB | 145/281 kB | 803/857 kB | 0.3/1.0 MBProgress (5): 1.6/1.9 MB | 1.9/3.5 MB | 145/281 kB | 803/857 kB | 0.3/1.0 MBProgress (5): 1.6/1.9 MB | 1.9/3.5 MB | 145/281 kB | 803/857 kB | 0.3/1.0 MBProgress (5): 1.6/1.9 MB | 1.9/3.5 MB | 145/281 kB | 819/857 kB | 0.3/1.0 MBProgress (5): 1.6/1.9 MB | 1.9/3.5 MB | 145/281 kB | 836/857 kB | 0.3/1.0 MBProgress (5): 1.6/1.9 MB | 1.9/3.5 MB | 145/281 kB | 836/857 kB | 0.3/1.0 MBProgress (5): 1.6/1.9 MB | 1.9/3.5 MB | 145/281 kB | 836/857 kB | 0.3/1.0 MBProgress (5): 1.6/1.9 MB | 1.9/3.5 MB | 145/281 kB | 836/857 kB | 0.3/1.0 MBProgress (5): 1.7/1.9 MB | 1.9/3.5 MB | 145/281 kB | 836/857 kB | 0.3/1.0 MBProgress (5): 1.7/1.9 MB | 1.9/3.5 MB | 145/281 kB | 836/857 kB | 0.3/1.0 MBProgress (5): 1.7/1.9 MB | 1.9/3.5 MB | 145/281 kB | 852/857 kB | 0.3/1.0 MBProgress (5): 1.7/1.9 MB | 1.9/3.5 MB | 145/281 kB | 857 kB | 0.3/1.0 MB                                                                            Downloaded from central: https://repo.maven.apache.org/maven2/org/springframework/spring-beans/6.1.2/spring-beans-6.1.2.jar (857 kB at 369 kB/s)
Progress (4): 1.7/1.9 MB | 1.9/3.5 MB | 145/281 kB | 0.3/1.0 MB                                                               Downloading from central: https://repo.maven.apache.org/maven2/org/springframework/spring-expression/6.1.2/spring-expression-6.1.2.jar
Progress (4): 1.7/1.9 MB | 1.9/3.5 MB | 145/281 kB | 0.3/1.0 MBProgress (4): 1.7/1.9 MB | 1.9/3.5 MB | 145/281 kB | 0.4/1.0 MBProgress (4): 1.7/1.9 MB | 1.9/3.5 MB | 145/281 kB | 0.4/1.0 MBProgress (4): 1.7/1.9 MB | 1.9/3.5 MB | 145/281 kB | 0.4/1.0 MBProgress (4): 1.7/1.9 MB | 1.9/3.5 MB | 145/281 kB | 0.4/1.0 MBProgress (4): 1.7/1.9 MB | 1.9/3.5 MB | 145/281 kB | 0.4/1.0 MBProgress (4): 1.7/1.9 MB | 2.0/3.5 MB | 145/281 kB | 0.4/1.0 MBProgress (4): 1.7/1.9 MB | 2.0/3.5 MB | 145/281 kB | 0.4/1.0 MBProgress (4): 1.7/1.9 MB | 2.0/3.5 MB | 145/281 kB | 0.4/1.0 MBProgress (4): 1.7/1.9 MB | 2.0/3.5 MB | 145/281 kB | 0.4/1.0 MBProgress (4): 1.7/1.9 MB | 2.0/3.5 MB | 145/281 kB | 0.4/1.0 MBProgress (4): 1.7/1.9 MB | 2.0/3.5 MB | 149/281 kB | 0.4/1.0 MBProgress (4): 1.7/1.9 MB | 2.0/3.5 MB | 149/281 kB | 0.4/1.0 MBProgress (4): 1.7/1.9 MB | 2.0/3.5 MB | 149/281 kB | 0.4/1.0 MBProgress (4): 1.7/1.9 MB | 2.0/3.5 MB | 149/281 kB | 0.4/1.0 MBProgress (4): 1.7/1.9 MB | 2.0/3.5 MB | 149/281 kB | 0.5/1.0 MBProgress (4): 1.7/1.9 MB | 2.0/3.5 MB | 149/281 kB | 0.5/1.0 MBProgress (4): 1.7/1.9 MB | 2.0/3.5 MB | 166/281 kB | 0.5/1.0 MBProgress (4): 1.7/1.9 MB | 2.0/3.5 MB | 166/281 kB | 0.5/1.0 MBProgress (4): 1.7/1.9 MB | 2.0/3.5 MB | 166/281 kB | 0.5/1.0 MBProgress (4): 1.7/1.9 MB | 2.1/3.5 MB | 166/281 kB | 0.5/1.0 MBProgress (4): 1.7/1.9 MB | 2.1/3.5 MB | 166/281 kB | 0.5/1.0 MBProgress (4): 1.7/1.9 MB | 2.1/3.5 MB | 166/281 kB | 0.5/1.0 MBProgress (4): 1.7/1.9 MB | 2.1/3.5 MB | 166/281 kB | 0.5/1.0 MBProgress (4): 1.7/1.9 MB | 2.1/3.5 MB | 166/281 kB | 0.5/1.0 MBProgress (4): 1.7/1.9 MB | 2.1/3.5 MB | 166/281 kB | 0.5/1.0 MBProgress (4): 1.7/1.9 MB | 2.1/3.5 MB | 166/281 kB | 0.5/1.0 MBProgress (4): 1.8/1.9 MB | 2.1/3.5 MB | 166/281 kB | 0.5/1.0 MBProgress (4): 1.8/1.9 MB | 2.1/3.5 MB | 166/281 kB | 0.5/1.0 MBProgress (4): 1.8/1.9 MB | 2.1/3.5 MB | 166/281 kB | 0.5/1.0 MBProgress (4): 1.8/1.9 MB | 2.1/3.5 MB | 166/281 kB | 0.5/1.0 MBProgress (4): 1.8/1.9 MB | 2.1/3.5 MB | 166/281 kB | 0.5/1.0 MBProgress (4): 1.8/1.9 MB | 2.1/3.5 MB | 166/281 kB | 0.5/1.0 MBProgress (4): 1.8/1.9 MB | 2.1/3.5 MB | 166/281 kB | 0.6/1.0 MBProgress (4): 1.8/1.9 MB | 2.1/3.5 MB | 166/281 kB | 0.6/1.0 MBProgress (4): 1.8/1.9 MB | 2.2/3.5 MB | 166/281 kB | 0.6/1.0 MBProgress (4): 1.8/1.9 MB | 2.2/3.5 MB | 166/281 kB | 0.6/1.0 MBProgress (4): 1.8/1.9 MB | 2.2/3.5 MB | 166/281 kB | 0.6/1.0 MBProgress (4): 1.8/1.9 MB | 2.2/3.5 MB | 166/281 kB | 0.6/1.0 MBProgress (5): 1.8/1.9 MB | 2.2/3.5 MB | 166/281 kB | 0.6/1.0 MB | 7.7/301 kBProgress (5): 1.8/1.9 MB | 2.2/3.5 MB | 166/281 kB | 0.6/1.0 MB | 16/301 kB Progress (5): 1.8/1.9 MB | 2.2/3.5 MB | 166/281 kB | 0.6/1.0 MB | 32/301 kBProgress (5): 1.8/1.9 MB | 2.2/3.5 MB | 166/281 kB | 0.6/1.0 MB | 49/301 kBProgress (5): 1.8/1.9 MB | 2.2/3.5 MB | 166/281 kB | 0.6/1.0 MB | 49/301 kBProgress (5): 1.8/1.9 MB | 2.2/3.5 MB | 166/281 kB | 0.6/1.0 MB | 65/301 kBProgress (5): 1.8/1.9 MB | 2.2/3.5 MB | 166/281 kB | 0.6/1.0 MB | 65/301 kBProgress (5): 1.8/1.9 MB | 2.2/3.5 MB | 166/281 kB | 0.6/1.0 MB | 65/301 kBProgress (5): 1.8/1.9 MB | 2.2/3.5 MB | 166/281 kB | 0.6/1.0 MB | 65/301 kBProgress (5): 1.8/1.9 MB | 2.2/3.5 MB | 166/281 kB | 0.6/1.0 MB | 65/301 kBProgress (5): 1.8/1.9 MB | 2.2/3.5 MB | 166/281 kB | 0.6/1.0 MB | 81/301 kBProgress (5): 1.8/1.9 MB | 2.2/3.5 MB | 166/281 kB | 0.6/1.0 MB | 81/301 kBProgress (5): 1.8/1.9 MB | 2.2/3.5 MB | 166/281 kB | 0.6/1.0 MB | 81/301 kBProgress (5): 1.8/1.9 MB | 2.2/3.5 MB | 166/281 kB | 0.6/1.0 MB | 81/301 kBProgress (5): 1.8/1.9 MB | 2.2/3.5 MB | 166/281 kB | 0.6/1.0 MB | 81/301 kBProgress (5): 1.8/1.9 MB | 2.2/3.5 MB | 166/281 kB | 0.6/1.0 MB | 98/301 kBProgress (5): 1.8/1.9 MB | 2.2/3.5 MB | 166/281 kB | 0.6/1.0 MB | 98/301 kBProgress (5): 1.8/1.9 MB | 2.2/3.5 MB | 166/281 kB | 0.6/1.0 MB | 114/301 kBProgress (5): 1.8/1.9 MB | 2.2/3.5 MB | 166/281 kB | 0.6/1.0 MB | 114/301 kBProgress (5): 1.8/1.9 MB | 2.2/3.5 MB | 182/281 kB | 0.6/1.0 MB | 114/301 kBProgress (5): 1.8/1.9 MB | 2.2/3.5 MB | 182/281 kB | 0.6/1.0 MB | 114/301 kBProgress (5): 1.8/1.9 MB | 2.2/3.5 MB | 182/281 kB | 0.7/1.0 MB | 114/301 kBProgress (5): 1.8/1.9 MB | 2.2/3.5 MB | 182/281 kB | 0.7/1.0 MB | 131/301 kBProgress (5): 1.8/1.9 MB | 2.3/3.5 MB | 182/281 kB | 0.7/1.0 MB | 131/301 kBProgress (5): 1.8/1.9 MB | 2.3/3.5 MB | 182/281 kB | 0.7/1.0 MB | 147/301 kBProgress (5): 1.8/1.9 MB | 2.3/3.5 MB | 182/281 kB | 0.7/1.0 MB | 147/301 kBProgress (5): 1.8/1.9 MB | 2.3/3.5 MB | 182/281 kB | 0.7/1.0 MB | 147/301 kBProgress (5): 1.8/1.9 MB | 2.3/3.5 MB | 182/281 kB | 0.7/1.0 MB | 147/301 kBProgress (5): 1.8/1.9 MB | 2.3/3.5 MB | 182/281 kB | 0.7/1.0 MB | 163/301 kBProgress (5): 1.8/1.9 MB | 2.3/3.5 MB | 192/281 kB | 0.7/1.0 MB | 163/301 kBProgress (5): 1.8/1.9 MB | 2.3/3.5 MB | 192/281 kB | 0.7/1.0 MB | 180/301 kBProgress (5): 1.8/1.9 MB | 2.3/3.5 MB | 192/281 kB | 0.7/1.0 MB | 180/301 kBProgress (5): 1.8/1.9 MB | 2.3/3.5 MB | 192/281 kB | 0.7/1.0 MB | 196/301 kBProgress (5): 1.8/1.9 MB | 2.3/3.5 MB | 192/281 kB | 0.7/1.0 MB | 213/301 kBProgress (5): 1.8/1.9 MB | 2.3/3.5 MB | 192/281 kB | 0.7/1.0 MB | 229/301 kBProgress (5): 1.8/1.9 MB | 2.3/3.5 MB | 208/281 kB | 0.7/1.0 MB | 229/301 kBProgress (5): 1.8/1.9 MB | 2.3/3.5 MB | 208/281 kB | 0.7/1.0 MB | 245/301 kBProgress (5): 1.9/1.9 MB | 2.3/3.5 MB | 208/281 kB | 0.7/1.0 MB | 245/301 kBProgress (5): 1.9/1.9 MB | 2.3/3.5 MB | 208/281 kB | 0.7/1.0 MB | 245/301 kBProgress (5): 1.9/1.9 MB | 2.3/3.5 MB | 208/281 kB | 0.7/1.0 MB | 245/301 kBProgress (5): 1.9/1.9 MB | 2.3/3.5 MB | 208/281 kB | 0.7/1.0 MB | 262/301 kBProgress (5): 1.9/1.9 MB | 2.3/3.5 MB | 208/281 kB | 0.7/1.0 MB | 262/301 kBProgress (5): 1.9/1.9 MB | 2.3/3.5 MB | 208/281 kB | 0.7/1.0 MB | 262/301 kBProgress (5): 1.9/1.9 MB | 2.3/3.5 MB | 225/281 kB | 0.7/1.0 MB | 262/301 kBProgress (5): 1.9/1.9 MB | 2.3/3.5 MB | 225/281 kB | 0.7/1.0 MB | 262/301 kBProgress (5): 1.9/1.9 MB | 2.3/3.5 MB | 225/281 kB | 0.8/1.0 MB | 262/301 kBProgress (5): 1.9/1.9 MB | 2.3/3.5 MB | 225/281 kB | 0.8/1.0 MB | 278/301 kBProgress (5): 1.9/1.9 MB | 2.3/3.5 MB | 225/281 kB | 0.8/1.0 MB | 294/301 kBProgress (5): 1.9/1.9 MB | 2.3/3.5 MB | 225/281 kB | 0.8/1.0 MB | 294/301 kBProgress (5): 1.9/1.9 MB | 2.3/3.5 MB | 225/281 kB | 0.8/1.0 MB | 294/301 kBProgress (5): 1.9/1.9 MB | 2.3/3.5 MB | 225/281 kB | 0.8/1.0 MB | 301 kB    Progress (5): 1.9/1.9 MB | 2.3/3.5 MB | 225/281 kB | 0.8/1.0 MB | 301 kB                                                                        Downloaded from central: https://repo.maven.apache.org/maven2/org/springframework/spring-expression/6.1.2/spring-expression-6.1.2.jar (301 kB at 116 kB/s)
Downloading from central: https://repo.maven.apache.org/maven2/org/springframework/boot/spring-boot-starter-validation/3.2.1/spring-boot-starter-validation-3.2.1.jar
Progress (4): 1.9/1.9 MB | 2.4/3.5 MB | 225/281 kB | 0.8/1.0 MBProgress (4): 1.9/1.9 MB | 2.4/3.5 MB | 225/281 kB | 0.8/1.0 MBProgress (4): 1.9/1.9 MB | 2.4/3.5 MB | 225/281 kB | 0.8/1.0 MBProgress (4): 1.9 MB | 2.4/3.5 MB | 225/281 kB | 0.8/1.0 MB                                                               Downloaded from central: https://repo.maven.apache.org/maven2/org/springframework/boot/spring-boot-autoconfigure/3.2.1/spring-boot-autoconfigure-3.2.1.jar (1.9 MB at 742 kB/s)
Downloading from central: https://repo.maven.apache.org/maven2/org/apache/tomcat/embed/tomcat-embed-el/10.1.17/tomcat-embed-el-10.1.17.jar
Progress (3): 2.4/3.5 MB | 225/281 kB | 0.8/1.0 MBProgress (3): 2.4/3.5 MB | 225/281 kB | 0.8/1.0 MBProgress (3): 2.4/3.5 MB | 241/281 kB | 0.8/1.0 MBProgress (3): 2.4/3.5 MB | 241/281 kB | 0.8/1.0 MBProgress (3): 2.4/3.5 MB | 241/281 kB | 0.8/1.0 MBProgress (3): 2.4/3.5 MB | 241/281 kB | 0.8/1.0 MBProgress (3): 2.4/3.5 MB | 241/281 kB | 0.8/1.0 MBProgress (3): 2.4/3.5 MB | 241/281 kB | 0.8/1.0 MBProgress (3): 2.4/3.5 MB | 241/281 kB | 0.8/1.0 MBProgress (3): 2.4/3.5 MB | 241/281 kB | 0.9/1.0 MBProgress (3): 2.4/3.5 MB | 241/281 kB | 0.9/1.0 MBProgress (3): 2.4/3.5 MB | 241/281 kB | 0.9/1.0 MBProgress (3): 2.5/3.5 MB | 241/281 kB | 0.9/1.0 MBProgress (3): 2.5/3.5 MB | 241/281 kB | 0.9/1.0 MBProgress (3): 2.5/3.5 MB | 257/281 kB | 0.9/1.0 MBProgress (3): 2.5/3.5 MB | 257/281 kB | 0.9/1.0 MBProgress (3): 2.5/3.5 MB | 257/281 kB | 0.9/1.0 MBProgress (3): 2.5/3.5 MB | 257/281 kB | 0.9/1.0 MBProgress (3): 2.5/3.5 MB | 257/281 kB | 0.9/1.0 MBProgress (3): 2.5/3.5 MB | 257/281 kB | 0.9/1.0 MBProgress (4): 2.5/3.5 MB | 257/281 kB | 0.9/1.0 MB | 4.8 kBProgress (5): 2.5/3.5 MB | 257/281 kB | 0.9/1.0 MB | 4.8 kB | 7.7/261 kBProgress (5): 2.5/3.5 MB | 257/281 kB | 0.9/1.0 MB | 4.8 kB | 8.2/261 kB                                                                        Downloaded from central: https://repo.maven.apache.org/maven2/org/springframework/boot/spring-boot-starter-validation/3.2.1/spring-boot-starter-validation-3.2.1.jar (4.8 kB at 1.8 kB/s)
Downloading from central: https://repo.maven.apache.org/maven2/org/hibernate/validator/hibernate-validator/8.0.1.Final/hibernate-validator-8.0.1.Final.jar
Progress (4): 2.5/3.5 MB | 257/281 kB | 0.9/1.0 MB | 25/261 kBProgress (4): 2.5/3.5 MB | 257/281 kB | 0.9/1.0 MB | 25/261 kBProgress (4): 2.5/3.5 MB | 274/281 kB | 0.9/1.0 MB | 25/261 kBProgress (4): 2.5/3.5 MB | 274/281 kB | 0.9/1.0 MB | 25/261 kBProgress (4): 2.5/3.5 MB | 274/281 kB | 0.9/1.0 MB | 25/261 kBProgress (4): 2.5/3.5 MB | 274/281 kB | 0.9/1.0 MB | 25/261 kBProgress (4): 2.5/3.5 MB | 274/281 kB | 0.9/1.0 MB | 41/261 kBProgress (4): 2.6/3.5 MB | 274/281 kB | 0.9/1.0 MB | 41/261 kBProgress (4): 2.6/3.5 MB | 274/281 kB | 1.0/1.0 MB | 41/261 kBProgress (4): 2.6/3.5 MB | 281 kB | 1.0/1.0 MB | 41/261 kB                                                              Downloaded from central: https://repo.maven.apache.org/maven2/org/apache/tomcat/embed/tomcat-embed-websocket/10.1.17/tomcat-embed-websocket-10.1.17.jar (281 kB at 104 kB/s)
Downloading from central: https://repo.maven.apache.org/maven2/jakarta/validation/jakarta.validation-api/3.0.2/jakarta.validation-api-3.0.2.jar
Progress (3): 2.6/3.5 MB | 1.0/1.0 MB | 57/261 kBProgress (3): 2.6/3.5 MB | 1.0/1.0 MB | 57/261 kBProgress (3): 2.6/3.5 MB | 1.0/1.0 MB | 57/261 kBProgress (3): 2.6/3.5 MB | 1.0/1.0 MB | 57/261 kBProgress (3): 2.6/3.5 MB | 1.0/1.0 MB | 74/261 kBProgress (3): 2.6/3.5 MB | 1.0/1.0 MB | 74/261 kBProgress (3): 2.6/3.5 MB | 1.0/1.0 MB | 74/261 kBProgress (3): 2.6/3.5 MB | 1.0/1.0 MB | 74/261 kBProgress (3): 2.6/3.5 MB | 1.0/1.0 MB | 90/261 kBProgress (3): 2.6/3.5 MB | 1.0/1.0 MB | 90/261 kBProgress (3): 2.6/3.5 MB | 1.0/1.0 MB | 90/261 kBProgress (3): 2.6/3.5 MB | 1.0/1.0 MB | 106/261 kBProgress (3): 2.6/3.5 MB | 1.0/1.0 MB | 106/261 kBProgress (3): 2.6/3.5 MB | 1.0 MB | 106/261 kB                                                  Downloaded from central: https://repo.maven.apache.org/maven2/org/springframework/spring-webmvc/6.1.2/spring-webmvc-6.1.2.jar (1.0 MB at 376 kB/s)
Downloading from central: https://repo.maven.apache.org/maven2/org/jboss/logging/jboss-logging/3.5.3.Final/jboss-logging-3.5.3.Final.jar
Progress (2): 2.7/3.5 MB | 106/261 kBProgress (2): 2.7/3.5 MB | 106/261 kBProgress (2): 2.7/3.5 MB | 106/261 kBProgress (2): 2.7/3.5 MB | 106/261 kBProgress (2): 2.7/3.5 MB | 123/261 kBProgress (2): 2.7/3.5 MB | 123/261 kBProgress (2): 2.7/3.5 MB | 139/261 kBProgress (2): 2.7/3.5 MB | 139/261 kBProgress (2): 2.8/3.5 MB | 139/261 kBProgress (2): 2.8/3.5 MB | 156/261 kBProgress (3): 2.8/3.5 MB | 156/261 kB | 7.7/59 kBProgress (3): 2.8/3.5 MB | 156/261 kB | 8.2/59 kBProgress (4): 2.8/3.5 MB | 156/261 kB | 8.2/59 kB | 0/1.3 MBProgress (4): 2.8/3.5 MB | 156/261 kB | 8.2/59 kB | 0/1.3 MBProgress (4): 2.8/3.5 MB | 156/261 kB | 8.2/59 kB | 0/1.3 MBProgress (4): 2.8/3.5 MB | 156/261 kB | 25/59 kB | 0/1.3 MB Progress (4): 2.8/3.5 MB | 156/261 kB | 25/59 kB | 0/1.3 MBProgress (4): 2.8/3.5 MB | 156/261 kB | 25/59 kB | 0/1.3 MBProgress (4): 2.8/3.5 MB | 172/261 kB | 25/59 kB | 0/1.3 MBProgress (4): 2.8/3.5 MB | 172/261 kB | 41/59 kB | 0/1.3 MBProgress (4): 2.8/3.5 MB | 172/261 kB | 41/59 kB | 0/1.3 MBProgress (4): 2.8/3.5 MB | 172/261 kB | 41/59 kB | 0/1.3 MBProgress (4): 2.8/3.5 MB | 188/261 kB | 41/59 kB | 0/1.3 MBProgress (4): 2.8/3.5 MB | 188/261 kB | 57/59 kB | 0/1.3 MBProgress (4): 2.8/3.5 MB | 188/261 kB | 57/59 kB | 0/1.3 MBProgress (4): 2.8/3.5 MB | 188/261 kB | 57/59 kB | 0.1/1.3 MBProgress (4): 2.8/3.5 MB | 188/261 kB | 57/59 kB | 0.1/1.3 MBProgress (4): 2.8/3.5 MB | 188/261 kB | 57/59 kB | 0.1/1.3 MBProgress (4): 2.8/3.5 MB | 188/261 kB | 59 kB | 0.1/1.3 MB   Progress (4): 2.8/3.5 MB | 188/261 kB | 59 kB | 0.1/1.3 MBProgress (5): 2.8/3.5 MB | 188/261 kB | 59 kB | 0.1/1.3 MB | 7.7/93 kBProgress (5): 2.8/3.5 MB | 188/261 kB | 59 kB | 0.1/1.3 MB | 16/93 kB                                                                      Downloaded from central: https://repo.maven.apache.org/maven2/org/jboss/logging/jboss-logging/3.5.3.Final/jboss-logging-3.5.3.Final.jar (59 kB at 20 kB/s)
Downloading from central: https://repo.maven.apache.org/maven2/com/fasterxml/classmate/1.6.0/classmate-1.6.0.jar
Progress (4): 2.8/3.5 MB | 205/261 kB | 0.1/1.3 MB | 16/93 kBProgress (4): 2.9/3.5 MB | 205/261 kB | 0.1/1.3 MB | 16/93 kBProgress (4): 2.9/3.5 MB | 205/261 kB | 0.1/1.3 MB | 16/93 kBProgress (4): 2.9/3.5 MB | 205/261 kB | 0.1/1.3 MB | 16/93 kBProgress (4): 2.9/3.5 MB | 221/261 kB | 0.1/1.3 MB | 16/93 kBProgress (4): 2.9/3.5 MB | 221/261 kB | 0.1/1.3 MB | 25/93 kBProgress (4): 2.9/3.5 MB | 221/261 kB | 0.1/1.3 MB | 25/93 kBProgress (4): 2.9/3.5 MB | 221/261 kB | 0.1/1.3 MB | 25/93 kBProgress (4): 2.9/3.5 MB | 221/261 kB | 0.1/1.3 MB | 25/93 kBProgress (4): 2.9/3.5 MB | 221/261 kB | 0.1/1.3 MB | 25/93 kBProgress (4): 2.9/3.5 MB | 221/261 kB | 0.1/1.3 MB | 25/93 kBProgress (4): 2.9/3.5 MB | 238/261 kB | 0.1/1.3 MB | 25/93 kBProgress (4): 2.9/3.5 MB | 238/261 kB | 0.2/1.3 MB | 25/93 kBProgress (4): 2.9/3.5 MB | 238/261 kB | 0.2/1.3 MB | 25/93 kBProgress (4): 2.9/3.5 MB | 254/261 kB | 0.2/1.3 MB | 25/93 kBProgress (4): 2.9/3.5 MB | 261 kB | 0.2/1.3 MB | 25/93 kB    Progress (4): 2.9/3.5 MB | 261 kB | 0.2/1.3 MB | 25/93 kBProgress (4): 2.9/3.5 MB | 261 kB | 0.2/1.3 MB | 25/93 kB                                                         Downloaded from central: https://repo.maven.apache.org/maven2/org/apache/tomcat/embed/tomcat-embed-el/10.1.17/tomcat-embed-el-10.1.17.jar (261 kB at 86 kB/s)
Downloading from central: https://repo.maven.apache.org/maven2/org/springframework/boot/spring-boot-starter-actuator/3.2.1/spring-boot-starter-actuator-3.2.1.jar
Progress (3): 2.9/3.5 MB | 0.2/1.3 MB | 41/93 kBProgress (3): 3.0/3.5 MB | 0.2/1.3 MB | 41/93 kBProgress (3): 3.0/3.5 MB | 0.2/1.3 MB | 41/93 kBProgress (3): 3.0/3.5 MB | 0.2/1.3 MB | 41/93 kBProgress (3): 3.0/3.5 MB | 0.2/1.3 MB | 41/93 kBProgress (3): 3.0/3.5 MB | 0.2/1.3 MB | 41/93 kBProgress (3): 3.0/3.5 MB | 0.2/1.3 MB | 41/93 kBProgress (3): 3.0/3.5 MB | 0.2/1.3 MB | 41/93 kBProgress (3): 3.0/3.5 MB | 0.2/1.3 MB | 41/93 kBProgress (3): 3.0/3.5 MB | 0.2/1.3 MB | 41/93 kBProgress (3): 3.0/3.5 MB | 0.2/1.3 MB | 41/93 kBProgress (3): 3.0/3.5 MB | 0.2/1.3 MB | 57/93 kBProgress (3): 3.0/3.5 MB | 0.3/1.3 MB | 57/93 kBProgress (3): 3.1/3.5 MB | 0.3/1.3 MB | 57/93 kBProgress (3): 3.1/3.5 MB | 0.3/1.3 MB | 57/93 kBProgress (3): 3.1/3.5 MB | 0.3/1.3 MB | 57/93 kBProgress (3): 3.1/3.5 MB | 0.3/1.3 MB | 57/93 kBProgress (3): 3.1/3.5 MB | 0.3/1.3 MB | 57/93 kBProgress (3): 3.1/3.5 MB | 0.3/1.3 MB | 57/93 kBProgress (3): 3.1/3.5 MB | 0.3/1.3 MB | 74/93 kBProgress (3): 3.1/3.5 MB | 0.3/1.3 MB | 74/93 kBProgress (3): 3.1/3.5 MB | 0.3/1.3 MB | 74/93 kBProgress (3): 3.1/3.5 MB | 0.3/1.3 MB | 74/93 kBProgress (3): 3.1/3.5 MB | 0.3/1.3 MB | 74/93 kBProgress (3): 3.1/3.5 MB | 0.3/1.3 MB | 74/93 kBProgress (3): 3.1/3.5 MB | 0.4/1.3 MB | 74/93 kBProgress (3): 3.1/3.5 MB | 0.4/1.3 MB | 90/93 kBProgress (3): 3.1/3.5 MB | 0.4/1.3 MB | 93 kB                                                Downloaded from central: https://repo.maven.apache.org/maven2/jakarta/validation/jakarta.validation-api/3.0.2/jakarta.validation-api-3.0.2.jar (93 kB at 30 kB/s)
Downloading from central: https://repo.maven.apache.org/maven2/org/springframework/boot/spring-boot-actuator-autoconfigure/3.2.1/spring-boot-actuator-autoconfigure-3.2.1.jar
Progress (2): 3.1/3.5 MB | 0.4/1.3 MBProgress (2): 3.2/3.5 MB | 0.4/1.3 MBProgress (3): 3.2/3.5 MB | 0.4/1.3 MB | 7.7/69 kBProgress (3): 3.2/3.5 MB | 0.4/1.3 MB | 16/69 kB Progress (3): 3.2/3.5 MB | 0.4/1.3 MB | 16/69 kBProgress (3): 3.2/3.5 MB | 0.4/1.3 MB | 16/69 kBProgress (3): 3.2/3.5 MB | 0.4/1.3 MB | 32/69 kBProgress (3): 3.2/3.5 MB | 0.4/1.3 MB | 32/69 kBProgress (3): 3.2/3.5 MB | 0.4/1.3 MB | 32/69 kBProgress (3): 3.2/3.5 MB | 0.4/1.3 MB | 32/69 kBProgress (3): 3.2/3.5 MB | 0.4/1.3 MB | 49/69 kBProgress (3): 3.2/3.5 MB | 0.4/1.3 MB | 49/69 kBProgress (3): 3.2/3.5 MB | 0.4/1.3 MB | 65/69 kBProgress (3): 3.2/3.5 MB | 0.4/1.3 MB | 65/69 kBProgress (3): 3.2/3.5 MB | 0.4/1.3 MB | 69 kB                                                Downloaded from central: https://repo.maven.apache.org/maven2/com/fasterxml/classmate/1.6.0/classmate-1.6.0.jar (69 kB at 22 kB/s)
Downloading from central: https://repo.maven.apache.org/maven2/org/springframework/boot/spring-boot-actuator/3.2.1/spring-boot-actuator-3.2.1.jar
Progress (2): 3.2/3.5 MB | 0.4/1.3 MBProgress (2): 3.2/3.5 MB | 0.4/1.3 MBProgress (2): 3.2/3.5 MB | 0.5/1.3 MBProgress (2): 3.2/3.5 MB | 0.5/1.3 MBProgress (2): 3.3/3.5 MB | 0.5/1.3 MBProgress (3): 3.3/3.5 MB | 0.5/1.3 MB | 4.8 kB                                              Downloaded from central: https://repo.maven.apache.org/maven2/org/springframework/boot/spring-boot-starter-actuator/3.2.1/spring-boot-starter-actuator-3.2.1.jar (4.8 kB at 1.5 kB/s)
Downloading from central: https://repo.maven.apache.org/maven2/io/micrometer/micrometer-observation/1.12.1/micrometer-observation-1.12.1.jar
Progress (2): 3.3/3.5 MB | 0.5/1.3 MBProgress (2): 3.3/3.5 MB | 0.5/1.3 MBProgress (2): 3.3/3.5 MB | 0.5/1.3 MBProgress (3): 3.3/3.5 MB | 0.5/1.3 MB | 7.7/649 kBProgress (3): 3.3/3.5 MB | 0.5/1.3 MB | 16/649 kB Progress (3): 3.3/3.5 MB | 0.5/1.3 MB | 16/649 kBProgress (3): 3.3/3.5 MB | 0.5/1.3 MB | 16/649 kBProgress (3): 3.3/3.5 MB | 0.5/1.3 MB | 16/649 kBProgress (3): 3.3/3.5 MB | 0.5/1.3 MB | 32/649 kBProgress (3): 3.3/3.5 MB | 0.5/1.3 MB | 32/649 kBProgress (3): 3.3/3.5 MB | 0.5/1.3 MB | 49/649 kBProgress (3): 3.3/3.5 MB | 0.5/1.3 MB | 49/649 kBProgress (3): 3.3/3.5 MB | 0.5/1.3 MB | 49/649 kBProgress (3): 3.3/3.5 MB | 0.5/1.3 MB | 65/649 kBProgress (3): 3.3/3.5 MB | 0.5/1.3 MB | 65/649 kBProgress (3): 3.4/3.5 MB | 0.5/1.3 MB | 65/649 kBProgress (4): 3.4/3.5 MB | 0.5/1.3 MB | 65/649 kB | 7.7/72 kBProgress (4): 3.4/3.5 MB | 0.5/1.3 MB | 65/649 kB | 16/72 kB Progress (5): 3.4/3.5 MB | 0.5/1.3 MB | 65/649 kB | 16/72 kB | 7.7/750 kBProgress (5): 3.4/3.5 MB | 0.5/1.3 MB | 65/649 kB | 16/72 kB | 16/750 kB Progress (5): 3.4/3.5 MB | 0.5/1.3 MB | 65/649 kB | 16/72 kB | 16/750 kBProgress (5): 3.4/3.5 MB | 0.5/1.3 MB | 65/649 kB | 16/72 kB | 16/750 kBProgress (5): 3.4/3.5 MB | 0.5/1.3 MB | 65/649 kB | 28/72 kB | 16/750 kBProgress (5): 3.4/3.5 MB | 0.5/1.3 MB | 81/649 kB | 28/72 kB | 16/750 kBProgress (5): 3.4/3.5 MB | 0.5/1.3 MB | 81/649 kB | 28/72 kB | 16/750 kBProgress (5): 3.4/3.5 MB | 0.5/1.3 MB | 98/649 kB | 28/72 kB | 16/750 kBProgress (5): 3.4/3.5 MB | 0.6/1.3 MB | 98/649 kB | 28/72 kB | 16/750 kBProgress (5): 3.4/3.5 MB | 0.6/1.3 MB | 98/649 kB | 28/72 kB | 16/750 kBProgress (5): 3.4/3.5 MB | 0.6/1.3 MB | 98/649 kB | 44/72 kB | 16/750 kBProgress (5): 3.4/3.5 MB | 0.6/1.3 MB | 98/649 kB | 44/72 kB | 16/750 kBProgress (5): 3.4/3.5 MB | 0.6/1.3 MB | 114/649 kB | 44/72 kB | 16/750 kBProgress (5): 3.4/3.5 MB | 0.6/1.3 MB | 114/649 kB | 44/72 kB | 16/750 kBProgress (5): 3.4/3.5 MB | 0.6/1.3 MB | 114/649 kB | 61/72 kB | 16/750 kBProgress (5): 3.4/3.5 MB | 0.6/1.3 MB | 114/649 kB | 61/72 kB | 16/750 kBProgress (5): 3.4/3.5 MB | 0.6/1.3 MB | 131/649 kB | 61/72 kB | 16/750 kBProgress (5): 3.5/3.5 MB | 0.6/1.3 MB | 131/649 kB | 61/72 kB | 16/750 kBProgress (5): 3.5/3.5 MB | 0.6/1.3 MB | 131/649 kB | 61/72 kB | 16/750 kBProgress (5): 3.5/3.5 MB | 0.6/1.3 MB | 131/649 kB | 66/72 kB | 16/750 kBProgress (5): 3.5/3.5 MB | 0.6/1.3 MB | 131/649 kB | 66/72 kB | 32/750 kBProgress (5): 3.5/3.5 MB | 0.6/1.3 MB | 147/649 kB | 66/72 kB | 32/750 kBProgress (5): 3.5/3.5 MB | 0.6/1.3 MB | 147/649 kB | 72 kB | 32/750 kB                                                                         Downloaded from central: https://repo.maven.apache.org/maven2/io/micrometer/micrometer-observation/1.12.1/micrometer-observation-1.12.1.jar (72 kB at 22 kB/s)
Progress (4): 3.5/3.5 MB | 0.6/1.3 MB | 147/649 kB | 32/750 kB                                                              Downloading from central: https://repo.maven.apache.org/maven2/io/micrometer/micrometer-commons/1.12.1/micrometer-commons-1.12.1.jar
Progress (4): 3.5/3.5 MB | 0.6/1.3 MB | 147/649 kB | 32/750 kBProgress (4): 3.5/3.5 MB | 0.6/1.3 MB | 147/649 kB | 32/750 kBProgress (4): 3.5/3.5 MB | 0.6/1.3 MB | 163/649 kB | 32/750 kBProgress (4): 3.5/3.5 MB | 0.6/1.3 MB | 163/649 kB | 32/750 kBProgress (4): 3.5/3.5 MB | 0.6/1.3 MB | 163/649 kB | 32/750 kBProgress (4): 3.5/3.5 MB | 0.6/1.3 MB | 180/649 kB | 32/750 kBProgress (4): 3.5 MB | 0.6/1.3 MB | 180/649 kB | 32/750 kB                                                              Downloaded from central: https://repo.maven.apache.org/maven2/org/apache/tomcat/embed/tomcat-embed-core/10.1.17/tomcat-embed-core-10.1.17.jar (3.5 MB at 1.1 MB/s)
Downloading from central: https://repo.maven.apache.org/maven2/io/micrometer/micrometer-jakarta9/1.12.1/micrometer-jakarta9-1.12.1.jar
Progress (3): 0.6/1.3 MB | 196/649 kB | 32/750 kBProgress (3): 0.7/1.3 MB | 196/649 kB | 32/750 kBProgress (3): 0.7/1.3 MB | 196/649 kB | 49/750 kBProgress (3): 0.7/1.3 MB | 213/649 kB | 49/750 kBProgress (3): 0.7/1.3 MB | 213/649 kB | 49/750 kBProgress (3): 0.7/1.3 MB | 229/649 kB | 49/750 kBProgress (3): 0.7/1.3 MB | 245/649 kB | 49/750 kBProgress (3): 0.7/1.3 MB | 245/649 kB | 49/750 kBProgress (3): 0.7/1.3 MB | 245/649 kB | 49/750 kBProgress (3): 0.7/1.3 MB | 262/649 kB | 49/750 kBProgress (3): 0.7/1.3 MB | 278/649 kB | 49/750 kBProgress (3): 0.7/1.3 MB | 278/649 kB | 49/750 kBProgress (3): 0.7/1.3 MB | 278/649 kB | 49/750 kBProgress (3): 0.7/1.3 MB | 278/649 kB | 65/750 kBProgress (3): 0.7/1.3 MB | 294/649 kB | 65/750 kBProgress (4): 0.7/1.3 MB | 294/649 kB | 65/750 kB | 7.7/47 kBProgress (4): 0.7/1.3 MB | 294/649 kB | 65/750 kB | 8.2/47 kBProgress (4): 0.7/1.3 MB | 311/649 kB | 65/750 kB | 8.2/47 kBProgress (4): 0.8/1.3 MB | 311/649 kB | 65/750 kB | 8.2/47 kBProgress (4): 0.8/1.3 MB | 311/649 kB | 65/750 kB | 8.2/47 kBProgress (4): 0.8/1.3 MB | 311/649 kB | 65/750 kB | 25/47 kB Progress (5): 0.8/1.3 MB | 311/649 kB | 65/750 kB | 25/47 kB | 7.7/32 kBProgress (5): 0.8/1.3 MB | 311/649 kB | 65/750 kB | 25/47 kB | 16/32 kB Progress (5): 0.8/1.3 MB | 327/649 kB | 65/750 kB | 25/47 kB | 16/32 kBProgress (5): 0.8/1.3 MB | 327/649 kB | 65/750 kB | 25/47 kB | 16/32 kBProgress (5): 0.8/1.3 MB | 344/649 kB | 65/750 kB | 25/47 kB | 16/32 kBProgress (5): 0.8/1.3 MB | 344/649 kB | 65/750 kB | 25/47 kB | 32 kB                                                                       Downloaded from central: https://repo.maven.apache.org/maven2/io/micrometer/micrometer-jakarta9/1.12.1/micrometer-jakarta9-1.12.1.jar (32 kB at 9.4 kB/s)
Downloading from central: https://repo.maven.apache.org/maven2/io/micrometer/micrometer-core/1.12.1/micrometer-core-1.12.1.jar
Progress (4): 0.8/1.3 MB | 344/649 kB | 65/750 kB | 25/47 kBProgress (4): 0.8/1.3 MB | 344/649 kB | 65/750 kB | 41/47 kBProgress (4): 0.8/1.3 MB | 360/649 kB | 65/750 kB | 41/47 kBProgress (4): 0.8/1.3 MB | 360/649 kB | 65/750 kB | 47 kB                                                            Downloaded from central: https://repo.maven.apache.org/maven2/io/micrometer/micrometer-commons/1.12.1/micrometer-commons-1.12.1.jar (47 kB at 14 kB/s)
Downloading from central: https://repo.maven.apache.org/maven2/org/latencyutils/LatencyUtils/2.0.3/LatencyUtils-2.0.3.jar
Progress (3): 0.8/1.3 MB | 360/649 kB | 81/750 kBProgress (3): 0.8/1.3 MB | 360/649 kB | 81/750 kBProgress (3): 0.8/1.3 MB | 376/649 kB | 81/750 kBProgress (3): 0.8/1.3 MB | 376/649 kB | 81/750 kBProgress (3): 0.8/1.3 MB | 393/649 kB | 81/750 kBProgress (3): 0.8/1.3 MB | 409/649 kB | 81/750 kBProgress (3): 0.9/1.3 MB | 409/649 kB | 81/750 kBProgress (3): 0.9/1.3 MB | 426/649 kB | 81/750 kBProgress (3): 0.9/1.3 MB | 426/649 kB | 98/750 kBProgress (3): 0.9/1.3 MB | 426/649 kB | 98/750 kBProgress (3): 0.9/1.3 MB | 442/649 kB | 98/750 kBProgress (3): 0.9/1.3 MB | 458/649 kB | 98/750 kBProgress (3): 0.9/1.3 MB | 458/649 kB | 98/750 kBProgress (3): 0.9/1.3 MB | 458/649 kB | 114/750 kBProgress (3): 0.9/1.3 MB | 475/649 kB | 114/750 kBProgress (3): 0.9/1.3 MB | 491/649 kB | 114/750 kBProgress (3): 0.9/1.3 MB | 491/649 kB | 114/750 kBProgress (3): 0.9/1.3 MB | 491/649 kB | 114/750 kBProgress (3): 0.9/1.3 MB | 491/649 kB | 114/750 kBProgress (3): 0.9/1.3 MB | 507/649 kB | 114/750 kBProgress (3): 1.0/1.3 MB | 507/649 kB | 114/750 kBProgress (3): 1.0/1.3 MB | 507/649 kB | 114/750 kBProgress (3): 1.0/1.3 MB | 507/649 kB | 114/750 kBProgress (3): 1.0/1.3 MB | 524/649 kB | 114/750 kBProgress (3): 1.0/1.3 MB | 524/649 kB | 131/750 kBProgress (3): 1.0/1.3 MB | 540/649 kB | 131/750 kBProgress (3): 1.0/1.3 MB | 540/649 kB | 131/750 kBProgress (3): 1.0/1.3 MB | 557/649 kB | 131/750 kBProgress (3): 1.0/1.3 MB | 557/649 kB | 131/750 kBProgress (3): 1.0/1.3 MB | 573/649 kB | 131/750 kBProgress (3): 1.0/1.3 MB | 573/649 kB | 131/750 kBProgress (4): 1.0/1.3 MB | 573/649 kB | 131/750 kB | 7.7/882 kBProgress (4): 1.0/1.3 MB | 573/649 kB | 131/750 kB | 16/882 kB Progress (4): 1.0/1.3 MB | 573/649 kB | 131/750 kB | 32/882 kBProgress (4): 1.0/1.3 MB | 589/649 kB | 131/750 kB | 32/882 kBProgress (4): 1.0/1.3 MB | 589/649 kB | 131/750 kB | 49/882 kBProgress (4): 1.1/1.3 MB | 589/649 kB | 131/750 kB | 49/882 kBProgress (5): 1.1/1.3 MB | 589/649 kB | 131/750 kB | 49/882 kB | 7.7/30 kBProgress (5): 1.1/1.3 MB | 589/649 kB | 131/750 kB | 49/882 kB | 16/30 kB Progress (5): 1.1/1.3 MB | 606/649 kB | 131/750 kB | 49/882 kB | 16/30 kBProgress (5): 1.1/1.3 MB | 606/649 kB | 131/750 kB | 49/882 kB | 16/30 kBProgress (5): 1.1/1.3 MB | 606/649 kB | 131/750 kB | 65/882 kB | 16/30 kBProgress (5): 1.1/1.3 MB | 606/649 kB | 147/750 kB | 65/882 kB | 16/30 kBProgress (5): 1.1/1.3 MB | 622/649 kB | 147/750 kB | 65/882 kB | 16/30 kBProgress (5): 1.1/1.3 MB | 622/649 kB | 147/750 kB | 65/882 kB | 30 kB                                                                         Downloaded from central: https://repo.maven.apache.org/maven2/org/latencyutils/LatencyUtils/2.0.3/LatencyUtils-2.0.3.jar (30 kB at 8.3 kB/s)
Downloading from central: https://repo.maven.apache.org/maven2/org/springframework/boot/spring-boot-starter-security/3.2.1/spring-boot-starter-security-3.2.1.jar
Progress (4): 1.1/1.3 MB | 622/649 kB | 147/750 kB | 65/882 kBProgress (4): 1.1/1.3 MB | 622/649 kB | 147/750 kB | 81/882 kBProgress (4): 1.1/1.3 MB | 622/649 kB | 147/750 kB | 98/882 kBProgress (4): 1.1/1.3 MB | 639/649 kB | 147/750 kB | 98/882 kBProgress (4): 1.1/1.3 MB | 639/649 kB | 147/750 kB | 98/882 kBProgress (4): 1.1/1.3 MB | 649 kB | 147/750 kB | 98/882 kB                                                              Downloaded from central: https://repo.maven.apache.org/maven2/org/springframework/boot/spring-boot-actuator/3.2.1/spring-boot-actuator-3.2.1.jar (649 kB at 181 kB/s)
Downloading from central: https://repo.maven.apache.org/maven2/org/springframework/spring-aop/6.1.2/spring-aop-6.1.2.jar
Progress (3): 1.1/1.3 MB | 147/750 kB | 114/882 kBProgress (3): 1.1/1.3 MB | 147/750 kB | 114/882 kBProgress (3): 1.1/1.3 MB | 147/750 kB | 131/882 kBProgress (3): 1.1/1.3 MB | 147/750 kB | 147/882 kBProgress (3): 1.1/1.3 MB | 147/750 kB | 147/882 kBProgress (3): 1.1/1.3 MB | 163/750 kB | 147/882 kBProgress (3): 1.1/1.3 MB | 163/750 kB | 163/882 kBProgress (3): 1.1/1.3 MB | 163/750 kB | 180/882 kBProgress (3): 1.2/1.3 MB | 163/750 kB | 180/882 kBProgress (3): 1.2/1.3 MB | 163/750 kB | 196/882 kBProgress (3): 1.2/1.3 MB | 163/750 kB | 196/882 kBProgress (3): 1.2/1.3 MB | 163/750 kB | 213/882 kBProgress (3): 1.2/1.3 MB | 163/750 kB | 229/882 kBProgress (3): 1.2/1.3 MB | 163/750 kB | 229/882 kBProgress (3): 1.2/1.3 MB | 180/750 kB | 229/882 kBProgress (3): 1.2/1.3 MB | 180/750 kB | 229/882 kBProgress (3): 1.2/1.3 MB | 180/750 kB | 245/882 kBProgress (3): 1.2/1.3 MB | 180/750 kB | 262/882 kBProgress (3): 1.2/1.3 MB | 180/750 kB | 262/882 kBProgress (3): 1.2/1.3 MB | 180/750 kB | 278/882 kBProgress (3): 1.2/1.3 MB | 180/750 kB | 294/882 kBProgress (3): 1.2/1.3 MB | 180/750 kB | 294/882 kBProgress (3): 1.2/1.3 MB | 180/750 kB | 311/882 kBProgress (3): 1.3/1.3 MB | 180/750 kB | 311/882 kBProgress (3): 1.3/1.3 MB | 180/750 kB | 327/882 kBProgress (3): 1.3/1.3 MB | 180/750 kB | 327/882 kBProgress (3): 1.3/1.3 MB | 196/750 kB | 327/882 kBProgress (3): 1.3/1.3 MB | 196/750 kB | 344/882 kBProgress (4): 1.3/1.3 MB | 196/750 kB | 344/882 kB | 4.7 kB                                                           Downloaded from central: https://repo.maven.apache.org/maven2/org/springframework/boot/spring-boot-starter-security/3.2.1/spring-boot-starter-security-3.2.1.jar (4.7 kB at 1.3 kB/s)
Downloading from central: https://repo.maven.apache.org/maven2/org/springframework/security/spring-security-config/6.2.1/spring-security-config-6.2.1.jar
Progress (3): 1.3/1.3 MB | 196/750 kB | 360/882 kBProgress (3): 1.3/1.3 MB | 196/750 kB | 360/882 kBProgress (4): 1.3/1.3 MB | 196/750 kB | 360/882 kB | 7.7/414 kBProgress (4): 1.3/1.3 MB | 196/750 kB | 360/882 kB | 8.2/414 kBProgress (4): 1.3/1.3 MB | 196/750 kB | 376/882 kB | 8.2/414 kBProgress (4): 1.3/1.3 MB | 196/750 kB | 376/882 kB | 8.2/414 kBProgress (4): 1.3/1.3 MB | 196/750 kB | 393/882 kB | 8.2/414 kBProgress (4): 1.3/1.3 MB | 196/750 kB | 393/882 kB | 25/414 kB Progress (4): 1.3/1.3 MB | 196/750 kB | 393/882 kB | 25/414 kBProgress (4): 1.3/1.3 MB | 196/750 kB | 409/882 kB | 25/414 kBProgress (4): 1.3 MB | 196/750 kB | 409/882 kB | 25/414 kB    Progress (4): 1.3 MB | 213/750 kB | 409/882 kB | 25/414 kBProgress (4): 1.3 MB | 213/750 kB | 409/882 kB | 41/414 kBProgress (4): 1.3 MB | 213/750 kB | 426/882 kB | 41/414 kB                                                          Downloaded from central: https://repo.maven.apache.org/maven2/org/hibernate/validator/hibernate-validator/8.0.1.Final/hibernate-validator-8.0.1.Final.jar (1.3 MB at 360 kB/s)
Downloading from central: https://repo.maven.apache.org/maven2/org/springframework/security/spring-security-web/6.2.1/spring-security-web-6.2.1.jar
Progress (3): 213/750 kB | 426/882 kB | 57/414 kBProgress (3): 213/750 kB | 442/882 kB | 57/414 kBProgress (3): 213/750 kB | 458/882 kB | 57/414 kBProgress (3): 213/750 kB | 458/882 kB | 74/414 kBProgress (3): 213/750 kB | 475/882 kB | 74/414 kBProgress (3): 213/750 kB | 491/882 kB | 74/414 kBProgress (3): 213/750 kB | 491/882 kB | 90/414 kBProgress (3): 213/750 kB | 507/882 kB | 90/414 kBProgress (3): 213/750 kB | 507/882 kB | 106/414 kBProgress (3): 229/750 kB | 507/882 kB | 106/414 kBProgress (3): 229/750 kB | 507/882 kB | 123/414 kBProgress (3): 229/750 kB | 524/882 kB | 123/414 kBProgress (3): 229/750 kB | 524/882 kB | 131/414 kBProgress (3): 229/750 kB | 524/882 kB | 139/414 kBProgress (3): 229/750 kB | 524/882 kB | 147/414 kBProgress (3): 229/750 kB | 524/882 kB | 156/414 kBProgress (3): 229/750 kB | 540/882 kB | 156/414 kBProgress (3): 229/750 kB | 557/882 kB | 156/414 kBProgress (3): 229/750 kB | 573/882 kB | 156/414 kBProgress (3): 229/750 kB | 573/882 kB | 172/414 kBProgress (3): 229/750 kB | 589/882 kB | 172/414 kBProgress (4): 229/750 kB | 589/882 kB | 172/414 kB | 0/1.8 MBProgress (4): 229/750 kB | 589/882 kB | 172/414 kB | 0/1.8 MBProgress (4): 229/750 kB | 606/882 kB | 172/414 kB | 0/1.8 MBProgress (4): 229/750 kB | 606/882 kB | 188/414 kB | 0/1.8 MBProgress (4): 229/750 kB | 606/882 kB | 188/414 kB | 0/1.8 MBProgress (4): 245/750 kB | 606/882 kB | 188/414 kB | 0/1.8 MBProgress (4): 245/750 kB | 622/882 kB | 188/414 kB | 0/1.8 MBProgress (4): 245/750 kB | 622/882 kB | 205/414 kB | 0/1.8 MBProgress (4): 245/750 kB | 622/882 kB | 213/414 kB | 0/1.8 MBProgress (4): 245/750 kB | 622/882 kB | 221/414 kB | 0/1.8 MBProgress (4): 245/750 kB | 639/882 kB | 221/414 kB | 0/1.8 MBProgress (4): 245/750 kB | 639/882 kB | 221/414 kB | 0/1.8 MBProgress (4): 245/750 kB | 655/882 kB | 221/414 kB | 0/1.8 MBProgress (4): 245/750 kB | 655/882 kB | 238/414 kB | 0/1.8 MBProgress (5): 245/750 kB | 655/882 kB | 238/414 kB | 0/1.8 MB | 7.7/781 kBProgress (5): 245/750 kB | 655/882 kB | 238/414 kB | 0/1.8 MB | 16/781 kB Progress (5): 245/750 kB | 671/882 kB | 238/414 kB | 0/1.8 MB | 16/781 kBProgress (5): 245/750 kB | 671/882 kB | 238/414 kB | 0.1/1.8 MB | 16/781 kBProgress (5): 245/750 kB | 671/882 kB | 238/414 kB | 0.1/1.8 MB | 32/781 kBProgress (5): 245/750 kB | 688/882 kB | 238/414 kB | 0.1/1.8 MB | 32/781 kBProgress (5): 262/750 kB | 688/882 kB | 238/414 kB | 0.1/1.8 MB | 32/781 kBProgress (5): 262/750 kB | 688/882 kB | 254/414 kB | 0.1/1.8 MB | 32/781 kBProgress (5): 262/750 kB | 688/882 kB | 254/414 kB | 0.1/1.8 MB | 49/781 kBProgress (5): 262/750 kB | 704/882 kB | 254/414 kB | 0.1/1.8 MB | 49/781 kBProgress (5): 262/750 kB | 704/882 kB | 270/414 kB | 0.1/1.8 MB | 49/781 kBProgress (5): 262/750 kB | 704/882 kB | 270/414 kB | 0.1/1.8 MB | 65/781 kBProgress (5): 262/750 kB | 704/882 kB | 270/414 kB | 0.1/1.8 MB | 65/781 kBProgress (5): 262/750 kB | 720/882 kB | 270/414 kB | 0.1/1.8 MB | 65/781 kBProgress (5): 262/750 kB | 737/882 kB | 270/414 kB | 0.1/1.8 MB | 65/781 kBProgress (5): 262/750 kB | 737/882 kB | 287/414 kB | 0.1/1.8 MB | 65/781 kBProgress (5): 262/750 kB | 753/882 kB | 287/414 kB | 0.1/1.8 MB | 65/781 kBProgress (5): 262/750 kB | 753/882 kB | 287/414 kB | 0.1/1.8 MB | 65/781 kBProgress (5): 262/750 kB | 753/882 kB | 287/414 kB | 0.1/1.8 MB | 81/781 kBProgress (5): 262/750 kB | 753/882 kB | 303/414 kB | 0.1/1.8 MB | 81/781 kBProgress (5): 262/750 kB | 753/882 kB | 303/414 kB | 0.1/1.8 MB | 98/781 kBProgress (5): 262/750 kB | 770/882 kB | 303/414 kB | 0.1/1.8 MB | 98/781 kBProgress (5): 262/750 kB | 770/882 kB | 319/414 kB | 0.1/1.8 MB | 98/781 kBProgress (5): 262/750 kB | 770/882 kB | 319/414 kB | 0.1/1.8 MB | 98/781 kBProgress (5): 262/750 kB | 786/882 kB | 319/414 kB | 0.1/1.8 MB | 98/781 kBProgress (5): 262/750 kB | 786/882 kB | 319/414 kB | 0.1/1.8 MB | 114/781 kBProgress (5): 278/750 kB | 786/882 kB | 319/414 kB | 0.1/1.8 MB | 114/781 kBProgress (5): 278/750 kB | 786/882 kB | 336/414 kB | 0.1/1.8 MB | 114/781 kBProgress (5): 278/750 kB | 802/882 kB | 336/414 kB | 0.1/1.8 MB | 114/781 kBProgress (5): 278/750 kB | 802/882 kB | 336/414 kB | 0.1/1.8 MB | 114/781 kBProgress (5): 278/750 kB | 802/882 kB | 336/414 kB | 0.1/1.8 MB | 131/781 kBProgress (5): 278/750 kB | 802/882 kB | 344/414 kB | 0.1/1.8 MB | 131/781 kBProgress (5): 278/750 kB | 819/882 kB | 344/414 kB | 0.1/1.8 MB | 131/781 kBProgress (5): 278/750 kB | 819/882 kB | 352/414 kB | 0.1/1.8 MB | 131/781 kBProgress (5): 278/750 kB | 835/882 kB | 352/414 kB | 0.1/1.8 MB | 131/781 kBProgress (5): 278/750 kB | 835/882 kB | 352/414 kB | 0.1/1.8 MB | 147/781 kBProgress (5): 278/750 kB | 835/882 kB | 352/414 kB | 0.1/1.8 MB | 147/781 kBProgress (5): 278/750 kB | 835/882 kB | 352/414 kB | 0.1/1.8 MB | 163/781 kBProgress (5): 278/750 kB | 851/882 kB | 352/414 kB | 0.1/1.8 MB | 163/781 kBProgress (5): 278/750 kB | 851/882 kB | 369/414 kB | 0.1/1.8 MB | 163/781 kBProgress (5): 278/750 kB | 868/882 kB | 369/414 kB | 0.1/1.8 MB | 163/781 kBProgress (5): 278/750 kB | 868/882 kB | 385/414 kB | 0.1/1.8 MB | 163/781 kBProgress (5): 278/750 kB | 868/882 kB | 385/414 kB | 0.2/1.8 MB | 163/781 kBProgress (5): 278/750 kB | 882 kB | 385/414 kB | 0.2/1.8 MB | 163/781 kB    Progress (5): 278/750 kB | 882 kB | 401/414 kB | 0.2/1.8 MB | 163/781 kBProgress (5): 278/750 kB | 882 kB | 401/414 kB | 0.2/1.8 MB | 180/781 kB                                                                        Downloaded from central: https://repo.maven.apache.org/maven2/io/micrometer/micrometer-core/1.12.1/micrometer-core-1.12.1.jar (882 kB at 226 kB/s)
Downloading from central: https://repo.maven.apache.org/maven2/org/springframework/boot/spring-boot-starter-oauth2-resource-server/3.2.1/spring-boot-starter-oauth2-resource-server-3.2.1.jar
Progress (4): 294/750 kB | 401/414 kB | 0.2/1.8 MB | 180/781 kBProgress (4): 294/750 kB | 401/414 kB | 0.2/1.8 MB | 196/781 kBProgress (4): 294/750 kB | 401/414 kB | 0.2/1.8 MB | 213/781 kBProgress (4): 294/750 kB | 414 kB | 0.2/1.8 MB | 213/781 kB    Progress (4): 294/750 kB | 414 kB | 0.2/1.8 MB | 213/781 kB                                                           Downloaded from central: https://repo.maven.apache.org/maven2/org/springframework/spring-aop/6.1.2/spring-aop-6.1.2.jar (414 kB at 106 kB/s)
Downloading from central: https://repo.maven.apache.org/maven2/org/springframework/security/spring-security-core/6.2.1/spring-security-core-6.2.1.jar
Progress (3): 294/750 kB | 0.2/1.8 MB | 213/781 kBProgress (3): 294/750 kB | 0.2/1.8 MB | 229/781 kBProgress (3): 311/750 kB | 0.2/1.8 MB | 229/781 kBProgress (3): 311/750 kB | 0.2/1.8 MB | 245/781 kBProgress (3): 311/750 kB | 0.2/1.8 MB | 262/781 kBProgress (3): 311/750 kB | 0.2/1.8 MB | 262/781 kBProgress (3): 311/750 kB | 0.2/1.8 MB | 278/781 kBProgress (3): 311/750 kB | 0.2/1.8 MB | 278/781 kBProgress (3): 311/750 kB | 0.2/1.8 MB | 294/781 kBProgress (3): 327/750 kB | 0.2/1.8 MB | 294/781 kBProgress (3): 327/750 kB | 0.2/1.8 MB | 311/781 kBProgress (3): 327/750 kB | 0.2/1.8 MB | 311/781 kBProgress (3): 327/750 kB | 0.3/1.8 MB | 311/781 kBProgress (3): 327/750 kB | 0.3/1.8 MB | 327/781 kBProgress (3): 327/750 kB | 0.3/1.8 MB | 344/781 kBProgress (3): 327/750 kB | 0.3/1.8 MB | 360/781 kBProgress (3): 327/750 kB | 0.3/1.8 MB | 376/781 kBProgress (3): 327/750 kB | 0.3/1.8 MB | 393/781 kBProgress (3): 327/750 kB | 0.3/1.8 MB | 393/781 kBProgress (3): 327/750 kB | 0.3/1.8 MB | 409/781 kBProgress (3): 344/750 kB | 0.3/1.8 MB | 409/781 kBProgress (4): 344/750 kB | 0.3/1.8 MB | 409/781 kB | 4.8 kB                                                           Downloaded from central: https://repo.maven.apache.org/maven2/org/springframework/boot/spring-boot-starter-oauth2-resource-server/3.2.1/spring-boot-starter-oauth2-resource-server-3.2.1.jar (4.8 kB at 1.2 kB/s)
Downloading from central: https://repo.maven.apache.org/maven2/org/springframework/security/spring-security-crypto/6.2.1/spring-security-crypto-6.2.1.jar
Progress (3): 344/750 kB | 0.3/1.8 MB | 426/781 kBProgress (3): 344/750 kB | 0.3/1.8 MB | 426/781 kBProgress (3): 344/750 kB | 0.3/1.8 MB | 442/781 kBProgress (4): 344/750 kB | 0.3/1.8 MB | 442/781 kB | 7.7/513 kBProgress (4): 344/750 kB | 0.3/1.8 MB | 442/781 kB | 12/513 kB Progress (4): 344/750 kB | 0.3/1.8 MB | 442/781 kB | 28/513 kBProgress (4): 344/750 kB | 0.3/1.8 MB | 442/781 kB | 28/513 kBProgress (4): 344/750 kB | 0.3/1.8 MB | 442/781 kB | 33/513 kBProgress (4): 344/750 kB | 0.3/1.8 MB | 458/781 kB | 33/513 kBProgress (4): 360/750 kB | 0.3/1.8 MB | 458/781 kB | 33/513 kBProgress (4): 360/750 kB | 0.3/1.8 MB | 475/781 kB | 33/513 kBProgress (4): 360/750 kB | 0.3/1.8 MB | 475/781 kB | 49/513 kBProgress (4): 360/750 kB | 0.3/1.8 MB | 475/781 kB | 49/513 kBProgress (4): 360/750 kB | 0.3/1.8 MB | 491/781 kB | 49/513 kBProgress (4): 360/750 kB | 0.3/1.8 MB | 491/781 kB | 66/513 kBProgress (4): 360/750 kB | 0.3/1.8 MB | 507/781 kB | 66/513 kBProgress (4): 360/750 kB | 0.3/1.8 MB | 507/781 kB | 66/513 kBProgress (4): 360/750 kB | 0.3/1.8 MB | 507/781 kB | 82/513 kBProgress (4): 360/750 kB | 0.3/1.8 MB | 524/781 kB | 82/513 kBProgress (4): 360/750 kB | 0.3/1.8 MB | 524/781 kB | 98/513 kBProgress (4): 360/750 kB | 0.4/1.8 MB | 524/781 kB | 98/513 kBProgress (4): 360/750 kB | 0.4/1.8 MB | 524/781 kB | 106/513 kBProgress (4): 360/750 kB | 0.4/1.8 MB | 540/781 kB | 106/513 kBProgress (4): 360/750 kB | 0.4/1.8 MB | 540/781 kB | 115/513 kBProgress (4): 376/750 kB | 0.4/1.8 MB | 540/781 kB | 115/513 kBProgress (4): 376/750 kB | 0.4/1.8 MB | 557/781 kB | 115/513 kBProgress (4): 376/750 kB | 0.4/1.8 MB | 557/781 kB | 131/513 kBProgress (5): 376/750 kB | 0.4/1.8 MB | 557/781 kB | 131/513 kB | 3.4/84 kBProgress (5): 376/750 kB | 0.4/1.8 MB | 557/781 kB | 131/513 kB | 20/84 kB Progress (5): 376/750 kB | 0.4/1.8 MB | 557/781 kB | 131/513 kB | 20/84 kBProgress (5): 376/750 kB | 0.4/1.8 MB | 573/781 kB | 131/513 kB | 20/84 kBProgress (5): 376/750 kB | 0.4/1.8 MB | 573/781 kB | 147/513 kB | 20/84 kBProgress (5): 376/750 kB | 0.4/1.8 MB | 573/781 kB | 147/513 kB | 36/84 kBProgress (5): 376/750 kB | 0.4/1.8 MB | 573/781 kB | 147/513 kB | 36/84 kBProgress (5): 376/750 kB | 0.4/1.8 MB | 589/781 kB | 147/513 kB | 36/84 kBProgress (5): 376/750 kB | 0.4/1.8 MB | 589/781 kB | 164/513 kB | 36/84 kBProgress (5): 376/750 kB | 0.4/1.8 MB | 589/781 kB | 164/513 kB | 53/84 kBProgress (5): 376/750 kB | 0.4/1.8 MB | 589/781 kB | 164/513 kB | 61/84 kBProgress (5): 376/750 kB | 0.4/1.8 MB | 606/781 kB | 164/513 kB | 61/84 kBProgress (5): 393/750 kB | 0.4/1.8 MB | 606/781 kB | 164/513 kB | 61/84 kBProgress (5): 393/750 kB | 0.4/1.8 MB | 606/781 kB | 180/513 kB | 61/84 kBProgress (5): 393/750 kB | 0.4/1.8 MB | 606/781 kB | 180/513 kB | 77/84 kBProgress (5): 393/750 kB | 0.4/1.8 MB | 606/781 kB | 180/513 kB | 77/84 kBProgress (5): 393/750 kB | 0.4/1.8 MB | 606/781 kB | 180/513 kB | 84 kB                                                                          Downloaded from central: https://repo.maven.apache.org/maven2/org/springframework/security/spring-security-crypto/6.2.1/spring-security-crypto-6.2.1.jar (84 kB at 20 kB/s)
Downloading from central: https://repo.maven.apache.org/maven2/org/springframework/security/spring-security-oauth2-resource-server/6.2.1/spring-security-oauth2-resource-server-6.2.1.jar
Progress (4): 393/750 kB | 0.4/1.8 MB | 622/781 kB | 180/513 kBProgress (4): 393/750 kB | 0.4/1.8 MB | 622/781 kB | 197/513 kBProgress (4): 393/750 kB | 0.4/1.8 MB | 639/781 kB | 197/513 kBProgress (4): 393/750 kB | 0.4/1.8 MB | 639/781 kB | 197/513 kBProgress (4): 393/750 kB | 0.4/1.8 MB | 655/781 kB | 197/513 kBProgress (4): 393/750 kB | 0.4/1.8 MB | 655/781 kB | 213/513 kBProgress (4): 393/750 kB | 0.4/1.8 MB | 671/781 kB | 213/513 kBProgress (4): 393/750 kB | 0.4/1.8 MB | 671/781 kB | 229/513 kBProgress (4): 393/750 kB | 0.4/1.8 MB | 671/781 kB | 229/513 kBProgress (4): 409/750 kB | 0.4/1.8 MB | 671/781 kB | 229/513 kBProgress (4): 409/750 kB | 0.4/1.8 MB | 688/781 kB | 229/513 kBProgress (4): 409/750 kB | 0.4/1.8 MB | 688/781 kB | 246/513 kBProgress (4): 409/750 kB | 0.4/1.8 MB | 704/781 kB | 246/513 kBProgress (4): 409/750 kB | 0.4/1.8 MB | 704/781 kB | 262/513 kBProgress (4): 409/750 kB | 0.5/1.8 MB | 704/781 kB | 262/513 kBProgress (4): 409/750 kB | 0.5/1.8 MB | 720/781 kB | 262/513 kBProgress (4): 409/750 kB | 0.5/1.8 MB | 720/781 kB | 279/513 kBProgress (4): 409/750 kB | 0.5/1.8 MB | 720/781 kB | 279/513 kBProgress (4): 409/750 kB | 0.5/1.8 MB | 737/781 kB | 279/513 kBProgress (4): 409/750 kB | 0.5/1.8 MB | 737/781 kB | 295/513 kBProgress (4): 409/750 kB | 0.5/1.8 MB | 753/781 kB | 295/513 kBProgress (4): 426/750 kB | 0.5/1.8 MB | 753/781 kB | 295/513 kBProgress (5): 426/750 kB | 0.5/1.8 MB | 753/781 kB | 295/513 kB | 8.2/99 kBProgress (5): 426/750 kB | 0.5/1.8 MB | 753/781 kB | 295/513 kB | 8.2/99 kBProgress (5): 426/750 kB | 0.5/1.8 MB | 753/781 kB | 311/513 kB | 8.2/99 kBProgress (5): 426/750 kB | 0.5/1.8 MB | 770/781 kB | 311/513 kB | 8.2/99 kBProgress (5): 426/750 kB | 0.5/1.8 MB | 770/781 kB | 311/513 kB | 25/99 kB Progress (5): 426/750 kB | 0.5/1.8 MB | 781 kB | 311/513 kB | 25/99 kB                                                                          Downloaded from central: https://repo.maven.apache.org/maven2/org/springframework/security/spring-security-web/6.2.1/spring-security-web-6.2.1.jar (781 kB at 187 kB/s)
Downloading from central: https://repo.maven.apache.org/maven2/org/springframework/security/spring-security-oauth2-core/6.2.1/spring-security-oauth2-core-6.2.1.jar
Progress (4): 426/750 kB | 0.5/1.8 MB | 328/513 kB | 25/99 kBProgress (4): 426/750 kB | 0.5/1.8 MB | 328/513 kB | 41/99 kBProgress (4): 426/750 kB | 0.5/1.8 MB | 328/513 kB | 41/99 kBProgress (4): 426/750 kB | 0.5/1.8 MB | 328/513 kB | 57/99 kBProgress (4): 426/750 kB | 0.5/1.8 MB | 328/513 kB | 66/99 kBProgress (4): 426/750 kB | 0.5/1.8 MB | 344/513 kB | 66/99 kBProgress (4): 426/750 kB | 0.5/1.8 MB | 344/513 kB | 74/99 kBProgress (4): 426/750 kB | 0.5/1.8 MB | 360/513 kB | 74/99 kBProgress (4): 426/750 kB | 0.5/1.8 MB | 360/513 kB | 90/99 kBProgress (4): 442/750 kB | 0.5/1.8 MB | 360/513 kB | 90/99 kBProgress (4): 442/750 kB | 0.5/1.8 MB | 360/513 kB | 90/99 kBProgress (4): 442/750 kB | 0.5/1.8 MB | 360/513 kB | 99 kB                                                             Downloaded from central: https://repo.maven.apache.org/maven2/org/springframework/security/spring-security-oauth2-resource-server/6.2.1/spring-security-oauth2-resource-server-6.2.1.jar (99 kB at 24 kB/s)
Downloading from central: https://repo.maven.apache.org/maven2/org/springframework/security/spring-security-oauth2-jose/6.2.1/spring-security-oauth2-jose-6.2.1.jar
Progress (3): 442/750 kB | 0.5/1.8 MB | 377/513 kBProgress (3): 442/750 kB | 0.5/1.8 MB | 377/513 kBProgress (3): 442/750 kB | 0.5/1.8 MB | 393/513 kBProgress (3): 442/750 kB | 0.5/1.8 MB | 410/513 kBProgress (3): 458/750 kB | 0.5/1.8 MB | 410/513 kBProgress (3): 458/750 kB | 0.6/1.8 MB | 410/513 kBProgress (3): 458/750 kB | 0.6/1.8 MB | 410/513 kBProgress (3): 458/750 kB | 0.6/1.8 MB | 426/513 kBProgress (3): 458/750 kB | 0.6/1.8 MB | 426/513 kBProgress (3): 458/750 kB | 0.6/1.8 MB | 442/513 kBProgress (3): 458/750 kB | 0.6/1.8 MB | 459/513 kBProgress (4): 458/750 kB | 0.6/1.8 MB | 459/513 kB | 3.4/105 kBProgress (5): 458/750 kB | 0.6/1.8 MB | 459/513 kB | 3.4/105 kB | 7.7/97 kBProgress (5): 458/750 kB | 0.6/1.8 MB | 459/513 kB | 3.4/105 kB | 16/97 kB Progress (5): 475/750 kB | 0.6/1.8 MB | 459/513 kB | 3.4/105 kB | 16/97 kBProgress (5): 475/750 kB | 0.6/1.8 MB | 466/513 kB | 3.4/105 kB | 16/97 kBProgress (5): 475/750 kB | 0.6/1.8 MB | 466/513 kB | 3.4/105 kB | 16/97 kBProgress (5): 475/750 kB | 0.6/1.8 MB | 466/513 kB | 20/105 kB | 16/97 kB Progress (5): 475/750 kB | 0.6/1.8 MB | 466/513 kB | 20/105 kB | 32/97 kBProgress (5): 475/750 kB | 0.6/1.8 MB | 483/513 kB | 20/105 kB | 32/97 kBProgress (5): 475/750 kB | 0.6/1.8 MB | 483/513 kB | 36/105 kB | 32/97 kBProgress (5): 475/750 kB | 0.6/1.8 MB | 483/513 kB | 36/105 kB | 49/97 kBProgress (5): 475/750 kB | 0.6/1.8 MB | 483/513 kB | 36/105 kB | 49/97 kBProgress (5): 475/750 kB | 0.6/1.8 MB | 499/513 kB | 36/105 kB | 49/97 kBProgress (5): 475/750 kB | 0.6/1.8 MB | 499/513 kB | 53/105 kB | 49/97 kBProgress (5): 475/750 kB | 0.6/1.8 MB | 499/513 kB | 53/105 kB | 65/97 kBProgress (5): 475/750 kB | 0.6/1.8 MB | 499/513 kB | 61/105 kB | 65/97 kBProgress (5): 475/750 kB | 0.6/1.8 MB | 513 kB | 61/105 kB | 65/97 kB    Progress (5): 475/750 kB | 0.6/1.8 MB | 513 kB | 61/105 kB | 81/97 kB                                                                     Downloaded from central: https://repo.maven.apache.org/maven2/org/springframework/security/spring-security-core/6.2.1/spring-security-core-6.2.1.jar (513 kB at 120 kB/s)
Downloading from central: https://repo.maven.apache.org/maven2/com/nimbusds/nimbus-jose-jwt/9.24.4/nimbus-jose-jwt-9.24.4.jar
Progress (4): 475/750 kB | 0.6/1.8 MB | 61/105 kB | 81/97 kBProgress (4): 475/750 kB | 0.6/1.8 MB | 61/105 kB | 97 kB   Progress (4): 475/750 kB | 0.6/1.8 MB | 77/105 kB | 97 kB                                                         Downloaded from central: https://repo.maven.apache.org/maven2/org/springframework/security/spring-security-oauth2-jose/6.2.1/spring-security-oauth2-jose-6.2.1.jar (97 kB at 23 kB/s)
Downloading from central: https://repo.maven.apache.org/maven2/com/github/stephenc/jcip/jcip-annotations/1.0-1/jcip-annotations-1.0-1.jar
Progress (3): 491/750 kB | 0.6/1.8 MB | 77/105 kBProgress (3): 491/750 kB | 0.6/1.8 MB | 93/105 kBProgress (3): 491/750 kB | 0.7/1.8 MB | 93/105 kBProgress (3): 491/750 kB | 0.7/1.8 MB | 105 kB                                                 Downloaded from central: https://repo.maven.apache.org/maven2/org/springframework/security/spring-security-oauth2-core/6.2.1/spring-security-oauth2-core-6.2.1.jar (105 kB at 24 kB/s)
Downloading from central: https://repo.maven.apache.org/maven2/org/springframework/boot/spring-boot-starter-data-jpa/3.2.1/spring-boot-starter-data-jpa-3.2.1.jar
Progress (2): 491/750 kB | 0.7/1.8 MBProgress (2): 491/750 kB | 0.7/1.8 MBProgress (2): 507/750 kB | 0.7/1.8 MBProgress (3): 507/750 kB | 0.7/1.8 MB | 4.7 kB                                              Downloaded from central: https://repo.maven.apache.org/maven2/com/github/stephenc/jcip/jcip-annotations/1.0-1/jcip-annotations-1.0-1.jar (4.7 kB at 1.1 kB/s)
Downloading from central: https://repo.maven.apache.org/maven2/org/springframework/boot/spring-boot-starter-aop/3.2.1/spring-boot-starter-aop-3.2.1.jar
Progress (3): 507/750 kB | 0.7/1.8 MB | 4.8 kB                                              Downloaded from central: https://repo.maven.apache.org/maven2/org/springframework/boot/spring-boot-starter-data-jpa/3.2.1/spring-boot-starter-data-jpa-3.2.1.jar (4.8 kB at 1.1 kB/s)
Downloading from central: https://repo.maven.apache.org/maven2/org/aspectj/aspectjweaver/1.9.21/aspectjweaver-1.9.21.jar
Progress (2): 507/750 kB | 0.7/1.8 MBProgress (3): 507/750 kB | 0.7/1.8 MB | 7.7/681 kBProgress (3): 507/750 kB | 0.7/1.8 MB | 16/681 kB Progress (3): 507/750 kB | 0.7/1.8 MB | 32/681 kBProgress (3): 507/750 kB | 0.7/1.8 MB | 32/681 kBProgress (3): 507/750 kB | 0.7/1.8 MB | 49/681 kBProgress (3): 507/750 kB | 0.7/1.8 MB | 49/681 kBProgress (3): 507/750 kB | 0.7/1.8 MB | 65/681 kBProgress (3): 524/750 kB | 0.7/1.8 MB | 65/681 kBProgress (4): 524/750 kB | 0.7/1.8 MB | 65/681 kB | 4.8 kB                                                          Downloaded from central: https://repo.maven.apache.org/maven2/org/springframework/boot/spring-boot-starter-aop/3.2.1/spring-boot-starter-aop-3.2.1.jar (4.8 kB at 1.1 kB/s)
Downloading from central: https://repo.maven.apache.org/maven2/org/springframework/boot/spring-boot-starter-jdbc/3.2.1/spring-boot-starter-jdbc-3.2.1.jar
Progress (3): 524/750 kB | 0.8/1.8 MB | 65/681 kBProgress (3): 524/750 kB | 0.8/1.8 MB | 81/681 kBProgress (4): 524/750 kB | 0.8/1.8 MB | 81/681 kB | 0/2.1 MBProgress (4): 524/750 kB | 0.8/1.8 MB | 81/681 kB | 0/2.1 MBProgress (4): 524/750 kB | 0.8/1.8 MB | 98/681 kB | 0/2.1 MBProgress (4): 524/750 kB | 0.8/1.8 MB | 98/681 kB | 0/2.1 MBProgress (4): 524/750 kB | 0.8/1.8 MB | 98/681 kB | 0/2.1 MBProgress (4): 524/750 kB | 0.8/1.8 MB | 114/681 kB | 0/2.1 MBProgress (4): 524/750 kB | 0.8/1.8 MB | 114/681 kB | 0/2.1 MBProgress (4): 524/750 kB | 0.8/1.8 MB | 114/681 kB | 0/2.1 MBProgress (4): 524/750 kB | 0.8/1.8 MB | 131/681 kB | 0/2.1 MBProgress (4): 540/750 kB | 0.8/1.8 MB | 131/681 kB | 0/2.1 MBProgress (4): 540/750 kB | 0.8/1.8 MB | 131/681 kB | 0.1/2.1 MBProgress (4): 540/750 kB | 0.8/1.8 MB | 147/681 kB | 0.1/2.1 MBProgress (5): 540/750 kB | 0.8/1.8 MB | 147/681 kB | 0.1/2.1 MB | 4.8 kB                                                                        Downloaded from central: https://repo.maven.apache.org/maven2/org/springframework/boot/spring-boot-starter-jdbc/3.2.1/spring-boot-starter-jdbc-3.2.1.jar (4.8 kB at 1.1 kB/s)
Downloading from central: https://repo.maven.apache.org/maven2/com/zaxxer/HikariCP/5.0.1/HikariCP-5.0.1.jar
Progress (4): 540/750 kB | 0.8/1.8 MB | 147/681 kB | 0.1/2.1 MBProgress (4): 540/750 kB | 0.8/1.8 MB | 147/681 kB | 0.1/2.1 MBProgress (4): 540/750 kB | 0.8/1.8 MB | 163/681 kB | 0.1/2.1 MBProgress (4): 540/750 kB | 0.8/1.8 MB | 180/681 kB | 0.1/2.1 MBProgress (4): 540/750 kB | 0.8/1.8 MB | 196/681 kB | 0.1/2.1 MBProgress (4): 540/750 kB | 0.8/1.8 MB | 196/681 kB | 0.1/2.1 MBProgress (4): 540/750 kB | 0.8/1.8 MB | 196/681 kB | 0.1/2.1 MBProgress (4): 540/750 kB | 0.8/1.8 MB | 196/681 kB | 0.1/2.1 MBProgress (4): 540/750 kB | 0.8/1.8 MB | 196/681 kB | 0.1/2.1 MBProgress (4): 540/750 kB | 0.8/1.8 MB | 196/681 kB | 0.1/2.1 MBProgress (4): 557/750 kB | 0.8/1.8 MB | 196/681 kB | 0.1/2.1 MBProgress (4): 557/750 kB | 0.8/1.8 MB | 213/681 kB | 0.1/2.1 MBProgress (4): 557/750 kB | 0.8/1.8 MB | 229/681 kB | 0.1/2.1 MBProgress (4): 557/750 kB | 0.9/1.8 MB | 229/681 kB | 0.1/2.1 MBProgress (5): 557/750 kB | 0.9/1.8 MB | 229/681 kB | 0.1/2.1 MB | 7.7/162 kBProgress (5): 557/750 kB | 0.9/1.8 MB | 229/681 kB | 0.1/2.1 MB | 16/162 kB Progress (5): 557/750 kB | 0.9/1.8 MB | 229/681 kB | 0.1/2.1 MB | 16/162 kBProgress (5): 557/750 kB | 0.9/1.8 MB | 245/681 kB | 0.1/2.1 MB | 16/162 kBProgress (5): 557/750 kB | 0.9/1.8 MB | 245/681 kB | 0.1/2.1 MB | 32/162 kBProgress (5): 557/750 kB | 0.9/1.8 MB | 245/681 kB | 0.2/2.1 MB | 32/162 kBProgress (5): 557/750 kB | 0.9/1.8 MB | 262/681 kB | 0.2/2.1 MB | 32/162 kBProgress (5): 557/750 kB | 0.9/1.8 MB | 262/681 kB | 0.2/2.1 MB | 32/162 kBProgress (5): 573/750 kB | 0.9/1.8 MB | 262/681 kB | 0.2/2.1 MB | 32/162 kBProgress (5): 573/750 kB | 0.9/1.8 MB | 262/681 kB | 0.2/2.1 MB | 49/162 kBProgress (5): 573/750 kB | 0.9/1.8 MB | 262/681 kB | 0.2/2.1 MB | 49/162 kBProgress (5): 573/750 kB | 0.9/1.8 MB | 278/681 kB | 0.2/2.1 MB | 49/162 kBProgress (5): 573/750 kB | 0.9/1.8 MB | 278/681 kB | 0.2/2.1 MB | 49/162 kBProgress (5): 573/750 kB | 0.9/1.8 MB | 278/681 kB | 0.2/2.1 MB | 65/162 kBProgress (5): 573/750 kB | 0.9/1.8 MB | 278/681 kB | 0.2/2.1 MB | 65/162 kBProgress (5): 573/750 kB | 0.9/1.8 MB | 278/681 kB | 0.2/2.1 MB | 81/162 kBProgress (5): 573/750 kB | 0.9/1.8 MB | 294/681 kB | 0.2/2.1 MB | 81/162 kBProgress (5): 573/750 kB | 0.9/1.8 MB | 294/681 kB | 0.2/2.1 MB | 81/162 kBProgress (5): 573/750 kB | 0.9/1.8 MB | 311/681 kB | 0.2/2.1 MB | 81/162 kBProgress (5): 573/750 kB | 0.9/1.8 MB | 311/681 kB | 0.2/2.1 MB | 81/162 kBProgress (5): 573/750 kB | 0.9/1.8 MB | 311/681 kB | 0.2/2.1 MB | 98/162 kBProgress (5): 573/750 kB | 0.9/1.8 MB | 311/681 kB | 0.2/2.1 MB | 114/162 kBProgress (5): 573/750 kB | 0.9/1.8 MB | 311/681 kB | 0.2/2.1 MB | 114/162 kBProgress (5): 573/750 kB | 0.9/1.8 MB | 311/681 kB | 0.2/2.1 MB | 131/162 kBProgress (5): 573/750 kB | 0.9/1.8 MB | 327/681 kB | 0.2/2.1 MB | 131/162 kBProgress (5): 573/750 kB | 0.9/1.8 MB | 327/681 kB | 0.2/2.1 MB | 131/162 kBProgress (5): 573/750 kB | 0.9/1.8 MB | 344/681 kB | 0.2/2.1 MB | 131/162 kBProgress (5): 573/750 kB | 0.9/1.8 MB | 360/681 kB | 0.2/2.1 MB | 131/162 kBProgress (5): 573/750 kB | 0.9/1.8 MB | 360/681 kB | 0.2/2.1 MB | 147/162 kBProgress (5): 573/750 kB | 0.9/1.8 MB | 360/681 kB | 0.2/2.1 MB | 147/162 kBProgress (5): 573/750 kB | 0.9/1.8 MB | 360/681 kB | 0.2/2.1 MB | 147/162 kBProgress (5): 589/750 kB | 0.9/1.8 MB | 360/681 kB | 0.2/2.1 MB | 147/162 kBProgress (5): 589/750 kB | 0.9/1.8 MB | 360/681 kB | 0.2/2.1 MB | 162 kB    Progress (5): 589/750 kB | 0.9/1.8 MB | 360/681 kB | 0.3/2.1 MB | 162 kB                                                                        Downloaded from central: https://repo.maven.apache.org/maven2/com/zaxxer/HikariCP/5.0.1/HikariCP-5.0.1.jar (162 kB at 36 kB/s)
Downloading from central: https://repo.maven.apache.org/maven2/org/springframework/spring-jdbc/6.1.2/spring-jdbc-6.1.2.jar
Progress (4): 589/750 kB | 0.9/1.8 MB | 376/681 kB | 0.3/2.1 MBProgress (4): 589/750 kB | 0.9/1.8 MB | 376/681 kB | 0.3/2.1 MBProgress (4): 589/750 kB | 0.9/1.8 MB | 376/681 kB | 0.3/2.1 MBProgress (4): 589/750 kB | 0.9/1.8 MB | 393/681 kB | 0.3/2.1 MBProgress (4): 589/750 kB | 0.9/1.8 MB | 393/681 kB | 0.3/2.1 MBProgress (4): 589/750 kB | 0.9/1.8 MB | 393/681 kB | 0.3/2.1 MBProgress (4): 589/750 kB | 0.9/1.8 MB | 409/681 kB | 0.3/2.1 MBProgress (4): 589/750 kB | 1.0/1.8 MB | 409/681 kB | 0.3/2.1 MBProgress (4): 606/750 kB | 1.0/1.8 MB | 409/681 kB | 0.3/2.1 MBProgress (4): 606/750 kB | 1.0/1.8 MB | 409/681 kB | 0.3/2.1 MBProgress (4): 606/750 kB | 1.0/1.8 MB | 426/681 kB | 0.3/2.1 MBProgress (4): 606/750 kB | 1.0/1.8 MB | 426/681 kB | 0.3/2.1 MBProgress (4): 606/750 kB | 1.0/1.8 MB | 442/681 kB | 0.3/2.1 MBProgress (4): 606/750 kB | 1.0/1.8 MB | 442/681 kB | 0.3/2.1 MBProgress (4): 606/750 kB | 1.0/1.8 MB | 458/681 kB | 0.3/2.1 MBProgress (4): 606/750 kB | 1.0/1.8 MB | 458/681 kB | 0.3/2.1 MBProgress (4): 606/750 kB | 1.0/1.8 MB | 458/681 kB | 0.4/2.1 MBProgress (4): 606/750 kB | 1.0/1.8 MB | 475/681 kB | 0.4/2.1 MBProgress (4): 622/750 kB | 1.0/1.8 MB | 475/681 kB | 0.4/2.1 MBProgress (4): 622/750 kB | 1.0/1.8 MB | 475/681 kB | 0.4/2.1 MBProgress (4): 622/750 kB | 1.0/1.8 MB | 475/681 kB | 0.4/2.1 MBProgress (4): 622/750 kB | 1.0/1.8 MB | 491/681 kB | 0.4/2.1 MBProgress (4): 622/750 kB | 1.0/1.8 MB | 491/681 kB | 0.4/2.1 MBProgress (4): 622/750 kB | 1.0/1.8 MB | 491/681 kB | 0.4/2.1 MBProgress (4): 622/750 kB | 1.0/1.8 MB | 507/681 kB | 0.4/2.1 MBProgress (4): 622/750 kB | 1.0/1.8 MB | 507/681 kB | 0.4/2.1 MBProgress (4): 622/750 kB | 1.0/1.8 MB | 524/681 kB | 0.4/2.1 MBProgress (4): 622/750 kB | 1.0/1.8 MB | 524/681 kB | 0.4/2.1 MBProgress (4): 622/750 kB | 1.0/1.8 MB | 524/681 kB | 0.4/2.1 MBProgress (4): 622/750 kB | 1.0/1.8 MB | 540/681 kB | 0.4/2.1 MBProgress (5): 622/750 kB | 1.0/1.8 MB | 540/681 kB | 0.4/2.1 MB | 7.7/460 kBProgress (5): 622/750 kB | 1.0/1.8 MB | 540/681 kB | 0.4/2.1 MB | 16/460 kB Progress (5): 639/750 kB | 1.0/1.8 MB | 540/681 kB | 0.4/2.1 MB | 16/460 kBProgress (5): 639/750 kB | 1.0/1.8 MB | 540/681 kB | 0.4/2.1 MB | 16/460 kBProgress (5): 639/750 kB | 1.0/1.8 MB | 557/681 kB | 0.4/2.1 MB | 16/460 kBProgress (5): 639/750 kB | 1.1/1.8 MB | 557/681 kB | 0.4/2.1 MB | 16/460 kBProgress (5): 639/750 kB | 1.1/1.8 MB | 557/681 kB | 0.4/2.1 MB | 32/460 kBProgress (5): 639/750 kB | 1.1/1.8 MB | 573/681 kB | 0.4/2.1 MB | 32/460 kBProgress (5): 639/750 kB | 1.1/1.8 MB | 573/681 kB | 0.5/2.1 MB | 32/460 kBProgress (5): 639/750 kB | 1.1/1.8 MB | 589/681 kB | 0.5/2.1 MB | 32/460 kBProgress (5): 639/750 kB | 1.1/1.8 MB | 589/681 kB | 0.5/2.1 MB | 49/460 kBProgress (5): 639/750 kB | 1.1/1.8 MB | 589/681 kB | 0.5/2.1 MB | 49/460 kBProgress (5): 639/750 kB | 1.1/1.8 MB | 606/681 kB | 0.5/2.1 MB | 49/460 kBProgress (5): 639/750 kB | 1.1/1.8 MB | 606/681 kB | 0.5/2.1 MB | 49/460 kBProgress (5): 639/750 kB | 1.1/1.8 MB | 606/681 kB | 0.5/2.1 MB | 65/460 kBProgress (5): 655/750 kB | 1.1/1.8 MB | 606/681 kB | 0.5/2.1 MB | 65/460 kBProgress (5): 655/750 kB | 1.1/1.8 MB | 606/681 kB | 0.5/2.1 MB | 65/460 kBProgress (5): 655/750 kB | 1.1/1.8 MB | 606/681 kB | 0.5/2.1 MB | 65/460 kBProgress (5): 655/750 kB | 1.1/1.8 MB | 622/681 kB | 0.5/2.1 MB | 65/460 kBProgress (5): 655/750 kB | 1.1/1.8 MB | 622/681 kB | 0.5/2.1 MB | 81/460 kBProgress (5): 655/750 kB | 1.1/1.8 MB | 622/681 kB | 0.5/2.1 MB | 81/460 kBProgress (5): 655/750 kB | 1.1/1.8 MB | 622/681 kB | 0.5/2.1 MB | 98/460 kBProgress (5): 655/750 kB | 1.1/1.8 MB | 639/681 kB | 0.5/2.1 MB | 98/460 kBProgress (5): 655/750 kB | 1.1/1.8 MB | 639/681 kB | 0.5/2.1 MB | 98/460 kBProgress (5): 655/750 kB | 1.1/1.8 MB | 639/681 kB | 0.5/2.1 MB | 98/460 kBProgress (5): 655/750 kB | 1.1/1.8 MB | 655/681 kB | 0.5/2.1 MB | 98/460 kBProgress (5): 655/750 kB | 1.1/1.8 MB | 655/681 kB | 0.5/2.1 MB | 114/460 kBProgress (5): 655/750 kB | 1.1/1.8 MB | 655/681 kB | 0.5/2.1 MB | 114/460 kBProgress (5): 655/750 kB | 1.1/1.8 MB | 655/681 kB | 0.5/2.1 MB | 114/460 kBProgress (5): 655/750 kB | 1.1/1.8 MB | 671/681 kB | 0.5/2.1 MB | 114/460 kBProgress (5): 655/750 kB | 1.1/1.8 MB | 671/681 kB | 0.5/2.1 MB | 131/460 kBProgress (5): 671/750 kB | 1.1/1.8 MB | 671/681 kB | 0.5/2.1 MB | 131/460 kBProgress (5): 671/750 kB | 1.1/1.8 MB | 681 kB | 0.5/2.1 MB | 131/460 kB                                                                            Downloaded from central: https://repo.maven.apache.org/maven2/com/nimbusds/nimbus-jose-jwt/9.24.4/nimbus-jose-jwt-9.24.4.jar (681 kB at 147 kB/s)
Downloading from central: https://repo.maven.apache.org/maven2/org/hibernate/orm/hibernate-core/6.4.1.Final/hibernate-core-6.4.1.Final.jar
Progress (4): 671/750 kB | 1.1/1.8 MB | 0.6/2.1 MB | 131/460 kBProgress (4): 671/750 kB | 1.1/1.8 MB | 0.6/2.1 MB | 147/460 kBProgress (4): 671/750 kB | 1.1/1.8 MB | 0.6/2.1 MB | 147/460 kBProgress (4): 671/750 kB | 1.1/1.8 MB | 0.6/2.1 MB | 147/460 kBProgress (4): 671/750 kB | 1.1/1.8 MB | 0.6/2.1 MB | 147/460 kBProgress (4): 671/750 kB | 1.1/1.8 MB | 0.6/2.1 MB | 147/460 kBProgress (4): 688/750 kB | 1.1/1.8 MB | 0.6/2.1 MB | 147/460 kBProgress (4): 688/750 kB | 1.1/1.8 MB | 0.6/2.1 MB | 163/460 kBProgress (4): 688/750 kB | 1.2/1.8 MB | 0.6/2.1 MB | 163/460 kBProgress (4): 688/750 kB | 1.2/1.8 MB | 0.6/2.1 MB | 180/460 kBProgress (4): 688/750 kB | 1.2/1.8 MB | 0.6/2.1 MB | 180/460 kBProgress (4): 688/750 kB | 1.2/1.8 MB | 0.6/2.1 MB | 196/460 kBProgress (4): 688/750 kB | 1.2/1.8 MB | 0.6/2.1 MB | 196/460 kBProgress (4): 688/750 kB | 1.2/1.8 MB | 0.6/2.1 MB | 196/460 kBProgress (4): 688/750 kB | 1.2/1.8 MB | 0.6/2.1 MB | 196/460 kBProgress (4): 688/750 kB | 1.2/1.8 MB | 0.6/2.1 MB | 213/460 kBProgress (4): 688/750 kB | 1.2/1.8 MB | 0.6/2.1 MB | 229/460 kBProgress (4): 688/750 kB | 1.2/1.8 MB | 0.7/2.1 MB | 229/460 kBProgress (4): 704/750 kB | 1.2/1.8 MB | 0.7/2.1 MB | 229/460 kBProgress (4): 704/750 kB | 1.2/1.8 MB | 0.7/2.1 MB | 229/460 kBProgress (4): 704/750 kB | 1.2/1.8 MB | 0.7/2.1 MB | 229/460 kBProgress (4): 704/750 kB | 1.2/1.8 MB | 0.7/2.1 MB | 245/460 kBProgress (4): 704/750 kB | 1.2/1.8 MB | 0.7/2.1 MB | 245/460 kBProgress (4): 704/750 kB | 1.2/1.8 MB | 0.7/2.1 MB | 245/460 kBProgress (4): 704/750 kB | 1.2/1.8 MB | 0.7/2.1 MB | 262/460 kBProgress (5): 704/750 kB | 1.2/1.8 MB | 0.7/2.1 MB | 262/460 kB | 0/12 MBProgress (5): 704/750 kB | 1.2/1.8 MB | 0.7/2.1 MB | 262/460 kB | 0/12 MBProgress (5): 704/750 kB | 1.2/1.8 MB | 0.7/2.1 MB | 278/460 kB | 0/12 MBProgress (5): 704/750 kB | 1.2/1.8 MB | 0.7/2.1 MB | 278/460 kB | 0/12 MBProgress (5): 704/750 kB | 1.2/1.8 MB | 0.7/2.1 MB | 278/460 kB | 0/12 MBProgress (5): 704/750 kB | 1.2/1.8 MB | 0.7/2.1 MB | 278/460 kB | 0/12 MBProgress (5): 720/750 kB | 1.2/1.8 MB | 0.7/2.1 MB | 278/460 kB | 0/12 MBProgress (5): 720/750 kB | 1.2/1.8 MB | 0.7/2.1 MB | 278/460 kB | 0/12 MBProgress (5): 720/750 kB | 1.2/1.8 MB | 0.7/2.1 MB | 294/460 kB | 0/12 MBProgress (5): 720/750 kB | 1.3/1.8 MB | 0.7/2.1 MB | 294/460 kB | 0/12 MBProgress (5): 720/750 kB | 1.3/1.8 MB | 0.7/2.1 MB | 311/460 kB | 0/12 MBProgress (5): 720/750 kB | 1.3/1.8 MB | 0.7/2.1 MB | 311/460 kB | 0/12 MBProgress (5): 720/750 kB | 1.3/1.8 MB | 0.7/2.1 MB | 311/460 kB | 0.1/12 MBProgress (5): 720/750 kB | 1.3/1.8 MB | 0.8/2.1 MB | 311/460 kB | 0.1/12 MBProgress (5): 720/750 kB | 1.3/1.8 MB | 0.8/2.1 MB | 327/460 kB | 0.1/12 MBProgress (5): 720/750 kB | 1.3/1.8 MB | 0.8/2.1 MB | 327/460 kB | 0.1/12 MBProgress (5): 720/750 kB | 1.3/1.8 MB | 0.8/2.1 MB | 327/460 kB | 0.1/12 MBProgress (5): 720/750 kB | 1.3/1.8 MB | 0.8/2.1 MB | 327/460 kB | 0.1/12 MBProgress (5): 720/750 kB | 1.3/1.8 MB | 0.8/2.1 MB | 327/460 kB | 0.1/12 MBProgress (5): 737/750 kB | 1.3/1.8 MB | 0.8/2.1 MB | 327/460 kB | 0.1/12 MBProgress (5): 737/750 kB | 1.3/1.8 MB | 0.8/2.1 MB | 344/460 kB | 0.1/12 MBProgress (5): 737/750 kB | 1.3/1.8 MB | 0.8/2.1 MB | 344/460 kB | 0.1/12 MBProgress (5): 737/750 kB | 1.3/1.8 MB | 0.8/2.1 MB | 344/460 kB | 0.1/12 MBProgress (5): 737/750 kB | 1.3/1.8 MB | 0.8/2.1 MB | 344/460 kB | 0.1/12 MBProgress (5): 737/750 kB | 1.3/1.8 MB | 0.8/2.1 MB | 360/460 kB | 0.1/12 MBProgress (5): 737/750 kB | 1.3/1.8 MB | 0.8/2.1 MB | 360/460 kB | 0.1/12 MBProgress (5): 737/750 kB | 1.3/1.8 MB | 0.8/2.1 MB | 360/460 kB | 0.1/12 MBProgress (5): 737/750 kB | 1.3/1.8 MB | 0.8/2.1 MB | 376/460 kB | 0.1/12 MBProgress (5): 737/750 kB | 1.3/1.8 MB | 0.8/2.1 MB | 376/460 kB | 0.1/12 MBProgress (5): 737/750 kB | 1.3/1.8 MB | 0.8/2.1 MB | 376/460 kB | 0.1/12 MBProgress (5): 737/750 kB | 1.3/1.8 MB | 0.8/2.1 MB | 376/460 kB | 0.1/12 MBProgress (5): 737/750 kB | 1.3/1.8 MB | 0.8/2.1 MB | 376/460 kB | 0.1/12 MBProgress (5): 737/750 kB | 1.3/1.8 MB | 0.8/2.1 MB | 376/460 kB | 0.1/12 MBProgress (5): 737/750 kB | 1.3/1.8 MB | 0.8/2.1 MB | 393/460 kB | 0.1/12 MBProgress (5): 750 kB | 1.3/1.8 MB | 0.8/2.1 MB | 393/460 kB | 0.1/12 MB                                                                           Downloaded from central: https://repo.maven.apache.org/maven2/org/springframework/boot/spring-boot-actuator-autoconfigure/3.2.1/spring-boot-actuator-autoconfigure-3.2.1.jar (750 kB at 157 kB/s)
Downloading from central: https://repo.maven.apache.org/maven2/jakarta/persistence/jakarta.persistence-api/3.1.0/jakarta.persistence-api-3.1.0.jar
Progress (4): 1.3/1.8 MB | 0.8/2.1 MB | 393/460 kB | 0.1/12 MBProgress (4): 1.3/1.8 MB | 0.8/2.1 MB | 393/460 kB | 0.2/12 MBProgress (4): 1.3/1.8 MB | 0.9/2.1 MB | 393/460 kB | 0.2/12 MBProgress (4): 1.3/1.8 MB | 0.9/2.1 MB | 409/460 kB | 0.2/12 MBProgress (4): 1.3/1.8 MB | 0.9/2.1 MB | 409/460 kB | 0.2/12 MBProgress (4): 1.3/1.8 MB | 0.9/2.1 MB | 409/460 kB | 0.2/12 MBProgress (4): 1.3/1.8 MB | 0.9/2.1 MB | 409/460 kB | 0.2/12 MBProgress (4): 1.3/1.8 MB | 0.9/2.1 MB | 409/460 kB | 0.2/12 MBProgress (4): 1.3/1.8 MB | 0.9/2.1 MB | 426/460 kB | 0.2/12 MBProgress (4): 1.4/1.8 MB | 0.9/2.1 MB | 426/460 kB | 0.2/12 MBProgress (4): 1.4/1.8 MB | 0.9/2.1 MB | 442/460 kB | 0.2/12 MBProgress (4): 1.4/1.8 MB | 0.9/2.1 MB | 442/460 kB | 0.2/12 MBProgress (4): 1.4/1.8 MB | 0.9/2.1 MB | 442/460 kB | 0.2/12 MBProgress (4): 1.4/1.8 MB | 0.9/2.1 MB | 442/460 kB | 0.2/12 MBProgress (4): 1.4/1.8 MB | 0.9/2.1 MB | 458/460 kB | 0.2/12 MBProgress (4): 1.4/1.8 MB | 0.9/2.1 MB | 460 kB | 0.2/12 MB    Progress (4): 1.4/1.8 MB | 0.9/2.1 MB | 460 kB | 0.2/12 MBProgress (4): 1.4/1.8 MB | 0.9/2.1 MB | 460 kB | 0.2/12 MB                                                          Downloaded from central: https://repo.maven.apache.org/maven2/org/springframework/spring-jdbc/6.1.2/spring-jdbc-6.1.2.jar (460 kB at 96 kB/s)
Downloading from central: https://repo.maven.apache.org/maven2/jakarta/transaction/jakarta.transaction-api/2.0.1/jakarta.transaction-api-2.0.1.jar
Progress (3): 1.4/1.8 MB | 0.9/2.1 MB | 0.2/12 MBProgress (3): 1.4/1.8 MB | 0.9/2.1 MB | 0.2/12 MBProgress (3): 1.4/1.8 MB | 0.9/2.1 MB | 0.2/12 MBProgress (3): 1.4/1.8 MB | 0.9/2.1 MB | 0.3/12 MBProgress (3): 1.4/1.8 MB | 0.9/2.1 MB | 0.3/12 MBProgress (3): 1.4/1.8 MB | 0.9/2.1 MB | 0.3/12 MBProgress (3): 1.4/1.8 MB | 0.9/2.1 MB | 0.3/12 MBProgress (3): 1.4/1.8 MB | 0.9/2.1 MB | 0.3/12 MBProgress (3): 1.4/1.8 MB | 0.9/2.1 MB | 0.3/12 MBProgress (3): 1.4/1.8 MB | 1.0/2.1 MB | 0.3/12 MBProgress (3): 1.4/1.8 MB | 1.0/2.1 MB | 0.3/12 MBProgress (4): 1.4/1.8 MB | 1.0/2.1 MB | 0.3/12 MB | 7.7/165 kBProgress (4): 1.4/1.8 MB | 1.0/2.1 MB | 0.3/12 MB | 16/165 kB Progress (4): 1.4/1.8 MB | 1.0/2.1 MB | 0.3/12 MB | 16/165 kBProgress (4): 1.4/1.8 MB | 1.0/2.1 MB | 0.3/12 MB | 25/165 kBProgress (4): 1.4/1.8 MB | 1.0/2.1 MB | 0.3/12 MB | 25/165 kBProgress (4): 1.4/1.8 MB | 1.0/2.1 MB | 0.3/12 MB | 25/165 kBProgress (4): 1.4/1.8 MB | 1.0/2.1 MB | 0.3/12 MB | 25/165 kBProgress (4): 1.4/1.8 MB | 1.0/2.1 MB | 0.3/12 MB | 25/165 kBProgress (4): 1.4/1.8 MB | 1.0/2.1 MB | 0.3/12 MB | 25/165 kBProgress (4): 1.4/1.8 MB | 1.0/2.1 MB | 0.3/12 MB | 25/165 kBProgress (4): 1.4/1.8 MB | 1.0/2.1 MB | 0.4/12 MB | 25/165 kBProgress (4): 1.5/1.8 MB | 1.0/2.1 MB | 0.4/12 MB | 25/165 kBProgress (4): 1.5/1.8 MB | 1.0/2.1 MB | 0.4/12 MB | 25/165 kBProgress (4): 1.5/1.8 MB | 1.0/2.1 MB | 0.4/12 MB | 25/165 kBProgress (5): 1.5/1.8 MB | 1.0/2.1 MB | 0.4/12 MB | 25/165 kB | 7.7/29 kBProgress (5): 1.5/1.8 MB | 1.0/2.1 MB | 0.4/12 MB | 25/165 kB | 16/29 kB Progress (5): 1.5/1.8 MB | 1.0/2.1 MB | 0.4/12 MB | 25/165 kB | 16/29 kBProgress (5): 1.5/1.8 MB | 1.0/2.1 MB | 0.4/12 MB | 25/165 kB | 16/29 kBProgress (5): 1.5/1.8 MB | 1.0/2.1 MB | 0.4/12 MB | 41/165 kB | 16/29 kBProgress (5): 1.5/1.8 MB | 1.0/2.1 MB | 0.4/12 MB | 41/165 kB | 29 kB   Progress (5): 1.5/1.8 MB | 1.0/2.1 MB | 0.4/12 MB | 41/165 kB | 29 kB                                                                     Downloaded from central: https://repo.maven.apache.org/maven2/jakarta/transaction/jakarta.transaction-api/2.0.1/jakarta.transaction-api-2.0.1.jar (29 kB at 5.8 kB/s)
Downloading from central: https://repo.maven.apache.org/maven2/org/hibernate/common/hibernate-commons-annotations/6.0.6.Final/hibernate-commons-annotations-6.0.6.Final.jar
Progress (4): 1.5/1.8 MB | 1.1/2.1 MB | 0.4/12 MB | 41/165 kBProgress (4): 1.5/1.8 MB | 1.1/2.1 MB | 0.4/12 MB | 41/165 kBProgress (4): 1.5/1.8 MB | 1.1/2.1 MB | 0.4/12 MB | 41/165 kBProgress (4): 1.5/1.8 MB | 1.1/2.1 MB | 0.4/12 MB | 41/165 kBProgress (4): 1.5/1.8 MB | 1.1/2.1 MB | 0.4/12 MB | 41/165 kBProgress (4): 1.5/1.8 MB | 1.1/2.1 MB | 0.4/12 MB | 41/165 kBProgress (4): 1.5/1.8 MB | 1.1/2.1 MB | 0.4/12 MB | 41/165 kBProgress (4): 1.5/1.8 MB | 1.1/2.1 MB | 0.4/12 MB | 57/165 kBProgress (4): 1.5/1.8 MB | 1.1/2.1 MB | 0.4/12 MB | 57/165 kBProgress (4): 1.5/1.8 MB | 1.1/2.1 MB | 0.4/12 MB | 57/165 kBProgress (4): 1.5/1.8 MB | 1.1/2.1 MB | 0.5/12 MB | 57/165 kBProgress (4): 1.5/1.8 MB | 1.1/2.1 MB | 0.5/12 MB | 57/165 kBProgress (4): 1.5/1.8 MB | 1.1/2.1 MB | 0.5/12 MB | 57/165 kBProgress (4): 1.5/1.8 MB | 1.1/2.1 MB | 0.5/12 MB | 57/165 kBProgress (4): 1.5/1.8 MB | 1.1/2.1 MB | 0.5/12 MB | 57/165 kBProgress (4): 1.5/1.8 MB | 1.1/2.1 MB | 0.5/12 MB | 57/165 kBProgress (4): 1.5/1.8 MB | 1.1/2.1 MB | 0.5/12 MB | 57/165 kBProgress (4): 1.5/1.8 MB | 1.2/2.1 MB | 0.5/12 MB | 57/165 kBProgress (5): 1.5/1.8 MB | 1.2/2.1 MB | 0.5/12 MB | 57/165 kB | 7.7/68 kBProgress (5): 1.5/1.8 MB | 1.2/2.1 MB | 0.5/12 MB | 57/165 kB | 16/68 kB Progress (5): 1.5/1.8 MB | 1.2/2.1 MB | 0.5/12 MB | 74/165 kB | 16/68 kBProgress (5): 1.6/1.8 MB | 1.2/2.1 MB | 0.5/12 MB | 74/165 kB | 16/68 kBProgress (5): 1.6/1.8 MB | 1.2/2.1 MB | 0.5/12 MB | 74/165 kB | 28/68 kBProgress (5): 1.6/1.8 MB | 1.2/2.1 MB | 0.5/12 MB | 74/165 kB | 28/68 kBProgress (5): 1.6/1.8 MB | 1.2/2.1 MB | 0.5/12 MB | 74/165 kB | 28/68 kBProgress (5): 1.6/1.8 MB | 1.2/2.1 MB | 0.5/12 MB | 74/165 kB | 28/68 kBProgress (5): 1.6/1.8 MB | 1.2/2.1 MB | 0.5/12 MB | 74/165 kB | 28/68 kBProgress (5): 1.6/1.8 MB | 1.2/2.1 MB | 0.5/12 MB | 74/165 kB | 44/68 kBProgress (5): 1.6/1.8 MB | 1.2/2.1 MB | 0.5/12 MB | 74/165 kB | 44/68 kBProgress (5): 1.6/1.8 MB | 1.2/2.1 MB | 0.5/12 MB | 74/165 kB | 44/68 kBProgress (5): 1.6/1.8 MB | 1.2/2.1 MB | 0.6/12 MB | 74/165 kB | 44/68 kBProgress (5): 1.6/1.8 MB | 1.2/2.1 MB | 0.6/12 MB | 82/165 kB | 44/68 kBProgress (5): 1.6/1.8 MB | 1.2/2.1 MB | 0.6/12 MB | 82/165 kB | 44/68 kBProgress (5): 1.6/1.8 MB | 1.2/2.1 MB | 0.6/12 MB | 82/165 kB | 61/68 kBProgress (5): 1.6/1.8 MB | 1.2/2.1 MB | 0.6/12 MB | 82/165 kB | 61/68 kBProgress (5): 1.6/1.8 MB | 1.2/2.1 MB | 0.6/12 MB | 90/165 kB | 61/68 kBProgress (5): 1.6/1.8 MB | 1.2/2.1 MB | 0.6/12 MB | 90/165 kB | 61/68 kBProgress (5): 1.6/1.8 MB | 1.2/2.1 MB | 0.6/12 MB | 90/165 kB | 68 kB                                                                        Downloaded from central: https://repo.maven.apache.org/maven2/org/hibernate/common/hibernate-commons-annotations/6.0.6.Final/hibernate-commons-annotations-6.0.6.Final.jar (68 kB at 14 kB/s)
Progress (4): 1.6/1.8 MB | 1.2/2.1 MB | 0.6/12 MB | 90/165 kB                                                             Downloading from central: https://repo.maven.apache.org/maven2/io/smallrye/jandex/3.1.2/jandex-3.1.2.jar
Progress (4): 1.6/1.8 MB | 1.2/2.1 MB | 0.6/12 MB | 90/165 kBProgress (4): 1.6/1.8 MB | 1.2/2.1 MB | 0.6/12 MB | 90/165 kBProgress (4): 1.6/1.8 MB | 1.3/2.1 MB | 0.6/12 MB | 90/165 kBProgress (4): 1.6/1.8 MB | 1.3/2.1 MB | 0.6/12 MB | 90/165 kBProgress (4): 1.6/1.8 MB | 1.3/2.1 MB | 0.6/12 MB | 90/165 kBProgress (4): 1.6/1.8 MB | 1.3/2.1 MB | 0.6/12 MB | 90/165 kBProgress (4): 1.6/1.8 MB | 1.3/2.1 MB | 0.6/12 MB | 90/165 kBProgress (4): 1.6/1.8 MB | 1.3/2.1 MB | 0.6/12 MB | 90/165 kBProgress (4): 1.6/1.8 MB | 1.3/2.1 MB | 0.6/12 MB | 106/165 kBProgress (4): 1.6/1.8 MB | 1.3/2.1 MB | 0.6/12 MB | 106/165 kBProgress (4): 1.6/1.8 MB | 1.3/2.1 MB | 0.6/12 MB | 106/165 kBProgress (4): 1.6/1.8 MB | 1.3/2.1 MB | 0.6/12 MB | 106/165 kBProgress (4): 1.6/1.8 MB | 1.3/2.1 MB | 0.6/12 MB | 106/165 kBProgress (4): 1.6/1.8 MB | 1.3/2.1 MB | 0.7/12 MB | 106/165 kBProgress (4): 1.6/1.8 MB | 1.3/2.1 MB | 0.7/12 MB | 106/165 kBProgress (4): 1.6/1.8 MB | 1.3/2.1 MB | 0.7/12 MB | 106/165 kBProgress (4): 1.6/1.8 MB | 1.3/2.1 MB | 0.7/12 MB | 115/165 kBProgress (4): 1.6/1.8 MB | 1.4/2.1 MB | 0.7/12 MB | 115/165 kBProgress (4): 1.6/1.8 MB | 1.4/2.1 MB | 0.7/12 MB | 115/165 kBProgress (4): 1.6/1.8 MB | 1.4/2.1 MB | 0.7/12 MB | 115/165 kBProgress (4): 1.6/1.8 MB | 1.4/2.1 MB | 0.7/12 MB | 115/165 kBProgress (4): 1.7/1.8 MB | 1.4/2.1 MB | 0.7/12 MB | 115/165 kBProgress (4): 1.7/1.8 MB | 1.4/2.1 MB | 0.7/12 MB | 115/165 kBProgress (4): 1.7/1.8 MB | 1.4/2.1 MB | 0.7/12 MB | 115/165 kBProgress (5): 1.7/1.8 MB | 1.4/2.1 MB | 0.7/12 MB | 115/165 kB | 7.7/327 kBProgress (5): 1.7/1.8 MB | 1.4/2.1 MB | 0.7/12 MB | 115/165 kB | 12/327 kB Progress (5): 1.7/1.8 MB | 1.4/2.1 MB | 0.7/12 MB | 115/165 kB | 12/327 kBProgress (5): 1.7/1.8 MB | 1.4/2.1 MB | 0.7/12 MB | 115/165 kB | 12/327 kBProgress (5): 1.7/1.8 MB | 1.4/2.1 MB | 0.7/12 MB | 115/165 kB | 28/327 kBProgress (5): 1.7/1.8 MB | 1.4/2.1 MB | 0.7/12 MB | 115/165 kB | 28/327 kBProgress (5): 1.7/1.8 MB | 1.4/2.1 MB | 0.7/12 MB | 115/165 kB | 28/327 kBProgress (5): 1.7/1.8 MB | 1.4/2.1 MB | 0.7/12 MB | 115/165 kB | 44/327 kBProgress (5): 1.7/1.8 MB | 1.4/2.1 MB | 0.7/12 MB | 115/165 kB | 44/327 kBProgress (5): 1.7/1.8 MB | 1.4/2.1 MB | 0.7/12 MB | 115/165 kB | 44/327 kBProgress (5): 1.7/1.8 MB | 1.4/2.1 MB | 0.7/12 MB | 131/165 kB | 44/327 kBProgress (5): 1.7/1.8 MB | 1.4/2.1 MB | 0.7/12 MB | 131/165 kB | 44/327 kBProgress (5): 1.7/1.8 MB | 1.5/2.1 MB | 0.7/12 MB | 131/165 kB | 44/327 kBProgress (5): 1.7/1.8 MB | 1.5/2.1 MB | 0.7/12 MB | 131/165 kB | 61/327 kBProgress (5): 1.7/1.8 MB | 1.5/2.1 MB | 0.7/12 MB | 131/165 kB | 61/327 kBProgress (5): 1.7/1.8 MB | 1.5/2.1 MB | 0.7/12 MB | 139/165 kB | 61/327 kBProgress (5): 1.7/1.8 MB | 1.5/2.1 MB | 0.7/12 MB | 139/165 kB | 61/327 kBProgress (5): 1.7/1.8 MB | 1.5/2.1 MB | 0.7/12 MB | 139/165 kB | 61/327 kBProgress (5): 1.7/1.8 MB | 1.5/2.1 MB | 0.8/12 MB | 139/165 kB | 61/327 kBProgress (5): 1.7/1.8 MB | 1.5/2.1 MB | 0.8/12 MB | 139/165 kB | 61/327 kBProgress (5): 1.7/1.8 MB | 1.5/2.1 MB | 0.8/12 MB | 139/165 kB | 77/327 kBProgress (5): 1.7/1.8 MB | 1.5/2.1 MB | 0.8/12 MB | 139/165 kB | 77/327 kBProgress (5): 1.7/1.8 MB | 1.5/2.1 MB | 0.8/12 MB | 139/165 kB | 90/327 kBProgress (5): 1.7/1.8 MB | 1.5/2.1 MB | 0.8/12 MB | 139/165 kB | 90/327 kBProgress (5): 1.7/1.8 MB | 1.5/2.1 MB | 0.8/12 MB | 139/165 kB | 90/327 kBProgress (5): 1.7/1.8 MB | 1.5/2.1 MB | 0.8/12 MB | 139/165 kB | 90/327 kBProgress (5): 1.7/1.8 MB | 1.5/2.1 MB | 0.8/12 MB | 139/165 kB | 106/327 kBProgress (5): 1.7/1.8 MB | 1.5/2.1 MB | 0.8/12 MB | 139/165 kB | 106/327 kBProgress (5): 1.7/1.8 MB | 1.5/2.1 MB | 0.8/12 MB | 139/165 kB | 106/327 kBProgress (5): 1.7/1.8 MB | 1.5/2.1 MB | 0.8/12 MB | 139/165 kB | 106/327 kBProgress (5): 1.7/1.8 MB | 1.5/2.1 MB | 0.8/12 MB | 156/165 kB | 106/327 kBProgress (5): 1.7/1.8 MB | 1.5/2.1 MB | 0.8/12 MB | 156/165 kB | 106/327 kBProgress (5): 1.7/1.8 MB | 1.5/2.1 MB | 0.8/12 MB | 156/165 kB | 115/327 kBProgress (5): 1.8/1.8 MB | 1.5/2.1 MB | 0.8/12 MB | 156/165 kB | 115/327 kBProgress (5): 1.8/1.8 MB | 1.5/2.1 MB | 0.8/12 MB | 156/165 kB | 131/327 kBProgress (5): 1.8/1.8 MB | 1.5/2.1 MB | 0.8/12 MB | 156/165 kB | 131/327 kBProgress (5): 1.8/1.8 MB | 1.5/2.1 MB | 0.8/12 MB | 156/165 kB | 139/327 kBProgress (5): 1.8/1.8 MB | 1.5/2.1 MB | 0.8/12 MB | 156/165 kB | 139/327 kBProgress (5): 1.8/1.8 MB | 1.6/2.1 MB | 0.8/12 MB | 156/165 kB | 139/327 kBProgress (5): 1.8/1.8 MB | 1.6/2.1 MB | 0.8/12 MB | 165 kB | 139/327 kB    Progress (5): 1.8/1.8 MB | 1.6/2.1 MB | 0.8/12 MB | 165 kB | 139/327 kBProgress (5): 1.8/1.8 MB | 1.6/2.1 MB | 0.8/12 MB | 165 kB | 156/327 kBProgress (5): 1.8/1.8 MB | 1.6/2.1 MB | 0.8/12 MB | 165 kB | 156/327 kB                                                                       Downloaded from central: https://repo.maven.apache.org/maven2/jakarta/persistence/jakarta.persistence-api/3.1.0/jakarta.persistence-api-3.1.0.jar (165 kB at 32 kB/s)
Downloading from central: https://repo.maven.apache.org/maven2/net/bytebuddy/byte-buddy/1.14.10/byte-buddy-1.14.10.jar
Progress (4): 1.8/1.8 MB | 1.6/2.1 MB | 0.9/12 MB | 156/327 kBProgress (4): 1.8/1.8 MB | 1.6/2.1 MB | 0.9/12 MB | 156/327 kBProgress (4): 1.8/1.8 MB | 1.6/2.1 MB | 0.9/12 MB | 156/327 kBProgress (4): 1.8/1.8 MB | 1.6/2.1 MB | 0.9/12 MB | 156/327 kBProgress (4): 1.8/1.8 MB | 1.6/2.1 MB | 0.9/12 MB | 156/327 kBProgress (4): 1.8/1.8 MB | 1.6/2.1 MB | 0.9/12 MB | 172/327 kBProgress (4): 1.8/1.8 MB | 1.6/2.1 MB | 0.9/12 MB | 172/327 kBProgress (4): 1.8/1.8 MB | 1.6/2.1 MB | 0.9/12 MB | 172/327 kBProgress (4): 1.8/1.8 MB | 1.6/2.1 MB | 0.9/12 MB | 172/327 kBProgress (4): 1.8/1.8 MB | 1.6/2.1 MB | 0.9/12 MB | 172/327 kBProgress (4): 1.8 MB | 1.6/2.1 MB | 0.9/12 MB | 172/327 kB    Progress (4): 1.8 MB | 1.6/2.1 MB | 0.9/12 MB | 172/327 kBProgress (4): 1.8 MB | 1.6/2.1 MB | 0.9/12 MB | 188/327 kBProgress (4): 1.8 MB | 1.6/2.1 MB | 0.9/12 MB | 205/327 kB                                                          Downloaded from central: https://repo.maven.apache.org/maven2/org/springframework/security/spring-security-config/6.2.1/spring-security-config-6.2.1.jar (1.8 MB at 350 kB/s)
Downloading from central: https://repo.maven.apache.org/maven2/org/glassfish/jaxb/jaxb-runtime/4.0.4/jaxb-runtime-4.0.4.jar
Progress (3): 1.6/2.1 MB | 0.9/12 MB | 205/327 kBProgress (3): 1.7/2.1 MB | 0.9/12 MB | 205/327 kBProgress (3): 1.7/2.1 MB | 0.9/12 MB | 205/327 kBProgress (3): 1.7/2.1 MB | 0.9/12 MB | 205/327 kBProgress (3): 1.7/2.1 MB | 0.9/12 MB | 221/327 kBProgress (3): 1.7/2.1 MB | 1.0/12 MB | 221/327 kBProgress (3): 1.7/2.1 MB | 1.0/12 MB | 221/327 kBProgress (3): 1.7/2.1 MB | 1.0/12 MB | 238/327 kBProgress (3): 1.7/2.1 MB | 1.0/12 MB | 238/327 kBProgress (3): 1.7/2.1 MB | 1.0/12 MB | 238/327 kBProgress (3): 1.7/2.1 MB | 1.0/12 MB | 238/327 kBProgress (3): 1.7/2.1 MB | 1.0/12 MB | 238/327 kBProgress (3): 1.7/2.1 MB | 1.0/12 MB | 238/327 kBProgress (3): 1.7/2.1 MB | 1.0/12 MB | 254/327 kBProgress (3): 1.7/2.1 MB | 1.0/12 MB | 254/327 kBProgress (3): 1.7/2.1 MB | 1.0/12 MB | 254/327 kBProgress (3): 1.7/2.1 MB | 1.0/12 MB | 254/327 kBProgress (3): 1.8/2.1 MB | 1.0/12 MB | 254/327 kBProgress (4): 1.8/2.1 MB | 1.0/12 MB | 254/327 kB | 0/4.2 MBProgress (4): 1.8/2.1 MB | 1.0/12 MB | 270/327 kB | 0/4.2 MBProgress (4): 1.8/2.1 MB | 1.1/12 MB | 270/327 kB | 0/4.2 MBProgress (4): 1.8/2.1 MB | 1.1/12 MB | 270/327 kB | 0/4.2 MBProgress (4): 1.8/2.1 MB | 1.1/12 MB | 270/327 kB | 0/4.2 MBProgress (4): 1.8/2.1 MB | 1.1/12 MB | 287/327 kB | 0/4.2 MBProgress (4): 1.8/2.1 MB | 1.1/12 MB | 287/327 kB | 0/4.2 MBProgress (4): 1.8/2.1 MB | 1.1/12 MB | 287/327 kB | 0/4.2 MBProgress (4): 1.8/2.1 MB | 1.1/12 MB | 303/327 kB | 0/4.2 MBProgress (4): 1.8/2.1 MB | 1.1/12 MB | 303/327 kB | 0/4.2 MBProgress (4): 1.8/2.1 MB | 1.1/12 MB | 303/327 kB | 0/4.2 MBProgress (4): 1.8/2.1 MB | 1.1/12 MB | 319/327 kB | 0/4.2 MBProgress (4): 1.8/2.1 MB | 1.1/12 MB | 319/327 kB | 0/4.2 MBProgress (4): 1.8/2.1 MB | 1.1/12 MB | 319/327 kB | 0/4.2 MBProgress (4): 1.8/2.1 MB | 1.1/12 MB | 319/327 kB | 0/4.2 MBProgress (4): 1.8/2.1 MB | 1.1/12 MB | 327 kB | 0/4.2 MB                                                            Downloaded from central: https://repo.maven.apache.org/maven2/io/smallrye/jandex/3.1.2/jandex-3.1.2.jar (327 kB at 63 kB/s)
Downloading from central: https://repo.maven.apache.org/maven2/org/glassfish/jaxb/jaxb-core/4.0.4/jaxb-core-4.0.4.jar
Progress (4): 1.8/2.1 MB | 1.1/12 MB | 0/4.2 MB | 7.7/920 kBProgress (4): 1.8/2.1 MB | 1.1/12 MB | 0/4.2 MB | 16/920 kB Progress (4): 1.8/2.1 MB | 1.1/12 MB | 0/4.2 MB | 16/920 kBProgress (4): 1.8/2.1 MB | 1.1/12 MB | 0/4.2 MB | 16/920 kBProgress (4): 1.8/2.1 MB | 1.1/12 MB | 0/4.2 MB | 25/920 kBProgress (4): 1.8/2.1 MB | 1.1/12 MB | 0/4.2 MB | 25/920 kBProgress (4): 1.8/2.1 MB | 1.1/12 MB | 0/4.2 MB | 41/920 kBProgress (4): 1.8/2.1 MB | 1.1/12 MB | 0/4.2 MB | 57/920 kBProgress (4): 1.9/2.1 MB | 1.1/12 MB | 0/4.2 MB | 57/920 kBProgress (4): 1.9/2.1 MB | 1.2/12 MB | 0/4.2 MB | 57/920 kBProgress (4): 1.9/2.1 MB | 1.2/12 MB | 0/4.2 MB | 74/920 kBProgress (4): 1.9/2.1 MB | 1.2/12 MB | 0/4.2 MB | 90/920 kBProgress (4): 1.9/2.1 MB | 1.2/12 MB | 0.1/4.2 MB | 90/920 kBProgress (4): 1.9/2.1 MB | 1.2/12 MB | 0.1/4.2 MB | 90/920 kBProgress (4): 1.9/2.1 MB | 1.2/12 MB | 0.1/4.2 MB | 90/920 kBProgress (4): 1.9/2.1 MB | 1.2/12 MB | 0.1/4.2 MB | 106/920 kBProgress (4): 1.9/2.1 MB | 1.2/12 MB | 0.1/4.2 MB | 106/920 kBProgress (4): 1.9/2.1 MB | 1.2/12 MB | 0.1/4.2 MB | 106/920 kBProgress (4): 1.9/2.1 MB | 1.2/12 MB | 0.1/4.2 MB | 106/920 kBProgress (4): 1.9/2.1 MB | 1.2/12 MB | 0.1/4.2 MB | 106/920 kBProgress (4): 1.9/2.1 MB | 1.2/12 MB | 0.1/4.2 MB | 106/920 kBProgress (4): 1.9/2.1 MB | 1.2/12 MB | 0.1/4.2 MB | 123/920 kBProgress (5): 1.9/2.1 MB | 1.2/12 MB | 0.1/4.2 MB | 123/920 kB | 7.7/139 kBProgress (5): 1.9/2.1 MB | 1.2/12 MB | 0.1/4.2 MB | 123/920 kB | 8.2/139 kBProgress (5): 1.9/2.1 MB | 1.2/12 MB | 0.1/4.2 MB | 123/920 kB | 8.2/139 kBProgress (5): 1.9/2.1 MB | 1.2/12 MB | 0.1/4.2 MB | 123/920 kB | 25/139 kB Progress (5): 1.9/2.1 MB | 1.2/12 MB | 0.1/4.2 MB | 123/920 kB | 25/139 kBProgress (5): 1.9/2.1 MB | 1.2/12 MB | 0.1/4.2 MB | 123/920 kB | 25/139 kBProgress (5): 1.9/2.1 MB | 1.2/12 MB | 0.1/4.2 MB | 139/920 kB | 25/139 kBProgress (5): 1.9/2.1 MB | 1.2/12 MB | 0.1/4.2 MB | 139/920 kB | 25/139 kBProgress (5): 1.9/2.1 MB | 1.2/12 MB | 0.1/4.2 MB | 139/920 kB | 41/139 kBProgress (5): 1.9/2.1 MB | 1.2/12 MB | 0.1/4.2 MB | 139/920 kB | 41/139 kBProgress (5): 1.9/2.1 MB | 1.3/12 MB | 0.1/4.2 MB | 139/920 kB | 41/139 kBProgress (5): 2.0/2.1 MB | 1.3/12 MB | 0.1/4.2 MB | 139/920 kB | 41/139 kBProgress (5): 2.0/2.1 MB | 1.3/12 MB | 0.1/4.2 MB | 156/920 kB | 41/139 kBProgress (5): 2.0/2.1 MB | 1.3/12 MB | 0.1/4.2 MB | 156/920 kB | 57/139 kBProgress (5): 2.0/2.1 MB | 1.3/12 MB | 0.1/4.2 MB | 156/920 kB | 57/139 kBProgress (5): 2.0/2.1 MB | 1.3/12 MB | 0.1/4.2 MB | 156/920 kB | 57/139 kBProgress (5): 2.0/2.1 MB | 1.3/12 MB | 0.1/4.2 MB | 156/920 kB | 57/139 kBProgress (5): 2.0/2.1 MB | 1.3/12 MB | 0.1/4.2 MB | 156/920 kB | 57/139 kBProgress (5): 2.0/2.1 MB | 1.3/12 MB | 0.1/4.2 MB | 156/920 kB | 57/139 kBProgress (5): 2.0/2.1 MB | 1.3/12 MB | 0.1/4.2 MB | 156/920 kB | 74/139 kBProgress (5): 2.0/2.1 MB | 1.3/12 MB | 0.1/4.2 MB | 172/920 kB | 74/139 kBProgress (5): 2.0/2.1 MB | 1.3/12 MB | 0.1/4.2 MB | 172/920 kB | 74/139 kBProgress (5): 2.0/2.1 MB | 1.3/12 MB | 0.1/4.2 MB | 172/920 kB | 74/139 kBProgress (5): 2.0/2.1 MB | 1.3/12 MB | 0.1/4.2 MB | 172/920 kB | 90/139 kBProgress (5): 2.0/2.1 MB | 1.3/12 MB | 0.1/4.2 MB | 172/920 kB | 94/139 kBProgress (5): 2.0/2.1 MB | 1.3/12 MB | 0.1/4.2 MB | 172/920 kB | 94/139 kBProgress (5): 2.0/2.1 MB | 1.3/12 MB | 0.1/4.2 MB | 188/920 kB | 94/139 kBProgress (5): 2.0/2.1 MB | 1.3/12 MB | 0.1/4.2 MB | 188/920 kB | 94/139 kBProgress (5): 2.0/2.1 MB | 1.3/12 MB | 0.1/4.2 MB | 188/920 kB | 94/139 kBProgress (5): 2.0/2.1 MB | 1.3/12 MB | 0.1/4.2 MB | 188/920 kB | 94/139 kBProgress (5): 2.0/2.1 MB | 1.3/12 MB | 0.1/4.2 MB | 188/920 kB | 94/139 kBProgress (5): 2.0/2.1 MB | 1.3/12 MB | 0.1/4.2 MB | 188/920 kB | 110/139 kBProgress (5): 2.0/2.1 MB | 1.3/12 MB | 0.1/4.2 MB | 205/920 kB | 110/139 kBProgress (5): 2.0/2.1 MB | 1.3/12 MB | 0.1/4.2 MB | 205/920 kB | 115/139 kBProgress (5): 2.0/2.1 MB | 1.3/12 MB | 0.1/4.2 MB | 205/920 kB | 123/139 kBProgress (5): 2.1/2.1 MB | 1.3/12 MB | 0.1/4.2 MB | 205/920 kB | 123/139 kBProgress (5): 2.1/2.1 MB | 1.4/12 MB | 0.1/4.2 MB | 205/920 kB | 123/139 kBProgress (5): 2.1/2.1 MB | 1.4/12 MB | 0.1/4.2 MB | 221/920 kB | 123/139 kBProgress (5): 2.1/2.1 MB | 1.4/12 MB | 0.1/4.2 MB | 221/920 kB | 139 kB    Progress (5): 2.1/2.1 MB | 1.4/12 MB | 0.1/4.2 MB | 221/920 kB | 139 kB                                                                       Downloaded from central: https://repo.maven.apache.org/maven2/org/glassfish/jaxb/jaxb-core/4.0.4/jaxb-core-4.0.4.jar (139 kB at 26 kB/s)
Downloading from central: https://repo.maven.apache.org/maven2/org/glassfish/jaxb/txw2/4.0.4/txw2-4.0.4.jar
Progress (4): 2.1/2.1 MB | 1.4/12 MB | 0.1/4.2 MB | 221/920 kBProgress (4): 2.1/2.1 MB | 1.4/12 MB | 0.1/4.2 MB | 221/920 kBProgress (4): 2.1/2.1 MB | 1.4/12 MB | 0.1/4.2 MB | 238/920 kBProgress (4): 2.1/2.1 MB | 1.4/12 MB | 0.1/4.2 MB | 238/920 kBProgress (4): 2.1/2.1 MB | 1.4/12 MB | 0.1/4.2 MB | 238/920 kBProgress (4): 2.1 MB | 1.4/12 MB | 0.1/4.2 MB | 238/920 kB                                                              Downloaded from central: https://repo.maven.apache.org/maven2/org/aspectj/aspectjweaver/1.9.21/aspectjweaver-1.9.21.jar (2.1 MB at 391 kB/s)
Downloading from central: https://repo.maven.apache.org/maven2/com/sun/istack/istack-commons-runtime/4.1.2/istack-commons-runtime-4.1.2.jar
Progress (3): 1.4/12 MB | 0.1/4.2 MB | 254/920 kBProgress (3): 1.4/12 MB | 0.1/4.2 MB | 254/920 kBProgress (3): 1.4/12 MB | 0.1/4.2 MB | 254/920 kBProgress (3): 1.4/12 MB | 0.1/4.2 MB | 270/920 kBProgress (3): 1.4/12 MB | 0.1/4.2 MB | 270/920 kBProgress (3): 1.4/12 MB | 0.1/4.2 MB | 270/920 kBProgress (3): 1.4/12 MB | 0.1/4.2 MB | 287/920 kBProgress (3): 1.5/12 MB | 0.1/4.2 MB | 287/920 kBProgress (3): 1.5/12 MB | 0.1/4.2 MB | 287/920 kBProgress (4): 1.5/12 MB | 0.1/4.2 MB | 287/920 kB | 3.4/73 kBProgress (4): 1.5/12 MB | 0.1/4.2 MB | 303/920 kB | 3.4/73 kBProgress (4): 1.5/12 MB | 0.1/4.2 MB | 319/920 kB | 3.4/73 kBProgress (4): 1.5/12 MB | 0.1/4.2 MB | 319/920 kB | 3.4/73 kBProgress (4): 1.5/12 MB | 0.1/4.2 MB | 319/920 kB | 20/73 kB Progress (4): 1.5/12 MB | 0.1/4.2 MB | 319/920 kB | 20/73 kBProgress (4): 1.5/12 MB | 0.1/4.2 MB | 319/920 kB | 20/73 kBProgress (4): 1.5/12 MB | 0.1/4.2 MB | 319/920 kB | 20/73 kBProgress (5): 1.5/12 MB | 0.1/4.2 MB | 319/920 kB | 20/73 kB | 7.7/26 kBProgress (5): 1.5/12 MB | 0.1/4.2 MB | 319/920 kB | 20/73 kB | 12/26 kB Progress (5): 1.5/12 MB | 0.1/4.2 MB | 319/920 kB | 20/73 kB | 12/26 kBProgress (5): 1.5/12 MB | 0.1/4.2 MB | 319/920 kB | 36/73 kB | 12/26 kBProgress (5): 1.5/12 MB | 0.1/4.2 MB | 336/920 kB | 36/73 kB | 12/26 kBProgress (5): 1.5/12 MB | 0.1/4.2 MB | 336/920 kB | 36/73 kB | 26 kB   Progress (5): 1.6/12 MB | 0.1/4.2 MB | 336/920 kB | 36/73 kB | 26 kB                                                                    Downloaded from central: https://repo.maven.apache.org/maven2/com/sun/istack/istack-commons-runtime/4.1.2/istack-commons-runtime-4.1.2.jar (26 kB at 4.7 kB/s)
Downloading from central: https://repo.maven.apache.org/maven2/jakarta/inject/jakarta.inject-api/2.0.1/jakarta.inject-api-2.0.1.jar
Progress (4): 1.6/12 MB | 0.1/4.2 MB | 352/920 kB | 36/73 kBProgress (4): 1.6/12 MB | 0.1/4.2 MB | 352/920 kB | 53/73 kBProgress (4): 1.6/12 MB | 0.1/4.2 MB | 352/920 kB | 53/73 kBProgress (4): 1.6/12 MB | 0.1/4.2 MB | 352/920 kB | 69/73 kBProgress (4): 1.6/12 MB | 0.1/4.2 MB | 352/920 kB | 73 kB   Progress (4): 1.6/12 MB | 0.1/4.2 MB | 369/920 kB | 73 kBProgress (4): 1.6/12 MB | 0.2/4.2 MB | 369/920 kB | 73 kB                                                         Downloaded from central: https://repo.maven.apache.org/maven2/org/glassfish/jaxb/txw2/4.0.4/txw2-4.0.4.jar (73 kB at 13 kB/s)
Downloading from central: https://repo.maven.apache.org/maven2/org/antlr/antlr4-runtime/4.13.0/antlr4-runtime-4.13.0.jar
Progress (3): 1.6/12 MB | 0.2/4.2 MB | 369/920 kBProgress (3): 1.6/12 MB | 0.2/4.2 MB | 385/920 kBProgress (3): 1.6/12 MB | 0.2/4.2 MB | 385/920 kBProgress (3): 1.6/12 MB | 0.2/4.2 MB | 385/920 kBProgress (3): 1.6/12 MB | 0.2/4.2 MB | 401/920 kBProgress (3): 1.6/12 MB | 0.2/4.2 MB | 401/920 kBProgress (3): 1.6/12 MB | 0.2/4.2 MB | 401/920 kBProgress (3): 1.6/12 MB | 0.2/4.2 MB | 418/920 kBProgress (3): 1.6/12 MB | 0.2/4.2 MB | 418/920 kBProgress (3): 1.6/12 MB | 0.2/4.2 MB | 418/920 kBProgress (3): 1.7/12 MB | 0.2/4.2 MB | 418/920 kBProgress (4): 1.7/12 MB | 0.2/4.2 MB | 418/920 kB | 7.7/11 kBProgress (4): 1.7/12 MB | 0.2/4.2 MB | 418/920 kB | 11 kB                                                             Downloaded from central: https://repo.maven.apache.org/maven2/jakarta/inject/jakarta.inject-api/2.0.1/jakarta.inject-api-2.0.1.jar (11 kB at 2.0 kB/s)
Downloading from central: https://repo.maven.apache.org/maven2/org/springframework/data/spring-data-jpa/3.2.1/spring-data-jpa-3.2.1.jar
Progress (3): 1.7/12 MB | 0.2/4.2 MB | 434/920 kBProgress (3): 1.7/12 MB | 0.2/4.2 MB | 434/920 kBProgress (3): 1.7/12 MB | 0.2/4.2 MB | 451/920 kBProgress (3): 1.7/12 MB | 0.2/4.2 MB | 451/920 kBProgress (4): 1.7/12 MB | 0.2/4.2 MB | 451/920 kB | 7.7/326 kBProgress (4): 1.7/12 MB | 0.2/4.2 MB | 451/920 kB | 16/326 kB Progress (4): 1.7/12 MB | 0.2/4.2 MB | 467/920 kB | 16/326 kBProgress (4): 1.7/12 MB | 0.2/4.2 MB | 467/920 kB | 25/326 kBProgress (4): 1.7/12 MB | 0.2/4.2 MB | 467/920 kB | 25/326 kBProgress (4): 1.7/12 MB | 0.2/4.2 MB | 467/920 kB | 25/326 kBProgress (4): 1.7/12 MB | 0.2/4.2 MB | 467/920 kB | 25/326 kBProgress (4): 1.7/12 MB | 0.2/4.2 MB | 467/920 kB | 41/326 kBProgress (4): 1.7/12 MB | 0.2/4.2 MB | 467/920 kB | 41/326 kBProgress (4): 1.7/12 MB | 0.2/4.2 MB | 483/920 kB | 41/326 kBProgress (4): 1.7/12 MB | 0.2/4.2 MB | 500/920 kB | 41/326 kBProgress (5): 1.7/12 MB | 0.2/4.2 MB | 500/920 kB | 41/326 kB | 0/1.4 MBProgress (5): 1.7/12 MB | 0.2/4.2 MB | 500/920 kB | 41/326 kB | 0/1.4 MBProgress (5): 1.7/12 MB | 0.2/4.2 MB | 500/920 kB | 57/326 kB | 0/1.4 MBProgress (5): 1.7/12 MB | 0.2/4.2 MB | 500/920 kB | 57/326 kB | 0/1.4 MBProgress (5): 1.7/12 MB | 0.2/4.2 MB | 516/920 kB | 57/326 kB | 0/1.4 MBProgress (5): 1.7/12 MB | 0.2/4.2 MB | 516/920 kB | 57/326 kB | 0/1.4 MBProgress (5): 1.7/12 MB | 0.2/4.2 MB | 516/920 kB | 57/326 kB | 0/1.4 MBProgress (5): 1.8/12 MB | 0.2/4.2 MB | 516/920 kB | 57/326 kB | 0/1.4 MBProgress (5): 1.8/12 MB | 0.2/4.2 MB | 516/920 kB | 74/326 kB | 0/1.4 MBProgress (5): 1.8/12 MB | 0.2/4.2 MB | 516/920 kB | 74/326 kB | 0/1.4 MBProgress (5): 1.8/12 MB | 0.2/4.2 MB | 516/920 kB | 74/326 kB | 0.1/1.4 MBProgress (5): 1.8/12 MB | 0.2/4.2 MB | 516/920 kB | 74/326 kB | 0.1/1.4 MBProgress (5): 1.8/12 MB | 0.2/4.2 MB | 516/920 kB | 74/326 kB | 0.1/1.4 MBProgress (5): 1.8/12 MB | 0.2/4.2 MB | 532/920 kB | 74/326 kB | 0.1/1.4 MBProgress (5): 1.8/12 MB | 0.2/4.2 MB | 532/920 kB | 74/326 kB | 0.1/1.4 MBProgress (5): 1.8/12 MB | 0.2/4.2 MB | 532/920 kB | 90/326 kB | 0.1/1.4 MBProgress (5): 1.8/12 MB | 0.2/4.2 MB | 532/920 kB | 90/326 kB | 0.1/1.4 MBProgress (5): 1.8/12 MB | 0.2/4.2 MB | 549/920 kB | 90/326 kB | 0.1/1.4 MBProgress (5): 1.8/12 MB | 0.2/4.2 MB | 549/920 kB | 90/326 kB | 0.1/1.4 MBProgress (5): 1.8/12 MB | 0.2/4.2 MB | 549/920 kB | 106/326 kB | 0.1/1.4 MBProgress (5): 1.8/12 MB | 0.2/4.2 MB | 549/920 kB | 106/326 kB | 0.1/1.4 MBProgress (5): 1.8/12 MB | 0.2/4.2 MB | 549/920 kB | 106/326 kB | 0.1/1.4 MBProgress (5): 1.8/12 MB | 0.2/4.2 MB | 549/920 kB | 106/326 kB | 0.1/1.4 MBProgress (5): 1.8/12 MB | 0.2/4.2 MB | 565/920 kB | 106/326 kB | 0.1/1.4 MBProgress (5): 1.8/12 MB | 0.2/4.2 MB | 565/920 kB | 123/326 kB | 0.1/1.4 MBProgress (5): 1.9/12 MB | 0.2/4.2 MB | 565/920 kB | 123/326 kB | 0.1/1.4 MBProgress (5): 1.9/12 MB | 0.2/4.2 MB | 565/920 kB | 123/326 kB | 0.1/1.4 MBProgress (5): 1.9/12 MB | 0.2/4.2 MB | 565/920 kB | 131/326 kB | 0.1/1.4 MBProgress (5): 1.9/12 MB | 0.2/4.2 MB | 582/920 kB | 131/326 kB | 0.1/1.4 MBProgress (5): 1.9/12 MB | 0.2/4.2 MB | 582/920 kB | 131/326 kB | 0.1/1.4 MBProgress (5): 1.9/12 MB | 0.2/4.2 MB | 582/920 kB | 131/326 kB | 0.1/1.4 MBProgress (5): 1.9/12 MB | 0.2/4.2 MB | 582/920 kB | 131/326 kB | 0.1/1.4 MBProgress (5): 1.9/12 MB | 0.2/4.2 MB | 582/920 kB | 131/326 kB | 0.1/1.4 MBProgress (5): 1.9/12 MB | 0.2/4.2 MB | 582/920 kB | 147/326 kB | 0.1/1.4 MBProgress (5): 1.9/12 MB | 0.2/4.2 MB | 582/920 kB | 147/326 kB | 0.2/1.4 MBProgress (5): 1.9/12 MB | 0.2/4.2 MB | 598/920 kB | 147/326 kB | 0.2/1.4 MBProgress (5): 1.9/12 MB | 0.2/4.2 MB | 598/920 kB | 147/326 kB | 0.2/1.4 MBProgress (5): 1.9/12 MB | 0.2/4.2 MB | 598/920 kB | 147/326 kB | 0.2/1.4 MBProgress (5): 1.9/12 MB | 0.2/4.2 MB | 598/920 kB | 164/326 kB | 0.2/1.4 MBProgress (5): 1.9/12 MB | 0.2/4.2 MB | 614/920 kB | 164/326 kB | 0.2/1.4 MBProgress (5): 1.9/12 MB | 0.2/4.2 MB | 614/920 kB | 164/326 kB | 0.2/1.4 MBProgress (5): 1.9/12 MB | 0.2/4.2 MB | 614/920 kB | 164/326 kB | 0.2/1.4 MBProgress (5): 1.9/12 MB | 0.2/4.2 MB | 614/920 kB | 180/326 kB | 0.2/1.4 MBProgress (5): 1.9/12 MB | 0.2/4.2 MB | 631/920 kB | 180/326 kB | 0.2/1.4 MBProgress (5): 1.9/12 MB | 0.2/4.2 MB | 631/920 kB | 180/326 kB | 0.2/1.4 MBProgress (5): 1.9/12 MB | 0.3/4.2 MB | 631/920 kB | 180/326 kB | 0.2/1.4 MBProgress (5): 1.9/12 MB | 0.3/4.2 MB | 631/920 kB | 180/326 kB | 0.2/1.4 MBProgress (5): 2.0/12 MB | 0.3/4.2 MB | 631/920 kB | 180/326 kB | 0.2/1.4 MBProgress (5): 2.0/12 MB | 0.3/4.2 MB | 631/920 kB | 180/326 kB | 0.2/1.4 MBProgress (5): 2.0/12 MB | 0.3/4.2 MB | 631/920 kB | 197/326 kB | 0.2/1.4 MBProgress (5): 2.0/12 MB | 0.3/4.2 MB | 647/920 kB | 197/326 kB | 0.2/1.4 MBProgress (5): 2.0/12 MB | 0.3/4.2 MB | 647/920 kB | 197/326 kB | 0.2/1.4 MBProgress (5): 2.0/12 MB | 0.3/4.2 MB | 647/920 kB | 197/326 kB | 0.2/1.4 MBProgress (5): 2.0/12 MB | 0.3/4.2 MB | 647/920 kB | 197/326 kB | 0.2/1.4 MBProgress (5): 2.0/12 MB | 0.3/4.2 MB | 647/920 kB | 213/326 kB | 0.2/1.4 MBProgress (5): 2.0/12 MB | 0.3/4.2 MB | 647/920 kB | 213/326 kB | 0.2/1.4 MBProgress (5): 2.0/12 MB | 0.3/4.2 MB | 647/920 kB | 213/326 kB | 0.3/1.4 MBProgress (5): 2.0/12 MB | 0.3/4.2 MB | 647/920 kB | 213/326 kB | 0.3/1.4 MBProgress (5): 2.0/12 MB | 0.3/4.2 MB | 664/920 kB | 213/326 kB | 0.3/1.4 MBProgress (5): 2.0/12 MB | 0.3/4.2 MB | 664/920 kB | 213/326 kB | 0.3/1.4 MBProgress (5): 2.0/12 MB | 0.3/4.2 MB | 680/920 kB | 213/326 kB | 0.3/1.4 MBProgress (5): 2.0/12 MB | 0.3/4.2 MB | 680/920 kB | 213/326 kB | 0.3/1.4 MBProgress (5): 2.0/12 MB | 0.3/4.2 MB | 680/920 kB | 213/326 kB | 0.3/1.4 MBProgress (5): 2.0/12 MB | 0.3/4.2 MB | 680/920 kB | 229/326 kB | 0.3/1.4 MBProgress (5): 2.0/12 MB | 0.3/4.2 MB | 680/920 kB | 229/326 kB | 0.3/1.4 MBProgress (5): 2.0/12 MB | 0.3/4.2 MB | 680/920 kB | 246/326 kB | 0.3/1.4 MBProgress (5): 2.1/12 MB | 0.3/4.2 MB | 680/920 kB | 246/326 kB | 0.3/1.4 MBProgress (5): 2.1/12 MB | 0.3/4.2 MB | 696/920 kB | 246/326 kB | 0.3/1.4 MBProgress (5): 2.1/12 MB | 0.3/4.2 MB | 696/920 kB | 246/326 kB | 0.3/1.4 MBProgress (5): 2.1/12 MB | 0.3/4.2 MB | 696/920 kB | 246/326 kB | 0.3/1.4 MBProgress (5): 2.1/12 MB | 0.3/4.2 MB | 696/920 kB | 246/326 kB | 0.3/1.4 MBProgress (5): 2.1/12 MB | 0.3/4.2 MB | 696/920 kB | 246/326 kB | 0.3/1.4 MBProgress (5): 2.1/12 MB | 0.3/4.2 MB | 696/920 kB | 246/326 kB | 0.3/1.4 MBProgress (5): 2.1/12 MB | 0.3/4.2 MB | 696/920 kB | 262/326 kB | 0.3/1.4 MBProgress (5): 2.1/12 MB | 0.3/4.2 MB | 696/920 kB | 262/326 kB | 0.3/1.4 MBProgress (5): 2.1/12 MB | 0.3/4.2 MB | 713/920 kB | 262/326 kB | 0.3/1.4 MBProgress (5): 2.1/12 MB | 0.3/4.2 MB | 713/920 kB | 262/326 kB | 0.3/1.4 MBProgress (5): 2.1/12 MB | 0.3/4.2 MB | 713/920 kB | 262/326 kB | 0.3/1.4 MBProgress (5): 2.1/12 MB | 0.3/4.2 MB | 713/920 kB | 279/326 kB | 0.3/1.4 MBProgress (5): 2.1/12 MB | 0.3/4.2 MB | 713/920 kB | 279/326 kB | 0.3/1.4 MBProgress (5): 2.1/12 MB | 0.3/4.2 MB | 713/920 kB | 279/326 kB | 0.3/1.4 MBProgress (5): 2.1/12 MB | 0.3/4.2 MB | 729/920 kB | 279/326 kB | 0.3/1.4 MBProgress (5): 2.1/12 MB | 0.3/4.2 MB | 729/920 kB | 279/326 kB | 0.4/1.4 MBProgress (5): 2.2/12 MB | 0.3/4.2 MB | 729/920 kB | 279/326 kB | 0.4/1.4 MBProgress (5): 2.2/12 MB | 0.3/4.2 MB | 729/920 kB | 279/326 kB | 0.4/1.4 MBProgress (5): 2.2/12 MB | 0.3/4.2 MB | 729/920 kB | 279/326 kB | 0.4/1.4 MBProgress (5): 2.2/12 MB | 0.3/4.2 MB | 729/920 kB | 295/326 kB | 0.4/1.4 MBProgress (5): 2.2/12 MB | 0.3/4.2 MB | 729/920 kB | 295/326 kB | 0.4/1.4 MBProgress (5): 2.2/12 MB | 0.3/4.2 MB | 745/920 kB | 295/326 kB | 0.4/1.4 MBProgress (5): 2.2/12 MB | 0.3/4.2 MB | 745/920 kB | 295/326 kB | 0.4/1.4 MBProgress (5): 2.2/12 MB | 0.3/4.2 MB | 762/920 kB | 295/326 kB | 0.4/1.4 MBProgress (5): 2.2/12 MB | 0.3/4.2 MB | 762/920 kB | 311/326 kB | 0.4/1.4 MBProgress (5): 2.2/12 MB | 0.3/4.2 MB | 762/920 kB | 311/326 kB | 0.4/1.4 MBProgress (5): 2.2/12 MB | 0.3/4.2 MB | 762/920 kB | 311/326 kB | 0.4/1.4 MBProgress (5): 2.2/12 MB | 0.3/4.2 MB | 762/920 kB | 311/326 kB | 0.4/1.4 MBProgress (5): 2.2/12 MB | 0.3/4.2 MB | 762/920 kB | 326 kB | 0.4/1.4 MB                                                                           Downloaded from central: https://repo.maven.apache.org/maven2/org/antlr/antlr4-runtime/4.13.0/antlr4-runtime-4.13.0.jar (326 kB at 57 kB/s)
Downloading from central: https://repo.maven.apache.org/maven2/org/springframework/data/spring-data-commons/3.2.1/spring-data-commons-3.2.1.jar
Progress (4): 2.2/12 MB | 0.3/4.2 MB | 778/920 kB | 0.4/1.4 MBProgress (4): 2.2/12 MB | 0.3/4.2 MB | 778/920 kB | 0.4/1.4 MBProgress (4): 2.2/12 MB | 0.3/4.2 MB | 778/920 kB | 0.4/1.4 MBProgress (4): 2.2/12 MB | 0.4/4.2 MB | 778/920 kB | 0.4/1.4 MBProgress (4): 2.2/12 MB | 0.4/4.2 MB | 778/920 kB | 0.4/1.4 MBProgress (4): 2.2/12 MB | 0.4/4.2 MB | 778/920 kB | 0.4/1.4 MBProgress (4): 2.2/12 MB | 0.4/4.2 MB | 778/920 kB | 0.4/1.4 MBProgress (4): 2.2/12 MB | 0.4/4.2 MB | 795/920 kB | 0.4/1.4 MBProgress (4): 2.2/12 MB | 0.4/4.2 MB | 795/920 kB | 0.5/1.4 MBProgress (4): 2.3/12 MB | 0.4/4.2 MB | 795/920 kB | 0.5/1.4 MBProgress (4): 2.3/12 MB | 0.4/4.2 MB | 795/920 kB | 0.5/1.4 MBProgress (4): 2.3/12 MB | 0.4/4.2 MB | 795/920 kB | 0.5/1.4 MBProgress (4): 2.3/12 MB | 0.4/4.2 MB | 795/920 kB | 0.5/1.4 MBProgress (4): 2.3/12 MB | 0.4/4.2 MB | 795/920 kB | 0.5/1.4 MBProgress (4): 2.3/12 MB | 0.4/4.2 MB | 811/920 kB | 0.5/1.4 MBProgress (4): 2.3/12 MB | 0.4/4.2 MB | 811/920 kB | 0.5/1.4 MBProgress (4): 2.3/12 MB | 0.4/4.2 MB | 827/920 kB | 0.5/1.4 MBProgress (4): 2.3/12 MB | 0.4/4.2 MB | 827/920 kB | 0.5/1.4 MBProgress (4): 2.3/12 MB | 0.4/4.2 MB | 827/920 kB | 0.5/1.4 MBProgress (4): 2.3/12 MB | 0.4/4.2 MB | 827/920 kB | 0.5/1.4 MBProgress (4): 2.3/12 MB | 0.4/4.2 MB | 827/920 kB | 0.5/1.4 MBProgress (4): 2.3/12 MB | 0.4/4.2 MB | 844/920 kB | 0.5/1.4 MBProgress (4): 2.3/12 MB | 0.4/4.2 MB | 844/920 kB | 0.5/1.4 MBProgress (4): 2.3/12 MB | 0.4/4.2 MB | 844/920 kB | 0.5/1.4 MBProgress (5): 2.3/12 MB | 0.4/4.2 MB | 844/920 kB | 0.5/1.4 MB | 0/1.4 MBProgress (5): 2.3/12 MB | 0.4/4.2 MB | 844/920 kB | 0.5/1.4 MB | 0/1.4 MBProgress (5): 2.3/12 MB | 0.4/4.2 MB | 844/920 kB | 0.5/1.4 MB | 0/1.4 MBProgress (5): 2.3/12 MB | 0.4/4.2 MB | 860/920 kB | 0.5/1.4 MB | 0/1.4 MBProgress (5): 2.4/12 MB | 0.4/4.2 MB | 860/920 kB | 0.5/1.4 MB | 0/1.4 MBProgress (5): 2.4/12 MB | 0.4/4.2 MB | 860/920 kB | 0.5/1.4 MB | 0/1.4 MBProgress (5): 2.4/12 MB | 0.4/4.2 MB | 860/920 kB | 0.5/1.4 MB | 0/1.4 MBProgress (5): 2.4/12 MB | 0.4/4.2 MB | 860/920 kB | 0.6/1.4 MB | 0/1.4 MBProgress (5): 2.4/12 MB | 0.4/4.2 MB | 877/920 kB | 0.6/1.4 MB | 0/1.4 MBProgress (5): 2.4/12 MB | 0.4/4.2 MB | 877/920 kB | 0.6/1.4 MB | 0/1.4 MBProgress (5): 2.4/12 MB | 0.4/4.2 MB | 877/920 kB | 0.6/1.4 MB | 0/1.4 MBProgress (5): 2.4/12 MB | 0.4/4.2 MB | 877/920 kB | 0.6/1.4 MB | 0/1.4 MBProgress (5): 2.4/12 MB | 0.4/4.2 MB | 893/920 kB | 0.6/1.4 MB | 0/1.4 MBProgress (5): 2.4/12 MB | 0.4/4.2 MB | 893/920 kB | 0.6/1.4 MB | 0/1.4 MBProgress (5): 2.4/12 MB | 0.4/4.2 MB | 893/920 kB | 0.6/1.4 MB | 0/1.4 MBProgress (5): 2.4/12 MB | 0.4/4.2 MB | 893/920 kB | 0.6/1.4 MB | 0/1.4 MBProgress (5): 2.4/12 MB | 0.4/4.2 MB | 893/920 kB | 0.6/1.4 MB | 0.1/1.4 MBProgress (5): 2.4/12 MB | 0.4/4.2 MB | 909/920 kB | 0.6/1.4 MB | 0.1/1.4 MBProgress (5): 2.4/12 MB | 0.4/4.2 MB | 909/920 kB | 0.6/1.4 MB | 0.1/1.4 MBProgress (5): 2.4/12 MB | 0.4/4.2 MB | 909/920 kB | 0.6/1.4 MB | 0.1/1.4 MBProgress (5): 2.4/12 MB | 0.4/4.2 MB | 909/920 kB | 0.6/1.4 MB | 0.1/1.4 MBProgress (5): 2.4/12 MB | 0.4/4.2 MB | 920 kB | 0.6/1.4 MB | 0.1/1.4 MB                                                                           Downloaded from central: https://repo.maven.apache.org/maven2/org/glassfish/jaxb/jaxb-runtime/4.0.4/jaxb-runtime-4.0.4.jar (920 kB at 157 kB/s)
Downloading from central: https://repo.maven.apache.org/maven2/org/springframework/spring-orm/6.1.2/spring-orm-6.1.2.jar
Progress (4): 2.4/12 MB | 0.4/4.2 MB | 0.6/1.4 MB | 0.1/1.4 MBProgress (4): 2.4/12 MB | 0.4/4.2 MB | 0.6/1.4 MB | 0.1/1.4 MBProgress (4): 2.4/12 MB | 0.4/4.2 MB | 0.6/1.4 MB | 0.1/1.4 MBProgress (4): 2.4/12 MB | 0.4/4.2 MB | 0.6/1.4 MB | 0.1/1.4 MBProgress (4): 2.4/12 MB | 0.4/4.2 MB | 0.6/1.4 MB | 0.1/1.4 MBProgress (4): 2.5/12 MB | 0.4/4.2 MB | 0.6/1.4 MB | 0.1/1.4 MBProgress (4): 2.5/12 MB | 0.4/4.2 MB | 0.6/1.4 MB | 0.1/1.4 MBProgress (4): 2.5/12 MB | 0.4/4.2 MB | 0.6/1.4 MB | 0.1/1.4 MBProgress (4): 2.5/12 MB | 0.4/4.2 MB | 0.7/1.4 MB | 0.1/1.4 MBProgress (4): 2.5/12 MB | 0.4/4.2 MB | 0.7/1.4 MB | 0.1/1.4 MBProgress (4): 2.5/12 MB | 0.4/4.2 MB | 0.7/1.4 MB | 0.1/1.4 MBProgress (4): 2.5/12 MB | 0.4/4.2 MB | 0.7/1.4 MB | 0.1/1.4 MBProgress (4): 2.5/12 MB | 0.4/4.2 MB | 0.7/1.4 MB | 0.1/1.4 MBProgress (4): 2.5/12 MB | 0.4/4.2 MB | 0.7/1.4 MB | 0.1/1.4 MBProgress (4): 2.5/12 MB | 0.4/4.2 MB | 0.7/1.4 MB | 0.1/1.4 MBProgress (4): 2.5/12 MB | 0.4/4.2 MB | 0.7/1.4 MB | 0.1/1.4 MBProgress (4): 2.5/12 MB | 0.4/4.2 MB | 0.7/1.4 MB | 0.1/1.4 MBProgress (4): 2.5/12 MB | 0.4/4.2 MB | 0.7/1.4 MB | 0.1/1.4 MBProgress (4): 2.5/12 MB | 0.4/4.2 MB | 0.7/1.4 MB | 0.2/1.4 MBProgress (4): 2.5/12 MB | 0.4/4.2 MB | 0.7/1.4 MB | 0.2/1.4 MBProgress (4): 2.5/12 MB | 0.5/4.2 MB | 0.7/1.4 MB | 0.2/1.4 MBProgress (4): 2.5/12 MB | 0.5/4.2 MB | 0.7/1.4 MB | 0.2/1.4 MBProgress (4): 2.5/12 MB | 0.5/4.2 MB | 0.7/1.4 MB | 0.2/1.4 MBProgress (4): 2.5/12 MB | 0.5/4.2 MB | 0.7/1.4 MB | 0.2/1.4 MBProgress (4): 2.6/12 MB | 0.5/4.2 MB | 0.7/1.4 MB | 0.2/1.4 MBProgress (5): 2.6/12 MB | 0.5/4.2 MB | 0.7/1.4 MB | 0.2/1.4 MB | 7.7/233 kBProgress (5): 2.6/12 MB | 0.5/4.2 MB | 0.7/1.4 MB | 0.2/1.4 MB | 12/233 kB Progress (5): 2.6/12 MB | 0.5/4.2 MB | 0.7/1.4 MB | 0.2/1.4 MB | 12/233 kBProgress (5): 2.6/12 MB | 0.5/4.2 MB | 0.8/1.4 MB | 0.2/1.4 MB | 12/233 kBProgress (5): 2.6/12 MB | 0.5/4.2 MB | 0.8/1.4 MB | 0.2/1.4 MB | 12/233 kBProgress (5): 2.6/12 MB | 0.5/4.2 MB | 0.8/1.4 MB | 0.2/1.4 MB | 28/233 kBProgress (5): 2.6/12 MB | 0.5/4.2 MB | 0.8/1.4 MB | 0.2/1.4 MB | 28/233 kBProgress (5): 2.6/12 MB | 0.5/4.2 MB | 0.8/1.4 MB | 0.2/1.4 MB | 28/233 kBProgress (5): 2.6/12 MB | 0.5/4.2 MB | 0.8/1.4 MB | 0.2/1.4 MB | 44/233 kBProgress (5): 2.6/12 MB | 0.5/4.2 MB | 0.8/1.4 MB | 0.2/1.4 MB | 44/233 kBProgress (5): 2.6/12 MB | 0.5/4.2 MB | 0.8/1.4 MB | 0.2/1.4 MB | 44/233 kBProgress (5): 2.6/12 MB | 0.5/4.2 MB | 0.8/1.4 MB | 0.2/1.4 MB | 44/233 kBProgress (5): 2.6/12 MB | 0.5/4.2 MB | 0.8/1.4 MB | 0.2/1.4 MB | 44/233 kBProgress (5): 2.6/12 MB | 0.5/4.2 MB | 0.8/1.4 MB | 0.2/1.4 MB | 61/233 kBProgress (5): 2.6/12 MB | 0.5/4.2 MB | 0.8/1.4 MB | 0.2/1.4 MB | 61/233 kBProgress (5): 2.6/12 MB | 0.5/4.2 MB | 0.8/1.4 MB | 0.2/1.4 MB | 61/233 kBProgress (5): 2.6/12 MB | 0.5/4.2 MB | 0.8/1.4 MB | 0.2/1.4 MB | 61/233 kBProgress (5): 2.6/12 MB | 0.5/4.2 MB | 0.8/1.4 MB | 0.2/1.4 MB | 77/233 kBProgress (5): 2.6/12 MB | 0.5/4.2 MB | 0.8/1.4 MB | 0.2/1.4 MB | 77/233 kBProgress (5): 2.6/12 MB | 0.5/4.2 MB | 0.8/1.4 MB | 0.2/1.4 MB | 77/233 kBProgress (5): 2.6/12 MB | 0.5/4.2 MB | 0.8/1.4 MB | 0.2/1.4 MB | 77/233 kBProgress (5): 2.6/12 MB | 0.5/4.2 MB | 0.8/1.4 MB | 0.2/1.4 MB | 93/233 kBProgress (5): 2.7/12 MB | 0.5/4.2 MB | 0.8/1.4 MB | 0.2/1.4 MB | 93/233 kBProgress (5): 2.7/12 MB | 0.5/4.2 MB | 0.8/1.4 MB | 0.2/1.4 MB | 93/233 kBProgress (5): 2.7/12 MB | 0.5/4.2 MB | 0.8/1.4 MB | 0.2/1.4 MB | 93/233 kBProgress (5): 2.7/12 MB | 0.5/4.2 MB | 0.8/1.4 MB | 0.2/1.4 MB | 93/233 kBProgress (5): 2.7/12 MB | 0.5/4.2 MB | 0.8/1.4 MB | 0.2/1.4 MB | 93/233 kBProgress (5): 2.7/12 MB | 0.5/4.2 MB | 0.9/1.4 MB | 0.2/1.4 MB | 93/233 kBProgress (5): 2.7/12 MB | 0.5/4.2 MB | 0.9/1.4 MB | 0.2/1.4 MB | 93/233 kBProgress (5): 2.7/12 MB | 0.5/4.2 MB | 0.9/1.4 MB | 0.2/1.4 MB | 93/233 kBProgress (5): 2.7/12 MB | 0.5/4.2 MB | 0.9/1.4 MB | 0.2/1.4 MB | 93/233 kBProgress (5): 2.7/12 MB | 0.5/4.2 MB | 0.9/1.4 MB | 0.2/1.4 MB | 93/233 kBProgress (5): 2.7/12 MB | 0.5/4.2 MB | 0.9/1.4 MB | 0.2/1.4 MB | 93/233 kBProgress (5): 2.7/12 MB | 0.5/4.2 MB | 0.9/1.4 MB | 0.2/1.4 MB | 110/233 kBProgress (5): 2.7/12 MB | 0.5/4.2 MB | 0.9/1.4 MB | 0.2/1.4 MB | 110/233 kBProgress (5): 2.7/12 MB | 0.5/4.2 MB | 0.9/1.4 MB | 0.2/1.4 MB | 110/233 kBProgress (5): 2.7/12 MB | 0.5/4.2 MB | 0.9/1.4 MB | 0.2/1.4 MB | 115/233 kBProgress (5): 2.7/12 MB | 0.5/4.2 MB | 0.9/1.4 MB | 0.2/1.4 MB | 115/233 kBProgress (5): 2.7/12 MB | 0.5/4.2 MB | 0.9/1.4 MB | 0.2/1.4 MB | 115/233 kBProgress (5): 2.7/12 MB | 0.5/4.2 MB | 0.9/1.4 MB | 0.2/1.4 MB | 115/233 kBProgress (5): 2.7/12 MB | 0.5/4.2 MB | 0.9/1.4 MB | 0.2/1.4 MB | 115/233 kBProgress (5): 2.7/12 MB | 0.5/4.2 MB | 0.9/1.4 MB | 0.2/1.4 MB | 131/233 kBProgress (5): 2.7/12 MB | 0.6/4.2 MB | 0.9/1.4 MB | 0.2/1.4 MB | 131/233 kBProgress (5): 2.8/12 MB | 0.6/4.2 MB | 0.9/1.4 MB | 0.2/1.4 MB | 131/233 kBProgress (5): 2.8/12 MB | 0.6/4.2 MB | 0.9/1.4 MB | 0.2/1.4 MB | 131/233 kBProgress (5): 2.8/12 MB | 0.6/4.2 MB | 0.9/1.4 MB | 0.3/1.4 MB | 131/233 kBProgress (5): 2.8/12 MB | 0.6/4.2 MB | 0.9/1.4 MB | 0.3/1.4 MB | 147/233 kBProgress (5): 2.8/12 MB | 0.6/4.2 MB | 0.9/1.4 MB | 0.3/1.4 MB | 147/233 kBProgress (5): 2.8/12 MB | 0.6/4.2 MB | 0.9/1.4 MB | 0.3/1.4 MB | 147/233 kBProgress (5): 2.8/12 MB | 0.6/4.2 MB | 0.9/1.4 MB | 0.3/1.4 MB | 164/233 kBProgress (5): 2.8/12 MB | 0.6/4.2 MB | 0.9/1.4 MB | 0.3/1.4 MB | 164/233 kBProgress (5): 2.8/12 MB | 0.6/4.2 MB | 0.9/1.4 MB | 0.3/1.4 MB | 164/233 kBProgress (5): 2.8/12 MB | 0.6/4.2 MB | 0.9/1.4 MB | 0.3/1.4 MB | 164/233 kBProgress (5): 2.8/12 MB | 0.6/4.2 MB | 0.9/1.4 MB | 0.3/1.4 MB | 180/233 kBProgress (5): 2.8/12 MB | 0.6/4.2 MB | 0.9/1.4 MB | 0.3/1.4 MB | 180/233 kBProgress (5): 2.8/12 MB | 0.6/4.2 MB | 0.9/1.4 MB | 0.3/1.4 MB | 180/233 kBProgress (5): 2.8/12 MB | 0.6/4.2 MB | 1.0/1.4 MB | 0.3/1.4 MB | 180/233 kBProgress (5): 2.8/12 MB | 0.6/4.2 MB | 1.0/1.4 MB | 0.3/1.4 MB | 180/233 kBProgress (5): 2.8/12 MB | 0.6/4.2 MB | 1.0/1.4 MB | 0.3/1.4 MB | 180/233 kBProgress (5): 2.8/12 MB | 0.6/4.2 MB | 1.0/1.4 MB | 0.3/1.4 MB | 180/233 kBProgress (5): 2.8/12 MB | 0.6/4.2 MB | 1.0/1.4 MB | 0.3/1.4 MB | 197/233 kBProgress (5): 2.8/12 MB | 0.6/4.2 MB | 1.0/1.4 MB | 0.3/1.4 MB | 197/233 kBProgress (5): 2.8/12 MB | 0.6/4.2 MB | 1.0/1.4 MB | 0.3/1.4 MB | 213/233 kBProgress (5): 2.8/12 MB | 0.6/4.2 MB | 1.0/1.4 MB | 0.3/1.4 MB | 213/233 kBProgress (5): 2.8/12 MB | 0.6/4.2 MB | 1.0/1.4 MB | 0.3/1.4 MB | 213/233 kBProgress (5): 2.8/12 MB | 0.6/4.2 MB | 1.0/1.4 MB | 0.3/1.4 MB | 229/233 kBProgress (5): 2.9/12 MB | 0.6/4.2 MB | 1.0/1.4 MB | 0.3/1.4 MB | 229/233 kBProgress (5): 2.9/12 MB | 0.6/4.2 MB | 1.0/1.4 MB | 0.3/1.4 MB | 229/233 kBProgress (5): 2.9/12 MB | 0.6/4.2 MB | 1.0/1.4 MB | 0.3/1.4 MB | 233 kB    Progress (5): 2.9/12 MB | 0.6/4.2 MB | 1.0/1.4 MB | 0.3/1.4 MB | 233 kB                                                                       Downloaded from central: https://repo.maven.apache.org/maven2/org/springframework/spring-orm/6.1.2/spring-orm-6.1.2.jar (233 kB at 38 kB/s)
Downloading from central: https://repo.maven.apache.org/maven2/org/springframework/spring-aspects/6.1.2/spring-aspects-6.1.2.jar
Progress (4): 2.9/12 MB | 0.6/4.2 MB | 1.0/1.4 MB | 0.3/1.4 MBProgress (4): 2.9/12 MB | 0.6/4.2 MB | 1.0/1.4 MB | 0.3/1.4 MBProgress (4): 2.9/12 MB | 0.6/4.2 MB | 1.0/1.4 MB | 0.3/1.4 MBProgress (4): 2.9/12 MB | 0.6/4.2 MB | 1.0/1.4 MB | 0.3/1.4 MBProgress (4): 2.9/12 MB | 0.6/4.2 MB | 1.0/1.4 MB | 0.3/1.4 MBProgress (4): 2.9/12 MB | 0.6/4.2 MB | 1.0/1.4 MB | 0.3/1.4 MBProgress (4): 2.9/12 MB | 0.6/4.2 MB | 1.0/1.4 MB | 0.3/1.4 MBProgress (4): 2.9/12 MB | 0.6/4.2 MB | 1.1/1.4 MB | 0.3/1.4 MBProgress (4): 2.9/12 MB | 0.6/4.2 MB | 1.1/1.4 MB | 0.3/1.4 MBProgress (4): 2.9/12 MB | 0.6/4.2 MB | 1.1/1.4 MB | 0.3/1.4 MBProgress (4): 2.9/12 MB | 0.6/4.2 MB | 1.1/1.4 MB | 0.3/1.4 MBProgress (4): 3.0/12 MB | 0.6/4.2 MB | 1.1/1.4 MB | 0.3/1.4 MBProgress (4): 3.0/12 MB | 0.6/4.2 MB | 1.1/1.4 MB | 0.3/1.4 MBProgress (4): 3.0/12 MB | 0.6/4.2 MB | 1.1/1.4 MB | 0.4/1.4 MBProgress (4): 3.0/12 MB | 0.6/4.2 MB | 1.1/1.4 MB | 0.4/1.4 MBProgress (4): 3.0/12 MB | 0.6/4.2 MB | 1.1/1.4 MB | 0.4/1.4 MBProgress (4): 3.0/12 MB | 0.6/4.2 MB | 1.1/1.4 MB | 0.4/1.4 MBProgress (4): 3.0/12 MB | 0.6/4.2 MB | 1.1/1.4 MB | 0.4/1.4 MBProgress (4): 3.0/12 MB | 0.6/4.2 MB | 1.1/1.4 MB | 0.4/1.4 MBProgress (4): 3.0/12 MB | 0.6/4.2 MB | 1.1/1.4 MB | 0.4/1.4 MBProgress (4): 3.0/12 MB | 0.6/4.2 MB | 1.1/1.4 MB | 0.4/1.4 MBProgress (4): 3.0/12 MB | 0.6/4.2 MB | 1.1/1.4 MB | 0.4/1.4 MBProgress (4): 3.0/12 MB | 0.6/4.2 MB | 1.1/1.4 MB | 0.4/1.4 MBProgress (4): 3.0/12 MB | 0.6/4.2 MB | 1.2/1.4 MB | 0.4/1.4 MBProgress (4): 3.0/12 MB | 0.6/4.2 MB | 1.2/1.4 MB | 0.4/1.4 MBProgress (4): 3.0/12 MB | 0.6/4.2 MB | 1.2/1.4 MB | 0.4/1.4 MBProgress (4): 3.0/12 MB | 0.6/4.2 MB | 1.2/1.4 MB | 0.4/1.4 MBProgress (4): 3.0/12 MB | 0.6/4.2 MB | 1.2/1.4 MB | 0.4/1.4 MBProgress (4): 3.0/12 MB | 0.6/4.2 MB | 1.2/1.4 MB | 0.4/1.4 MBProgress (4): 3.0/12 MB | 0.6/4.2 MB | 1.2/1.4 MB | 0.4/1.4 MBProgress (4): 3.0/12 MB | 0.6/4.2 MB | 1.2/1.4 MB | 0.4/1.4 MBProgress (4): 3.0/12 MB | 0.6/4.2 MB | 1.2/1.4 MB | 0.4/1.4 MBProgress (4): 3.1/12 MB | 0.6/4.2 MB | 1.2/1.4 MB | 0.4/1.4 MBProgress (4): 3.1/12 MB | 0.6/4.2 MB | 1.2/1.4 MB | 0.4/1.4 MBProgress (4): 3.1/12 MB | 0.6/4.2 MB | 1.2/1.4 MB | 0.4/1.4 MBProgress (4): 3.1/12 MB | 0.6/4.2 MB | 1.2/1.4 MB | 0.4/1.4 MBProgress (4): 3.1/12 MB | 0.6/4.2 MB | 1.2/1.4 MB | 0.5/1.4 MBProgress (4): 3.1/12 MB | 0.7/4.2 MB | 1.2/1.4 MB | 0.5/1.4 MBProgress (4): 3.1/12 MB | 0.7/4.2 MB | 1.2/1.4 MB | 0.5/1.4 MBProgress (5): 3.1/12 MB | 0.7/4.2 MB | 1.2/1.4 MB | 0.5/1.4 MB | 7.7/50 kBProgress (5): 3.1/12 MB | 0.7/4.2 MB | 1.2/1.4 MB | 0.5/1.4 MB | 12/50 kB Progress (5): 3.1/12 MB | 0.7/4.2 MB | 1.2/1.4 MB | 0.5/1.4 MB | 12/50 kBProgress (5): 3.1/12 MB | 0.7/4.2 MB | 1.2/1.4 MB | 0.5/1.4 MB | 28/50 kBProgress (5): 3.1/12 MB | 0.7/4.2 MB | 1.2/1.4 MB | 0.5/1.4 MB | 28/50 kBProgress (5): 3.1/12 MB | 0.7/4.2 MB | 1.2/1.4 MB | 0.5/1.4 MB | 28/50 kBProgress (5): 3.1/12 MB | 0.7/4.2 MB | 1.2/1.4 MB | 0.5/1.4 MB | 28/50 kBProgress (5): 3.1/12 MB | 0.7/4.2 MB | 1.2/1.4 MB | 0.5/1.4 MB | 44/50 kBProgress (5): 3.1/12 MB | 0.7/4.2 MB | 1.2/1.4 MB | 0.5/1.4 MB | 44/50 kBProgress (5): 3.1/12 MB | 0.7/4.2 MB | 1.2/1.4 MB | 0.5/1.4 MB | 44/50 kBProgress (5): 3.1/12 MB | 0.7/4.2 MB | 1.3/1.4 MB | 0.5/1.4 MB | 44/50 kBProgress (5): 3.1/12 MB | 0.7/4.2 MB | 1.3/1.4 MB | 0.5/1.4 MB | 50 kB   Progress (5): 3.1/12 MB | 0.7/4.2 MB | 1.3/1.4 MB | 0.5/1.4 MB | 50 kB                                                                      Downloaded from central: https://repo.maven.apache.org/maven2/org/springframework/spring-aspects/6.1.2/spring-aspects-6.1.2.jar (50 kB at 7.9 kB/s)
Downloading from central: https://repo.maven.apache.org/maven2/org/postgresql/postgresql/42.6.0/postgresql-42.6.0.jar
Progress (4): 3.1/12 MB | 0.7/4.2 MB | 1.3/1.4 MB | 0.5/1.4 MBProgress (4): 3.1/12 MB | 0.7/4.2 MB | 1.3/1.4 MB | 0.5/1.4 MBProgress (4): 3.2/12 MB | 0.7/4.2 MB | 1.3/1.4 MB | 0.5/1.4 MBProgress (4): 3.2/12 MB | 0.7/4.2 MB | 1.3/1.4 MB | 0.5/1.4 MBProgress (4): 3.2/12 MB | 0.7/4.2 MB | 1.3/1.4 MB | 0.5/1.4 MBProgress (4): 3.2/12 MB | 0.7/4.2 MB | 1.3/1.4 MB | 0.5/1.4 MBProgress (4): 3.2/12 MB | 0.7/4.2 MB | 1.3/1.4 MB | 0.5/1.4 MBProgress (4): 3.2/12 MB | 0.7/4.2 MB | 1.3/1.4 MB | 0.5/1.4 MBProgress (4): 3.2/12 MB | 0.7/4.2 MB | 1.3/1.4 MB | 0.5/1.4 MBProgress (4): 3.2/12 MB | 0.7/4.2 MB | 1.3/1.4 MB | 0.5/1.4 MBProgress (4): 3.2/12 MB | 0.7/4.2 MB | 1.3/1.4 MB | 0.5/1.4 MBProgress (4): 3.2/12 MB | 0.7/4.2 MB | 1.3/1.4 MB | 0.5/1.4 MBProgress (4): 3.2/12 MB | 0.7/4.2 MB | 1.3/1.4 MB | 0.5/1.4 MBProgress (4): 3.2/12 MB | 0.7/4.2 MB | 1.3/1.4 MB | 0.5/1.4 MBProgress (4): 3.2/12 MB | 0.7/4.2 MB | 1.3/1.4 MB | 0.5/1.4 MBProgress (4): 3.2/12 MB | 0.7/4.2 MB | 1.3/1.4 MB | 0.5/1.4 MBProgress (4): 3.2/12 MB | 0.7/4.2 MB | 1.3/1.4 MB | 0.5/1.4 MBProgress (4): 3.2/12 MB | 0.7/4.2 MB | 1.4/1.4 MB | 0.5/1.4 MBProgress (4): 3.3/12 MB | 0.7/4.2 MB | 1.4/1.4 MB | 0.5/1.4 MBProgress (4): 3.3/12 MB | 0.7/4.2 MB | 1.4/1.4 MB | 0.5/1.4 MBProgress (4): 3.3/12 MB | 0.7/4.2 MB | 1.4/1.4 MB | 0.5/1.4 MBProgress (4): 3.3/12 MB | 0.7/4.2 MB | 1.4/1.4 MB | 0.5/1.4 MBProgress (4): 3.3/12 MB | 0.7/4.2 MB | 1.4/1.4 MB | 0.5/1.4 MBProgress (4): 3.3/12 MB | 0.7/4.2 MB | 1.4/1.4 MB | 0.5/1.4 MBProgress (4): 3.3/12 MB | 0.7/4.2 MB | 1.4/1.4 MB | 0.6/1.4 MBProgress (4): 3.3/12 MB | 0.7/4.2 MB | 1.4/1.4 MB | 0.6/1.4 MBProgress (4): 3.3/12 MB | 0.7/4.2 MB | 1.4/1.4 MB | 0.6/1.4 MBProgress (4): 3.3/12 MB | 0.7/4.2 MB | 1.4/1.4 MB | 0.6/1.4 MBProgress (4): 3.3/12 MB | 0.7/4.2 MB | 1.4/1.4 MB | 0.6/1.4 MBProgress (5): 3.3/12 MB | 0.7/4.2 MB | 1.4/1.4 MB | 0.6/1.4 MB | 0/1.1 MBProgress (5): 3.3/12 MB | 0.7/4.2 MB | 1.4/1.4 MB | 0.6/1.4 MB | 0/1.1 MBProgress (5): 3.3/12 MB | 0.7/4.2 MB | 1.4/1.4 MB | 0.6/1.4 MB | 0/1.1 MBProgress (5): 3.3/12 MB | 0.7/4.2 MB | 1.4/1.4 MB | 0.6/1.4 MB | 0/1.1 MBProgress (5): 3.3/12 MB | 0.8/4.2 MB | 1.4/1.4 MB | 0.6/1.4 MB | 0/1.1 MBProgress (5): 3.3/12 MB | 0.8/4.2 MB | 1.4/1.4 MB | 0.6/1.4 MB | 0/1.1 MBProgress (5): 3.3/12 MB | 0.8/4.2 MB | 1.4/1.4 MB | 0.6/1.4 MB | 0/1.1 MBProgress (5): 3.3/12 MB | 0.8/4.2 MB | 1.4/1.4 MB | 0.6/1.4 MB | 0/1.1 MBProgress (5): 3.3/12 MB | 0.8/4.2 MB | 1.4 MB | 0.6/1.4 MB | 0/1.1 MB                                                                         Downloaded from central: https://repo.maven.apache.org/maven2/org/springframework/data/spring-data-jpa/3.2.1/spring-data-jpa-3.2.1.jar (1.4 MB at 226 kB/s)
Downloading from central: https://repo.maven.apache.org/maven2/org/checkerframework/checker-qual/3.31.0/checker-qual-3.31.0.jar
Progress (4): 3.3/12 MB | 0.8/4.2 MB | 0.6/1.4 MB | 0/1.1 MBProgress (4): 3.3/12 MB | 0.8/4.2 MB | 0.6/1.4 MB | 0/1.1 MBProgress (4): 3.4/12 MB | 0.8/4.2 MB | 0.6/1.4 MB | 0/1.1 MBProgress (4): 3.4/12 MB | 0.8/4.2 MB | 0.6/1.4 MB | 0.1/1.1 MBProgress (4): 3.4/12 MB | 0.8/4.2 MB | 0.6/1.4 MB | 0.1/1.1 MBProgress (4): 3.4/12 MB | 0.8/4.2 MB | 0.6/1.4 MB | 0.1/1.1 MBProgress (4): 3.4/12 MB | 0.8/4.2 MB | 0.6/1.4 MB | 0.1/1.1 MBProgress (4): 3.4/12 MB | 0.8/4.2 MB | 0.6/1.4 MB | 0.1/1.1 MBProgress (4): 3.4/12 MB | 0.8/4.2 MB | 0.6/1.4 MB | 0.1/1.1 MBProgress (4): 3.4/12 MB | 0.8/4.2 MB | 0.6/1.4 MB | 0.1/1.1 MBProgress (4): 3.4/12 MB | 0.8/4.2 MB | 0.6/1.4 MB | 0.1/1.1 MBProgress (4): 3.4/12 MB | 0.8/4.2 MB | 0.6/1.4 MB | 0.1/1.1 MBProgress (4): 3.4/12 MB | 0.8/4.2 MB | 0.6/1.4 MB | 0.1/1.1 MBProgress (4): 3.4/12 MB | 0.8/4.2 MB | 0.6/1.4 MB | 0.1/1.1 MBProgress (4): 3.4/12 MB | 0.8/4.2 MB | 0.6/1.4 MB | 0.1/1.1 MBProgress (4): 3.4/12 MB | 0.8/4.2 MB | 0.6/1.4 MB | 0.1/1.1 MBProgress (4): 3.4/12 MB | 0.8/4.2 MB | 0.6/1.4 MB | 0.1/1.1 MBProgress (4): 3.4/12 MB | 0.8/4.2 MB | 0.6/1.4 MB | 0.1/1.1 MBProgress (4): 3.4/12 MB | 0.8/4.2 MB | 0.7/1.4 MB | 0.1/1.1 MBProgress (4): 3.4/12 MB | 0.8/4.2 MB | 0.7/1.4 MB | 0.1/1.1 MBProgress (4): 3.5/12 MB | 0.8/4.2 MB | 0.7/1.4 MB | 0.1/1.1 MBProgress (4): 3.5/12 MB | 0.8/4.2 MB | 0.7/1.4 MB | 0.1/1.1 MBProgress (4): 3.5/12 MB | 0.8/4.2 MB | 0.7/1.4 MB | 0.1/1.1 MBProgress (4): 3.5/12 MB | 0.8/4.2 MB | 0.7/1.4 MB | 0.2/1.1 MBProgress (4): 3.5/12 MB | 0.8/4.2 MB | 0.7/1.4 MB | 0.2/1.1 MBProgress (4): 3.5/12 MB | 0.8/4.2 MB | 0.7/1.4 MB | 0.2/1.1 MBProgress (4): 3.5/12 MB | 0.8/4.2 MB | 0.7/1.4 MB | 0.2/1.1 MBProgress (4): 3.5/12 MB | 0.8/4.2 MB | 0.7/1.4 MB | 0.2/1.1 MBProgress (4): 3.5/12 MB | 0.8/4.2 MB | 0.7/1.4 MB | 0.2/1.1 MBProgress (4): 3.5/12 MB | 0.8/4.2 MB | 0.7/1.4 MB | 0.2/1.1 MBProgress (4): 3.5/12 MB | 0.8/4.2 MB | 0.7/1.4 MB | 0.2/1.1 MBProgress (4): 3.5/12 MB | 0.8/4.2 MB | 0.7/1.4 MB | 0.2/1.1 MBProgress (5): 3.5/12 MB | 0.8/4.2 MB | 0.7/1.4 MB | 0.2/1.1 MB | 7.7/224 kBProgress (5): 3.5/12 MB | 0.8/4.2 MB | 0.7/1.4 MB | 0.2/1.1 MB | 8.2/224 kBProgress (5): 3.5/12 MB | 0.8/4.2 MB | 0.7/1.4 MB | 0.2/1.1 MB | 8.2/224 kBProgress (5): 3.5/12 MB | 0.8/4.2 MB | 0.7/1.4 MB | 0.2/1.1 MB | 8.2/224 kBProgress (5): 3.5/12 MB | 0.8/4.2 MB | 0.7/1.4 MB | 0.2/1.1 MB | 8.2/224 kBProgress (5): 3.6/12 MB | 0.8/4.2 MB | 0.7/1.4 MB | 0.2/1.1 MB | 8.2/224 kBProgress (5): 3.6/12 MB | 0.8/4.2 MB | 0.7/1.4 MB | 0.2/1.1 MB | 25/224 kB Progress (5): 3.6/12 MB | 0.8/4.2 MB | 0.7/1.4 MB | 0.2/1.1 MB | 25/224 kBProgress (5): 3.6/12 MB | 0.8/4.2 MB | 0.7/1.4 MB | 0.2/1.1 MB | 25/224 kBProgress (5): 3.6/12 MB | 0.8/4.2 MB | 0.7/1.4 MB | 0.2/1.1 MB | 25/224 kBProgress (5): 3.6/12 MB | 0.8/4.2 MB | 0.7/1.4 MB | 0.2/1.1 MB | 41/224 kBProgress (5): 3.6/12 MB | 0.8/4.2 MB | 0.7/1.4 MB | 0.2/1.1 MB | 41/224 kBProgress (5): 3.6/12 MB | 0.8/4.2 MB | 0.7/1.4 MB | 0.2/1.1 MB | 41/224 kBProgress (5): 3.6/12 MB | 0.8/4.2 MB | 0.7/1.4 MB | 0.2/1.1 MB | 41/224 kBProgress (5): 3.6/12 MB | 0.8/4.2 MB | 0.7/1.4 MB | 0.2/1.1 MB | 57/224 kBProgress (5): 3.6/12 MB | 0.8/4.2 MB | 0.7/1.4 MB | 0.2/1.1 MB | 66/224 kBProgress (5): 3.6/12 MB | 0.8/4.2 MB | 0.7/1.4 MB | 0.2/1.1 MB | 74/224 kBProgress (5): 3.6/12 MB | 0.8/4.2 MB | 0.7/1.4 MB | 0.3/1.1 MB | 74/224 kBProgress (5): 3.6/12 MB | 0.8/4.2 MB | 0.7/1.4 MB | 0.3/1.1 MB | 74/224 kBProgress (5): 3.6/12 MB | 0.8/4.2 MB | 0.7/1.4 MB | 0.3/1.1 MB | 74/224 kBProgress (5): 3.6/12 MB | 0.8/4.2 MB | 0.7/1.4 MB | 0.3/1.1 MB | 74/224 kBProgress (5): 3.6/12 MB | 0.8/4.2 MB | 0.7/1.4 MB | 0.3/1.1 MB | 74/224 kBProgress (5): 3.6/12 MB | 0.8/4.2 MB | 0.8/1.4 MB | 0.3/1.1 MB | 74/224 kBProgress (5): 3.6/12 MB | 0.8/4.2 MB | 0.8/1.4 MB | 0.3/1.1 MB | 74/224 kBProgress (5): 3.6/12 MB | 0.8/4.2 MB | 0.8/1.4 MB | 0.3/1.1 MB | 90/224 kBProgress (5): 3.6/12 MB | 0.8/4.2 MB | 0.8/1.4 MB | 0.3/1.1 MB | 98/224 kBProgress (5): 3.6/12 MB | 0.8/4.2 MB | 0.8/1.4 MB | 0.3/1.1 MB | 98/224 kBProgress (5): 3.6/12 MB | 0.8/4.2 MB | 0.8/1.4 MB | 0.3/1.1 MB | 98/224 kBProgress (5): 3.6/12 MB | 0.8/4.2 MB | 0.8/1.4 MB | 0.3/1.1 MB | 115/224 kBProgress (5): 3.6/12 MB | 0.8/4.2 MB | 0.8/1.4 MB | 0.3/1.1 MB | 123/224 kBProgress (5): 3.6/12 MB | 0.8/4.2 MB | 0.8/1.4 MB | 0.3/1.1 MB | 123/224 kBProgress (5): 3.6/12 MB | 0.9/4.2 MB | 0.8/1.4 MB | 0.3/1.1 MB | 123/224 kBProgress (5): 3.6/12 MB | 0.9/4.2 MB | 0.8/1.4 MB | 0.3/1.1 MB | 123/224 kBProgress (5): 3.7/12 MB | 0.9/4.2 MB | 0.8/1.4 MB | 0.3/1.1 MB | 123/224 kBProgress (5): 3.7/12 MB | 0.9/4.2 MB | 0.8/1.4 MB | 0.3/1.1 MB | 123/224 kBProgress (5): 3.7/12 MB | 0.9/4.2 MB | 0.8/1.4 MB | 0.3/1.1 MB | 123/224 kBProgress (5): 3.7/12 MB | 0.9/4.2 MB | 0.8/1.4 MB | 0.3/1.1 MB | 123/224 kBProgress (5): 3.7/12 MB | 0.9/4.2 MB | 0.8/1.4 MB | 0.3/1.1 MB | 123/224 kBProgress (5): 3.7/12 MB | 0.9/4.2 MB | 0.8/1.4 MB | 0.3/1.1 MB | 139/224 kBProgress (5): 3.7/12 MB | 0.9/4.2 MB | 0.8/1.4 MB | 0.3/1.1 MB | 139/224 kBProgress (5): 3.7/12 MB | 0.9/4.2 MB | 0.8/1.4 MB | 0.3/1.1 MB | 139/224 kBProgress (5): 3.7/12 MB | 0.9/4.2 MB | 0.8/1.4 MB | 0.3/1.1 MB | 156/224 kBProgress (5): 3.7/12 MB | 0.9/4.2 MB | 0.8/1.4 MB | 0.3/1.1 MB | 156/224 kBProgress (5): 3.7/12 MB | 0.9/4.2 MB | 0.8/1.4 MB | 0.3/1.1 MB | 164/224 kBProgress (5): 3.7/12 MB | 0.9/4.2 MB | 0.8/1.4 MB | 0.3/1.1 MB | 164/224 kBProgress (5): 3.7/12 MB | 0.9/4.2 MB | 0.8/1.4 MB | 0.3/1.1 MB | 164/224 kBProgress (5): 3.7/12 MB | 0.9/4.2 MB | 0.8/1.4 MB | 0.3/1.1 MB | 164/224 kBProgress (5): 3.7/12 MB | 0.9/4.2 MB | 0.8/1.4 MB | 0.3/1.1 MB | 164/224 kBProgress (5): 3.8/12 MB | 0.9/4.2 MB | 0.8/1.4 MB | 0.3/1.1 MB | 164/224 kBProgress (5): 3.8/12 MB | 0.9/4.2 MB | 0.8/1.4 MB | 0.3/1.1 MB | 164/224 kBProgress (5): 3.8/12 MB | 0.9/4.2 MB | 0.8/1.4 MB | 0.4/1.1 MB | 164/224 kBProgress (5): 3.8/12 MB | 0.9/4.2 MB | 0.8/1.4 MB | 0.4/1.1 MB | 180/224 kBProgress (5): 3.8/12 MB | 0.9/4.2 MB | 0.8/1.4 MB | 0.4/1.1 MB | 197/224 kBProgress (5): 3.8/12 MB | 0.9/4.2 MB | 0.8/1.4 MB | 0.4/1.1 MB | 205/224 kBProgress (5): 3.8/12 MB | 0.9/4.2 MB | 0.8/1.4 MB | 0.4/1.1 MB | 205/224 kBProgress (5): 3.8/12 MB | 0.9/4.2 MB | 0.8/1.4 MB | 0.4/1.1 MB | 205/224 kBProgress (5): 3.8/12 MB | 0.9/4.2 MB | 0.8/1.4 MB | 0.4/1.1 MB | 205/224 kBProgress (5): 3.8/12 MB | 0.9/4.2 MB | 0.8/1.4 MB | 0.4/1.1 MB | 205/224 kBProgress (5): 3.8/12 MB | 0.9/4.2 MB | 0.9/1.4 MB | 0.4/1.1 MB | 205/224 kBProgress (5): 3.8/12 MB | 0.9/4.2 MB | 0.9/1.4 MB | 0.4/1.1 MB | 221/224 kBProgress (5): 3.8/12 MB | 0.9/4.2 MB | 0.9/1.4 MB | 0.4/1.1 MB | 224 kB                                                                           Downloaded from central: https://repo.maven.apache.org/maven2/org/checkerframework/checker-qual/3.31.0/checker-qual-3.31.0.jar (224 kB at 34 kB/s)
Downloading from central: https://repo.maven.apache.org/maven2/org/flywaydb/flyway-core/9.22.3/flyway-core-9.22.3.jar
Progress (4): 3.8/12 MB | 0.9/4.2 MB | 0.9/1.4 MB | 0.4/1.1 MBProgress (4): 3.8/12 MB | 0.9/4.2 MB | 0.9/1.4 MB | 0.4/1.1 MBProgress (4): 3.8/12 MB | 0.9/4.2 MB | 0.9/1.4 MB | 0.4/1.1 MBProgress (4): 3.8/12 MB | 0.9/4.2 MB | 0.9/1.4 MB | 0.4/1.1 MBProgress (4): 3.8/12 MB | 0.9/4.2 MB | 0.9/1.4 MB | 0.4/1.1 MBProgress (4): 3.8/12 MB | 0.9/4.2 MB | 0.9/1.4 MB | 0.4/1.1 MBProgress (4): 3.8/12 MB | 0.9/4.2 MB | 0.9/1.4 MB | 0.4/1.1 MBProgress (4): 3.8/12 MB | 0.9/4.2 MB | 0.9/1.4 MB | 0.4/1.1 MBProgress (4): 3.9/12 MB | 0.9/4.2 MB | 0.9/1.4 MB | 0.4/1.1 MBProgress (4): 3.9/12 MB | 0.9/4.2 MB | 0.9/1.4 MB | 0.4/1.1 MBProgress (4): 3.9/12 MB | 0.9/4.2 MB | 0.9/1.4 MB | 0.4/1.1 MBProgress (4): 3.9/12 MB | 0.9/4.2 MB | 0.9/1.4 MB | 0.4/1.1 MBProgress (4): 3.9/12 MB | 0.9/4.2 MB | 0.9/1.4 MB | 0.4/1.1 MBProgress (4): 3.9/12 MB | 0.9/4.2 MB | 0.9/1.4 MB | 0.4/1.1 MBProgress (4): 3.9/12 MB | 0.9/4.2 MB | 0.9/1.4 MB | 0.4/1.1 MBProgress (4): 3.9/12 MB | 0.9/4.2 MB | 0.9/1.4 MB | 0.4/1.1 MBProgress (4): 3.9/12 MB | 0.9/4.2 MB | 0.9/1.4 MB | 0.4/1.1 MBProgress (4): 3.9/12 MB | 0.9/4.2 MB | 0.9/1.4 MB | 0.4/1.1 MBProgress (4): 3.9/12 MB | 0.9/4.2 MB | 0.9/1.4 MB | 0.5/1.1 MBProgress (4): 3.9/12 MB | 1.0/4.2 MB | 0.9/1.4 MB | 0.5/1.1 MBProgress (4): 3.9/12 MB | 1.0/4.2 MB | 0.9/1.4 MB | 0.5/1.1 MBProgress (4): 3.9/12 MB | 1.0/4.2 MB | 0.9/1.4 MB | 0.5/1.1 MBProgress (4): 3.9/12 MB | 1.0/4.2 MB | 0.9/1.4 MB | 0.5/1.1 MBProgress (4): 3.9/12 MB | 1.0/4.2 MB | 0.9/1.4 MB | 0.5/1.1 MBProgress (4): 3.9/12 MB | 1.0/4.2 MB | 1.0/1.4 MB | 0.5/1.1 MBProgress (4): 3.9/12 MB | 1.0/4.2 MB | 1.0/1.4 MB | 0.5/1.1 MBProgress (4): 4.0/12 MB | 1.0/4.2 MB | 1.0/1.4 MB | 0.5/1.1 MBProgress (4): 4.0/12 MB | 1.0/4.2 MB | 1.0/1.4 MB | 0.5/1.1 MBProgress (4): 4.0/12 MB | 1.0/4.2 MB | 1.0/1.4 MB | 0.5/1.1 MBProgress (4): 4.0/12 MB | 1.0/4.2 MB | 1.0/1.4 MB | 0.5/1.1 MBProgress (4): 4.0/12 MB | 1.0/4.2 MB | 1.0/1.4 MB | 0.5/1.1 MBProgress (4): 4.0/12 MB | 1.0/4.2 MB | 1.0/1.4 MB | 0.5/1.1 MBProgress (4): 4.0/12 MB | 1.0/4.2 MB | 1.0/1.4 MB | 0.5/1.1 MBProgress (4): 4.0/12 MB | 1.0/4.2 MB | 1.0/1.4 MB | 0.5/1.1 MBProgress (4): 4.0/12 MB | 1.0/4.2 MB | 1.0/1.4 MB | 0.5/1.1 MBProgress (4): 4.0/12 MB | 1.0/4.2 MB | 1.0/1.4 MB | 0.5/1.1 MBProgress (4): 4.0/12 MB | 1.0/4.2 MB | 1.0/1.4 MB | 0.5/1.1 MBProgress (5): 4.0/12 MB | 1.0/4.2 MB | 1.0/1.4 MB | 0.5/1.1 MB | 7.7/885 kBProgress (5): 4.0/12 MB | 1.0/4.2 MB | 1.0/1.4 MB | 0.5/1.1 MB | 16/885 kB Progress (5): 4.0/12 MB | 1.0/4.2 MB | 1.0/1.4 MB | 0.5/1.1 MB | 16/885 kBProgress (5): 4.0/12 MB | 1.0/4.2 MB | 1.0/1.4 MB | 0.5/1.1 MB | 25/885 kBProgress (5): 4.0/12 MB | 1.0/4.2 MB | 1.0/1.4 MB | 0.5/1.1 MB | 41/885 kBProgress (5): 4.0/12 MB | 1.0/4.2 MB | 1.0/1.4 MB | 0.5/1.1 MB | 41/885 kBProgress (5): 4.1/12 MB | 1.0/4.2 MB | 1.0/1.4 MB | 0.5/1.1 MB | 41/885 kBProgress (5): 4.1/12 MB | 1.0/4.2 MB | 1.0/1.4 MB | 0.5/1.1 MB | 57/885 kBProgress (5): 4.1/12 MB | 1.0/4.2 MB | 1.0/1.4 MB | 0.5/1.1 MB | 57/885 kBProgress (5): 4.1/12 MB | 1.0/4.2 MB | 1.0/1.4 MB | 0.6/1.1 MB | 57/885 kBProgress (5): 4.1/12 MB | 1.0/4.2 MB | 1.0/1.4 MB | 0.6/1.1 MB | 57/885 kBProgress (5): 4.1/12 MB | 1.0/4.2 MB | 1.0/1.4 MB | 0.6/1.1 MB | 74/885 kBProgress (5): 4.1/12 MB | 1.0/4.2 MB | 1.0/1.4 MB | 0.6/1.1 MB | 74/885 kBProgress (5): 4.1/12 MB | 1.0/4.2 MB | 1.0/1.4 MB | 0.6/1.1 MB | 74/885 kBProgress (5): 4.1/12 MB | 1.0/4.2 MB | 1.0/1.4 MB | 0.6/1.1 MB | 74/885 kBProgress (5): 4.1/12 MB | 1.0/4.2 MB | 1.0/1.4 MB | 0.6/1.1 MB | 90/885 kBProgress (5): 4.1/12 MB | 1.0/4.2 MB | 1.0/1.4 MB | 0.6/1.1 MB | 90/885 kBProgress (5): 4.1/12 MB | 1.0/4.2 MB | 1.0/1.4 MB | 0.6/1.1 MB | 106/885 kBProgress (5): 4.1/12 MB | 1.0/4.2 MB | 1.0/1.4 MB | 0.6/1.1 MB | 106/885 kBProgress (5): 4.1/12 MB | 1.0/4.2 MB | 1.0/1.4 MB | 0.6/1.1 MB | 106/885 kBProgress (5): 4.1/12 MB | 1.0/4.2 MB | 1.0/1.4 MB | 0.6/1.1 MB | 123/885 kBProgress (5): 4.1/12 MB | 1.0/4.2 MB | 1.0/1.4 MB | 0.6/1.1 MB | 139/885 kBProgress (5): 4.1/12 MB | 1.0/4.2 MB | 1.0/1.4 MB | 0.6/1.1 MB | 147/885 kBProgress (5): 4.1/12 MB | 1.0/4.2 MB | 1.0/1.4 MB | 0.6/1.1 MB | 156/885 kBProgress (5): 4.1/12 MB | 1.0/4.2 MB | 1.0/1.4 MB | 0.6/1.1 MB | 172/885 kBProgress (5): 4.1/12 MB | 1.0/4.2 MB | 1.0/1.4 MB | 0.6/1.1 MB | 188/885 kBProgress (5): 4.1/12 MB | 1.0/4.2 MB | 1.0/1.4 MB | 0.6/1.1 MB | 188/885 kBProgress (5): 4.1/12 MB | 1.0/4.2 MB | 1.1/1.4 MB | 0.6/1.1 MB | 188/885 kBProgress (5): 4.1/12 MB | 1.0/4.2 MB | 1.1/1.4 MB | 0.6/1.1 MB | 188/885 kBProgress (5): 4.1/12 MB | 1.0/4.2 MB | 1.1/1.4 MB | 0.6/1.1 MB | 188/885 kBProgress (5): 4.1/12 MB | 1.0/4.2 MB | 1.1/1.4 MB | 0.6/1.1 MB | 188/885 kBProgress (5): 4.1/12 MB | 1.0/4.2 MB | 1.1/1.4 MB | 0.6/1.1 MB | 205/885 kBProgress (5): 4.1/12 MB | 1.0/4.2 MB | 1.1/1.4 MB | 0.6/1.1 MB | 205/885 kBProgress (5): 4.2/12 MB | 1.0/4.2 MB | 1.1/1.4 MB | 0.6/1.1 MB | 205/885 kBProgress (5): 4.2/12 MB | 1.0/4.2 MB | 1.1/1.4 MB | 0.6/1.1 MB | 205/885 kBProgress (5): 4.2/12 MB | 1.0/4.2 MB | 1.1/1.4 MB | 0.6/1.1 MB | 205/885 kBProgress (5): 4.2/12 MB | 1.0/4.2 MB | 1.1/1.4 MB | 0.6/1.1 MB | 221/885 kBProgress (5): 4.2/12 MB | 1.0/4.2 MB | 1.1/1.4 MB | 0.6/1.1 MB | 238/885 kBProgress (5): 4.2/12 MB | 1.0/4.2 MB | 1.1/1.4 MB | 0.6/1.1 MB | 238/885 kBProgress (5): 4.2/12 MB | 1.0/4.2 MB | 1.1/1.4 MB | 0.6/1.1 MB | 238/885 kBProgress (5): 4.2/12 MB | 1.0/4.2 MB | 1.1/1.4 MB | 0.6/1.1 MB | 238/885 kBProgress (5): 4.2/12 MB | 1.0/4.2 MB | 1.1/1.4 MB | 0.6/1.1 MB | 238/885 kBProgress (5): 4.2/12 MB | 1.0/4.2 MB | 1.1/1.4 MB | 0.6/1.1 MB | 238/885 kBProgress (5): 4.2/12 MB | 1.0/4.2 MB | 1.1/1.4 MB | 0.6/1.1 MB | 254/885 kBProgress (5): 4.2/12 MB | 1.0/4.2 MB | 1.1/1.4 MB | 0.6/1.1 MB | 270/885 kBProgress (5): 4.2/12 MB | 1.0/4.2 MB | 1.1/1.4 MB | 0.6/1.1 MB | 279/885 kBProgress (5): 4.2/12 MB | 1.0/4.2 MB | 1.1/1.4 MB | 0.6/1.1 MB | 279/885 kBProgress (5): 4.2/12 MB | 1.0/4.2 MB | 1.1/1.4 MB | 0.6/1.1 MB | 279/885 kBProgress (5): 4.2/12 MB | 1.0/4.2 MB | 1.1/1.4 MB | 0.6/1.1 MB | 279/885 kBProgress (5): 4.2/12 MB | 1.1/4.2 MB | 1.1/1.4 MB | 0.6/1.1 MB | 279/885 kBProgress (5): 4.2/12 MB | 1.1/4.2 MB | 1.1/1.4 MB | 0.6/1.1 MB | 279/885 kBProgress (5): 4.2/12 MB | 1.1/4.2 MB | 1.1/1.4 MB | 0.7/1.1 MB | 279/885 kBProgress (5): 4.2/12 MB | 1.1/4.2 MB | 1.1/1.4 MB | 0.7/1.1 MB | 287/885 kBProgress (5): 4.2/12 MB | 1.1/4.2 MB | 1.1/1.4 MB | 0.7/1.1 MB | 303/885 kBProgress (5): 4.2/12 MB | 1.1/4.2 MB | 1.1/1.4 MB | 0.7/1.1 MB | 303/885 kBProgress (5): 4.2/12 MB | 1.1/4.2 MB | 1.1/1.4 MB | 0.7/1.1 MB | 303/885 kBProgress (5): 4.2/12 MB | 1.1/4.2 MB | 1.1/1.4 MB | 0.7/1.1 MB | 303/885 kBProgress (5): 4.2/12 MB | 1.1/4.2 MB | 1.1/1.4 MB | 0.7/1.1 MB | 319/885 kBProgress (5): 4.2/12 MB | 1.1/4.2 MB | 1.1/1.4 MB | 0.7/1.1 MB | 336/885 kBProgress (5): 4.2/12 MB | 1.1/4.2 MB | 1.1/1.4 MB | 0.7/1.1 MB | 336/885 kBProgress (5): 4.3/12 MB | 1.1/4.2 MB | 1.1/1.4 MB | 0.7/1.1 MB | 336/885 kBProgress (5): 4.3/12 MB | 1.1/4.2 MB | 1.1/1.4 MB | 0.7/1.1 MB | 336/885 kBProgress (5): 4.3/12 MB | 1.1/4.2 MB | 1.1/1.4 MB | 0.7/1.1 MB | 336/885 kBProgress (5): 4.3/12 MB | 1.1/4.2 MB | 1.1/1.4 MB | 0.7/1.1 MB | 336/885 kBProgress (5): 4.3/12 MB | 1.1/4.2 MB | 1.1/1.4 MB | 0.7/1.1 MB | 336/885 kBProgress (5): 4.3/12 MB | 1.1/4.2 MB | 1.1/1.4 MB | 0.7/1.1 MB | 352/885 kBProgress (5): 4.3/12 MB | 1.1/4.2 MB | 1.1/1.4 MB | 0.7/1.1 MB | 352/885 kBProgress (5): 4.3/12 MB | 1.1/4.2 MB | 1.1/1.4 MB | 0.7/1.1 MB | 352/885 kBProgress (5): 4.3/12 MB | 1.1/4.2 MB | 1.1/1.4 MB | 0.7/1.1 MB | 352/885 kBProgress (5): 4.3/12 MB | 1.1/4.2 MB | 1.1/1.4 MB | 0.7/1.1 MB | 352/885 kBProgress (5): 4.3/12 MB | 1.1/4.2 MB | 1.1/1.4 MB | 0.7/1.1 MB | 352/885 kBProgress (5): 4.3/12 MB | 1.1/4.2 MB | 1.1/1.4 MB | 0.7/1.1 MB | 352/885 kBProgress (5): 4.3/12 MB | 1.1/4.2 MB | 1.2/1.4 MB | 0.7/1.1 MB | 352/885 kBProgress (5): 4.3/12 MB | 1.1/4.2 MB | 1.2/1.4 MB | 0.7/1.1 MB | 352/885 kBProgress (5): 4.3/12 MB | 1.1/4.2 MB | 1.2/1.4 MB | 0.7/1.1 MB | 352/885 kBProgress (5): 4.3/12 MB | 1.1/4.2 MB | 1.2/1.4 MB | 0.7/1.1 MB | 369/885 kBProgress (5): 4.3/12 MB | 1.1/4.2 MB | 1.2/1.4 MB | 0.7/1.1 MB | 385/885 kBProgress (5): 4.3/12 MB | 1.1/4.2 MB | 1.2/1.4 MB | 0.7/1.1 MB | 401/885 kBProgress (5): 4.4/12 MB | 1.1/4.2 MB | 1.2/1.4 MB | 0.7/1.1 MB | 401/885 kBProgress (5): 4.4/12 MB | 1.1/4.2 MB | 1.2/1.4 MB | 0.7/1.1 MB | 401/885 kBProgress (5): 4.4/12 MB | 1.1/4.2 MB | 1.2/1.4 MB | 0.7/1.1 MB | 401/885 kBProgress (5): 4.4/12 MB | 1.1/4.2 MB | 1.2/1.4 MB | 0.7/1.1 MB | 401/885 kBProgress (5): 4.4/12 MB | 1.1/4.2 MB | 1.2/1.4 MB | 0.7/1.1 MB | 401/885 kBProgress (5): 4.4/12 MB | 1.1/4.2 MB | 1.2/1.4 MB | 0.7/1.1 MB | 410/885 kBProgress (5): 4.4/12 MB | 1.1/4.2 MB | 1.2/1.4 MB | 0.7/1.1 MB | 418/885 kBProgress (5): 4.4/12 MB | 1.1/4.2 MB | 1.2/1.4 MB | 0.7/1.1 MB | 418/885 kBProgress (5): 4.4/12 MB | 1.1/4.2 MB | 1.2/1.4 MB | 0.7/1.1 MB | 434/885 kBProgress (5): 4.4/12 MB | 1.1/4.2 MB | 1.2/1.4 MB | 0.7/1.1 MB | 451/885 kBProgress (5): 4.4/12 MB | 1.1/4.2 MB | 1.2/1.4 MB | 0.7/1.1 MB | 451/885 kBProgress (5): 4.4/12 MB | 1.1/4.2 MB | 1.2/1.4 MB | 0.7/1.1 MB | 467/885 kBProgress (5): 4.4/12 MB | 1.1/4.2 MB | 1.2/1.4 MB | 0.7/1.1 MB | 483/885 kBProgress (5): 4.4/12 MB | 1.1/4.2 MB | 1.2/1.4 MB | 0.7/1.1 MB | 483/885 kBProgress (5): 4.4/12 MB | 1.1/4.2 MB | 1.2/1.4 MB | 0.7/1.1 MB | 483/885 kBProgress (5): 4.4/12 MB | 1.1/4.2 MB | 1.2/1.4 MB | 0.8/1.1 MB | 483/885 kBProgress (5): 4.4/12 MB | 1.1/4.2 MB | 1.2/1.4 MB | 0.8/1.1 MB | 483/885 kBProgress (5): 4.4/12 MB | 1.1/4.2 MB | 1.2/1.4 MB | 0.8/1.1 MB | 483/885 kBProgress (5): 4.4/12 MB | 1.1/4.2 MB | 1.2/1.4 MB | 0.8/1.1 MB | 483/885 kBProgress (5): 4.4/12 MB | 1.1/4.2 MB | 1.2/1.4 MB | 0.8/1.1 MB | 483/885 kBProgress (5): 4.4/12 MB | 1.1/4.2 MB | 1.2/1.4 MB | 0.8/1.1 MB | 500/885 kBProgress (5): 4.5/12 MB | 1.1/4.2 MB | 1.2/1.4 MB | 0.8/1.1 MB | 500/885 kBProgress (5): 4.5/12 MB | 1.1/4.2 MB | 1.2/1.4 MB | 0.8/1.1 MB | 500/885 kBProgress (5): 4.5/12 MB | 1.1/4.2 MB | 1.2/1.4 MB | 0.8/1.1 MB | 500/885 kBProgress (5): 4.5/12 MB | 1.1/4.2 MB | 1.2/1.4 MB | 0.8/1.1 MB | 500/885 kBProgress (5): 4.5/12 MB | 1.1/4.2 MB | 1.2/1.4 MB | 0.8/1.1 MB | 516/885 kBProgress (5): 4.5/12 MB | 1.1/4.2 MB | 1.2/1.4 MB | 0.8/1.1 MB | 532/885 kBProgress (5): 4.5/12 MB | 1.1/4.2 MB | 1.2/1.4 MB | 0.8/1.1 MB | 541/885 kBProgress (5): 4.5/12 MB | 1.1/4.2 MB | 1.2/1.4 MB | 0.8/1.1 MB | 541/885 kBProgress (5): 4.5/12 MB | 1.1/4.2 MB | 1.2/1.4 MB | 0.8/1.1 MB | 541/885 kBProgress (5): 4.5/12 MB | 1.2/4.2 MB | 1.2/1.4 MB | 0.8/1.1 MB | 541/885 kBProgress (5): 4.5/12 MB | 1.2/4.2 MB | 1.2/1.4 MB | 0.8/1.1 MB | 541/885 kBProgress (5): 4.5/12 MB | 1.2/4.2 MB | 1.2/1.4 MB | 0.8/1.1 MB | 541/885 kBProgress (5): 4.5/12 MB | 1.2/4.2 MB | 1.2/1.4 MB | 0.8/1.1 MB | 541/885 kBProgress (5): 4.5/12 MB | 1.2/4.2 MB | 1.2/1.4 MB | 0.8/1.1 MB | 549/885 kBProgress (5): 4.5/12 MB | 1.2/4.2 MB | 1.2/1.4 MB | 0.8/1.1 MB | 565/885 kBProgress (5): 4.5/12 MB | 1.2/4.2 MB | 1.2/1.4 MB | 0.8/1.1 MB | 582/885 kBProgress (5): 4.5/12 MB | 1.2/4.2 MB | 1.2/1.4 MB | 0.8/1.1 MB | 582/885 kBProgress (5): 4.5/12 MB | 1.2/4.2 MB | 1.2/1.4 MB | 0.8/1.1 MB | 582/885 kBProgress (5): 4.5/12 MB | 1.2/4.2 MB | 1.2/1.4 MB | 0.8/1.1 MB | 582/885 kBProgress (5): 4.5/12 MB | 1.2/4.2 MB | 1.3/1.4 MB | 0.8/1.1 MB | 582/885 kBProgress (5): 4.5/12 MB | 1.2/4.2 MB | 1.3/1.4 MB | 0.8/1.1 MB | 582/885 kBProgress (5): 4.5/12 MB | 1.2/4.2 MB | 1.3/1.4 MB | 0.8/1.1 MB | 598/885 kBProgress (5): 4.5/12 MB | 1.2/4.2 MB | 1.3/1.4 MB | 0.9/1.1 MB | 598/885 kBProgress (5): 4.5/12 MB | 1.2/4.2 MB | 1.3/1.4 MB | 0.9/1.1 MB | 598/885 kBProgress (5): 4.6/12 MB | 1.2/4.2 MB | 1.3/1.4 MB | 0.9/1.1 MB | 598/885 kBProgress (5): 4.6/12 MB | 1.2/4.2 MB | 1.3/1.4 MB | 0.9/1.1 MB | 598/885 kBProgress (5): 4.6/12 MB | 1.2/4.2 MB | 1.3/1.4 MB | 0.9/1.1 MB | 598/885 kBProgress (5): 4.6/12 MB | 1.2/4.2 MB | 1.3/1.4 MB | 0.9/1.1 MB | 598/885 kBProgress (5): 4.6/12 MB | 1.2/4.2 MB | 1.3/1.4 MB | 0.9/1.1 MB | 614/885 kBProgress (5): 4.6/12 MB | 1.2/4.2 MB | 1.3/1.4 MB | 0.9/1.1 MB | 631/885 kBProgress (5): 4.6/12 MB | 1.2/4.2 MB | 1.3/1.4 MB | 0.9/1.1 MB | 631/885 kBProgress (5): 4.6/12 MB | 1.2/4.2 MB | 1.3/1.4 MB | 0.9/1.1 MB | 631/885 kBProgress (5): 4.6/12 MB | 1.2/4.2 MB | 1.3/1.4 MB | 0.9/1.1 MB | 631/885 kBProgress (5): 4.6/12 MB | 1.2/4.2 MB | 1.3/1.4 MB | 0.9/1.1 MB | 631/885 kBProgress (5): 4.6/12 MB | 1.2/4.2 MB | 1.3/1.4 MB | 0.9/1.1 MB | 631/885 kBProgress (5): 4.6/12 MB | 1.2/4.2 MB | 1.3/1.4 MB | 0.9/1.1 MB | 647/885 kBProgress (5): 4.6/12 MB | 1.2/4.2 MB | 1.3/1.4 MB | 0.9/1.1 MB | 664/885 kBProgress (5): 4.6/12 MB | 1.2/4.2 MB | 1.3/1.4 MB | 0.9/1.1 MB | 664/885 kBProgress (5): 4.6/12 MB | 1.2/4.2 MB | 1.3/1.4 MB | 0.9/1.1 MB | 672/885 kBProgress (5): 4.6/12 MB | 1.2/4.2 MB | 1.3/1.4 MB | 0.9/1.1 MB | 672/885 kBProgress (5): 4.6/12 MB | 1.2/4.2 MB | 1.3/1.4 MB | 0.9/1.1 MB | 672/885 kBProgress (5): 4.6/12 MB | 1.2/4.2 MB | 1.3/1.4 MB | 0.9/1.1 MB | 672/885 kBProgress (5): 4.6/12 MB | 1.2/4.2 MB | 1.3/1.4 MB | 0.9/1.1 MB | 680/885 kBProgress (5): 4.6/12 MB | 1.2/4.2 MB | 1.3/1.4 MB | 0.9/1.1 MB | 680/885 kBProgress (5): 4.6/12 MB | 1.2/4.2 MB | 1.3/1.4 MB | 0.9/1.1 MB | 680/885 kBProgress (5): 4.6/12 MB | 1.2/4.2 MB | 1.3/1.4 MB | 0.9/1.1 MB | 696/885 kBProgress (5): 4.6/12 MB | 1.2/4.2 MB | 1.3/1.4 MB | 0.9/1.1 MB | 696/885 kBProgress (5): 4.6/12 MB | 1.2/4.2 MB | 1.3/1.4 MB | 0.9/1.1 MB | 696/885 kBProgress (5): 4.7/12 MB | 1.2/4.2 MB | 1.3/1.4 MB | 0.9/1.1 MB | 696/885 kBProgress (5): 4.7/12 MB | 1.2/4.2 MB | 1.3/1.4 MB | 0.9/1.1 MB | 696/885 kBProgress (5): 4.7/12 MB | 1.2/4.2 MB | 1.3/1.4 MB | 0.9/1.1 MB | 696/885 kBProgress (5): 4.7/12 MB | 1.2/4.2 MB | 1.3/1.4 MB | 0.9/1.1 MB | 713/885 kBProgress (5): 4.7/12 MB | 1.2/4.2 MB | 1.3/1.4 MB | 1.0/1.1 MB | 713/885 kBProgress (5): 4.7/12 MB | 1.2/4.2 MB | 1.3/1.4 MB | 1.0/1.1 MB | 713/885 kBProgress (5): 4.7/12 MB | 1.2/4.2 MB | 1.3/1.4 MB | 1.0/1.1 MB | 729/885 kBProgress (5): 4.7/12 MB | 1.2/4.2 MB | 1.3/1.4 MB | 1.0/1.1 MB | 729/885 kBProgress (5): 4.7/12 MB | 1.2/4.2 MB | 1.3/1.4 MB | 1.0/1.1 MB | 729/885 kBProgress (5): 4.7/12 MB | 1.2/4.2 MB | 1.4/1.4 MB | 1.0/1.1 MB | 729/885 kBProgress (5): 4.7/12 MB | 1.2/4.2 MB | 1.4/1.4 MB | 1.0/1.1 MB | 729/885 kBProgress (5): 4.7/12 MB | 1.2/4.2 MB | 1.4/1.4 MB | 1.0/1.1 MB | 745/885 kBProgress (5): 4.7/12 MB | 1.2/4.2 MB | 1.4/1.4 MB | 1.0/1.1 MB | 745/885 kBProgress (5): 4.7/12 MB | 1.2/4.2 MB | 1.4/1.4 MB | 1.0/1.1 MB | 745/885 kBProgress (5): 4.7/12 MB | 1.2/4.2 MB | 1.4/1.4 MB | 1.0/1.1 MB | 745/885 kBProgress (5): 4.7/12 MB | 1.2/4.2 MB | 1.4/1.4 MB | 1.0/1.1 MB | 745/885 kBProgress (5): 4.7/12 MB | 1.2/4.2 MB | 1.4/1.4 MB | 1.0/1.1 MB | 762/885 kBProgress (5): 4.7/12 MB | 1.2/4.2 MB | 1.4/1.4 MB | 1.0/1.1 MB | 762/885 kBProgress (5): 4.7/12 MB | 1.2/4.2 MB | 1.4/1.4 MB | 1.0/1.1 MB | 762/885 kBProgress (5): 4.7/12 MB | 1.2/4.2 MB | 1.4/1.4 MB | 1.0/1.1 MB | 762/885 kBProgress (5): 4.8/12 MB | 1.2/4.2 MB | 1.4/1.4 MB | 1.0/1.1 MB | 762/885 kBProgress (5): 4.8/12 MB | 1.2/4.2 MB | 1.4/1.4 MB | 1.0/1.1 MB | 778/885 kBProgress (5): 4.8/12 MB | 1.2/4.2 MB | 1.4/1.4 MB | 1.0/1.1 MB | 795/885 kBProgress (5): 4.8/12 MB | 1.2/4.2 MB | 1.4/1.4 MB | 1.0/1.1 MB | 795/885 kBProgress (5): 4.8/12 MB | 1.2/4.2 MB | 1.4/1.4 MB | 1.0/1.1 MB | 795/885 kBProgress (5): 4.8/12 MB | 1.2/4.2 MB | 1.4/1.4 MB | 1.0/1.1 MB | 803/885 kBProgress (5): 4.8/12 MB | 1.2/4.2 MB | 1.4/1.4 MB | 1.0/1.1 MB | 803/885 kBProgress (5): 4.8/12 MB | 1.2/4.2 MB | 1.4/1.4 MB | 1.0/1.1 MB | 803/885 kBProgress (5): 4.8/12 MB | 1.2/4.2 MB | 1.4/1.4 MB | 1.0/1.1 MB | 819/885 kBProgress (5): 4.8/12 MB | 1.2/4.2 MB | 1.4/1.4 MB | 1.0/1.1 MB | 819/885 kBProgress (5): 4.8/12 MB | 1.2/4.2 MB | 1.4/1.4 MB | 1.0/1.1 MB | 836/885 kBProgress (5): 4.8/12 MB | 1.2/4.2 MB | 1.4/1.4 MB | 1.0/1.1 MB | 836/885 kBProgress (5): 4.8/12 MB | 1.2/4.2 MB | 1.4/1.4 MB | 1.0/1.1 MB | 836/885 kBProgress (5): 4.8/12 MB | 1.2/4.2 MB | 1.4/1.4 MB | 1.1/1.1 MB | 836/885 kBProgress (5): 4.8/12 MB | 1.3/4.2 MB | 1.4/1.4 MB | 1.1/1.1 MB | 836/885 kBProgress (5): 4.8/12 MB | 1.3/4.2 MB | 1.4/1.4 MB | 1.1/1.1 MB | 836/885 kBProgress (5): 4.8/12 MB | 1.3/4.2 MB | 1.4/1.4 MB | 1.1/1.1 MB | 836/885 kBProgress (5): 4.8/12 MB | 1.3/4.2 MB | 1.4/1.4 MB | 1.1/1.1 MB | 836/885 kBProgress (5): 4.8/12 MB | 1.3/4.2 MB | 1.4/1.4 MB | 1.1 MB | 836/885 kB    Progress (5): 4.8/12 MB | 1.3/4.2 MB | 1.4/1.4 MB | 1.1 MB | 852/885 kBProgress (5): 4.8/12 MB | 1.3/4.2 MB | 1.4/1.4 MB | 1.1 MB | 852/885 kBProgress (5): 4.8/12 MB | 1.3/4.2 MB | 1.4 MB | 1.1 MB | 852/885 kB                                                                       Downloaded from central: https://repo.maven.apache.org/maven2/org/postgresql/postgresql/42.6.0/postgresql-42.6.0.jar (1.1 MB at 149 kB/s)
Progress (4): 4.9/12 MB | 1.3/4.2 MB | 1.4 MB | 852/885 kB                                                          Downloading from central: https://repo.maven.apache.org/maven2/com/fasterxml/jackson/dataformat/jackson-dataformat-toml/2.15.3/jackson-dataformat-toml-2.15.3.jar
Downloaded from central: https://repo.maven.apache.org/maven2/org/springframework/data/spring-data-commons/3.2.1/spring-data-commons-3.2.1.jar (1.4 MB at 198 kB/s)
Downloading from central: https://repo.maven.apache.org/maven2/com/google/code/gson/gson/2.10.1/gson-2.10.1.jar
Progress (3): 4.9/12 MB | 1.3/4.2 MB | 868/885 kBProgress (3): 4.9/12 MB | 1.3/4.2 MB | 868/885 kBProgress (3): 4.9/12 MB | 1.3/4.2 MB | 868/885 kBProgress (3): 4.9/12 MB | 1.3/4.2 MB | 868/885 kBProgress (3): 4.9/12 MB | 1.3/4.2 MB | 885/885 kBProgress (3): 4.9/12 MB | 1.3/4.2 MB | 885 kB                                                 Downloaded from central: https://repo.maven.apache.org/maven2/org/flywaydb/flyway-core/9.22.3/flyway-core-9.22.3.jar (885 kB at 122 kB/s)
Downloading from central: https://repo.maven.apache.org/maven2/org/springframework/boot/spring-boot-starter-data-redis/3.2.1/spring-boot-starter-data-redis-3.2.1.jar
Progress (2): 4.9/12 MB | 1.3/4.2 MBProgress (2): 4.9/12 MB | 1.3/4.2 MBProgress (2): 4.9/12 MB | 1.3/4.2 MBProgress (2): 4.9/12 MB | 1.3/4.2 MBProgress (2): 5.0/12 MB | 1.3/4.2 MBProgress (2): 5.0/12 MB | 1.3/4.2 MBProgress (2): 5.0/12 MB | 1.3/4.2 MBProgress (2): 5.0/12 MB | 1.3/4.2 MBProgress (2): 5.0/12 MB | 1.3/4.2 MBProgress (2): 5.0/12 MB | 1.3/4.2 MBProgress (2): 5.0/12 MB | 1.3/4.2 MBProgress (2): 5.0/12 MB | 1.3/4.2 MBProgress (2): 5.1/12 MB | 1.3/4.2 MBProgress (3): 5.1/12 MB | 1.3/4.2 MB | 3.4/283 kBProgress (3): 5.1/12 MB | 1.3/4.2 MB | 20/283 kB Progress (3): 5.1/12 MB | 1.3/4.2 MB | 20/283 kBProgress (4): 5.1/12 MB | 1.3/4.2 MB | 20/283 kB | 4.8 kB                                                         Downloaded from central: https://repo.maven.apache.org/maven2/org/springframework/boot/spring-boot-starter-data-redis/3.2.1/spring-boot-starter-data-redis-3.2.1.jar (4.8 kB at 656 B/s)
Downloading from central: https://repo.maven.apache.org/maven2/io/lettuce/lettuce-core/6.3.0.RELEASE/lettuce-core-6.3.0.RELEASE.jar
Progress (3): 5.1/12 MB | 1.3/4.2 MB | 20/283 kBProgress (4): 5.1/12 MB | 1.3/4.2 MB | 20/283 kB | 7.7/56 kBProgress (4): 5.1/12 MB | 1.3/4.2 MB | 20/283 kB | 16/56 kB Progress (4): 5.1/12 MB | 1.3/4.2 MB | 36/283 kB | 16/56 kBProgress (4): 5.1/12 MB | 1.3/4.2 MB | 36/283 kB | 16/56 kBProgress (4): 5.1/12 MB | 1.3/4.2 MB | 36/283 kB | 16/56 kBProgress (4): 5.1/12 MB | 1.3/4.2 MB | 36/283 kB | 16/56 kBProgress (4): 5.1/12 MB | 1.3/4.2 MB | 36/283 kB | 32/56 kBProgress (4): 5.1/12 MB | 1.3/4.2 MB | 36/283 kB | 49/56 kBProgress (4): 5.1/12 MB | 1.3/4.2 MB | 53/283 kB | 49/56 kBProgress (4): 5.1/12 MB | 1.3/4.2 MB | 69/283 kB | 49/56 kBProgress (4): 5.1/12 MB | 1.3/4.2 MB | 69/283 kB | 49/56 kBProgress (4): 5.1/12 MB | 1.4/4.2 MB | 69/283 kB | 49/56 kBProgress (4): 5.2/12 MB | 1.4/4.2 MB | 69/283 kB | 49/56 kBProgress (4): 5.2/12 MB | 1.4/4.2 MB | 69/283 kB | 49/56 kBProgress (4): 5.2/12 MB | 1.4/4.2 MB | 69/283 kB | 56 kB   Progress (4): 5.2/12 MB | 1.4/4.2 MB | 85/283 kB | 56 kB                                                        Downloaded from central: https://repo.maven.apache.org/maven2/com/fasterxml/jackson/dataformat/jackson-dataformat-toml/2.15.3/jackson-dataformat-toml-2.15.3.jar (56 kB at 7.6 kB/s)
Downloading from central: https://repo.maven.apache.org/maven2/io/netty/netty-common/4.1.104.Final/netty-common-4.1.104.Final.jar
Progress (3): 5.2/12 MB | 1.4/4.2 MB | 102/283 kBProgress (3): 5.2/12 MB | 1.4/4.2 MB | 102/283 kBProgress (4): 5.2/12 MB | 1.4/4.2 MB | 102/283 kB | 0/2.0 MBProgress (4): 5.2/12 MB | 1.4/4.2 MB | 102/283 kB | 0/2.0 MBProgress (4): 5.2/12 MB | 1.4/4.2 MB | 118/283 kB | 0/2.0 MBProgress (4): 5.2/12 MB | 1.4/4.2 MB | 126/283 kB | 0/2.0 MBProgress (4): 5.2/12 MB | 1.4/4.2 MB | 126/283 kB | 0/2.0 MBProgress (4): 5.2/12 MB | 1.4/4.2 MB | 126/283 kB | 0/2.0 MBProgress (4): 5.2/12 MB | 1.4/4.2 MB | 126/283 kB | 0/2.0 MBProgress (4): 5.2/12 MB | 1.4/4.2 MB | 126/283 kB | 0/2.0 MBProgress (4): 5.2/12 MB | 1.4/4.2 MB | 143/283 kB | 0/2.0 MBProgress (4): 5.2/12 MB | 1.4/4.2 MB | 143/283 kB | 0/2.0 MBProgress (4): 5.2/12 MB | 1.4/4.2 MB | 143/283 kB | 0.1/2.0 MBProgress (4): 5.2/12 MB | 1.4/4.2 MB | 143/283 kB | 0.1/2.0 MBProgress (4): 5.3/12 MB | 1.4/4.2 MB | 143/283 kB | 0.1/2.0 MBProgress (4): 5.3/12 MB | 1.4/4.2 MB | 159/283 kB | 0.1/2.0 MBProgress (4): 5.3/12 MB | 1.4/4.2 MB | 175/283 kB | 0.1/2.0 MBProgress (4): 5.3/12 MB | 1.4/4.2 MB | 175/283 kB | 0.1/2.0 MBProgress (4): 5.3/12 MB | 1.4/4.2 MB | 175/283 kB | 0.1/2.0 MBProgress (4): 5.3/12 MB | 1.4/4.2 MB | 175/283 kB | 0.1/2.0 MBProgress (4): 5.3/12 MB | 1.4/4.2 MB | 175/283 kB | 0.1/2.0 MBProgress (4): 5.3/12 MB | 1.4/4.2 MB | 192/283 kB | 0.1/2.0 MBProgress (4): 5.3/12 MB | 1.4/4.2 MB | 192/283 kB | 0.1/2.0 MBProgress (4): 5.3/12 MB | 1.4/4.2 MB | 192/283 kB | 0.1/2.0 MBProgress (4): 5.3/12 MB | 1.4/4.2 MB | 208/283 kB | 0.1/2.0 MBProgress (4): 5.3/12 MB | 1.4/4.2 MB | 208/283 kB | 0.1/2.0 MBProgress (5): 5.3/12 MB | 1.4/4.2 MB | 208/283 kB | 0.1/2.0 MB | 7.7/661 kBProgress (5): 5.3/12 MB | 1.4/4.2 MB | 208/283 kB | 0.1/2.0 MB | 12/661 kB Progress (5): 5.3/12 MB | 1.4/4.2 MB | 208/283 kB | 0.1/2.0 MB | 12/661 kBProgress (5): 5.3/12 MB | 1.4/4.2 MB | 208/283 kB | 0.1/2.0 MB | 12/661 kBProgress (5): 5.3/12 MB | 1.4/4.2 MB | 208/283 kB | 0.1/2.0 MB | 12/661 kBProgress (5): 5.3/12 MB | 1.4/4.2 MB | 225/283 kB | 0.1/2.0 MB | 12/661 kBProgress (5): 5.4/12 MB | 1.4/4.2 MB | 225/283 kB | 0.1/2.0 MB | 12/661 kBProgress (5): 5.4/12 MB | 1.4/4.2 MB | 225/283 kB | 0.1/2.0 MB | 28/661 kBProgress (5): 5.4/12 MB | 1.4/4.2 MB | 225/283 kB | 0.1/2.0 MB | 28/661 kBProgress (5): 5.4/12 MB | 1.4/4.2 MB | 241/283 kB | 0.1/2.0 MB | 28/661 kBProgress (5): 5.4/12 MB | 1.4/4.2 MB | 257/283 kB | 0.1/2.0 MB | 28/661 kBProgress (5): 5.4/12 MB | 1.4/4.2 MB | 257/283 kB | 0.1/2.0 MB | 28/661 kBProgress (5): 5.4/12 MB | 1.4/4.2 MB | 257/283 kB | 0.1/2.0 MB | 28/661 kBProgress (5): 5.4/12 MB | 1.4/4.2 MB | 257/283 kB | 0.1/2.0 MB | 28/661 kBProgress (5): 5.4/12 MB | 1.4/4.2 MB | 257/283 kB | 0.1/2.0 MB | 28/661 kBProgress (5): 5.4/12 MB | 1.4/4.2 MB | 257/283 kB | 0.1/2.0 MB | 44/661 kBProgress (5): 5.4/12 MB | 1.4/4.2 MB | 257/283 kB | 0.2/2.0 MB | 44/661 kBProgress (5): 5.4/12 MB | 1.4/4.2 MB | 274/283 kB | 0.2/2.0 MB | 44/661 kBProgress (5): 5.4/12 MB | 1.4/4.2 MB | 283 kB | 0.2/2.0 MB | 44/661 kB                                                                          Downloaded from central: https://repo.maven.apache.org/maven2/com/google/code/gson/gson/2.10.1/gson-2.10.1.jar (283 kB at 38 kB/s)
Downloading from central: https://repo.maven.apache.org/maven2/io/netty/netty-handler/4.1.104.Final/netty-handler-4.1.104.Final.jar
Progress (4): 5.4/12 MB | 1.4/4.2 MB | 0.2/2.0 MB | 61/661 kBProgress (4): 5.4/12 MB | 1.4/4.2 MB | 0.2/2.0 MB | 61/661 kBProgress (4): 5.4/12 MB | 1.4/4.2 MB | 0.2/2.0 MB | 61/661 kBProgress (4): 5.4/12 MB | 1.4/4.2 MB | 0.2/2.0 MB | 61/661 kBProgress (4): 5.4/12 MB | 1.4/4.2 MB | 0.2/2.0 MB | 61/661 kBProgress (4): 5.4/12 MB | 1.4/4.2 MB | 0.2/2.0 MB | 61/661 kBProgress (4): 5.4/12 MB | 1.4/4.2 MB | 0.2/2.0 MB | 77/661 kBProgress (4): 5.4/12 MB | 1.4/4.2 MB | 0.2/2.0 MB | 77/661 kBProgress (4): 5.5/12 MB | 1.4/4.2 MB | 0.2/2.0 MB | 77/661 kBProgress (4): 5.5/12 MB | 1.4/4.2 MB | 0.2/2.0 MB | 77/661 kBProgress (4): 5.5/12 MB | 1.4/4.2 MB | 0.2/2.0 MB | 77/661 kBProgress (4): 5.5/12 MB | 1.4/4.2 MB | 0.2/2.0 MB | 77/661 kBProgress (4): 5.5/12 MB | 1.4/4.2 MB | 0.2/2.0 MB | 93/661 kBProgress (4): 5.5/12 MB | 1.5/4.2 MB | 0.2/2.0 MB | 93/661 kBProgress (4): 5.5/12 MB | 1.5/4.2 MB | 0.2/2.0 MB | 93/661 kBProgress (4): 5.5/12 MB | 1.5/4.2 MB | 0.2/2.0 MB | 93/661 kBProgress (4): 5.5/12 MB | 1.5/4.2 MB | 0.2/2.0 MB | 110/661 kBProgress (4): 5.5/12 MB | 1.5/4.2 MB | 0.2/2.0 MB | 110/661 kBProgress (4): 5.5/12 MB | 1.5/4.2 MB | 0.2/2.0 MB | 110/661 kBProgress (4): 5.5/12 MB | 1.5/4.2 MB | 0.3/2.0 MB | 110/661 kBProgress (4): 5.5/12 MB | 1.5/4.2 MB | 0.3/2.0 MB | 110/661 kBProgress (4): 5.5/12 MB | 1.5/4.2 MB | 0.3/2.0 MB | 110/661 kBProgress (4): 5.5/12 MB | 1.5/4.2 MB | 0.3/2.0 MB | 110/661 kBProgress (4): 5.5/12 MB | 1.5/4.2 MB | 0.3/2.0 MB | 126/661 kBProgress (4): 5.5/12 MB | 1.5/4.2 MB | 0.3/2.0 MB | 126/661 kBProgress (4): 5.5/12 MB | 1.5/4.2 MB | 0.3/2.0 MB | 126/661 kBProgress (4): 5.6/12 MB | 1.5/4.2 MB | 0.3/2.0 MB | 126/661 kBProgress (4): 5.6/12 MB | 1.5/4.2 MB | 0.3/2.0 MB | 126/661 kBProgress (4): 5.6/12 MB | 1.5/4.2 MB | 0.3/2.0 MB | 126/661 kBProgress (4): 5.6/12 MB | 1.5/4.2 MB | 0.3/2.0 MB | 126/661 kBProgress (4): 5.6/12 MB | 1.5/4.2 MB | 0.3/2.0 MB | 126/661 kBProgress (4): 5.6/12 MB | 1.5/4.2 MB | 0.3/2.0 MB | 126/661 kBProgress (4): 5.6/12 MB | 1.5/4.2 MB | 0.3/2.0 MB | 126/661 kBProgress (4): 5.6/12 MB | 1.5/4.2 MB | 0.3/2.0 MB | 126/661 kBProgress (4): 5.6/12 MB | 1.5/4.2 MB | 0.3/2.0 MB | 126/661 kBProgress (4): 5.6/12 MB | 1.5/4.2 MB | 0.3/2.0 MB | 126/661 kBProgress (4): 5.6/12 MB | 1.5/4.2 MB | 0.4/2.0 MB | 126/661 kBProgress (4): 5.6/12 MB | 1.5/4.2 MB | 0.4/2.0 MB | 126/661 kBProgress (5): 5.6/12 MB | 1.5/4.2 MB | 0.4/2.0 MB | 126/661 kB | 7.7/561 kBProgress (5): 5.6/12 MB | 1.5/4.2 MB | 0.4/2.0 MB | 126/661 kB | 16/561 kB Progress (5): 5.6/12 MB | 1.5/4.2 MB | 0.4/2.0 MB | 126/661 kB | 16/561 kBProgress (5): 5.7/12 MB | 1.5/4.2 MB | 0.4/2.0 MB | 126/661 kB | 16/561 kBProgress (5): 5.7/12 MB | 1.5/4.2 MB | 0.4/2.0 MB | 126/661 kB | 32/561 kBProgress (5): 5.7/12 MB | 1.5/4.2 MB | 0.4/2.0 MB | 126/661 kB | 32/561 kBProgress (5): 5.7/12 MB | 1.5/4.2 MB | 0.4/2.0 MB | 126/661 kB | 49/561 kBProgress (5): 5.7/12 MB | 1.5/4.2 MB | 0.4/2.0 MB | 126/661 kB | 65/561 kBProgress (5): 5.7/12 MB | 1.5/4.2 MB | 0.4/2.0 MB | 126/661 kB | 65/561 kBProgress (5): 5.7/12 MB | 1.5/4.2 MB | 0.4/2.0 MB | 126/661 kB | 65/561 kBProgress (5): 5.7/12 MB | 1.5/4.2 MB | 0.4/2.0 MB | 126/661 kB | 65/561 kBProgress (5): 5.7/12 MB | 1.5/4.2 MB | 0.4/2.0 MB | 126/661 kB | 65/561 kBProgress (5): 5.7/12 MB | 1.5/4.2 MB | 0.4/2.0 MB | 126/661 kB | 65/561 kBProgress (5): 5.7/12 MB | 1.5/4.2 MB | 0.4/2.0 MB | 126/661 kB | 65/561 kBProgress (5): 5.7/12 MB | 1.5/4.2 MB | 0.4/2.0 MB | 126/661 kB | 65/561 kBProgress (5): 5.7/12 MB | 1.6/4.2 MB | 0.4/2.0 MB | 126/661 kB | 65/561 kBProgress (5): 5.7/12 MB | 1.6/4.2 MB | 0.4/2.0 MB | 126/661 kB | 65/561 kBProgress (5): 5.7/12 MB | 1.6/4.2 MB | 0.5/2.0 MB | 126/661 kB | 65/561 kBProgress (5): 5.7/12 MB | 1.6/4.2 MB | 0.5/2.0 MB | 126/661 kB | 65/561 kBProgress (5): 5.7/12 MB | 1.6/4.2 MB | 0.5/2.0 MB | 126/661 kB | 65/561 kBProgress (5): 5.7/12 MB | 1.6/4.2 MB | 0.5/2.0 MB | 126/661 kB | 65/561 kBProgress (5): 5.7/12 MB | 1.6/4.2 MB | 0.5/2.0 MB | 126/661 kB | 65/561 kBProgress (5): 5.7/12 MB | 1.6/4.2 MB | 0.5/2.0 MB | 126/661 kB | 65/561 kBProgress (5): 5.8/12 MB | 1.6/4.2 MB | 0.5/2.0 MB | 126/661 kB | 65/561 kBProgress (5): 5.8/12 MB | 1.6/4.2 MB | 0.5/2.0 MB | 126/661 kB | 65/561 kBProgress (5): 5.8/12 MB | 1.6/4.2 MB | 0.5/2.0 MB | 126/661 kB | 81/561 kBProgress (5): 5.8/12 MB | 1.6/4.2 MB | 0.5/2.0 MB | 126/661 kB | 81/561 kBProgress (5): 5.8/12 MB | 1.6/4.2 MB | 0.5/2.0 MB | 143/661 kB | 81/561 kBProgress (5): 5.8/12 MB | 1.6/4.2 MB | 0.5/2.0 MB | 159/661 kB | 81/561 kBProgress (5): 5.8/12 MB | 1.6/4.2 MB | 0.5/2.0 MB | 175/661 kB | 81/561 kBProgress (5): 5.8/12 MB | 1.6/4.2 MB | 0.5/2.0 MB | 192/661 kB | 81/561 kBProgress (5): 5.8/12 MB | 1.6/4.2 MB | 0.5/2.0 MB | 208/661 kB | 81/561 kBProgress (5): 5.8/12 MB | 1.6/4.2 MB | 0.5/2.0 MB | 225/661 kB | 81/561 kBProgress (5): 5.8/12 MB | 1.6/4.2 MB | 0.5/2.0 MB | 241/661 kB | 81/561 kBProgress (5): 5.8/12 MB | 1.6/4.2 MB | 0.5/2.0 MB | 241/661 kB | 81/561 kBProgress (5): 5.8/12 MB | 1.6/4.2 MB | 0.5/2.0 MB | 257/661 kB | 81/561 kBProgress (5): 5.8/12 MB | 1.6/4.2 MB | 0.5/2.0 MB | 274/661 kB | 81/561 kBProgress (5): 5.8/12 MB | 1.6/4.2 MB | 0.5/2.0 MB | 290/661 kB | 81/561 kBProgress (5): 5.8/12 MB | 1.6/4.2 MB | 0.5/2.0 MB | 290/661 kB | 81/561 kBProgress (5): 5.8/12 MB | 1.6/4.2 MB | 0.5/2.0 MB | 290/661 kB | 81/561 kBProgress (5): 5.8/12 MB | 1.6/4.2 MB | 0.5/2.0 MB | 290/661 kB | 81/561 kBProgress (5): 5.8/12 MB | 1.6/4.2 MB | 0.5/2.0 MB | 290/661 kB | 81/561 kBProgress (5): 5.8/12 MB | 1.6/4.2 MB | 0.5/2.0 MB | 290/661 kB | 81/561 kBProgress (5): 5.8/12 MB | 1.6/4.2 MB | 0.5/2.0 MB | 306/661 kB | 81/561 kBProgress (5): 5.8/12 MB | 1.6/4.2 MB | 0.5/2.0 MB | 306/661 kB | 81/561 kBProgress (5): 5.8/12 MB | 1.6/4.2 MB | 0.5/2.0 MB | 306/661 kB | 81/561 kBProgress (5): 5.9/12 MB | 1.6/4.2 MB | 0.5/2.0 MB | 306/661 kB | 81/561 kBProgress (5): 5.9/12 MB | 1.6/4.2 MB | 0.6/2.0 MB | 306/661 kB | 81/561 kBProgress (5): 5.9/12 MB | 1.6/4.2 MB | 0.6/2.0 MB | 323/661 kB | 81/561 kBProgress (5): 5.9/12 MB | 1.6/4.2 MB | 0.6/2.0 MB | 323/661 kB | 81/561 kBProgress (5): 5.9/12 MB | 1.6/4.2 MB | 0.6/2.0 MB | 323/661 kB | 81/561 kBProgress (5): 5.9/12 MB | 1.6/4.2 MB | 0.6/2.0 MB | 323/661 kB | 81/561 kBProgress (5): 5.9/12 MB | 1.6/4.2 MB | 0.6/2.0 MB | 323/661 kB | 81/561 kBProgress (5): 5.9/12 MB | 1.6/4.2 MB | 0.6/2.0 MB | 323/661 kB | 98/561 kBProgress (5): 5.9/12 MB | 1.6/4.2 MB | 0.6/2.0 MB | 323/661 kB | 98/561 kBProgress (5): 5.9/12 MB | 1.6/4.2 MB | 0.6/2.0 MB | 339/661 kB | 98/561 kBProgress (5): 5.9/12 MB | 1.6/4.2 MB | 0.6/2.0 MB | 339/661 kB | 98/561 kBProgress (5): 5.9/12 MB | 1.6/4.2 MB | 0.6/2.0 MB | 339/661 kB | 114/561 kBProgress (5): 5.9/12 MB | 1.6/4.2 MB | 0.6/2.0 MB | 339/661 kB | 131/561 kBProgress (5): 5.9/12 MB | 1.6/4.2 MB | 0.6/2.0 MB | 356/661 kB | 131/561 kBProgress (5): 5.9/12 MB | 1.6/4.2 MB | 0.6/2.0 MB | 356/661 kB | 131/561 kBProgress (5): 5.9/12 MB | 1.6/4.2 MB | 0.6/2.0 MB | 356/661 kB | 131/561 kBProgress (5): 5.9/12 MB | 1.6/4.2 MB | 0.6/2.0 MB | 356/661 kB | 131/561 kBProgress (5): 5.9/12 MB | 1.6/4.2 MB | 0.6/2.0 MB | 356/661 kB | 147/561 kBProgress (5): 5.9/12 MB | 1.6/4.2 MB | 0.6/2.0 MB | 356/661 kB | 147/561 kBProgress (5): 5.9/12 MB | 1.6/4.2 MB | 0.6/2.0 MB | 372/661 kB | 147/561 kBProgress (5): 5.9/12 MB | 1.6/4.2 MB | 0.7/2.0 MB | 372/661 kB | 147/561 kBProgress (5): 5.9/12 MB | 1.6/4.2 MB | 0.7/2.0 MB | 372/661 kB | 163/561 kBProgress (5): 5.9/12 MB | 1.6/4.2 MB | 0.7/2.0 MB | 372/661 kB | 163/561 kBProgress (5): 5.9/12 MB | 1.6/4.2 MB | 0.7/2.0 MB | 372/661 kB | 163/561 kBProgress (5): 5.9/12 MB | 1.6/4.2 MB | 0.7/2.0 MB | 388/661 kB | 163/561 kBProgress (5): 5.9/12 MB | 1.6/4.2 MB | 0.7/2.0 MB | 388/661 kB | 163/561 kBProgress (5): 5.9/12 MB | 1.7/4.2 MB | 0.7/2.0 MB | 388/661 kB | 163/561 kBProgress (5): 5.9/12 MB | 1.7/4.2 MB | 0.7/2.0 MB | 388/661 kB | 180/561 kBProgress (5): 5.9/12 MB | 1.7/4.2 MB | 0.7/2.0 MB | 388/661 kB | 196/561 kBProgress (5): 5.9/12 MB | 1.7/4.2 MB | 0.7/2.0 MB | 388/661 kB | 196/561 kBProgress (5): 6.0/12 MB | 1.7/4.2 MB | 0.7/2.0 MB | 388/661 kB | 196/561 kBProgress (5): 6.0/12 MB | 1.7/4.2 MB | 0.7/2.0 MB | 405/661 kB | 196/561 kBProgress (5): 6.0/12 MB | 1.7/4.2 MB | 0.7/2.0 MB | 405/661 kB | 213/561 kBProgress (5): 6.0/12 MB | 1.7/4.2 MB | 0.7/2.0 MB | 405/661 kB | 213/561 kBProgress (5): 6.0/12 MB | 1.7/4.2 MB | 0.7/2.0 MB | 405/661 kB | 213/561 kBProgress (5): 6.0/12 MB | 1.7/4.2 MB | 0.7/2.0 MB | 405/661 kB | 213/561 kBProgress (5): 6.0/12 MB | 1.7/4.2 MB | 0.7/2.0 MB | 405/661 kB | 213/561 kBProgress (5): 6.0/12 MB | 1.7/4.2 MB | 0.7/2.0 MB | 405/661 kB | 229/561 kBProgress (5): 6.0/12 MB | 1.7/4.2 MB | 0.7/2.0 MB | 405/661 kB | 229/561 kBProgress (5): 6.0/12 MB | 1.7/4.2 MB | 0.7/2.0 MB | 405/661 kB | 229/561 kBProgress (5): 6.0/12 MB | 1.7/4.2 MB | 0.7/2.0 MB | 421/661 kB | 229/561 kBProgress (5): 6.0/12 MB | 1.7/4.2 MB | 0.7/2.0 MB | 421/661 kB | 229/561 kBProgress (5): 6.0/12 MB | 1.7/4.2 MB | 0.7/2.0 MB | 421/661 kB | 229/561 kBProgress (5): 6.0/12 MB | 1.7/4.2 MB | 0.7/2.0 MB | 421/661 kB | 245/561 kBProgress (5): 6.0/12 MB | 1.7/4.2 MB | 0.7/2.0 MB | 421/661 kB | 245/561 kBProgress (5): 6.0/12 MB | 1.7/4.2 MB | 0.7/2.0 MB | 438/661 kB | 245/561 kBProgress (5): 6.0/12 MB | 1.7/4.2 MB | 0.7/2.0 MB | 438/661 kB | 262/561 kBProgress (5): 6.0/12 MB | 1.7/4.2 MB | 0.7/2.0 MB | 438/661 kB | 262/561 kBProgress (5): 6.0/12 MB | 1.7/4.2 MB | 0.7/2.0 MB | 438/661 kB | 262/561 kBProgress (5): 6.1/12 MB | 1.7/4.2 MB | 0.7/2.0 MB | 438/661 kB | 262/561 kBProgress (5): 6.1/12 MB | 1.7/4.2 MB | 0.8/2.0 MB | 438/661 kB | 262/561 kBProgress (5): 6.1/12 MB | 1.7/4.2 MB | 0.8/2.0 MB | 438/661 kB | 262/561 kBProgress (5): 6.1/12 MB | 1.7/4.2 MB | 0.8/2.0 MB | 438/661 kB | 262/561 kBProgress (5): 6.1/12 MB | 1.7/4.2 MB | 0.8/2.0 MB | 454/661 kB | 262/561 kBProgress (5): 6.1/12 MB | 1.7/4.2 MB | 0.8/2.0 MB | 454/661 kB | 262/561 kBProgress (5): 6.1/12 MB | 1.7/4.2 MB | 0.8/2.0 MB | 454/661 kB | 262/561 kBProgress (5): 6.1/12 MB | 1.7/4.2 MB | 0.8/2.0 MB | 470/661 kB | 262/561 kBProgress (5): 6.1/12 MB | 1.7/4.2 MB | 0.8/2.0 MB | 470/661 kB | 262/561 kBProgress (5): 6.1/12 MB | 1.7/4.2 MB | 0.8/2.0 MB | 470/661 kB | 262/561 kBProgress (5): 6.1/12 MB | 1.7/4.2 MB | 0.8/2.0 MB | 470/661 kB | 262/561 kBProgress (5): 6.1/12 MB | 1.7/4.2 MB | 0.8/2.0 MB | 470/661 kB | 262/561 kBProgress (5): 6.1/12 MB | 1.7/4.2 MB | 0.8/2.0 MB | 470/661 kB | 278/561 kBProgress (5): 6.1/12 MB | 1.7/4.2 MB | 0.8/2.0 MB | 470/661 kB | 278/561 kBProgress (5): 6.1/12 MB | 1.7/4.2 MB | 0.8/2.0 MB | 470/661 kB | 294/561 kBProgress (5): 6.1/12 MB | 1.7/4.2 MB | 0.8/2.0 MB | 487/661 kB | 294/561 kBProgress (5): 6.2/12 MB | 1.7/4.2 MB | 0.8/2.0 MB | 487/661 kB | 294/561 kBProgress (5): 6.2/12 MB | 1.7/4.2 MB | 0.8/2.0 MB | 487/661 kB | 294/561 kBProgress (5): 6.2/12 MB | 1.7/4.2 MB | 0.8/2.0 MB | 487/661 kB | 294/561 kBProgress (5): 6.2/12 MB | 1.7/4.2 MB | 0.8/2.0 MB | 503/661 kB | 294/561 kBProgress (5): 6.2/12 MB | 1.7/4.2 MB | 0.8/2.0 MB | 503/661 kB | 294/561 kBProgress (5): 6.2/12 MB | 1.7/4.2 MB | 0.8/2.0 MB | 503/661 kB | 311/561 kBProgress (5): 6.2/12 MB | 1.7/4.2 MB | 0.8/2.0 MB | 503/661 kB | 311/561 kBProgress (5): 6.2/12 MB | 1.7/4.2 MB | 0.8/2.0 MB | 503/661 kB | 311/561 kBProgress (5): 6.2/12 MB | 1.7/4.2 MB | 0.8/2.0 MB | 503/661 kB | 327/561 kBProgress (5): 6.2/12 MB | 1.7/4.2 MB | 0.9/2.0 MB | 503/661 kB | 327/561 kBProgress (5): 6.2/12 MB | 1.7/4.2 MB | 0.9/2.0 MB | 519/661 kB | 327/561 kBProgress (5): 6.2/12 MB | 1.7/4.2 MB | 0.9/2.0 MB | 519/661 kB | 327/561 kBProgress (5): 6.2/12 MB | 1.7/4.2 MB | 0.9/2.0 MB | 519/661 kB | 344/561 kBProgress (5): 6.2/12 MB | 1.7/4.2 MB | 0.9/2.0 MB | 519/661 kB | 344/561 kBProgress (5): 6.2/12 MB | 1.7/4.2 MB | 0.9/2.0 MB | 519/661 kB | 344/561 kBProgress (5): 6.2/12 MB | 1.7/4.2 MB | 0.9/2.0 MB | 519/661 kB | 344/561 kBProgress (5): 6.2/12 MB | 1.7/4.2 MB | 0.9/2.0 MB | 536/661 kB | 344/561 kBProgress (5): 6.2/12 MB | 1.7/4.2 MB | 0.9/2.0 MB | 536/661 kB | 344/561 kBProgress (5): 6.2/12 MB | 1.7/4.2 MB | 0.9/2.0 MB | 536/661 kB | 344/561 kBProgress (5): 6.2/12 MB | 1.7/4.2 MB | 0.9/2.0 MB | 536/661 kB | 344/561 kBProgress (5): 6.3/12 MB | 1.7/4.2 MB | 0.9/2.0 MB | 536/661 kB | 344/561 kBProgress (5): 6.3/12 MB | 1.7/4.2 MB | 0.9/2.0 MB | 552/661 kB | 344/561 kBProgress (5): 6.3/12 MB | 1.7/4.2 MB | 0.9/2.0 MB | 552/661 kB | 344/561 kBProgress (5): 6.3/12 MB | 1.7/4.2 MB | 0.9/2.0 MB | 552/661 kB | 344/561 kBProgress (5): 6.3/12 MB | 1.8/4.2 MB | 0.9/2.0 MB | 552/661 kB | 344/561 kBProgress (5): 6.3/12 MB | 1.8/4.2 MB | 0.9/2.0 MB | 552/661 kB | 344/561 kBProgress (5): 6.3/12 MB | 1.8/4.2 MB | 0.9/2.0 MB | 552/661 kB | 344/561 kBProgress (5): 6.3/12 MB | 1.8/4.2 MB | 0.9/2.0 MB | 552/661 kB | 344/561 kBProgress (5): 6.3/12 MB | 1.8/4.2 MB | 0.9/2.0 MB | 569/661 kB | 344/561 kBProgress (5): 6.3/12 MB | 1.8/4.2 MB | 0.9/2.0 MB | 569/661 kB | 344/561 kBProgress (5): 6.3/12 MB | 1.8/4.2 MB | 1.0/2.0 MB | 569/661 kB | 344/561 kBProgress (5): 6.3/12 MB | 1.8/4.2 MB | 1.0/2.0 MB | 585/661 kB | 344/561 kBProgress (5): 6.3/12 MB | 1.8/4.2 MB | 1.0/2.0 MB | 585/661 kB | 344/561 kBProgress (5): 6.3/12 MB | 1.8/4.2 MB | 1.0/2.0 MB | 585/661 kB | 344/561 kBProgress (5): 6.3/12 MB | 1.8/4.2 MB | 1.0/2.0 MB | 585/661 kB | 344/561 kBProgress (5): 6.4/12 MB | 1.8/4.2 MB | 1.0/2.0 MB | 585/661 kB | 344/561 kBProgress (5): 6.4/12 MB | 1.8/4.2 MB | 1.0/2.0 MB | 585/661 kB | 344/561 kBProgress (5): 6.4/12 MB | 1.8/4.2 MB | 1.0/2.0 MB | 601/661 kB | 344/561 kBProgress (5): 6.4/12 MB | 1.8/4.2 MB | 1.0/2.0 MB | 601/661 kB | 344/561 kBProgress (5): 6.4/12 MB | 1.8/4.2 MB | 1.0/2.0 MB | 601/661 kB | 344/561 kBProgress (5): 6.4/12 MB | 1.8/4.2 MB | 1.0/2.0 MB | 601/661 kB | 344/561 kBProgress (5): 6.4/12 MB | 1.8/4.2 MB | 1.0/2.0 MB | 601/661 kB | 344/561 kBProgress (5): 6.4/12 MB | 1.8/4.2 MB | 1.0/2.0 MB | 618/661 kB | 344/561 kBProgress (5): 6.4/12 MB | 1.8/4.2 MB | 1.0/2.0 MB | 618/661 kB | 344/561 kBProgress (5): 6.4/12 MB | 1.8/4.2 MB | 1.0/2.0 MB | 618/661 kB | 344/561 kBProgress (5): 6.4/12 MB | 1.8/4.2 MB | 1.0/2.0 MB | 618/661 kB | 360/561 kBProgress (5): 6.4/12 MB | 1.8/4.2 MB | 1.0/2.0 MB | 634/661 kB | 360/561 kBProgress (5): 6.4/12 MB | 1.8/4.2 MB | 1.0/2.0 MB | 634/661 kB | 360/561 kBProgress (5): 6.4/12 MB | 1.8/4.2 MB | 1.0/2.0 MB | 634/661 kB | 376/561 kBProgress (5): 6.4/12 MB | 1.8/4.2 MB | 1.0/2.0 MB | 651/661 kB | 376/561 kBProgress (5): 6.4/12 MB | 1.8/4.2 MB | 1.0/2.0 MB | 651/661 kB | 393/561 kBProgress (5): 6.4/12 MB | 1.8/4.2 MB | 1.0/2.0 MB | 651/661 kB | 393/561 kBProgress (5): 6.4/12 MB | 1.8/4.2 MB | 1.0/2.0 MB | 651/661 kB | 393/561 kBProgress (5): 6.4/12 MB | 1.8/4.2 MB | 1.0/2.0 MB | 651/661 kB | 393/561 kBProgress (5): 6.4/12 MB | 1.8/4.2 MB | 1.1/2.0 MB | 651/661 kB | 393/561 kBProgress (5): 6.4/12 MB | 1.8/4.2 MB | 1.1/2.0 MB | 651/661 kB | 393/561 kBProgress (5): 6.4/12 MB | 1.8/4.2 MB | 1.1/2.0 MB | 661 kB | 393/561 kB                                                                           Downloaded from central: https://repo.maven.apache.org/maven2/io/netty/netty-common/4.1.104.Final/netty-common-4.1.104.Final.jar (661 kB at 78 kB/s)
Downloading from central: https://repo.maven.apache.org/maven2/io/netty/netty-resolver/4.1.104.Final/netty-resolver-4.1.104.Final.jar
Progress (4): 6.4/12 MB | 1.8/4.2 MB | 1.1/2.0 MB | 409/561 kBProgress (4): 6.4/12 MB | 1.8/4.2 MB | 1.1/2.0 MB | 409/561 kBProgress (4): 6.4/12 MB | 1.8/4.2 MB | 1.1/2.0 MB | 409/561 kBProgress (4): 6.4/12 MB | 1.8/4.2 MB | 1.1/2.0 MB | 409/561 kBProgress (4): 6.5/12 MB | 1.8/4.2 MB | 1.1/2.0 MB | 409/561 kBProgress (4): 6.5/12 MB | 1.8/4.2 MB | 1.1/2.0 MB | 426/561 kBProgress (4): 6.5/12 MB | 1.8/4.2 MB | 1.1/2.0 MB | 426/561 kBProgress (4): 6.5/12 MB | 1.8/4.2 MB | 1.1/2.0 MB | 442/561 kBProgress (4): 6.5/12 MB | 1.8/4.2 MB | 1.1/2.0 MB | 442/561 kBProgress (4): 6.5/12 MB | 1.8/4.2 MB | 1.1/2.0 MB | 442/561 kBProgress (4): 6.5/12 MB | 1.8/4.2 MB | 1.1/2.0 MB | 458/561 kBProgress (4): 6.5/12 MB | 1.9/4.2 MB | 1.1/2.0 MB | 458/561 kBProgress (4): 6.5/12 MB | 1.9/4.2 MB | 1.1/2.0 MB | 458/561 kBProgress (4): 6.5/12 MB | 1.9/4.2 MB | 1.1/2.0 MB | 458/561 kBProgress (4): 6.5/12 MB | 1.9/4.2 MB | 1.1/2.0 MB | 458/561 kBProgress (4): 6.5/12 MB | 1.9/4.2 MB | 1.1/2.0 MB | 458/561 kBProgress (4): 6.5/12 MB | 1.9/4.2 MB | 1.1/2.0 MB | 458/561 kBProgress (4): 6.5/12 MB | 1.9/4.2 MB | 1.1/2.0 MB | 458/561 kBProgress (4): 6.6/12 MB | 1.9/4.2 MB | 1.1/2.0 MB | 458/561 kBProgress (4): 6.6/12 MB | 1.9/4.2 MB | 1.1/2.0 MB | 458/561 kBProgress (4): 6.6/12 MB | 1.9/4.2 MB | 1.2/2.0 MB | 458/561 kBProgress (4): 6.6/12 MB | 1.9/4.2 MB | 1.2/2.0 MB | 458/561 kBProgress (4): 6.6/12 MB | 1.9/4.2 MB | 1.2/2.0 MB | 458/561 kBProgress (4): 6.6/12 MB | 1.9/4.2 MB | 1.2/2.0 MB | 458/561 kBProgress (4): 6.6/12 MB | 1.9/4.2 MB | 1.2/2.0 MB | 458/561 kBProgress (4): 6.6/12 MB | 1.9/4.2 MB | 1.2/2.0 MB | 458/561 kBProgress (4): 6.6/12 MB | 1.9/4.2 MB | 1.2/2.0 MB | 458/561 kBProgress (4): 6.6/12 MB | 1.9/4.2 MB | 1.2/2.0 MB | 458/561 kBProgress (4): 6.6/12 MB | 1.9/4.2 MB | 1.2/2.0 MB | 458/561 kBProgress (4): 6.6/12 MB | 1.9/4.2 MB | 1.2/2.0 MB | 458/561 kBProgress (4): 6.6/12 MB | 1.9/4.2 MB | 1.2/2.0 MB | 458/561 kBProgress (4): 6.6/12 MB | 1.9/4.2 MB | 1.2/2.0 MB | 458/561 kBProgress (4): 6.7/12 MB | 1.9/4.2 MB | 1.2/2.0 MB | 458/561 kBProgress (4): 6.7/12 MB | 1.9/4.2 MB | 1.2/2.0 MB | 458/561 kBProgress (4): 6.7/12 MB | 1.9/4.2 MB | 1.2/2.0 MB | 458/561 kBProgress (4): 6.7/12 MB | 1.9/4.2 MB | 1.2/2.0 MB | 475/561 kBProgress (4): 6.7/12 MB | 1.9/4.2 MB | 1.3/2.0 MB | 475/561 kBProgress (4): 6.7/12 MB | 1.9/4.2 MB | 1.3/2.0 MB | 475/561 kBProgress (4): 6.7/12 MB | 1.9/4.2 MB | 1.3/2.0 MB | 475/561 kBProgress (4): 6.7/12 MB | 1.9/4.2 MB | 1.3/2.0 MB | 475/561 kBProgress (4): 6.7/12 MB | 1.9/4.2 MB | 1.3/2.0 MB | 491/561 kBProgress (4): 6.7/12 MB | 1.9/4.2 MB | 1.3/2.0 MB | 491/561 kBProgress (4): 6.7/12 MB | 1.9/4.2 MB | 1.3/2.0 MB | 507/561 kBProgress (4): 6.7/12 MB | 1.9/4.2 MB | 1.3/2.0 MB | 507/561 kBProgress (4): 6.7/12 MB | 1.9/4.2 MB | 1.3/2.0 MB | 507/561 kBProgress (4): 6.7/12 MB | 1.9/4.2 MB | 1.3/2.0 MB | 524/561 kBProgress (4): 6.7/12 MB | 1.9/4.2 MB | 1.3/2.0 MB | 524/561 kBProgress (4): 6.7/12 MB | 1.9/4.2 MB | 1.3/2.0 MB | 540/561 kBProgress (4): 6.7/12 MB | 1.9/4.2 MB | 1.3/2.0 MB | 540/561 kBProgress (4): 6.7/12 MB | 1.9/4.2 MB | 1.3/2.0 MB | 540/561 kBProgress (4): 6.7/12 MB | 1.9/4.2 MB | 1.3/2.0 MB | 557/561 kBProgress (4): 6.7/12 MB | 1.9/4.2 MB | 1.3/2.0 MB | 561 kB    Progress (4): 6.7/12 MB | 1.9/4.2 MB | 1.3/2.0 MB | 561 kB                                                          Downloaded from central: https://repo.maven.apache.org/maven2/io/netty/netty-handler/4.1.104.Final/netty-handler-4.1.104.Final.jar (561 kB at 65 kB/s)
Downloading from central: https://repo.maven.apache.org/maven2/io/netty/netty-buffer/4.1.104.Final/netty-buffer-4.1.104.Final.jar
Progress (4): 6.7/12 MB | 1.9/4.2 MB | 1.3/2.0 MB | 7.7/38 kBProgress (4): 6.7/12 MB | 1.9/4.2 MB | 1.3/2.0 MB | 16/38 kB Progress (4): 6.7/12 MB | 1.9/4.2 MB | 1.3/2.0 MB | 16/38 kBProgress (4): 6.8/12 MB | 1.9/4.2 MB | 1.3/2.0 MB | 16/38 kBProgress (4): 6.8/12 MB | 1.9/4.2 MB | 1.3/2.0 MB | 16/38 kBProgress (4): 6.8/12 MB | 1.9/4.2 MB | 1.3/2.0 MB | 32/38 kBProgress (4): 6.8/12 MB | 1.9/4.2 MB | 1.3/2.0 MB | 32/38 kBProgress (4): 6.8/12 MB | 1.9/4.2 MB | 1.3/2.0 MB | 38 kB   Progress (4): 6.8/12 MB | 2.0/4.2 MB | 1.3/2.0 MB | 38 kB                                                         Downloaded from central: https://repo.maven.apache.org/maven2/io/netty/netty-resolver/4.1.104.Final/netty-resolver-4.1.104.Final.jar (38 kB at 4.3 kB/s)
Downloading from central: https://repo.maven.apache.org/maven2/io/netty/netty-transport-native-unix-common/4.1.104.Final/netty-transport-native-unix-common-4.1.104.Final.jar
Progress (3): 6.8/12 MB | 2.0/4.2 MB | 1.3/2.0 MBProgress (3): 6.8/12 MB | 2.0/4.2 MB | 1.4/2.0 MBProgress (3): 6.8/12 MB | 2.0/4.2 MB | 1.4/2.0 MBProgress (3): 6.8/12 MB | 2.0/4.2 MB | 1.4/2.0 MBProgress (3): 6.8/12 MB | 2.0/4.2 MB | 1.4/2.0 MBProgress (3): 6.8/12 MB | 2.0/4.2 MB | 1.4/2.0 MBProgress (3): 6.8/12 MB | 2.0/4.2 MB | 1.4/2.0 MBProgress (3): 6.8/12 MB | 2.0/4.2 MB | 1.4/2.0 MBProgress (3): 6.8/12 MB | 2.0/4.2 MB | 1.4/2.0 MBProgress (3): 6.9/12 MB | 2.0/4.2 MB | 1.4/2.0 MBProgress (3): 6.9/12 MB | 2.0/4.2 MB | 1.4/2.0 MBProgress (3): 6.9/12 MB | 2.0/4.2 MB | 1.4/2.0 MBProgress (3): 6.9/12 MB | 2.0/4.2 MB | 1.4/2.0 MBProgress (3): 6.9/12 MB | 2.0/4.2 MB | 1.4/2.0 MBProgress (3): 6.9/12 MB | 2.0/4.2 MB | 1.4/2.0 MBProgress (3): 6.9/12 MB | 2.0/4.2 MB | 1.4/2.0 MBProgress (3): 6.9/12 MB | 2.0/4.2 MB | 1.4/2.0 MBProgress (3): 6.9/12 MB | 2.0/4.2 MB | 1.5/2.0 MBProgress (3): 6.9/12 MB | 2.0/4.2 MB | 1.5/2.0 MBProgress (3): 6.9/12 MB | 2.0/4.2 MB | 1.5/2.0 MBProgress (3): 7.0/12 MB | 2.0/4.2 MB | 1.5/2.0 MBProgress (3): 7.0/12 MB | 2.0/4.2 MB | 1.5/2.0 MBProgress (3): 7.0/12 MB | 2.0/4.2 MB | 1.5/2.0 MBProgress (3): 7.0/12 MB | 2.0/4.2 MB | 1.5/2.0 MBProgress (3): 7.0/12 MB | 2.0/4.2 MB | 1.5/2.0 MBProgress (3): 7.0/12 MB | 2.0/4.2 MB | 1.5/2.0 MBProgress (3): 7.0/12 MB | 2.0/4.2 MB | 1.5/2.0 MBProgress (3): 7.0/12 MB | 2.0/4.2 MB | 1.5/2.0 MBProgress (3): 7.0/12 MB | 2.0/4.2 MB | 1.5/2.0 MBProgress (3): 7.0/12 MB | 2.0/4.2 MB | 1.5/2.0 MBProgress (3): 7.0/12 MB | 2.0/4.2 MB | 1.5/2.0 MBProgress (3): 7.0/12 MB | 2.0/4.2 MB | 1.5/2.0 MBProgress (3): 7.0/12 MB | 2.0/4.2 MB | 1.6/2.0 MBProgress (3): 7.0/12 MB | 2.0/4.2 MB | 1.6/2.0 MBProgress (4): 7.0/12 MB | 2.0/4.2 MB | 1.6/2.0 MB | 3.4/308 kBProgress (4): 7.0/12 MB | 2.0/4.2 MB | 1.6/2.0 MB | 20/308 kB Progress (4): 7.1/12 MB | 2.0/4.2 MB | 1.6/2.0 MB | 20/308 kBProgress (4): 7.1/12 MB | 2.0/4.2 MB | 1.6/2.0 MB | 20/308 kBProgress (4): 7.1/12 MB | 2.0/4.2 MB | 1.6/2.0 MB | 20/308 kBProgress (4): 7.1/12 MB | 2.0/4.2 MB | 1.6/2.0 MB | 28/308 kBProgress (4): 7.1/12 MB | 2.0/4.2 MB | 1.6/2.0 MB | 28/308 kBProgress (4): 7.1/12 MB | 2.0/4.2 MB | 1.6/2.0 MB | 28/308 kBProgress (5): 7.1/12 MB | 2.0/4.2 MB | 1.6/2.0 MB | 28/308 kB | 7.7/44 kBProgress (5): 7.1/12 MB | 2.0/4.2 MB | 1.6/2.0 MB | 28/308 kB | 12/44 kB Progress (5): 7.1/12 MB | 2.0/4.2 MB | 1.6/2.0 MB | 28/308 kB | 12/44 kBProgress (5): 7.1/12 MB | 2.0/4.2 MB | 1.6/2.0 MB | 28/308 kB | 12/44 kBProgress (5): 7.1/12 MB | 2.0/4.2 MB | 1.6/2.0 MB | 44/308 kB | 12/44 kBProgress (5): 7.1/12 MB | 2.0/4.2 MB | 1.6/2.0 MB | 61/308 kB | 12/44 kBProgress (5): 7.1/12 MB | 2.0/4.2 MB | 1.6/2.0 MB | 61/308 kB | 12/44 kBProgress (5): 7.1/12 MB | 2.0/4.2 MB | 1.6/2.0 MB | 61/308 kB | 12/44 kBProgress (5): 7.1/12 MB | 2.1/4.2 MB | 1.6/2.0 MB | 61/308 kB | 12/44 kBProgress (5): 7.1/12 MB | 2.1/4.2 MB | 1.6/2.0 MB | 61/308 kB | 12/44 kBProgress (5): 7.1/12 MB | 2.1/4.2 MB | 1.6/2.0 MB | 61/308 kB | 28/44 kBProgress (5): 7.1/12 MB | 2.1/4.2 MB | 1.6/2.0 MB | 77/308 kB | 28/44 kBProgress (5): 7.2/12 MB | 2.1/4.2 MB | 1.6/2.0 MB | 77/308 kB | 28/44 kBProgress (5): 7.2/12 MB | 2.1/4.2 MB | 1.6/2.0 MB | 77/308 kB | 28/44 kBProgress (5): 7.2/12 MB | 2.1/4.2 MB | 1.6/2.0 MB | 77/308 kB | 44 kB                                                                        Downloaded from central: https://repo.maven.apache.org/maven2/io/netty/netty-transport-native-unix-common/4.1.104.Final/netty-transport-native-unix-common-4.1.104.Final.jar (44 kB at 5.0 kB/s)
Downloading from central: https://repo.maven.apache.org/maven2/io/netty/netty-codec/4.1.104.Final/netty-codec-4.1.104.Final.jar
Progress (4): 7.2/12 MB | 2.1/4.2 MB | 1.6/2.0 MB | 77/308 kBProgress (4): 7.2/12 MB | 2.1/4.2 MB | 1.6/2.0 MB | 77/308 kBProgress (4): 7.2/12 MB | 2.1/4.2 MB | 1.6/2.0 MB | 93/308 kBProgress (4): 7.2/12 MB | 2.1/4.2 MB | 1.6/2.0 MB | 93/308 kBProgress (4): 7.2/12 MB | 2.1/4.2 MB | 1.6/2.0 MB | 93/308 kBProgress (4): 7.2/12 MB | 2.1/4.2 MB | 1.7/2.0 MB | 93/308 kBProgress (4): 7.2/12 MB | 2.1/4.2 MB | 1.7/2.0 MB | 93/308 kBProgress (4): 7.2/12 MB | 2.1/4.2 MB | 1.7/2.0 MB | 93/308 kBProgress (4): 7.2/12 MB | 2.1/4.2 MB | 1.7/2.0 MB | 93/308 kBProgress (4): 7.2/12 MB | 2.1/4.2 MB | 1.7/2.0 MB | 93/308 kBProgress (4): 7.2/12 MB | 2.1/4.2 MB | 1.7/2.0 MB | 93/308 kBProgress (4): 7.2/12 MB | 2.1/4.2 MB | 1.7/2.0 MB | 93/308 kBProgress (4): 7.2/12 MB | 2.1/4.2 MB | 1.7/2.0 MB | 93/308 kBProgress (4): 7.3/12 MB | 2.1/4.2 MB | 1.7/2.0 MB | 93/308 kBProgress (4): 7.3/12 MB | 2.1/4.2 MB | 1.7/2.0 MB | 93/308 kBProgress (4): 7.3/12 MB | 2.1/4.2 MB | 1.7/2.0 MB | 110/308 kBProgress (4): 7.3/12 MB | 2.1/4.2 MB | 1.7/2.0 MB | 115/308 kBProgress (4): 7.3/12 MB | 2.1/4.2 MB | 1.7/2.0 MB | 115/308 kBProgress (4): 7.3/12 MB | 2.1/4.2 MB | 1.7/2.0 MB | 115/308 kBProgress (4): 7.3/12 MB | 2.1/4.2 MB | 1.7/2.0 MB | 115/308 kBProgress (4): 7.3/12 MB | 2.1/4.2 MB | 1.7/2.0 MB | 115/308 kBProgress (4): 7.3/12 MB | 2.1/4.2 MB | 1.7/2.0 MB | 131/308 kBProgress (4): 7.3/12 MB | 2.1/4.2 MB | 1.7/2.0 MB | 131/308 kBProgress (4): 7.3/12 MB | 2.1/4.2 MB | 1.7/2.0 MB | 131/308 kBProgress (4): 7.3/12 MB | 2.1/4.2 MB | 1.7/2.0 MB | 131/308 kBProgress (4): 7.3/12 MB | 2.1/4.2 MB | 1.7/2.0 MB | 131/308 kBProgress (4): 7.3/12 MB | 2.1/4.2 MB | 1.7/2.0 MB | 147/308 kBProgress (4): 7.3/12 MB | 2.1/4.2 MB | 1.8/2.0 MB | 147/308 kBProgress (4): 7.3/12 MB | 2.1/4.2 MB | 1.8/2.0 MB | 147/308 kBProgress (4): 7.3/12 MB | 2.1/4.2 MB | 1.8/2.0 MB | 147/308 kBProgress (4): 7.3/12 MB | 2.1/4.2 MB | 1.8/2.0 MB | 164/308 kBProgress (5): 7.3/12 MB | 2.1/4.2 MB | 1.8/2.0 MB | 164/308 kB | 7.7/345 kBProgress (5): 7.3/12 MB | 2.1/4.2 MB | 1.8/2.0 MB | 164/308 kB | 16/345 kB Progress (5): 7.4/12 MB | 2.1/4.2 MB | 1.8/2.0 MB | 164/308 kB | 16/345 kBProgress (5): 7.4/12 MB | 2.1/4.2 MB | 1.8/2.0 MB | 164/308 kB | 16/345 kBProgress (5): 7.4/12 MB | 2.1/4.2 MB | 1.8/2.0 MB | 180/308 kB | 16/345 kBProgress (5): 7.4/12 MB | 2.1/4.2 MB | 1.8/2.0 MB | 197/308 kB | 16/345 kBProgress (5): 7.4/12 MB | 2.1/4.2 MB | 1.8/2.0 MB | 197/308 kB | 16/345 kBProgress (5): 7.4/12 MB | 2.1/4.2 MB | 1.8/2.0 MB | 197/308 kB | 16/345 kBProgress (5): 7.4/12 MB | 2.1/4.2 MB | 1.8/2.0 MB | 197/308 kB | 32/345 kBProgress (5): 7.4/12 MB | 2.1/4.2 MB | 1.8/2.0 MB | 197/308 kB | 32/345 kBProgress (5): 7.4/12 MB | 2.2/4.2 MB | 1.8/2.0 MB | 197/308 kB | 32/345 kBProgress (5): 7.4/12 MB | 2.2/4.2 MB | 1.8/2.0 MB | 213/308 kB | 32/345 kBProgress (5): 7.4/12 MB | 2.2/4.2 MB | 1.8/2.0 MB | 213/308 kB | 32/345 kBProgress (5): 7.4/12 MB | 2.2/4.2 MB | 1.8/2.0 MB | 213/308 kB | 49/345 kBProgress (5): 7.4/12 MB | 2.2/4.2 MB | 1.8/2.0 MB | 213/308 kB | 49/345 kBProgress (5): 7.4/12 MB | 2.2/4.2 MB | 1.8/2.0 MB | 213/308 kB | 49/345 kBProgress (5): 7.4/12 MB | 2.2/4.2 MB | 1.8/2.0 MB | 229/308 kB | 49/345 kBProgress (5): 7.4/12 MB | 2.2/4.2 MB | 1.8/2.0 MB | 229/308 kB | 49/345 kBProgress (5): 7.4/12 MB | 2.2/4.2 MB | 1.8/2.0 MB | 229/308 kB | 49/345 kBProgress (5): 7.4/12 MB | 2.2/4.2 MB | 1.8/2.0 MB | 229/308 kB | 49/345 kBProgress (5): 7.4/12 MB | 2.2/4.2 MB | 1.9/2.0 MB | 229/308 kB | 49/345 kBProgress (5): 7.4/12 MB | 2.2/4.2 MB | 1.9/2.0 MB | 246/308 kB | 49/345 kBProgress (5): 7.4/12 MB | 2.2/4.2 MB | 1.9/2.0 MB | 246/308 kB | 49/345 kBProgress (5): 7.4/12 MB | 2.2/4.2 MB | 1.9/2.0 MB | 246/308 kB | 65/345 kBProgress (5): 7.4/12 MB | 2.2/4.2 MB | 1.9/2.0 MB | 246/308 kB | 65/345 kBProgress (5): 7.4/12 MB | 2.2/4.2 MB | 1.9/2.0 MB | 262/308 kB | 65/345 kBProgress (5): 7.5/12 MB | 2.2/4.2 MB | 1.9/2.0 MB | 262/308 kB | 65/345 kBProgress (5): 7.5/12 MB | 2.2/4.2 MB | 1.9/2.0 MB | 262/308 kB | 81/345 kBProgress (5): 7.5/12 MB | 2.2/4.2 MB | 1.9/2.0 MB | 262/308 kB | 81/345 kBProgress (5): 7.5/12 MB | 2.2/4.2 MB | 1.9/2.0 MB | 262/308 kB | 81/345 kBProgress (5): 7.5/12 MB | 2.2/4.2 MB | 1.9/2.0 MB | 279/308 kB | 81/345 kBProgress (5): 7.5/12 MB | 2.2/4.2 MB | 1.9/2.0 MB | 279/308 kB | 81/345 kBProgress (5): 7.5/12 MB | 2.2/4.2 MB | 1.9/2.0 MB | 279/308 kB | 81/345 kBProgress (5): 7.5/12 MB | 2.2/4.2 MB | 1.9/2.0 MB | 279/308 kB | 98/345 kBProgress (5): 7.5/12 MB | 2.2/4.2 MB | 1.9/2.0 MB | 279/308 kB | 98/345 kBProgress (5): 7.5/12 MB | 2.2/4.2 MB | 1.9/2.0 MB | 279/308 kB | 98/345 kBProgress (5): 7.5/12 MB | 2.2/4.2 MB | 1.9/2.0 MB | 279/308 kB | 98/345 kBProgress (5): 7.5/12 MB | 2.2/4.2 MB | 1.9/2.0 MB | 295/308 kB | 98/345 kBProgress (5): 7.5/12 MB | 2.2/4.2 MB | 1.9/2.0 MB | 295/308 kB | 98/345 kBProgress (5): 7.5/12 MB | 2.2/4.2 MB | 1.9/2.0 MB | 295/308 kB | 114/345 kBProgress (5): 7.5/12 MB | 2.2/4.2 MB | 1.9/2.0 MB | 295/308 kB | 114/345 kBProgress (5): 7.5/12 MB | 2.2/4.2 MB | 1.9/2.0 MB | 308 kB | 114/345 kB    Progress (5): 7.5/12 MB | 2.2/4.2 MB | 1.9/2.0 MB | 308 kB | 114/345 kBProgress (5): 7.5/12 MB | 2.2/4.2 MB | 1.9/2.0 MB | 308 kB | 114/345 kB                                                                       Downloaded from central: https://repo.maven.apache.org/maven2/io/netty/netty-buffer/4.1.104.Final/netty-buffer-4.1.104.Final.jar (308 kB at 34 kB/s)
Downloading from central: https://repo.maven.apache.org/maven2/io/netty/netty-transport/4.1.104.Final/netty-transport-4.1.104.Final.jar
Progress (4): 7.6/12 MB | 2.2/4.2 MB | 1.9/2.0 MB | 114/345 kBProgress (4): 7.6/12 MB | 2.2/4.2 MB | 2.0/2.0 MB | 114/345 kBProgress (4): 7.6/12 MB | 2.2/4.2 MB | 2.0/2.0 MB | 131/345 kBProgress (4): 7.6/12 MB | 2.2/4.2 MB | 2.0/2.0 MB | 131/345 kBProgress (4): 7.6/12 MB | 2.2/4.2 MB | 2.0/2.0 MB | 131/345 kBProgress (4): 7.6/12 MB | 2.2/4.2 MB | 2.0 MB | 131/345 kB    Progress (4): 7.6/12 MB | 2.2/4.2 MB | 2.0 MB | 147/345 kBProgress (4): 7.6/12 MB | 2.2/4.2 MB | 2.0 MB | 147/345 kBProgress (4): 7.6/12 MB | 2.2/4.2 MB | 2.0 MB | 147/345 kB                                                          Downloaded from central: https://repo.maven.apache.org/maven2/io/lettuce/lettuce-core/6.3.0.RELEASE/lettuce-core-6.3.0.RELEASE.jar (2.0 MB at 219 kB/s)
Downloading from central: https://repo.maven.apache.org/maven2/io/projectreactor/reactor-core/3.6.1/reactor-core-3.6.1.jar
Progress (3): 7.6/12 MB | 2.2/4.2 MB | 147/345 kBProgress (3): 7.6/12 MB | 2.2/4.2 MB | 147/345 kBProgress (3): 7.6/12 MB | 2.2/4.2 MB | 163/345 kBProgress (3): 7.6/12 MB | 2.2/4.2 MB | 163/345 kBProgress (3): 7.7/12 MB | 2.2/4.2 MB | 163/345 kBProgress (3): 7.7/12 MB | 2.2/4.2 MB | 180/345 kBProgress (3): 7.7/12 MB | 2.2/4.2 MB | 180/345 kBProgress (3): 7.7/12 MB | 2.2/4.2 MB | 180/345 kBProgress (3): 7.7/12 MB | 2.2/4.2 MB | 180/345 kBProgress (3): 7.7/12 MB | 2.2/4.2 MB | 196/345 kBProgress (4): 7.7/12 MB | 2.2/4.2 MB | 196/345 kB | 7.7/497 kBProgress (4): 7.7/12 MB | 2.2/4.2 MB | 196/345 kB | 12/497 kB Progress (4): 7.7/12 MB | 2.3/4.2 MB | 196/345 kB | 12/497 kBProgress (4): 7.7/12 MB | 2.3/4.2 MB | 196/345 kB | 12/497 kBProgress (4): 7.7/12 MB | 2.3/4.2 MB | 196/345 kB | 12/497 kBProgress (5): 7.7/12 MB | 2.3/4.2 MB | 196/345 kB | 12/497 kB | 0/1.9 MBProgress (5): 7.7/12 MB | 2.3/4.2 MB | 196/345 kB | 12/497 kB | 0/1.9 MBProgress (5): 7.7/12 MB | 2.3/4.2 MB | 196/345 kB | 12/497 kB | 0/1.9 MBProgress (5): 7.7/12 MB | 2.3/4.2 MB | 196/345 kB | 28/497 kB | 0/1.9 MBProgress (5): 7.7/12 MB | 2.3/4.2 MB | 196/345 kB | 44/497 kB | 0/1.9 MBProgress (5): 7.7/12 MB | 2.3/4.2 MB | 213/345 kB | 44/497 kB | 0/1.9 MBProgress (5): 7.7/12 MB | 2.3/4.2 MB | 213/345 kB | 44/497 kB | 0/1.9 MBProgress (5): 7.7/12 MB | 2.3/4.2 MB | 229/345 kB | 44/497 kB | 0/1.9 MBProgress (5): 7.8/12 MB | 2.3/4.2 MB | 229/345 kB | 44/497 kB | 0/1.9 MBProgress (5): 7.8/12 MB | 2.3/4.2 MB | 229/345 kB | 44/497 kB | 0/1.9 MBProgress (5): 7.8/12 MB | 2.3/4.2 MB | 229/345 kB | 44/497 kB | 0/1.9 MBProgress (5): 7.8/12 MB | 2.3/4.2 MB | 229/345 kB | 61/497 kB | 0/1.9 MBProgress (5): 7.8/12 MB | 2.3/4.2 MB | 229/345 kB | 61/497 kB | 0/1.9 MBProgress (5): 7.8/12 MB | 2.3/4.2 MB | 245/345 kB | 61/497 kB | 0/1.9 MBProgress (5): 7.8/12 MB | 2.3/4.2 MB | 245/345 kB | 61/497 kB | 0.1/1.9 MBProgress (5): 7.8/12 MB | 2.3/4.2 MB | 245/345 kB | 61/497 kB | 0.1/1.9 MBProgress (5): 7.8/12 MB | 2.3/4.2 MB | 245/345 kB | 77/497 kB | 0.1/1.9 MBProgress (5): 7.8/12 MB | 2.3/4.2 MB | 245/345 kB | 77/497 kB | 0.1/1.9 MBProgress (5): 7.8/12 MB | 2.3/4.2 MB | 245/345 kB | 77/497 kB | 0.1/1.9 MBProgress (5): 7.8/12 MB | 2.3/4.2 MB | 262/345 kB | 77/497 kB | 0.1/1.9 MBProgress (5): 7.8/12 MB | 2.3/4.2 MB | 262/345 kB | 77/497 kB | 0.1/1.9 MBProgress (5): 7.8/12 MB | 2.3/4.2 MB | 262/345 kB | 93/497 kB | 0.1/1.9 MBProgress (5): 7.8/12 MB | 2.3/4.2 MB | 262/345 kB | 93/497 kB | 0.1/1.9 MBProgress (5): 7.8/12 MB | 2.3/4.2 MB | 262/345 kB | 93/497 kB | 0.1/1.9 MBProgress (5): 7.8/12 MB | 2.3/4.2 MB | 262/345 kB | 93/497 kB | 0.1/1.9 MBProgress (5): 7.8/12 MB | 2.3/4.2 MB | 278/345 kB | 93/497 kB | 0.1/1.9 MBProgress (5): 7.8/12 MB | 2.3/4.2 MB | 278/345 kB | 110/497 kB | 0.1/1.9 MBProgress (5): 7.9/12 MB | 2.3/4.2 MB | 278/345 kB | 110/497 kB | 0.1/1.9 MBProgress (5): 7.9/12 MB | 2.3/4.2 MB | 278/345 kB | 110/497 kB | 0.1/1.9 MBProgress (5): 7.9/12 MB | 2.3/4.2 MB | 278/345 kB | 126/497 kB | 0.1/1.9 MBProgress (5): 7.9/12 MB | 2.3/4.2 MB | 278/345 kB | 126/497 kB | 0.1/1.9 MBProgress (5): 7.9/12 MB | 2.3/4.2 MB | 294/345 kB | 126/497 kB | 0.1/1.9 MBProgress (5): 7.9/12 MB | 2.3/4.2 MB | 294/345 kB | 126/497 kB | 0.1/1.9 MBProgress (5): 7.9/12 MB | 2.3/4.2 MB | 294/345 kB | 126/497 kB | 0.1/1.9 MBProgress (5): 7.9/12 MB | 2.3/4.2 MB | 294/345 kB | 126/497 kB | 0.1/1.9 MBProgress (5): 7.9/12 MB | 2.3/4.2 MB | 294/345 kB | 126/497 kB | 0.1/1.9 MBProgress (5): 7.9/12 MB | 2.3/4.2 MB | 311/345 kB | 126/497 kB | 0.1/1.9 MBProgress (5): 7.9/12 MB | 2.3/4.2 MB | 311/345 kB | 126/497 kB | 0.1/1.9 MBProgress (5): 7.9/12 MB | 2.3/4.2 MB | 311/345 kB | 143/497 kB | 0.1/1.9 MBProgress (5): 7.9/12 MB | 2.3/4.2 MB | 311/345 kB | 143/497 kB | 0.1/1.9 MBProgress (5): 7.9/12 MB | 2.3/4.2 MB | 311/345 kB | 143/497 kB | 0.1/1.9 MBProgress (5): 7.9/12 MB | 2.3/4.2 MB | 311/345 kB | 143/497 kB | 0.2/1.9 MBProgress (5): 7.9/12 MB | 2.3/4.2 MB | 311/345 kB | 159/497 kB | 0.2/1.9 MBProgress (5): 7.9/12 MB | 2.3/4.2 MB | 327/345 kB | 159/497 kB | 0.2/1.9 MBProgress (5): 8.0/12 MB | 2.3/4.2 MB | 327/345 kB | 159/497 kB | 0.2/1.9 MBProgress (5): 8.0/12 MB | 2.3/4.2 MB | 327/345 kB | 175/497 kB | 0.2/1.9 MBProgress (5): 8.0/12 MB | 2.3/4.2 MB | 327/345 kB | 175/497 kB | 0.2/1.9 MBProgress (5): 8.0/12 MB | 2.3/4.2 MB | 327/345 kB | 175/497 kB | 0.2/1.9 MBProgress (5): 8.0/12 MB | 2.3/4.2 MB | 327/345 kB | 175/497 kB | 0.2/1.9 MBProgress (5): 8.0/12 MB | 2.3/4.2 MB | 327/345 kB | 192/497 kB | 0.2/1.9 MBProgress (5): 8.0/12 MB | 2.3/4.2 MB | 344/345 kB | 192/497 kB | 0.2/1.9 MBProgress (5): 8.0/12 MB | 2.3/4.2 MB | 345 kB | 192/497 kB | 0.2/1.9 MB    Progress (5): 8.0/12 MB | 2.3/4.2 MB | 345 kB | 192/497 kB | 0.2/1.9 MBProgress (5): 8.0/12 MB | 2.3/4.2 MB | 345 kB | 192/497 kB | 0.2/1.9 MB                                                                       Downloaded from central: https://repo.maven.apache.org/maven2/io/netty/netty-codec/4.1.104.Final/netty-codec-4.1.104.Final.jar (345 kB at 37 kB/s)
Downloading from central: https://repo.maven.apache.org/maven2/org/reactivestreams/reactive-streams/1.0.4/reactive-streams-1.0.4.jar
Progress (4): 8.0/12 MB | 2.3/4.2 MB | 192/497 kB | 0.2/1.9 MBProgress (4): 8.0/12 MB | 2.3/4.2 MB | 192/497 kB | 0.2/1.9 MBProgress (4): 8.0/12 MB | 2.3/4.2 MB | 192/497 kB | 0.2/1.9 MBProgress (4): 8.0/12 MB | 2.3/4.2 MB | 192/497 kB | 0.2/1.9 MBProgress (4): 8.0/12 MB | 2.3/4.2 MB | 208/497 kB | 0.2/1.9 MBProgress (4): 8.0/12 MB | 2.3/4.2 MB | 208/497 kB | 0.2/1.9 MBProgress (4): 8.0/12 MB | 2.3/4.2 MB | 225/497 kB | 0.2/1.9 MBProgress (4): 8.0/12 MB | 2.3/4.2 MB | 225/497 kB | 0.2/1.9 MBProgress (4): 8.1/12 MB | 2.3/4.2 MB | 225/497 kB | 0.2/1.9 MBProgress (4): 8.1/12 MB | 2.3/4.2 MB | 225/497 kB | 0.2/1.9 MBProgress (4): 8.1/12 MB | 2.3/4.2 MB | 241/497 kB | 0.2/1.9 MBProgress (4): 8.1/12 MB | 2.3/4.2 MB | 241/497 kB | 0.2/1.9 MBProgress (4): 8.1/12 MB | 2.3/4.2 MB | 241/497 kB | 0.3/1.9 MBProgress (4): 8.1/12 MB | 2.3/4.2 MB | 241/497 kB | 0.3/1.9 MBProgress (4): 8.1/12 MB | 2.4/4.2 MB | 241/497 kB | 0.3/1.9 MBProgress (4): 8.1/12 MB | 2.4/4.2 MB | 257/497 kB | 0.3/1.9 MBProgress (4): 8.1/12 MB | 2.4/4.2 MB | 257/497 kB | 0.3/1.9 MBProgress (4): 8.1/12 MB | 2.4/4.2 MB | 257/497 kB | 0.3/1.9 MBProgress (4): 8.1/12 MB | 2.4/4.2 MB | 257/497 kB | 0.3/1.9 MBProgress (4): 8.1/12 MB | 2.4/4.2 MB | 274/497 kB | 0.3/1.9 MBProgress (4): 8.1/12 MB | 2.4/4.2 MB | 274/497 kB | 0.3/1.9 MBProgress (4): 8.1/12 MB | 2.4/4.2 MB | 274/497 kB | 0.3/1.9 MBProgress (4): 8.1/12 MB | 2.4/4.2 MB | 274/497 kB | 0.3/1.9 MBProgress (4): 8.1/12 MB | 2.4/4.2 MB | 290/497 kB | 0.3/1.9 MBProgress (4): 8.2/12 MB | 2.4/4.2 MB | 290/497 kB | 0.3/1.9 MBProgress (4): 8.2/12 MB | 2.4/4.2 MB | 290/497 kB | 0.3/1.9 MBProgress (4): 8.2/12 MB | 2.4/4.2 MB | 290/497 kB | 0.3/1.9 MBProgress (4): 8.2/12 MB | 2.4/4.2 MB | 306/497 kB | 0.3/1.9 MBProgress (4): 8.2/12 MB | 2.4/4.2 MB | 306/497 kB | 0.3/1.9 MBProgress (4): 8.2/12 MB | 2.4/4.2 MB | 306/497 kB | 0.3/1.9 MBProgress (4): 8.2/12 MB | 2.4/4.2 MB | 306/497 kB | 0.3/1.9 MBProgress (4): 8.2/12 MB | 2.4/4.2 MB | 323/497 kB | 0.3/1.9 MBProgress (4): 8.2/12 MB | 2.4/4.2 MB | 323/497 kB | 0.3/1.9 MBProgress (4): 8.2/12 MB | 2.4/4.2 MB | 323/497 kB | 0.3/1.9 MBProgress (4): 8.2/12 MB | 2.4/4.2 MB | 323/497 kB | 0.3/1.9 MBProgress (4): 8.2/12 MB | 2.4/4.2 MB | 323/497 kB | 0.4/1.9 MBProgress (4): 8.2/12 MB | 2.4/4.2 MB | 339/497 kB | 0.4/1.9 MBProgress (4): 8.2/12 MB | 2.4/4.2 MB | 339/497 kB | 0.4/1.9 MBProgress (4): 8.2/12 MB | 2.4/4.2 MB | 339/497 kB | 0.4/1.9 MBProgress (5): 8.2/12 MB | 2.4/4.2 MB | 339/497 kB | 0.4/1.9 MB | 7.7/12 kBProgress (5): 8.2/12 MB | 2.4/4.2 MB | 339/497 kB | 0.4/1.9 MB | 12 kB                                                                          Downloaded from central: https://repo.maven.apache.org/maven2/org/reactivestreams/reactive-streams/1.0.4/reactive-streams-1.0.4.jar (12 kB at 1.2 kB/s)
Downloading from central: https://repo.maven.apache.org/maven2/org/springframework/data/spring-data-redis/3.2.1/spring-data-redis-3.2.1.jar
Progress (4): 8.3/12 MB | 2.4/4.2 MB | 339/497 kB | 0.4/1.9 MBProgress (4): 8.3/12 MB | 2.4/4.2 MB | 339/497 kB | 0.4/1.9 MBProgress (4): 8.3/12 MB | 2.4/4.2 MB | 339/497 kB | 0.4/1.9 MBProgress (4): 8.3/12 MB | 2.4/4.2 MB | 356/497 kB | 0.4/1.9 MBProgress (4): 8.3/12 MB | 2.4/4.2 MB | 356/497 kB | 0.4/1.9 MBProgress (4): 8.3/12 MB | 2.4/4.2 MB | 372/497 kB | 0.4/1.9 MBProgress (4): 8.3/12 MB | 2.4/4.2 MB | 372/497 kB | 0.4/1.9 MBProgress (4): 8.3/12 MB | 2.4/4.2 MB | 372/497 kB | 0.4/1.9 MBProgress (4): 8.3/12 MB | 2.4/4.2 MB | 372/497 kB | 0.4/1.9 MBProgress (4): 8.3/12 MB | 2.4/4.2 MB | 372/497 kB | 0.4/1.9 MBProgress (4): 8.3/12 MB | 2.4/4.2 MB | 372/497 kB | 0.4/1.9 MBProgress (4): 8.3/12 MB | 2.4/4.2 MB | 372/497 kB | 0.4/1.9 MBProgress (4): 8.3/12 MB | 2.4/4.2 MB | 372/497 kB | 0.4/1.9 MBProgress (4): 8.3/12 MB | 2.4/4.2 MB | 372/497 kB | 0.4/1.9 MBProgress (4): 8.4/12 MB | 2.4/4.2 MB | 372/497 kB | 0.4/1.9 MBProgress (4): 8.4/12 MB | 2.4/4.2 MB | 372/497 kB | 0.4/1.9 MBProgress (4): 8.4/12 MB | 2.4/4.2 MB | 372/497 kB | 0.4/1.9 MBProgress (4): 8.4/12 MB | 2.4/4.2 MB | 372/497 kB | 0.5/1.9 MBProgress (4): 8.4/12 MB | 2.4/4.2 MB | 372/497 kB | 0.5/1.9 MBProgress (4): 8.4/12 MB | 2.4/4.2 MB | 388/497 kB | 0.5/1.9 MBProgress (4): 8.4/12 MB | 2.4/4.2 MB | 388/497 kB | 0.5/1.9 MBProgress (4): 8.4/12 MB | 2.4/4.2 MB | 388/497 kB | 0.5/1.9 MBProgress (4): 8.4/12 MB | 2.4/4.2 MB | 405/497 kB | 0.5/1.9 MBProgress (4): 8.4/12 MB | 2.4/4.2 MB | 405/497 kB | 0.5/1.9 MBProgress (4): 8.4/12 MB | 2.4/4.2 MB | 405/497 kB | 0.5/1.9 MBProgress (4): 8.4/12 MB | 2.4/4.2 MB | 421/497 kB | 0.5/1.9 MBProgress (4): 8.4/12 MB | 2.4/4.2 MB | 421/497 kB | 0.5/1.9 MBProgress (4): 8.4/12 MB | 2.4/4.2 MB | 421/497 kB | 0.5/1.9 MBProgress (4): 8.4/12 MB | 2.5/4.2 MB | 421/497 kB | 0.5/1.9 MBProgress (4): 8.4/12 MB | 2.5/4.2 MB | 421/497 kB | 0.5/1.9 MBProgress (4): 8.4/12 MB | 2.5/4.2 MB | 438/497 kB | 0.5/1.9 MBProgress (4): 8.5/12 MB | 2.5/4.2 MB | 438/497 kB | 0.5/1.9 MBProgress (4): 8.5/12 MB | 2.5/4.2 MB | 438/497 kB | 0.5/1.9 MBProgress (4): 8.5/12 MB | 2.5/4.2 MB | 438/497 kB | 0.5/1.9 MBProgress (4): 8.5/12 MB | 2.5/4.2 MB | 438/497 kB | 0.5/1.9 MBProgress (4): 8.5/12 MB | 2.5/4.2 MB | 454/497 kB | 0.5/1.9 MBProgress (4): 8.5/12 MB | 2.5/4.2 MB | 454/497 kB | 0.5/1.9 MBProgress (5): 8.5/12 MB | 2.5/4.2 MB | 454/497 kB | 0.5/1.9 MB | 0/2.2 MBProgress (5): 8.5/12 MB | 2.5/4.2 MB | 454/497 kB | 0.5/1.9 MB | 0/2.2 MBProgress (5): 8.5/12 MB | 2.5/4.2 MB | 454/497 kB | 0.5/1.9 MB | 0/2.2 MBProgress (5): 8.5/12 MB | 2.5/4.2 MB | 470/497 kB | 0.5/1.9 MB | 0/2.2 MBProgress (5): 8.5/12 MB | 2.5/4.2 MB | 470/497 kB | 0.5/1.9 MB | 0/2.2 MBProgress (5): 8.5/12 MB | 2.5/4.2 MB | 470/497 kB | 0.5/1.9 MB | 0/2.2 MBProgress (5): 8.5/12 MB | 2.5/4.2 MB | 470/497 kB | 0.6/1.9 MB | 0/2.2 MBProgress (5): 8.5/12 MB | 2.5/4.2 MB | 470/497 kB | 0.6/1.9 MB | 0/2.2 MBProgress (5): 8.5/12 MB | 2.5/4.2 MB | 470/497 kB | 0.6/1.9 MB | 0/2.2 MBProgress (5): 8.5/12 MB | 2.5/4.2 MB | 470/497 kB | 0.6/1.9 MB | 0/2.2 MBProgress (5): 8.5/12 MB | 2.5/4.2 MB | 487/497 kB | 0.6/1.9 MB | 0/2.2 MBProgress (5): 8.6/12 MB | 2.5/4.2 MB | 487/497 kB | 0.6/1.9 MB | 0/2.2 MBProgress (5): 8.6/12 MB | 2.5/4.2 MB | 497 kB | 0.6/1.9 MB | 0/2.2 MB    Progress (5): 8.6/12 MB | 2.5/4.2 MB | 497 kB | 0.6/1.9 MB | 0/2.2 MB                                                                     Downloaded from central: https://repo.maven.apache.org/maven2/io/netty/netty-transport/4.1.104.Final/netty-transport-4.1.104.Final.jar (497 kB at 53 kB/s)
Downloading from central: https://repo.maven.apache.org/maven2/org/springframework/data/spring-data-keyvalue/3.2.1/spring-data-keyvalue-3.2.1.jar
Progress (4): 8.6/12 MB | 2.5/4.2 MB | 0.6/1.9 MB | 0/2.2 MBProgress (4): 8.6/12 MB | 2.5/4.2 MB | 0.6/1.9 MB | 0/2.2 MBProgress (4): 8.6/12 MB | 2.5/4.2 MB | 0.6/1.9 MB | 0/2.2 MBProgress (4): 8.6/12 MB | 2.5/4.2 MB | 0.6/1.9 MB | 0/2.2 MBProgress (4): 8.6/12 MB | 2.5/4.2 MB | 0.6/1.9 MB | 0.1/2.2 MBProgress (4): 8.6/12 MB | 2.5/4.2 MB | 0.6/1.9 MB | 0.1/2.2 MBProgress (4): 8.6/12 MB | 2.5/4.2 MB | 0.6/1.9 MB | 0.1/2.2 MBProgress (4): 8.6/12 MB | 2.5/4.2 MB | 0.6/1.9 MB | 0.1/2.2 MBProgress (4): 8.6/12 MB | 2.5/4.2 MB | 0.6/1.9 MB | 0.1/2.2 MBProgress (4): 8.6/12 MB | 2.5/4.2 MB | 0.6/1.9 MB | 0.1/2.2 MBProgress (4): 8.6/12 MB | 2.5/4.2 MB | 0.6/1.9 MB | 0.1/2.2 MBProgress (4): 8.6/12 MB | 2.5/4.2 MB | 0.6/1.9 MB | 0.1/2.2 MBProgress (4): 8.6/12 MB | 2.5/4.2 MB | 0.6/1.9 MB | 0.1/2.2 MBProgress (4): 8.7/12 MB | 2.5/4.2 MB | 0.6/1.9 MB | 0.1/2.2 MBProgress (4): 8.7/12 MB | 2.5/4.2 MB | 0.7/1.9 MB | 0.1/2.2 MBProgress (4): 8.7/12 MB | 2.5/4.2 MB | 0.7/1.9 MB | 0.1/2.2 MBProgress (4): 8.7/12 MB | 2.5/4.2 MB | 0.7/1.9 MB | 0.1/2.2 MBProgress (4): 8.7/12 MB | 2.5/4.2 MB | 0.7/1.9 MB | 0.1/2.2 MBProgress (4): 8.7/12 MB | 2.5/4.2 MB | 0.7/1.9 MB | 0.1/2.2 MBProgress (4): 8.7/12 MB | 2.5/4.2 MB | 0.7/1.9 MB | 0.1/2.2 MBProgress (4): 8.7/12 MB | 2.5/4.2 MB | 0.7/1.9 MB | 0.1/2.2 MBProgress (4): 8.7/12 MB | 2.5/4.2 MB | 0.7/1.9 MB | 0.1/2.2 MBProgress (4): 8.7/12 MB | 2.5/4.2 MB | 0.7/1.9 MB | 0.1/2.2 MBProgress (4): 8.7/12 MB | 2.5/4.2 MB | 0.7/1.9 MB | 0.1/2.2 MBProgress (4): 8.7/12 MB | 2.5/4.2 MB | 0.7/1.9 MB | 0.1/2.2 MBProgress (4): 8.7/12 MB | 2.5/4.2 MB | 0.7/1.9 MB | 0.1/2.2 MBProgress (4): 8.7/12 MB | 2.5/4.2 MB | 0.7/1.9 MB | 0.1/2.2 MBProgress (4): 8.7/12 MB | 2.5/4.2 MB | 0.7/1.9 MB | 0.1/2.2 MBProgress (4): 8.7/12 MB | 2.5/4.2 MB | 0.7/1.9 MB | 0.1/2.2 MBProgress (4): 8.8/12 MB | 2.5/4.2 MB | 0.7/1.9 MB | 0.1/2.2 MBProgress (4): 8.8/12 MB | 2.5/4.2 MB | 0.7/1.9 MB | 0.1/2.2 MBProgress (4): 8.8/12 MB | 2.5/4.2 MB | 0.7/1.9 MB | 0.1/2.2 MBProgress (4): 8.8/12 MB | 2.5/4.2 MB | 0.7/1.9 MB | 0.1/2.2 MBProgress (5): 8.8/12 MB | 2.5/4.2 MB | 0.7/1.9 MB | 0.1/2.2 MB | 7.7/118 kBProgress (5): 8.8/12 MB | 2.5/4.2 MB | 0.7/1.9 MB | 0.1/2.2 MB | 16/118 kB Progress (5): 8.8/12 MB | 2.5/4.2 MB | 0.7/1.9 MB | 0.1/2.2 MB | 16/118 kBProgress (5): 8.8/12 MB | 2.5/4.2 MB | 0.7/1.9 MB | 0.1/2.2 MB | 16/118 kBProgress (5): 8.8/12 MB | 2.5/4.2 MB | 0.8/1.9 MB | 0.1/2.2 MB | 16/118 kBProgress (5): 8.8/12 MB | 2.5/4.2 MB | 0.8/1.9 MB | 0.1/2.2 MB | 16/118 kBProgress (5): 8.8/12 MB | 2.5/4.2 MB | 0.8/1.9 MB | 0.1/2.2 MB | 32/118 kBProgress (5): 8.8/12 MB | 2.5/4.2 MB | 0.8/1.9 MB | 0.1/2.2 MB | 49/118 kBProgress (5): 8.8/12 MB | 2.5/4.2 MB | 0.8/1.9 MB | 0.1/2.2 MB | 49/118 kBProgress (5): 8.8/12 MB | 2.5/4.2 MB | 0.8/1.9 MB | 0.2/2.2 MB | 49/118 kBProgress (5): 8.8/12 MB | 2.5/4.2 MB | 0.8/1.9 MB | 0.2/2.2 MB | 49/118 kBProgress (5): 8.8/12 MB | 2.6/4.2 MB | 0.8/1.9 MB | 0.2/2.2 MB | 49/118 kBProgress (5): 8.8/12 MB | 2.6/4.2 MB | 0.8/1.9 MB | 0.2/2.2 MB | 49/118 kBProgress (5): 8.8/12 MB | 2.6/4.2 MB | 0.8/1.9 MB | 0.2/2.2 MB | 49/118 kBProgress (5): 8.8/12 MB | 2.6/4.2 MB | 0.8/1.9 MB | 0.2/2.2 MB | 49/118 kBProgress (5): 8.8/12 MB | 2.6/4.2 MB | 0.8/1.9 MB | 0.2/2.2 MB | 65/118 kBProgress (5): 8.9/12 MB | 2.6/4.2 MB | 0.8/1.9 MB | 0.2/2.2 MB | 65/118 kBProgress (5): 8.9/12 MB | 2.6/4.2 MB | 0.8/1.9 MB | 0.2/2.2 MB | 65/118 kBProgress (5): 8.9/12 MB | 2.6/4.2 MB | 0.8/1.9 MB | 0.2/2.2 MB | 65/118 kBProgress (5): 8.9/12 MB | 2.6/4.2 MB | 0.8/1.9 MB | 0.2/2.2 MB | 81/118 kBProgress (5): 8.9/12 MB | 2.6/4.2 MB | 0.8/1.9 MB | 0.2/2.2 MB | 81/118 kBProgress (5): 8.9/12 MB | 2.6/4.2 MB | 0.8/1.9 MB | 0.2/2.2 MB | 81/118 kBProgress (5): 8.9/12 MB | 2.6/4.2 MB | 0.8/1.9 MB | 0.2/2.2 MB | 81/118 kBProgress (5): 8.9/12 MB | 2.6/4.2 MB | 0.8/1.9 MB | 0.2/2.2 MB | 81/118 kBProgress (5): 8.9/12 MB | 2.6/4.2 MB | 0.8/1.9 MB | 0.2/2.2 MB | 81/118 kBProgress (5): 8.9/12 MB | 2.6/4.2 MB | 0.8/1.9 MB | 0.2/2.2 MB | 81/118 kBProgress (5): 8.9/12 MB | 2.6/4.2 MB | 0.8/1.9 MB | 0.2/2.2 MB | 98/118 kBProgress (5): 8.9/12 MB | 2.6/4.2 MB | 0.8/1.9 MB | 0.2/2.2 MB | 98/118 kBProgress (5): 8.9/12 MB | 2.6/4.2 MB | 0.8/1.9 MB | 0.2/2.2 MB | 98/118 kBProgress (5): 8.9/12 MB | 2.6/4.2 MB | 0.8/1.9 MB | 0.2/2.2 MB | 98/118 kBProgress (5): 8.9/12 MB | 2.6/4.2 MB | 0.8/1.9 MB | 0.2/2.2 MB | 98/118 kBProgress (5): 8.9/12 MB | 2.6/4.2 MB | 0.9/1.9 MB | 0.2/2.2 MB | 98/118 kBProgress (5): 8.9/12 MB | 2.6/4.2 MB | 0.9/1.9 MB | 0.2/2.2 MB | 114/118 kBProgress (5): 8.9/12 MB | 2.6/4.2 MB | 0.9/1.9 MB | 0.2/2.2 MB | 114/118 kBProgress (5): 8.9/12 MB | 2.6/4.2 MB | 0.9/1.9 MB | 0.2/2.2 MB | 118 kB    Progress (5): 9.0/12 MB | 2.6/4.2 MB | 0.9/1.9 MB | 0.2/2.2 MB | 118 kB                                                                       Downloaded from central: https://repo.maven.apache.org/maven2/org/springframework/data/spring-data-keyvalue/3.2.1/spring-data-keyvalue-3.2.1.jar (118 kB at 12 kB/s)
Downloading from central: https://repo.maven.apache.org/maven2/org/springframework/spring-oxm/6.1.2/spring-oxm-6.1.2.jar
Progress (4): 9.0/12 MB | 2.6/4.2 MB | 0.9/1.9 MB | 0.2/2.2 MBProgress (4): 9.0/12 MB | 2.6/4.2 MB | 0.9/1.9 MB | 0.2/2.2 MBProgress (4): 9.0/12 MB | 2.6/4.2 MB | 0.9/1.9 MB | 0.2/2.2 MBProgress (4): 9.0/12 MB | 2.6/4.2 MB | 0.9/1.9 MB | 0.2/2.2 MBProgress (4): 9.0/12 MB | 2.6/4.2 MB | 0.9/1.9 MB | 0.2/2.2 MBProgress (4): 9.0/12 MB | 2.6/4.2 MB | 0.9/1.9 MB | 0.2/2.2 MBProgress (4): 9.0/12 MB | 2.6/4.2 MB | 0.9/1.9 MB | 0.3/2.2 MBProgress (4): 9.0/12 MB | 2.6/4.2 MB | 0.9/1.9 MB | 0.3/2.2 MBProgress (4): 9.0/12 MB | 2.6/4.2 MB | 0.9/1.9 MB | 0.3/2.2 MBProgress (4): 9.0/12 MB | 2.6/4.2 MB | 0.9/1.9 MB | 0.3/2.2 MBProgress (4): 9.1/12 MB | 2.6/4.2 MB | 0.9/1.9 MB | 0.3/2.2 MBProgress (4): 9.1/12 MB | 2.6/4.2 MB | 0.9/1.9 MB | 0.3/2.2 MBProgress (4): 9.1/12 MB | 2.6/4.2 MB | 0.9/1.9 MB | 0.3/2.2 MBProgress (4): 9.1/12 MB | 2.6/4.2 MB | 0.9/1.9 MB | 0.3/2.2 MBProgress (4): 9.1/12 MB | 2.6/4.2 MB | 0.9/1.9 MB | 0.3/2.2 MBProgress (4): 9.1/12 MB | 2.6/4.2 MB | 0.9/1.9 MB | 0.3/2.2 MBProgress (4): 9.1/12 MB | 2.6/4.2 MB | 0.9/1.9 MB | 0.3/2.2 MBProgress (4): 9.1/12 MB | 2.6/4.2 MB | 0.9/1.9 MB | 0.3/2.2 MBProgress (4): 9.1/12 MB | 2.6/4.2 MB | 0.9/1.9 MB | 0.3/2.2 MBProgress (4): 9.1/12 MB | 2.6/4.2 MB | 0.9/1.9 MB | 0.3/2.2 MBProgress (4): 9.1/12 MB | 2.6/4.2 MB | 0.9/1.9 MB | 0.3/2.2 MBProgress (4): 9.1/12 MB | 2.6/4.2 MB | 1.0/1.9 MB | 0.3/2.2 MBProgress (4): 9.1/12 MB | 2.6/4.2 MB | 1.0/1.9 MB | 0.3/2.2 MBProgress (4): 9.1/12 MB | 2.6/4.2 MB | 1.0/1.9 MB | 0.3/2.2 MBProgress (4): 9.1/12 MB | 2.6/4.2 MB | 1.0/1.9 MB | 0.3/2.2 MBProgress (4): 9.1/12 MB | 2.6/4.2 MB | 1.0/1.9 MB | 0.3/2.2 MBProgress (4): 9.1/12 MB | 2.6/4.2 MB | 1.0/1.9 MB | 0.3/2.2 MBProgress (4): 9.1/12 MB | 2.6/4.2 MB | 1.0/1.9 MB | 0.3/2.2 MBProgress (4): 9.2/12 MB | 2.6/4.2 MB | 1.0/1.9 MB | 0.3/2.2 MBProgress (4): 9.2/12 MB | 2.6/4.2 MB | 1.0/1.9 MB | 0.3/2.2 MBProgress (4): 9.2/12 MB | 2.6/4.2 MB | 1.0/1.9 MB | 0.3/2.2 MBProgress (4): 9.2/12 MB | 2.6/4.2 MB | 1.0/1.9 MB | 0.3/2.2 MBProgress (4): 9.2/12 MB | 2.6/4.2 MB | 1.0/1.9 MB | 0.3/2.2 MBProgress (4): 9.2/12 MB | 2.6/4.2 MB | 1.0/1.9 MB | 0.3/2.2 MBProgress (5): 9.2/12 MB | 2.6/4.2 MB | 1.0/1.9 MB | 0.3/2.2 MB | 7.7/60 kBProgress (5): 9.2/12 MB | 2.6/4.2 MB | 1.0/1.9 MB | 0.3/2.2 MB | 16/60 kB Progress (5): 9.2/12 MB | 2.6/4.2 MB | 1.0/1.9 MB | 0.3/2.2 MB | 16/60 kBProgress (5): 9.2/12 MB | 2.6/4.2 MB | 1.0/1.9 MB | 0.4/2.2 MB | 16/60 kBProgress (5): 9.2/12 MB | 2.6/4.2 MB | 1.0/1.9 MB | 0.4/2.2 MB | 16/60 kBProgress (5): 9.2/12 MB | 2.6/4.2 MB | 1.0/1.9 MB | 0.4/2.2 MB | 32/60 kBProgress (5): 9.2/12 MB | 2.6/4.2 MB | 1.0/1.9 MB | 0.4/2.2 MB | 32/60 kBProgress (5): 9.2/12 MB | 2.6/4.2 MB | 1.0/1.9 MB | 0.4/2.2 MB | 49/60 kBProgress (5): 9.2/12 MB | 2.6/4.2 MB | 1.1/1.9 MB | 0.4/2.2 MB | 49/60 kBProgress (5): 9.2/12 MB | 2.7/4.2 MB | 1.1/1.9 MB | 0.4/2.2 MB | 49/60 kBProgress (5): 9.2/12 MB | 2.7/4.2 MB | 1.1/1.9 MB | 0.4/2.2 MB | 49/60 kBProgress (5): 9.2/12 MB | 2.7/4.2 MB | 1.1/1.9 MB | 0.4/2.2 MB | 49/60 kBProgress (5): 9.2/12 MB | 2.7/4.2 MB | 1.1/1.9 MB | 0.4/2.2 MB | 49/60 kBProgress (5): 9.2/12 MB | 2.7/4.2 MB | 1.1/1.9 MB | 0.4/2.2 MB | 49/60 kBProgress (5): 9.2/12 MB | 2.7/4.2 MB | 1.1/1.9 MB | 0.4/2.2 MB | 60 kB                                                                         Downloaded from central: https://repo.maven.apache.org/maven2/org/springframework/spring-oxm/6.1.2/spring-oxm-6.1.2.jar (60 kB at 6.2 kB/s)
Downloading from central: https://repo.maven.apache.org/maven2/org/springframework/boot/spring-boot-starter-cache/3.2.1/spring-boot-starter-cache-3.2.1.jar
Progress (4): 9.3/12 MB | 2.7/4.2 MB | 1.1/1.9 MB | 0.4/2.2 MBProgress (4): 9.3/12 MB | 2.7/4.2 MB | 1.1/1.9 MB | 0.4/2.2 MBProgress (4): 9.3/12 MB | 2.7/4.2 MB | 1.1/1.9 MB | 0.4/2.2 MBProgress (4): 9.3/12 MB | 2.7/4.2 MB | 1.1/1.9 MB | 0.4/2.2 MBProgress (4): 9.3/12 MB | 2.7/4.2 MB | 1.1/1.9 MB | 0.4/2.2 MBProgress (4): 9.3/12 MB | 2.7/4.2 MB | 1.1/1.9 MB | 0.4/2.2 MBProgress (4): 9.3/12 MB | 2.7/4.2 MB | 1.1/1.9 MB | 0.4/2.2 MBProgress (4): 9.3/12 MB | 2.7/4.2 MB | 1.1/1.9 MB | 0.4/2.2 MBProgress (4): 9.3/12 MB | 2.7/4.2 MB | 1.1/1.9 MB | 0.4/2.2 MBProgress (4): 9.3/12 MB | 2.7/4.2 MB | 1.1/1.9 MB | 0.4/2.2 MBProgress (4): 9.3/12 MB | 2.7/4.2 MB | 1.1/1.9 MB | 0.4/2.2 MBProgress (4): 9.3/12 MB | 2.7/4.2 MB | 1.1/1.9 MB | 0.4/2.2 MBProgress (4): 9.3/12 MB | 2.7/4.2 MB | 1.1/1.9 MB | 0.4/2.2 MBProgress (4): 9.3/12 MB | 2.7/4.2 MB | 1.1/1.9 MB | 0.4/2.2 MBProgress (4): 9.3/12 MB | 2.7/4.2 MB | 1.1/1.9 MB | 0.4/2.2 MBProgress (4): 9.3/12 MB | 2.7/4.2 MB | 1.1/1.9 MB | 0.4/2.2 MBProgress (4): 9.4/12 MB | 2.7/4.2 MB | 1.1/1.9 MB | 0.4/2.2 MBProgress (4): 9.4/12 MB | 2.7/4.2 MB | 1.1/1.9 MB | 0.4/2.2 MBProgress (4): 9.4/12 MB | 2.7/4.2 MB | 1.1/1.9 MB | 0.4/2.2 MBProgress (4): 9.4/12 MB | 2.7/4.2 MB | 1.1/1.9 MB | 0.5/2.2 MBProgress (4): 9.4/12 MB | 2.7/4.2 MB | 1.1/1.9 MB | 0.5/2.2 MBProgress (4): 9.4/12 MB | 2.7/4.2 MB | 1.2/1.9 MB | 0.5/2.2 MBProgress (4): 9.4/12 MB | 2.7/4.2 MB | 1.2/1.9 MB | 0.5/2.2 MBProgress (4): 9.4/12 MB | 2.7/4.2 MB | 1.2/1.9 MB | 0.5/2.2 MBProgress (4): 9.4/12 MB | 2.7/4.2 MB | 1.2/1.9 MB | 0.5/2.2 MBProgress (4): 9.4/12 MB | 2.7/4.2 MB | 1.2/1.9 MB | 0.5/2.2 MBProgress (4): 9.4/12 MB | 2.7/4.2 MB | 1.2/1.9 MB | 0.5/2.2 MBProgress (4): 9.4/12 MB | 2.7/4.2 MB | 1.2/1.9 MB | 0.5/2.2 MBProgress (4): 9.4/12 MB | 2.7/4.2 MB | 1.2/1.9 MB | 0.5/2.2 MBProgress (4): 9.4/12 MB | 2.7/4.2 MB | 1.2/1.9 MB | 0.5/2.2 MBProgress (4): 9.4/12 MB | 2.7/4.2 MB | 1.2/1.9 MB | 0.5/2.2 MBProgress (4): 9.4/12 MB | 2.7/4.2 MB | 1.2/1.9 MB | 0.5/2.2 MBProgress (5): 9.4/12 MB | 2.7/4.2 MB | 1.2/1.9 MB | 0.5/2.2 MB | 4.8 kBProgress (5): 9.5/12 MB | 2.7/4.2 MB | 1.2/1.9 MB | 0.5/2.2 MB | 4.8 kB                                                                       Downloaded from central: https://repo.maven.apache.org/maven2/org/springframework/boot/spring-boot-starter-cache/3.2.1/spring-boot-starter-cache-3.2.1.jar (4.8 kB at 487 B/s)
Downloading from central: https://repo.maven.apache.org/maven2/org/springframework/spring-context-support/6.1.2/spring-context-support-6.1.2.jar
Progress (4): 9.5/12 MB | 2.7/4.2 MB | 1.2/1.9 MB | 0.5/2.2 MBProgress (4): 9.5/12 MB | 2.7/4.2 MB | 1.2/1.9 MB | 0.5/2.2 MBProgress (4): 9.5/12 MB | 2.7/4.2 MB | 1.2/1.9 MB | 0.5/2.2 MBProgress (4): 9.5/12 MB | 2.7/4.2 MB | 1.2/1.9 MB | 0.5/2.2 MBProgress (4): 9.5/12 MB | 2.7/4.2 MB | 1.2/1.9 MB | 0.5/2.2 MBProgress (4): 9.5/12 MB | 2.7/4.2 MB | 1.2/1.9 MB | 0.5/2.2 MBProgress (4): 9.5/12 MB | 2.7/4.2 MB | 1.2/1.9 MB | 0.5/2.2 MBProgress (4): 9.5/12 MB | 2.7/4.2 MB | 1.3/1.9 MB | 0.5/2.2 MBProgress (4): 9.5/12 MB | 2.7/4.2 MB | 1.3/1.9 MB | 0.5/2.2 MBProgress (4): 9.5/12 MB | 2.7/4.2 MB | 1.3/1.9 MB | 0.5/2.2 MBProgress (4): 9.5/12 MB | 2.7/4.2 MB | 1.3/1.9 MB | 0.5/2.2 MBProgress (4): 9.5/12 MB | 2.7/4.2 MB | 1.3/1.9 MB | 0.5/2.2 MBProgress (4): 9.5/12 MB | 2.7/4.2 MB | 1.3/1.9 MB | 0.5/2.2 MBProgress (4): 9.6/12 MB | 2.7/4.2 MB | 1.3/1.9 MB | 0.5/2.2 MBProgress (4): 9.6/12 MB | 2.7/4.2 MB | 1.3/1.9 MB | 0.5/2.2 MBProgress (4): 9.6/12 MB | 2.7/4.2 MB | 1.3/1.9 MB | 0.5/2.2 MBProgress (4): 9.6/12 MB | 2.7/4.2 MB | 1.3/1.9 MB | 0.5/2.2 MBProgress (4): 9.6/12 MB | 2.8/4.2 MB | 1.3/1.9 MB | 0.5/2.2 MBProgress (4): 9.6/12 MB | 2.8/4.2 MB | 1.3/1.9 MB | 0.5/2.2 MBProgress (4): 9.6/12 MB | 2.8/4.2 MB | 1.3/1.9 MB | 0.5/2.2 MBProgress (4): 9.6/12 MB | 2.8/4.2 MB | 1.3/1.9 MB | 0.6/2.2 MBProgress (4): 9.6/12 MB | 2.8/4.2 MB | 1.3/1.9 MB | 0.6/2.2 MBProgress (4): 9.6/12 MB | 2.8/4.2 MB | 1.3/1.9 MB | 0.6/2.2 MBProgress (4): 9.6/12 MB | 2.8/4.2 MB | 1.3/1.9 MB | 0.6/2.2 MBProgress (4): 9.6/12 MB | 2.8/4.2 MB | 1.3/1.9 MB | 0.6/2.2 MBProgress (4): 9.6/12 MB | 2.8/4.2 MB | 1.3/1.9 MB | 0.6/2.2 MBProgress (4): 9.7/12 MB | 2.8/4.2 MB | 1.3/1.9 MB | 0.6/2.2 MBProgress (4): 9.7/12 MB | 2.8/4.2 MB | 1.3/1.9 MB | 0.6/2.2 MBProgress (4): 9.7/12 MB | 2.8/4.2 MB | 1.4/1.9 MB | 0.6/2.2 MBProgress (4): 9.7/12 MB | 2.8/4.2 MB | 1.4/1.9 MB | 0.6/2.2 MBProgress (4): 9.7/12 MB | 2.8/4.2 MB | 1.4/1.9 MB | 0.6/2.2 MBProgress (4): 9.7/12 MB | 2.8/4.2 MB | 1.4/1.9 MB | 0.6/2.2 MBProgress (5): 9.7/12 MB | 2.8/4.2 MB | 1.4/1.9 MB | 0.6/2.2 MB | 7.7/174 kBProgress (5): 9.7/12 MB | 2.8/4.2 MB | 1.4/1.9 MB | 0.6/2.2 MB | 16/174 kB Progress (5): 9.7/12 MB | 2.8/4.2 MB | 1.4/1.9 MB | 0.6/2.2 MB | 16/174 kBProgress (5): 9.7/12 MB | 2.8/4.2 MB | 1.4/1.9 MB | 0.6/2.2 MB | 16/174 kBProgress (5): 9.7/12 MB | 2.8/4.2 MB | 1.4/1.9 MB | 0.6/2.2 MB | 16/174 kBProgress (5): 9.7/12 MB | 2.8/4.2 MB | 1.4/1.9 MB | 0.6/2.2 MB | 25/174 kBProgress (5): 9.7/12 MB | 2.8/4.2 MB | 1.4/1.9 MB | 0.6/2.2 MB | 41/174 kBProgress (5): 9.7/12 MB | 2.8/4.2 MB | 1.4/1.9 MB | 0.6/2.2 MB | 41/174 kBProgress (5): 9.7/12 MB | 2.8/4.2 MB | 1.4/1.9 MB | 0.6/2.2 MB | 41/174 kBProgress (5): 9.7/12 MB | 2.8/4.2 MB | 1.4/1.9 MB | 0.6/2.2 MB | 41/174 kBProgress (5): 9.7/12 MB | 2.8/4.2 MB | 1.4/1.9 MB | 0.6/2.2 MB | 41/174 kBProgress (5): 9.7/12 MB | 2.8/4.2 MB | 1.4/1.9 MB | 0.6/2.2 MB | 41/174 kBProgress (5): 9.7/12 MB | 2.8/4.2 MB | 1.4/1.9 MB | 0.6/2.2 MB | 41/174 kBProgress (5): 9.7/12 MB | 2.8/4.2 MB | 1.4/1.9 MB | 0.6/2.2 MB | 41/174 kBProgress (5): 9.7/12 MB | 2.8/4.2 MB | 1.4/1.9 MB | 0.6/2.2 MB | 57/174 kBProgress (5): 9.7/12 MB | 2.8/4.2 MB | 1.4/1.9 MB | 0.6/2.2 MB | 57/174 kBProgress (5): 9.8/12 MB | 2.8/4.2 MB | 1.4/1.9 MB | 0.6/2.2 MB | 57/174 kBProgress (5): 9.8/12 MB | 2.8/4.2 MB | 1.4/1.9 MB | 0.6/2.2 MB | 57/174 kBProgress (5): 9.8/12 MB | 2.8/4.2 MB | 1.4/1.9 MB | 0.6/2.2 MB | 57/174 kBProgress (5): 9.8/12 MB | 2.8/4.2 MB | 1.4/1.9 MB | 0.6/2.2 MB | 74/174 kBProgress (5): 9.8/12 MB | 2.8/4.2 MB | 1.4/1.9 MB | 0.6/2.2 MB | 74/174 kBProgress (5): 9.8/12 MB | 2.8/4.2 MB | 1.4/1.9 MB | 0.7/2.2 MB | 74/174 kBProgress (5): 9.8/12 MB | 2.8/4.2 MB | 1.4/1.9 MB | 0.7/2.2 MB | 74/174 kBProgress (5): 9.8/12 MB | 2.8/4.2 MB | 1.5/1.9 MB | 0.7/2.2 MB | 74/174 kBProgress (5): 9.8/12 MB | 2.8/4.2 MB | 1.5/1.9 MB | 0.7/2.2 MB | 90/174 kBProgress (5): 9.8/12 MB | 2.8/4.2 MB | 1.5/1.9 MB | 0.7/2.2 MB | 90/174 kBProgress (5): 9.8/12 MB | 2.8/4.2 MB | 1.5/1.9 MB | 0.7/2.2 MB | 98/174 kBProgress (5): 9.8/12 MB | 2.8/4.2 MB | 1.5/1.9 MB | 0.7/2.2 MB | 98/174 kBProgress (5): 9.8/12 MB | 2.8/4.2 MB | 1.5/1.9 MB | 0.7/2.2 MB | 98/174 kBProgress (5): 9.8/12 MB | 2.8/4.2 MB | 1.5/1.9 MB | 0.7/2.2 MB | 98/174 kBProgress (5): 9.8/12 MB | 2.8/4.2 MB | 1.5/1.9 MB | 0.7/2.2 MB | 98/174 kBProgress (5): 9.8/12 MB | 2.8/4.2 MB | 1.5/1.9 MB | 0.7/2.2 MB | 106/174 kBProgress (5): 9.8/12 MB | 2.8/4.2 MB | 1.5/1.9 MB | 0.7/2.2 MB | 106/174 kBProgress (5): 9.8/12 MB | 2.8/4.2 MB | 1.5/1.9 MB | 0.7/2.2 MB | 106/174 kBProgress (5): 9.8/12 MB | 2.8/4.2 MB | 1.5/1.9 MB | 0.7/2.2 MB | 106/174 kBProgress (5): 9.9/12 MB | 2.8/4.2 MB | 1.5/1.9 MB | 0.7/2.2 MB | 106/174 kBProgress (5): 9.9/12 MB | 2.8/4.2 MB | 1.5/1.9 MB | 0.7/2.2 MB | 106/174 kBProgress (5): 9.9/12 MB | 2.8/4.2 MB | 1.5/1.9 MB | 0.7/2.2 MB | 123/174 kBProgress (5): 9.9/12 MB | 2.8/4.2 MB | 1.5/1.9 MB | 0.7/2.2 MB | 123/174 kBProgress (5): 9.9/12 MB | 2.8/4.2 MB | 1.5/1.9 MB | 0.7/2.2 MB | 131/174 kBProgress (5): 9.9/12 MB | 2.8/4.2 MB | 1.5/1.9 MB | 0.7/2.2 MB | 131/174 kBProgress (5): 9.9/12 MB | 2.8/4.2 MB | 1.5/1.9 MB | 0.7/2.2 MB | 131/174 kBProgress (5): 9.9/12 MB | 2.8/4.2 MB | 1.5/1.9 MB | 0.7/2.2 MB | 131/174 kBProgress (5): 9.9/12 MB | 2.8/4.2 MB | 1.5/1.9 MB | 0.7/2.2 MB | 139/174 kBProgress (5): 9.9/12 MB | 2.8/4.2 MB | 1.5/1.9 MB | 0.7/2.2 MB | 139/174 kBProgress (5): 9.9/12 MB | 2.8/4.2 MB | 1.5/1.9 MB | 0.7/2.2 MB | 139/174 kBProgress (5): 9.9/12 MB | 2.8/4.2 MB | 1.5/1.9 MB | 0.7/2.2 MB | 147/174 kBProgress (5): 9.9/12 MB | 2.8/4.2 MB | 1.5/1.9 MB | 0.7/2.2 MB | 147/174 kBProgress (5): 9.9/12 MB | 2.8/4.2 MB | 1.5/1.9 MB | 0.7/2.2 MB | 147/174 kBProgress (5): 9.9/12 MB | 2.8/4.2 MB | 1.5/1.9 MB | 0.7/2.2 MB | 156/174 kBProgress (5): 9.9/12 MB | 2.8/4.2 MB | 1.5/1.9 MB | 0.7/2.2 MB | 156/174 kBProgress (5): 9.9/12 MB | 2.8/4.2 MB | 1.6/1.9 MB | 0.7/2.2 MB | 156/174 kBProgress (5): 9.9/12 MB | 2.8/4.2 MB | 1.6/1.9 MB | 0.7/2.2 MB | 156/174 kBProgress (5): 9.9/12 MB | 2.9/4.2 MB | 1.6/1.9 MB | 0.7/2.2 MB | 156/174 kBProgress (5): 9.9/12 MB | 2.9/4.2 MB | 1.6/1.9 MB | 0.7/2.2 MB | 156/174 kBProgress (5): 10.0/12 MB | 2.9/4.2 MB | 1.6/1.9 MB | 0.7/2.2 MB | 156/174 kBProgress (5): 10.0/12 MB | 2.9/4.2 MB | 1.6/1.9 MB | 0.7/2.2 MB | 172/174 kBProgress (5): 10.0/12 MB | 2.9/4.2 MB | 1.6/1.9 MB | 0.7/2.2 MB | 174 kB    Progress (5): 10.0/12 MB | 2.9/4.2 MB | 1.6/1.9 MB | 0.7/2.2 MB | 174 kB                                                                        Downloaded from central: https://repo.maven.apache.org/maven2/org/springframework/spring-context-support/6.1.2/spring-context-support-6.1.2.jar (174 kB at 17 kB/s)
Downloading from central: https://repo.maven.apache.org/maven2/org/springframework/kafka/spring-kafka/3.1.1/spring-kafka-3.1.1.jar
Progress (4): 10.0/12 MB | 2.9/4.2 MB | 1.6/1.9 MB | 0.7/2.2 MBProgress (4): 10.0/12 MB | 2.9/4.2 MB | 1.6/1.9 MB | 0.7/2.2 MBProgress (4): 10.0/12 MB | 2.9/4.2 MB | 1.6/1.9 MB | 0.7/2.2 MBProgress (4): 10.0/12 MB | 2.9/4.2 MB | 1.6/1.9 MB | 0.7/2.2 MBProgress (4): 10.0/12 MB | 2.9/4.2 MB | 1.6/1.9 MB | 0.8/2.2 MBProgress (4): 10/12 MB | 2.9/4.2 MB | 1.6/1.9 MB | 0.8/2.2 MB  Progress (4): 10/12 MB | 2.9/4.2 MB | 1.6/1.9 MB | 0.8/2.2 MBProgress (4): 10/12 MB | 2.9/4.2 MB | 1.6/1.9 MB | 0.8/2.2 MBProgress (4): 10/12 MB | 2.9/4.2 MB | 1.6/1.9 MB | 0.8/2.2 MBProgress (4): 10/12 MB | 2.9/4.2 MB | 1.6/1.9 MB | 0.8/2.2 MBProgress (4): 10/12 MB | 2.9/4.2 MB | 1.6/1.9 MB | 0.8/2.2 MBProgress (4): 10/12 MB | 2.9/4.2 MB | 1.6/1.9 MB | 0.8/2.2 MBProgress (4): 10/12 MB | 2.9/4.2 MB | 1.6/1.9 MB | 0.8/2.2 MBProgress (4): 10/12 MB | 2.9/4.2 MB | 1.6/1.9 MB | 0.8/2.2 MBProgress (4): 10/12 MB | 2.9/4.2 MB | 1.6/1.9 MB | 0.8/2.2 MBProgress (4): 10/12 MB | 2.9/4.2 MB | 1.6/1.9 MB | 0.8/2.2 MBProgress (4): 10/12 MB | 2.9/4.2 MB | 1.6/1.9 MB | 0.8/2.2 MBProgress (4): 10/12 MB | 2.9/4.2 MB | 1.6/1.9 MB | 0.8/2.2 MBProgress (4): 10/12 MB | 2.9/4.2 MB | 1.6/1.9 MB | 0.8/2.2 MBProgress (4): 10/12 MB | 2.9/4.2 MB | 1.7/1.9 MB | 0.8/2.2 MBProgress (4): 10/12 MB | 2.9/4.2 MB | 1.7/1.9 MB | 0.8/2.2 MBProgress (4): 10/12 MB | 2.9/4.2 MB | 1.7/1.9 MB | 0.8/2.2 MBProgress (4): 10/12 MB | 2.9/4.2 MB | 1.7/1.9 MB | 0.8/2.2 MBProgress (4): 10/12 MB | 2.9/4.2 MB | 1.7/1.9 MB | 0.8/2.2 MBProgress (4): 10/12 MB | 2.9/4.2 MB | 1.7/1.9 MB | 0.8/2.2 MBProgress (4): 10/12 MB | 2.9/4.2 MB | 1.7/1.9 MB | 0.8/2.2 MBProgress (4): 10/12 MB | 2.9/4.2 MB | 1.7/1.9 MB | 0.8/2.2 MBProgress (4): 10/12 MB | 2.9/4.2 MB | 1.7/1.9 MB | 0.8/2.2 MBProgress (4): 10/12 MB | 2.9/4.2 MB | 1.7/1.9 MB | 0.8/2.2 MBProgress (4): 10/12 MB | 2.9/4.2 MB | 1.7/1.9 MB | 0.8/2.2 MBProgress (4): 10/12 MB | 2.9/4.2 MB | 1.7/1.9 MB | 0.8/2.2 MBProgress (4): 10/12 MB | 2.9/4.2 MB | 1.7/1.9 MB | 0.8/2.2 MBProgress (4): 10/12 MB | 2.9/4.2 MB | 1.7/1.9 MB | 0.8/2.2 MBProgress (4): 10/12 MB | 2.9/4.2 MB | 1.7/1.9 MB | 0.8/2.2 MBProgress (4): 10/12 MB | 2.9/4.2 MB | 1.7/1.9 MB | 0.8/2.2 MBProgress (4): 10/12 MB | 2.9/4.2 MB | 1.7/1.9 MB | 0.8/2.2 MBProgress (4): 10/12 MB | 2.9/4.2 MB | 1.7/1.9 MB | 0.8/2.2 MBProgress (4): 10/12 MB | 2.9/4.2 MB | 1.7/1.9 MB | 0.8/2.2 MBProgress (4): 10/12 MB | 2.9/4.2 MB | 1.7/1.9 MB | 0.8/2.2 MBProgress (4): 10/12 MB | 2.9/4.2 MB | 1.8/1.9 MB | 0.8/2.2 MBProgress (4): 10/12 MB | 2.9/4.2 MB | 1.8/1.9 MB | 0.8/2.2 MBProgress (5): 10/12 MB | 2.9/4.2 MB | 1.8/1.9 MB | 0.8/2.2 MB | 7.7/821 kBProgress (5): 10/12 MB | 2.9/4.2 MB | 1.8/1.9 MB | 0.8/2.2 MB | 16/821 kB Progress (5): 10/12 MB | 2.9/4.2 MB | 1.8/1.9 MB | 0.8/2.2 MB | 28/821 kBProgress (5): 10/12 MB | 2.9/4.2 MB | 1.8/1.9 MB | 0.8/2.2 MB | 28/821 kBProgress (5): 10/12 MB | 3.0/4.2 MB | 1.8/1.9 MB | 0.8/2.2 MB | 28/821 kBProgress (5): 10/12 MB | 3.0/4.2 MB | 1.8/1.9 MB | 0.8/2.2 MB | 44/821 kBProgress (5): 10/12 MB | 3.0/4.2 MB | 1.8/1.9 MB | 0.8/2.2 MB | 44/821 kBProgress (5): 10/12 MB | 3.0/4.2 MB | 1.8/1.9 MB | 0.8/2.2 MB | 44/821 kBProgress (5): 10/12 MB | 3.0/4.2 MB | 1.8/1.9 MB | 0.8/2.2 MB | 61/821 kBProgress (5): 10/12 MB | 3.0/4.2 MB | 1.8/1.9 MB | 0.8/2.2 MB | 61/821 kBProgress (5): 10/12 MB | 3.0/4.2 MB | 1.8/1.9 MB | 0.8/2.2 MB | 61/821 kBProgress (5): 10/12 MB | 3.0/4.2 MB | 1.8/1.9 MB | 0.8/2.2 MB | 77/821 kBProgress (5): 10/12 MB | 3.0/4.2 MB | 1.8/1.9 MB | 0.8/2.2 MB | 93/821 kBProgress (5): 10/12 MB | 3.0/4.2 MB | 1.8/1.9 MB | 0.8/2.2 MB | 110/821 kBProgress (5): 10/12 MB | 3.0/4.2 MB | 1.8/1.9 MB | 0.8/2.2 MB | 110/821 kBProgress (5): 10/12 MB | 3.0/4.2 MB | 1.8/1.9 MB | 0.8/2.2 MB | 110/821 kBProgress (5): 10/12 MB | 3.0/4.2 MB | 1.8/1.9 MB | 0.9/2.2 MB | 110/821 kBProgress (5): 10/12 MB | 3.0/4.2 MB | 1.8/1.9 MB | 0.9/2.2 MB | 110/821 kBProgress (5): 10/12 MB | 3.0/4.2 MB | 1.9/1.9 MB | 0.9/2.2 MB | 110/821 kBProgress (5): 10/12 MB | 3.0/4.2 MB | 1.9/1.9 MB | 0.9/2.2 MB | 126/821 kBProgress (5): 10/12 MB | 3.0/4.2 MB | 1.9/1.9 MB | 0.9/2.2 MB | 126/821 kBProgress (5): 10/12 MB | 3.0/4.2 MB | 1.9/1.9 MB | 0.9/2.2 MB | 126/821 kBProgress (5): 10/12 MB | 3.0/4.2 MB | 1.9 MB | 0.9/2.2 MB | 126/821 kB    Progress (5): 10/12 MB | 3.0/4.2 MB | 1.9 MB | 0.9/2.2 MB | 143/821 kB                                                                      Downloaded from central: https://repo.maven.apache.org/maven2/io/projectreactor/reactor-core/3.6.1/reactor-core-3.6.1.jar (1.9 MB at 184 kB/s)
Downloading from central: https://repo.maven.apache.org/maven2/org/springframework/spring-context/6.1.2/spring-context-6.1.2.jar
Progress (4): 10/12 MB | 3.0/4.2 MB | 0.9/2.2 MB | 159/821 kBProgress (4): 10/12 MB | 3.0/4.2 MB | 0.9/2.2 MB | 159/821 kBProgress (4): 10/12 MB | 3.0/4.2 MB | 0.9/2.2 MB | 175/821 kBProgress (4): 10/12 MB | 3.0/4.2 MB | 0.9/2.2 MB | 175/821 kBProgress (4): 10/12 MB | 3.0/4.2 MB | 0.9/2.2 MB | 192/821 kBProgress (4): 10/12 MB | 3.0/4.2 MB | 0.9/2.2 MB | 192/821 kBProgress (5): 10/12 MB | 3.0/4.2 MB | 0.9/2.2 MB | 192/821 kB | 0/1.3 MBProgress (5): 10/12 MB | 3.0/4.2 MB | 0.9/2.2 MB | 192/821 kB | 0/1.3 MBProgress (5): 10/12 MB | 3.0/4.2 MB | 0.9/2.2 MB | 208/821 kB | 0/1.3 MBProgress (5): 10/12 MB | 3.0/4.2 MB | 0.9/2.2 MB | 208/821 kB | 0/1.3 MBProgress (5): 10/12 MB | 3.1/4.2 MB | 0.9/2.2 MB | 208/821 kB | 0/1.3 MBProgress (5): 10/12 MB | 3.1/4.2 MB | 0.9/2.2 MB | 225/821 kB | 0/1.3 MBProgress (5): 10/12 MB | 3.1/4.2 MB | 0.9/2.2 MB | 225/821 kB | 0/1.3 MBProgress (5): 10/12 MB | 3.1/4.2 MB | 0.9/2.2 MB | 225/821 kB | 0/1.3 MBProgress (5): 10/12 MB | 3.1/4.2 MB | 0.9/2.2 MB | 225/821 kB | 0.1/1.3 MBProgress (5): 10/12 MB | 3.1/4.2 MB | 0.9/2.2 MB | 241/821 kB | 0.1/1.3 MBProgress (5): 10/12 MB | 3.1/4.2 MB | 0.9/2.2 MB | 241/821 kB | 0.1/1.3 MBProgress (5): 10/12 MB | 3.1/4.2 MB | 0.9/2.2 MB | 257/821 kB | 0.1/1.3 MBProgress (5): 10/12 MB | 3.1/4.2 MB | 0.9/2.2 MB | 257/821 kB | 0.1/1.3 MBProgress (5): 10/12 MB | 3.1/4.2 MB | 0.9/2.2 MB | 257/821 kB | 0.1/1.3 MBProgress (5): 10/12 MB | 3.1/4.2 MB | 0.9/2.2 MB | 274/821 kB | 0.1/1.3 MBProgress (5): 10/12 MB | 3.1/4.2 MB | 0.9/2.2 MB | 274/821 kB | 0.1/1.3 MBProgress (5): 10/12 MB | 3.1/4.2 MB | 0.9/2.2 MB | 274/821 kB | 0.1/1.3 MBProgress (5): 10/12 MB | 3.1/4.2 MB | 0.9/2.2 MB | 290/821 kB | 0.1/1.3 MBProgress (5): 10/12 MB | 3.1/4.2 MB | 0.9/2.2 MB | 290/821 kB | 0.1/1.3 MBProgress (5): 10/12 MB | 3.1/4.2 MB | 0.9/2.2 MB | 290/821 kB | 0.1/1.3 MBProgress (5): 10/12 MB | 3.1/4.2 MB | 0.9/2.2 MB | 306/821 kB | 0.1/1.3 MBProgress (5): 10/12 MB | 3.1/4.2 MB | 0.9/2.2 MB | 306/821 kB | 0.1/1.3 MBProgress (5): 10/12 MB | 3.1/4.2 MB | 0.9/2.2 MB | 323/821 kB | 0.1/1.3 MBProgress (5): 10/12 MB | 3.1/4.2 MB | 0.9/2.2 MB | 323/821 kB | 0.1/1.3 MBProgress (5): 10/12 MB | 3.1/4.2 MB | 0.9/2.2 MB | 323/821 kB | 0.1/1.3 MBProgress (5): 10/12 MB | 3.1/4.2 MB | 0.9/2.2 MB | 323/821 kB | 0.2/1.3 MBProgress (5): 10/12 MB | 3.1/4.2 MB | 0.9/2.2 MB | 339/821 kB | 0.2/1.3 MBProgress (5): 10/12 MB | 3.1/4.2 MB | 0.9/2.2 MB | 339/821 kB | 0.2/1.3 MBProgress (5): 10/12 MB | 3.1/4.2 MB | 0.9/2.2 MB | 352/821 kB | 0.2/1.3 MBProgress (5): 10/12 MB | 3.1/4.2 MB | 0.9/2.2 MB | 352/821 kB | 0.2/1.3 MBProgress (5): 10/12 MB | 3.1/4.2 MB | 0.9/2.2 MB | 356/821 kB | 0.2/1.3 MBProgress (5): 10/12 MB | 3.1/4.2 MB | 0.9/2.2 MB | 372/821 kB | 0.2/1.3 MBProgress (5): 10/12 MB | 3.1/4.2 MB | 0.9/2.2 MB | 372/821 kB | 0.2/1.3 MBProgress (5): 10/12 MB | 3.1/4.2 MB | 0.9/2.2 MB | 372/821 kB | 0.2/1.3 MBProgress (5): 10/12 MB | 3.1/4.2 MB | 0.9/2.2 MB | 372/821 kB | 0.2/1.3 MBProgress (5): 10/12 MB | 3.1/4.2 MB | 0.9/2.2 MB | 388/821 kB | 0.2/1.3 MBProgress (5): 10/12 MB | 3.1/4.2 MB | 0.9/2.2 MB | 405/821 kB | 0.2/1.3 MBProgress (5): 10/12 MB | 3.1/4.2 MB | 0.9/2.2 MB | 405/821 kB | 0.2/1.3 MBProgress (5): 10/12 MB | 3.1/4.2 MB | 0.9/2.2 MB | 405/821 kB | 0.2/1.3 MBProgress (5): 10/12 MB | 3.1/4.2 MB | 0.9/2.2 MB | 405/821 kB | 0.2/1.3 MBProgress (5): 10/12 MB | 3.1/4.2 MB | 0.9/2.2 MB | 421/821 kB | 0.2/1.3 MBProgress (5): 10/12 MB | 3.1/4.2 MB | 0.9/2.2 MB | 421/821 kB | 0.2/1.3 MBProgress (5): 10/12 MB | 3.1/4.2 MB | 0.9/2.2 MB | 421/821 kB | 0.2/1.3 MBProgress (5): 10/12 MB | 3.1/4.2 MB | 0.9/2.2 MB | 421/821 kB | 0.3/1.3 MBProgress (5): 10/12 MB | 3.1/4.2 MB | 0.9/2.2 MB | 438/821 kB | 0.3/1.3 MBProgress (5): 10/12 MB | 3.1/4.2 MB | 0.9/2.2 MB | 438/821 kB | 0.3/1.3 MBProgress (5): 10/12 MB | 3.1/4.2 MB | 0.9/2.2 MB | 454/821 kB | 0.3/1.3 MBProgress (5): 10/12 MB | 3.1/4.2 MB | 0.9/2.2 MB | 470/821 kB | 0.3/1.3 MBProgress (5): 10/12 MB | 3.2/4.2 MB | 0.9/2.2 MB | 470/821 kB | 0.3/1.3 MBProgress (5): 10/12 MB | 3.2/4.2 MB | 0.9/2.2 MB | 470/821 kB | 0.3/1.3 MBProgress (5): 10/12 MB | 3.2/4.2 MB | 0.9/2.2 MB | 470/821 kB | 0.3/1.3 MBProgress (5): 10/12 MB | 3.2/4.2 MB | 0.9/2.2 MB | 483/821 kB | 0.3/1.3 MBProgress (5): 10/12 MB | 3.2/4.2 MB | 0.9/2.2 MB | 487/821 kB | 0.3/1.3 MBProgress (5): 10/12 MB | 3.2/4.2 MB | 0.9/2.2 MB | 487/821 kB | 0.3/1.3 MBProgress (5): 10/12 MB | 3.2/4.2 MB | 0.9/2.2 MB | 487/821 kB | 0.3/1.3 MBProgress (5): 10/12 MB | 3.2/4.2 MB | 0.9/2.2 MB | 503/821 kB | 0.3/1.3 MBProgress (5): 10/12 MB | 3.2/4.2 MB | 0.9/2.2 MB | 503/821 kB | 0.3/1.3 MBProgress (5): 10/12 MB | 3.2/4.2 MB | 0.9/2.2 MB | 503/821 kB | 0.3/1.3 MBProgress (5): 10/12 MB | 3.2/4.2 MB | 0.9/2.2 MB | 519/821 kB | 0.3/1.3 MBProgress (5): 10/12 MB | 3.2/4.2 MB | 0.9/2.2 MB | 519/821 kB | 0.3/1.3 MBProgress (5): 10/12 MB | 3.2/4.2 MB | 0.9/2.2 MB | 536/821 kB | 0.3/1.3 MBProgress (5): 10/12 MB | 3.2/4.2 MB | 0.9/2.2 MB | 536/821 kB | 0.4/1.3 MBProgress (5): 10/12 MB | 3.2/4.2 MB | 0.9/2.2 MB | 552/821 kB | 0.4/1.3 MBProgress (5): 10/12 MB | 3.2/4.2 MB | 0.9/2.2 MB | 552/821 kB | 0.4/1.3 MBProgress (5): 10/12 MB | 3.2/4.2 MB | 0.9/2.2 MB | 552/821 kB | 0.4/1.3 MBProgress (5): 10/12 MB | 3.2/4.2 MB | 0.9/2.2 MB | 552/821 kB | 0.4/1.3 MBProgress (5): 10/12 MB | 3.2/4.2 MB | 0.9/2.2 MB | 569/821 kB | 0.4/1.3 MBProgress (5): 10/12 MB | 3.2/4.2 MB | 0.9/2.2 MB | 569/821 kB | 0.4/1.3 MBProgress (5): 10/12 MB | 3.2/4.2 MB | 1.0/2.2 MB | 569/821 kB | 0.4/1.3 MBProgress (5): 10/12 MB | 3.2/4.2 MB | 1.0/2.2 MB | 585/821 kB | 0.4/1.3 MBProgress (5): 10/12 MB | 3.2/4.2 MB | 1.0/2.2 MB | 585/821 kB | 0.4/1.3 MBProgress (5): 10/12 MB | 3.2/4.2 MB | 1.0/2.2 MB | 585/821 kB | 0.4/1.3 MBProgress (5): 10/12 MB | 3.2/4.2 MB | 1.0/2.2 MB | 601/821 kB | 0.4/1.3 MBProgress (5): 10/12 MB | 3.2/4.2 MB | 1.0/2.2 MB | 601/821 kB | 0.4/1.3 MBProgress (5): 10/12 MB | 3.2/4.2 MB | 1.0/2.2 MB | 601/821 kB | 0.4/1.3 MBProgress (5): 10/12 MB | 3.2/4.2 MB | 1.0/2.2 MB | 601/821 kB | 0.4/1.3 MBProgress (5): 10/12 MB | 3.2/4.2 MB | 1.0/2.2 MB | 614/821 kB | 0.4/1.3 MBProgress (5): 10/12 MB | 3.2/4.2 MB | 1.0/2.2 MB | 614/821 kB | 0.4/1.3 MBProgress (5): 10/12 MB | 3.2/4.2 MB | 1.0/2.2 MB | 618/821 kB | 0.4/1.3 MBProgress (5): 10/12 MB | 3.2/4.2 MB | 1.0/2.2 MB | 618/821 kB | 0.4/1.3 MBProgress (5): 10/12 MB | 3.2/4.2 MB | 1.0/2.2 MB | 618/821 kB | 0.4/1.3 MBProgress (5): 10/12 MB | 3.2/4.2 MB | 1.0/2.2 MB | 634/821 kB | 0.4/1.3 MBProgress (5): 10/12 MB | 3.2/4.2 MB | 1.0/2.2 MB | 634/821 kB | 0.4/1.3 MBProgress (5): 10/12 MB | 3.2/4.2 MB | 1.0/2.2 MB | 634/821 kB | 0.4/1.3 MBProgress (5): 10/12 MB | 3.2/4.2 MB | 1.0/2.2 MB | 634/821 kB | 0.4/1.3 MBProgress (5): 10/12 MB | 3.2/4.2 MB | 1.0/2.2 MB | 651/821 kB | 0.4/1.3 MBProgress (5): 10/12 MB | 3.2/4.2 MB | 1.0/2.2 MB | 651/821 kB | 0.5/1.3 MBProgress (5): 10/12 MB | 3.2/4.2 MB | 1.0/2.2 MB | 651/821 kB | 0.5/1.3 MBProgress (5): 10/12 MB | 3.2/4.2 MB | 1.0/2.2 MB | 667/821 kB | 0.5/1.3 MBProgress (5): 10/12 MB | 3.2/4.2 MB | 1.0/2.2 MB | 667/821 kB | 0.5/1.3 MBProgress (5): 10/12 MB | 3.2/4.2 MB | 1.0/2.2 MB | 667/821 kB | 0.5/1.3 MBProgress (5): 10/12 MB | 3.2/4.2 MB | 1.0/2.2 MB | 667/821 kB | 0.5/1.3 MBProgress (5): 10/12 MB | 3.2/4.2 MB | 1.0/2.2 MB | 667/821 kB | 0.5/1.3 MBProgress (5): 10/12 MB | 3.2/4.2 MB | 1.0/2.2 MB | 667/821 kB | 0.5/1.3 MBProgress (5): 10/12 MB | 3.2/4.2 MB | 1.0/2.2 MB | 683/821 kB | 0.5/1.3 MBProgress (5): 10/12 MB | 3.2/4.2 MB | 1.0/2.2 MB | 683/821 kB | 0.5/1.3 MBProgress (5): 10/12 MB | 3.2/4.2 MB | 1.0/2.2 MB | 683/821 kB | 0.5/1.3 MBProgress (5): 10/12 MB | 3.2/4.2 MB | 1.0/2.2 MB | 683/821 kB | 0.5/1.3 MBProgress (5): 10/12 MB | 3.2/4.2 MB | 1.0/2.2 MB | 683/821 kB | 0.5/1.3 MBProgress (5): 10/12 MB | 3.2/4.2 MB | 1.0/2.2 MB | 700/821 kB | 0.5/1.3 MBProgress (5): 10/12 MB | 3.2/4.2 MB | 1.0/2.2 MB | 716/821 kB | 0.5/1.3 MBProgress (5): 10/12 MB | 3.2/4.2 MB | 1.0/2.2 MB | 716/821 kB | 0.5/1.3 MBProgress (5): 10/12 MB | 3.2/4.2 MB | 1.0/2.2 MB | 716/821 kB | 0.5/1.3 MBProgress (5): 10/12 MB | 3.2/4.2 MB | 1.0/2.2 MB | 716/821 kB | 0.5/1.3 MBProgress (5): 10/12 MB | 3.2/4.2 MB | 1.0/2.2 MB | 716/821 kB | 0.5/1.3 MBProgress (5): 10/12 MB | 3.2/4.2 MB | 1.0/2.2 MB | 732/821 kB | 0.5/1.3 MBProgress (5): 11/12 MB | 3.2/4.2 MB | 1.0/2.2 MB | 732/821 kB | 0.5/1.3 MBProgress (5): 11/12 MB | 3.2/4.2 MB | 1.0/2.2 MB | 732/821 kB | 0.5/1.3 MBProgress (5): 11/12 MB | 3.2/4.2 MB | 1.0/2.2 MB | 732/821 kB | 0.5/1.3 MBProgress (5): 11/12 MB | 3.2/4.2 MB | 1.0/2.2 MB | 745/821 kB | 0.5/1.3 MBProgress (5): 11/12 MB | 3.2/4.2 MB | 1.0/2.2 MB | 749/821 kB | 0.5/1.3 MBProgress (5): 11/12 MB | 3.3/4.2 MB | 1.0/2.2 MB | 749/821 kB | 0.5/1.3 MBProgress (5): 11/12 MB | 3.3/4.2 MB | 1.0/2.2 MB | 749/821 kB | 0.5/1.3 MBProgress (5): 11/12 MB | 3.3/4.2 MB | 1.0/2.2 MB | 749/821 kB | 0.6/1.3 MBProgress (5): 11/12 MB | 3.3/4.2 MB | 1.0/2.2 MB | 765/821 kB | 0.6/1.3 MBProgress (5): 11/12 MB | 3.3/4.2 MB | 1.0/2.2 MB | 765/821 kB | 0.6/1.3 MBProgress (5): 11/12 MB | 3.3/4.2 MB | 1.0/2.2 MB | 765/821 kB | 0.6/1.3 MBProgress (5): 11/12 MB | 3.3/4.2 MB | 1.0/2.2 MB | 765/821 kB | 0.6/1.3 MBProgress (5): 11/12 MB | 3.3/4.2 MB | 1.0/2.2 MB | 765/821 kB | 0.6/1.3 MBProgress (5): 11/12 MB | 3.3/4.2 MB | 1.0/2.2 MB | 782/821 kB | 0.6/1.3 MBProgress (5): 11/12 MB | 3.3/4.2 MB | 1.0/2.2 MB | 782/821 kB | 0.6/1.3 MBProgress (5): 11/12 MB | 3.3/4.2 MB | 1.0/2.2 MB | 782/821 kB | 0.6/1.3 MBProgress (5): 11/12 MB | 3.3/4.2 MB | 1.0/2.2 MB | 782/821 kB | 0.6/1.3 MBProgress (5): 11/12 MB | 3.3/4.2 MB | 1.1/2.2 MB | 782/821 kB | 0.6/1.3 MBProgress (5): 11/12 MB | 3.3/4.2 MB | 1.1/2.2 MB | 782/821 kB | 0.6/1.3 MBProgress (5): 11/12 MB | 3.3/4.2 MB | 1.1/2.2 MB | 782/821 kB | 0.6/1.3 MBProgress (5): 11/12 MB | 3.3/4.2 MB | 1.1/2.2 MB | 798/821 kB | 0.6/1.3 MBProgress (5): 11/12 MB | 3.3/4.2 MB | 1.1/2.2 MB | 798/821 kB | 0.6/1.3 MBProgress (5): 11/12 MB | 3.3/4.2 MB | 1.1/2.2 MB | 798/821 kB | 0.6/1.3 MBProgress (5): 11/12 MB | 3.3/4.2 MB | 1.1/2.2 MB | 798/821 kB | 0.6/1.3 MBProgress (5): 11/12 MB | 3.3/4.2 MB | 1.1/2.2 MB | 814/821 kB | 0.6/1.3 MBProgress (5): 11/12 MB | 3.3/4.2 MB | 1.1/2.2 MB | 814/821 kB | 0.6/1.3 MBProgress (5): 11/12 MB | 3.3/4.2 MB | 1.1/2.2 MB | 821 kB | 0.6/1.3 MB    Progress (5): 11/12 MB | 3.3/4.2 MB | 1.1/2.2 MB | 821 kB | 0.6/1.3 MB                                                                      Downloaded from central: https://repo.maven.apache.org/maven2/org/springframework/kafka/spring-kafka/3.1.1/spring-kafka-3.1.1.jar (821 kB at 78 kB/s)
Downloading from central: https://repo.maven.apache.org/maven2/org/springframework/spring-messaging/6.1.2/spring-messaging-6.1.2.jar
Progress (4): 11/12 MB | 3.3/4.2 MB | 1.1/2.2 MB | 0.6/1.3 MBProgress (4): 11/12 MB | 3.3/4.2 MB | 1.1/2.2 MB | 0.6/1.3 MBProgress (4): 11/12 MB | 3.3/4.2 MB | 1.1/2.2 MB | 0.6/1.3 MBProgress (4): 11/12 MB | 3.3/4.2 MB | 1.1/2.2 MB | 0.6/1.3 MBProgress (4): 11/12 MB | 3.3/4.2 MB | 1.1/2.2 MB | 0.7/1.3 MBProgress (4): 11/12 MB | 3.3/4.2 MB | 1.1/2.2 MB | 0.7/1.3 MBProgress (4): 11/12 MB | 3.3/4.2 MB | 1.1/2.2 MB | 0.7/1.3 MBProgress (4): 11/12 MB | 3.3/4.2 MB | 1.1/2.2 MB | 0.7/1.3 MBProgress (4): 11/12 MB | 3.3/4.2 MB | 1.1/2.2 MB | 0.7/1.3 MBProgress (4): 11/12 MB | 3.3/4.2 MB | 1.1/2.2 MB | 0.7/1.3 MBProgress (4): 11/12 MB | 3.3/4.2 MB | 1.1/2.2 MB | 0.7/1.3 MBProgress (4): 11/12 MB | 3.4/4.2 MB | 1.1/2.2 MB | 0.7/1.3 MBProgress (4): 11/12 MB | 3.4/4.2 MB | 1.1/2.2 MB | 0.7/1.3 MBProgress (4): 11/12 MB | 3.4/4.2 MB | 1.1/2.2 MB | 0.7/1.3 MBProgress (5): 11/12 MB | 3.4/4.2 MB | 1.1/2.2 MB | 0.7/1.3 MB | 7.7/613 kBProgress (5): 11/12 MB | 3.4/4.2 MB | 1.1/2.2 MB | 0.7/1.3 MB | 12/613 kB Progress (5): 11/12 MB | 3.4/4.2 MB | 1.1/2.2 MB | 0.7/1.3 MB | 12/613 kBProgress (5): 11/12 MB | 3.4/4.2 MB | 1.1/2.2 MB | 0.7/1.3 MB | 28/613 kBProgress (5): 11/12 MB | 3.4/4.2 MB | 1.1/2.2 MB | 0.7/1.3 MB | 28/613 kBProgress (5): 11/12 MB | 3.4/4.2 MB | 1.1/2.2 MB | 0.7/1.3 MB | 28/613 kBProgress (5): 11/12 MB | 3.4/4.2 MB | 1.1/2.2 MB | 0.7/1.3 MB | 44/613 kBProgress (5): 11/12 MB | 3.4/4.2 MB | 1.1/2.2 MB | 0.7/1.3 MB | 44/613 kBProgress (5): 11/12 MB | 3.4/4.2 MB | 1.1/2.2 MB | 0.7/1.3 MB | 44/613 kBProgress (5): 11/12 MB | 3.4/4.2 MB | 1.1/2.2 MB | 0.7/1.3 MB | 44/613 kBProgress (5): 11/12 MB | 3.4/4.2 MB | 1.1/2.2 MB | 0.7/1.3 MB | 44/613 kBProgress (5): 11/12 MB | 3.4/4.2 MB | 1.1/2.2 MB | 0.7/1.3 MB | 61/613 kBProgress (5): 11/12 MB | 3.4/4.2 MB | 1.1/2.2 MB | 0.7/1.3 MB | 61/613 kBProgress (5): 11/12 MB | 3.4/4.2 MB | 1.1/2.2 MB | 0.7/1.3 MB | 61/613 kBProgress (5): 11/12 MB | 3.4/4.2 MB | 1.1/2.2 MB | 0.7/1.3 MB | 77/613 kBProgress (5): 11/12 MB | 3.4/4.2 MB | 1.1/2.2 MB | 0.8/1.3 MB | 77/613 kBProgress (5): 11/12 MB | 3.4/4.2 MB | 1.1/2.2 MB | 0.8/1.3 MB | 77/613 kBProgress (5): 11/12 MB | 3.4/4.2 MB | 1.1/2.2 MB | 0.8/1.3 MB | 77/613 kBProgress (5): 11/12 MB | 3.4/4.2 MB | 1.1/2.2 MB | 0.8/1.3 MB | 77/613 kBProgress (5): 11/12 MB | 3.4/4.2 MB | 1.1/2.2 MB | 0.8/1.3 MB | 77/613 kBProgress (5): 11/12 MB | 3.4/4.2 MB | 1.1/2.2 MB | 0.8/1.3 MB | 77/613 kBProgress (5): 11/12 MB | 3.4/4.2 MB | 1.1/2.2 MB | 0.8/1.3 MB | 93/613 kBProgress (5): 11/12 MB | 3.4/4.2 MB | 1.1/2.2 MB | 0.8/1.3 MB | 110/613 kBProgress (5): 11/12 MB | 3.4/4.2 MB | 1.1/2.2 MB | 0.8/1.3 MB | 110/613 kBProgress (5): 11/12 MB | 3.4/4.2 MB | 1.2/2.2 MB | 0.8/1.3 MB | 110/613 kBProgress (5): 11/12 MB | 3.4/4.2 MB | 1.2/2.2 MB | 0.8/1.3 MB | 110/613 kBProgress (5): 11/12 MB | 3.4/4.2 MB | 1.2/2.2 MB | 0.8/1.3 MB | 110/613 kBProgress (5): 11/12 MB | 3.4/4.2 MB | 1.2/2.2 MB | 0.8/1.3 MB | 110/613 kBProgress (5): 11/12 MB | 3.4/4.2 MB | 1.2/2.2 MB | 0.8/1.3 MB | 110/613 kBProgress (5): 11/12 MB | 3.4/4.2 MB | 1.2/2.2 MB | 0.8/1.3 MB | 110/613 kBProgress (5): 11/12 MB | 3.4/4.2 MB | 1.2/2.2 MB | 0.8/1.3 MB | 110/613 kBProgress (5): 11/12 MB | 3.4/4.2 MB | 1.2/2.2 MB | 0.8/1.3 MB | 110/613 kBProgress (5): 11/12 MB | 3.4/4.2 MB | 1.2/2.2 MB | 0.8/1.3 MB | 110/613 kBProgress (5): 11/12 MB | 3.4/4.2 MB | 1.2/2.2 MB | 0.8/1.3 MB | 110/613 kBProgress (5): 11/12 MB | 3.5/4.2 MB | 1.2/2.2 MB | 0.8/1.3 MB | 110/613 kBProgress (5): 11/12 MB | 3.5/4.2 MB | 1.2/2.2 MB | 0.8/1.3 MB | 110/613 kBProgress (5): 11/12 MB | 3.5/4.2 MB | 1.2/2.2 MB | 0.8/1.3 MB | 126/613 kBProgress (5): 11/12 MB | 3.5/4.2 MB | 1.2/2.2 MB | 0.8/1.3 MB | 126/613 kBProgress (5): 11/12 MB | 3.5/4.2 MB | 1.2/2.2 MB | 0.8/1.3 MB | 126/613 kBProgress (5): 11/12 MB | 3.5/4.2 MB | 1.2/2.2 MB | 0.9/1.3 MB | 126/613 kBProgress (5): 11/12 MB | 3.5/4.2 MB | 1.2/2.2 MB | 0.9/1.3 MB | 143/613 kBProgress (5): 11/12 MB | 3.5/4.2 MB | 1.2/2.2 MB | 0.9/1.3 MB | 143/613 kBProgress (5): 11/12 MB | 3.5/4.2 MB | 1.2/2.2 MB | 0.9/1.3 MB | 143/613 kBProgress (5): 11/12 MB | 3.5/4.2 MB | 1.2/2.2 MB | 0.9/1.3 MB | 159/613 kBProgress (5): 11/12 MB | 3.5/4.2 MB | 1.2/2.2 MB | 0.9/1.3 MB | 159/613 kBProgress (5): 11/12 MB | 3.5/4.2 MB | 1.2/2.2 MB | 0.9/1.3 MB | 159/613 kBProgress (5): 11/12 MB | 3.5/4.2 MB | 1.2/2.2 MB | 0.9/1.3 MB | 159/613 kBProgress (5): 11/12 MB | 3.5/4.2 MB | 1.2/2.2 MB | 0.9/1.3 MB | 175/613 kBProgress (5): 11/12 MB | 3.5/4.2 MB | 1.2/2.2 MB | 0.9/1.3 MB | 175/613 kBProgress (5): 11/12 MB | 3.5/4.2 MB | 1.2/2.2 MB | 0.9/1.3 MB | 175/613 kBProgress (5): 11/12 MB | 3.5/4.2 MB | 1.2/2.2 MB | 0.9/1.3 MB | 192/613 kBProgress (5): 11/12 MB | 3.5/4.2 MB | 1.2/2.2 MB | 0.9/1.3 MB | 192/613 kBProgress (5): 11/12 MB | 3.5/4.2 MB | 1.2/2.2 MB | 0.9/1.3 MB | 192/613 kBProgress (5): 11/12 MB | 3.5/4.2 MB | 1.2/2.2 MB | 0.9/1.3 MB | 192/613 kBProgress (5): 11/12 MB | 3.5/4.2 MB | 1.2/2.2 MB | 0.9/1.3 MB | 192/613 kBProgress (5): 11/12 MB | 3.5/4.2 MB | 1.2/2.2 MB | 0.9/1.3 MB | 208/613 kBProgress (5): 11/12 MB | 3.5/4.2 MB | 1.2/2.2 MB | 0.9/1.3 MB | 208/613 kBProgress (5): 11/12 MB | 3.5/4.2 MB | 1.2/2.2 MB | 0.9/1.3 MB | 225/613 kBProgress (5): 11/12 MB | 3.5/4.2 MB | 1.2/2.2 MB | 0.9/1.3 MB | 225/613 kBProgress (5): 11/12 MB | 3.5/4.2 MB | 1.2/2.2 MB | 0.9/1.3 MB | 225/613 kBProgress (5): 11/12 MB | 3.5/4.2 MB | 1.2/2.2 MB | 0.9/1.3 MB | 241/613 kBProgress (5): 11/12 MB | 3.5/4.2 MB | 1.2/2.2 MB | 0.9/1.3 MB | 241/613 kBProgress (5): 11/12 MB | 3.5/4.2 MB | 1.2/2.2 MB | 1.0/1.3 MB | 241/613 kBProgress (5): 11/12 MB | 3.5/4.2 MB | 1.2/2.2 MB | 1.0/1.3 MB | 241/613 kBProgress (5): 11/12 MB | 3.5/4.2 MB | 1.2/2.2 MB | 1.0/1.3 MB | 257/613 kBProgress (5): 11/12 MB | 3.5/4.2 MB | 1.2/2.2 MB | 1.0/1.3 MB | 257/613 kBProgress (5): 11/12 MB | 3.5/4.2 MB | 1.2/2.2 MB | 1.0/1.3 MB | 257/613 kBProgress (5): 11/12 MB | 3.5/4.2 MB | 1.2/2.2 MB | 1.0/1.3 MB | 274/613 kBProgress (5): 11/12 MB | 3.5/4.2 MB | 1.2/2.2 MB | 1.0/1.3 MB | 274/613 kBProgress (5): 11/12 MB | 3.5/4.2 MB | 1.2/2.2 MB | 1.0/1.3 MB | 274/613 kBProgress (5): 11/12 MB | 3.5/4.2 MB | 1.2/2.2 MB | 1.0/1.3 MB | 274/613 kBProgress (5): 11/12 MB | 3.5/4.2 MB | 1.3/2.2 MB | 1.0/1.3 MB | 274/613 kBProgress (5): 11/12 MB | 3.5/4.2 MB | 1.3/2.2 MB | 1.0/1.3 MB | 274/613 kBProgress (5): 11/12 MB | 3.5/4.2 MB | 1.3/2.2 MB | 1.0/1.3 MB | 274/613 kBProgress (5): 11/12 MB | 3.5/4.2 MB | 1.3/2.2 MB | 1.0/1.3 MB | 290/613 kBProgress (5): 11/12 MB | 3.5/4.2 MB | 1.3/2.2 MB | 1.0/1.3 MB | 290/613 kBProgress (5): 11/12 MB | 3.5/4.2 MB | 1.3/2.2 MB | 1.0/1.3 MB | 290/613 kBProgress (5): 11/12 MB | 3.6/4.2 MB | 1.3/2.2 MB | 1.0/1.3 MB | 290/613 kBProgress (5): 11/12 MB | 3.6/4.2 MB | 1.3/2.2 MB | 1.0/1.3 MB | 290/613 kBProgress (5): 11/12 MB | 3.6/4.2 MB | 1.3/2.2 MB | 1.0/1.3 MB | 306/613 kBProgress (5): 11/12 MB | 3.6/4.2 MB | 1.3/2.2 MB | 1.0/1.3 MB | 306/613 kBProgress (5): 11/12 MB | 3.6/4.2 MB | 1.3/2.2 MB | 1.0/1.3 MB | 306/613 kBProgress (5): 11/12 MB | 3.6/4.2 MB | 1.3/2.2 MB | 1.0/1.3 MB | 306/613 kBProgress (5): 11/12 MB | 3.6/4.2 MB | 1.3/2.2 MB | 1.0/1.3 MB | 323/613 kBProgress (5): 11/12 MB | 3.6/4.2 MB | 1.3/2.2 MB | 1.0/1.3 MB | 323/613 kBProgress (5): 11/12 MB | 3.6/4.2 MB | 1.3/2.2 MB | 1.1/1.3 MB | 323/613 kBProgress (5): 11/12 MB | 3.6/4.2 MB | 1.3/2.2 MB | 1.1/1.3 MB | 339/613 kBProgress (5): 11/12 MB | 3.6/4.2 MB | 1.3/2.2 MB | 1.1/1.3 MB | 339/613 kBProgress (5): 11/12 MB | 3.6/4.2 MB | 1.3/2.2 MB | 1.1/1.3 MB | 339/613 kBProgress (5): 11/12 MB | 3.6/4.2 MB | 1.3/2.2 MB | 1.1/1.3 MB | 339/613 kBProgress (5): 11/12 MB | 3.6/4.2 MB | 1.3/2.2 MB | 1.1/1.3 MB | 356/613 kBProgress (5): 11/12 MB | 3.6/4.2 MB | 1.3/2.2 MB | 1.1/1.3 MB | 356/613 kBProgress (5): 11/12 MB | 3.6/4.2 MB | 1.3/2.2 MB | 1.1/1.3 MB | 356/613 kBProgress (5): 11/12 MB | 3.6/4.2 MB | 1.3/2.2 MB | 1.1/1.3 MB | 356/613 kBProgress (5): 11/12 MB | 3.6/4.2 MB | 1.3/2.2 MB | 1.1/1.3 MB | 356/613 kBProgress (5): 11/12 MB | 3.6/4.2 MB | 1.3/2.2 MB | 1.1/1.3 MB | 372/613 kBProgress (5): 11/12 MB | 3.6/4.2 MB | 1.3/2.2 MB | 1.1/1.3 MB | 372/613 kBProgress (5): 11/12 MB | 3.6/4.2 MB | 1.3/2.2 MB | 1.1/1.3 MB | 372/613 kBProgress (5): 11/12 MB | 3.6/4.2 MB | 1.3/2.2 MB | 1.1/1.3 MB | 388/613 kBProgress (5): 11/12 MB | 3.6/4.2 MB | 1.3/2.2 MB | 1.1/1.3 MB | 388/613 kBProgress (5): 11/12 MB | 3.6/4.2 MB | 1.3/2.2 MB | 1.1/1.3 MB | 388/613 kBProgress (5): 11/12 MB | 3.6/4.2 MB | 1.3/2.2 MB | 1.1/1.3 MB | 388/613 kBProgress (5): 11/12 MB | 3.6/4.2 MB | 1.3/2.2 MB | 1.1/1.3 MB | 405/613 kBProgress (5): 11/12 MB | 3.6/4.2 MB | 1.3/2.2 MB | 1.1/1.3 MB | 405/613 kBProgress (5): 11/12 MB | 3.6/4.2 MB | 1.3/2.2 MB | 1.1/1.3 MB | 405/613 kBProgress (5): 11/12 MB | 3.6/4.2 MB | 1.3/2.2 MB | 1.1/1.3 MB | 405/613 kBProgress (5): 11/12 MB | 3.6/4.2 MB | 1.3/2.2 MB | 1.1/1.3 MB | 421/613 kBProgress (5): 11/12 MB | 3.6/4.2 MB | 1.3/2.2 MB | 1.2/1.3 MB | 421/613 kBProgress (5): 11/12 MB | 3.6/4.2 MB | 1.3/2.2 MB | 1.2/1.3 MB | 421/613 kBProgress (5): 11/12 MB | 3.6/4.2 MB | 1.3/2.2 MB | 1.2/1.3 MB | 421/613 kBProgress (5): 11/12 MB | 3.6/4.2 MB | 1.3/2.2 MB | 1.2/1.3 MB | 421/613 kBProgress (5): 11/12 MB | 3.6/4.2 MB | 1.3/2.2 MB | 1.2/1.3 MB | 438/613 kBProgress (5): 11/12 MB | 3.6/4.2 MB | 1.3/2.2 MB | 1.2/1.3 MB | 438/613 kBProgress (5): 11/12 MB | 3.6/4.2 MB | 1.3/2.2 MB | 1.2/1.3 MB | 438/613 kBProgress (5): 11/12 MB | 3.6/4.2 MB | 1.3/2.2 MB | 1.2/1.3 MB | 438/613 kBProgress (5): 11/12 MB | 3.6/4.2 MB | 1.3/2.2 MB | 1.2/1.3 MB | 454/613 kBProgress (5): 11/12 MB | 3.6/4.2 MB | 1.3/2.2 MB | 1.2/1.3 MB | 454/613 kBProgress (5): 11/12 MB | 3.6/4.2 MB | 1.3/2.2 MB | 1.2/1.3 MB | 454/613 kBProgress (5): 11/12 MB | 3.6/4.2 MB | 1.3/2.2 MB | 1.2/1.3 MB | 454/613 kBProgress (5): 11/12 MB | 3.6/4.2 MB | 1.3/2.2 MB | 1.2/1.3 MB | 470/613 kBProgress (5): 11/12 MB | 3.6/4.2 MB | 1.3/2.2 MB | 1.2/1.3 MB | 470/613 kBProgress (5): 11/12 MB | 3.6/4.2 MB | 1.3/2.2 MB | 1.2/1.3 MB | 487/613 kBProgress (5): 11/12 MB | 3.6/4.2 MB | 1.3/2.2 MB | 1.2/1.3 MB | 487/613 kBProgress (5): 11/12 MB | 3.6/4.2 MB | 1.4/2.2 MB | 1.2/1.3 MB | 487/613 kBProgress (5): 11/12 MB | 3.6/4.2 MB | 1.4/2.2 MB | 1.2/1.3 MB | 487/613 kBProgress (5): 11/12 MB | 3.6/4.2 MB | 1.4/2.2 MB | 1.2/1.3 MB | 487/613 kBProgress (5): 11/12 MB | 3.6/4.2 MB | 1.4/2.2 MB | 1.2/1.3 MB | 503/613 kBProgress (5): 11/12 MB | 3.6/4.2 MB | 1.4/2.2 MB | 1.2/1.3 MB | 503/613 kBProgress (5): 11/12 MB | 3.6/4.2 MB | 1.4/2.2 MB | 1.2/1.3 MB | 503/613 kBProgress (5): 11/12 MB | 3.6/4.2 MB | 1.4/2.2 MB | 1.2/1.3 MB | 503/613 kBProgress (5): 11/12 MB | 3.6/4.2 MB | 1.4/2.2 MB | 1.2/1.3 MB | 503/613 kBProgress (5): 11/12 MB | 3.7/4.2 MB | 1.4/2.2 MB | 1.2/1.3 MB | 503/613 kBProgress (5): 11/12 MB | 3.7/4.2 MB | 1.4/2.2 MB | 1.3/1.3 MB | 503/613 kBProgress (5): 11/12 MB | 3.7/4.2 MB | 1.4/2.2 MB | 1.3/1.3 MB | 503/613 kBProgress (5): 11/12 MB | 3.7/4.2 MB | 1.4/2.2 MB | 1.3/1.3 MB | 503/613 kBProgress (5): 11/12 MB | 3.7/4.2 MB | 1.4/2.2 MB | 1.3/1.3 MB | 503/613 kBProgress (5): 11/12 MB | 3.7/4.2 MB | 1.4/2.2 MB | 1.3/1.3 MB | 503/613 kBProgress (5): 11/12 MB | 3.7/4.2 MB | 1.4/2.2 MB | 1.3/1.3 MB | 519/613 kBProgress (5): 11/12 MB | 3.7/4.2 MB | 1.4/2.2 MB | 1.3/1.3 MB | 519/613 kBProgress (5): 11/12 MB | 3.7/4.2 MB | 1.4/2.2 MB | 1.3/1.3 MB | 519/613 kBProgress (5): 11/12 MB | 3.7/4.2 MB | 1.4/2.2 MB | 1.3 MB | 519/613 kB    Progress (5): 11/12 MB | 3.7/4.2 MB | 1.4/2.2 MB | 1.3 MB | 536/613 kB                                                                      Downloaded from central: https://repo.maven.apache.org/maven2/org/springframework/spring-context/6.1.2/spring-context-6.1.2.jar (1.3 MB at 119 kB/s)
Downloading from central: https://repo.maven.apache.org/maven2/org/springframework/spring-tx/6.1.2/spring-tx-6.1.2.jar
Progress (4): 11/12 MB | 3.7/4.2 MB | 1.4/2.2 MB | 536/613 kBProgress (4): 11/12 MB | 3.7/4.2 MB | 1.4/2.2 MB | 552/613 kBProgress (4): 11/12 MB | 3.7/4.2 MB | 1.4/2.2 MB | 552/613 kBProgress (4): 11/12 MB | 3.7/4.2 MB | 1.4/2.2 MB | 569/613 kBProgress (4): 11/12 MB | 3.7/4.2 MB | 1.4/2.2 MB | 569/613 kBProgress (4): 11/12 MB | 3.7/4.2 MB | 1.4/2.2 MB | 569/613 kBProgress (4): 11/12 MB | 3.7/4.2 MB | 1.4/2.2 MB | 569/613 kBProgress (4): 11/12 MB | 3.7/4.2 MB | 1.4/2.2 MB | 569/613 kBProgress (4): 11/12 MB | 3.7/4.2 MB | 1.4/2.2 MB | 569/613 kBProgress (4): 11/12 MB | 3.7/4.2 MB | 1.4/2.2 MB | 585/613 kBProgress (4): 11/12 MB | 3.7/4.2 MB | 1.4/2.2 MB | 585/613 kBProgress (4): 11/12 MB | 3.7/4.2 MB | 1.4/2.2 MB | 601/613 kBProgress (4): 11/12 MB | 3.7/4.2 MB | 1.4/2.2 MB | 601/613 kBProgress (4): 11/12 MB | 3.7/4.2 MB | 1.4/2.2 MB | 601/613 kBProgress (4): 11/12 MB | 3.7/4.2 MB | 1.4/2.2 MB | 601/613 kBProgress (4): 11/12 MB | 3.7/4.2 MB | 1.4/2.2 MB | 613 kB                                                             Downloaded from central: https://repo.maven.apache.org/maven2/org/springframework/spring-messaging/6.1.2/spring-messaging-6.1.2.jar (613 kB at 56 kB/s)
Downloading from central: https://repo.maven.apache.org/maven2/org/springframework/retry/spring-retry/2.0.5/spring-retry-2.0.5.jar
Progress (3): 11/12 MB | 3.7/4.2 MB | 1.4/2.2 MBProgress (3): 11/12 MB | 3.7/4.2 MB | 1.4/2.2 MBProgress (3): 11/12 MB | 3.7/4.2 MB | 1.4/2.2 MBProgress (3): 11/12 MB | 3.7/4.2 MB | 1.4/2.2 MBProgress (3): 11/12 MB | 3.7/4.2 MB | 1.5/2.2 MBProgress (3): 11/12 MB | 3.7/4.2 MB | 1.5/2.2 MBProgress (3): 11/12 MB | 3.7/4.2 MB | 1.5/2.2 MBProgress (3): 11/12 MB | 3.7/4.2 MB | 1.5/2.2 MBProgress (3): 11/12 MB | 3.7/4.2 MB | 1.5/2.2 MBProgress (3): 11/12 MB | 3.7/4.2 MB | 1.5/2.2 MBProgress (3): 11/12 MB | 3.7/4.2 MB | 1.5/2.2 MBProgress (4): 11/12 MB | 3.7/4.2 MB | 1.5/2.2 MB | 3.4/284 kBProgress (4): 11/12 MB | 3.7/4.2 MB | 1.5/2.2 MB | 3.4/284 kBProgress (4): 11/12 MB | 3.8/4.2 MB | 1.5/2.2 MB | 3.4/284 kBProgress (4): 11/12 MB | 3.8/4.2 MB | 1.5/2.2 MB | 20/284 kB Progress (4): 11/12 MB | 3.8/4.2 MB | 1.5/2.2 MB | 20/284 kBProgress (4): 11/12 MB | 3.8/4.2 MB | 1.5/2.2 MB | 36/284 kBProgress (4): 11/12 MB | 3.8/4.2 MB | 1.5/2.2 MB | 36/284 kBProgress (4): 11/12 MB | 3.8/4.2 MB | 1.5/2.2 MB | 36/284 kBProgress (4): 11/12 MB | 3.8/4.2 MB | 1.5/2.2 MB | 36/284 kBProgress (4): 11/12 MB | 3.8/4.2 MB | 1.5/2.2 MB | 36/284 kBProgress (4): 11/12 MB | 3.8/4.2 MB | 1.5/2.2 MB | 53/284 kBProgress (4): 11/12 MB | 3.8/4.2 MB | 1.5/2.2 MB | 61/284 kBProgress (4): 11/12 MB | 3.8/4.2 MB | 1.5/2.2 MB | 61/284 kBProgress (5): 11/12 MB | 3.8/4.2 MB | 1.5/2.2 MB | 61/284 kB | 7.7/155 kBProgress (5): 11/12 MB | 3.8/4.2 MB | 1.5/2.2 MB | 61/284 kB | 8.2/155 kBProgress (5): 11/12 MB | 3.8/4.2 MB | 1.5/2.2 MB | 77/284 kB | 8.2/155 kBProgress (5): 11/12 MB | 3.8/4.2 MB | 1.5/2.2 MB | 77/284 kB | 8.2/155 kBProgress (5): 11/12 MB | 3.8/4.2 MB | 1.5/2.2 MB | 77/284 kB | 8.2/155 kBProgress (5): 11/12 MB | 3.8/4.2 MB | 1.5/2.2 MB | 77/284 kB | 8.2/155 kBProgress (5): 11/12 MB | 3.8/4.2 MB | 1.5/2.2 MB | 77/284 kB | 25/155 kB Progress (5): 11/12 MB | 3.8/4.2 MB | 1.5/2.2 MB | 93/284 kB | 25/155 kBProgress (5): 12/12 MB | 3.8/4.2 MB | 1.5/2.2 MB | 93/284 kB | 25/155 kBProgress (5): 12/12 MB | 3.8/4.2 MB | 1.5/2.2 MB | 93/284 kB | 41/155 kBProgress (5): 12/12 MB | 3.8/4.2 MB | 1.5/2.2 MB | 110/284 kB | 41/155 kBProgress (5): 12/12 MB | 3.8/4.2 MB | 1.5/2.2 MB | 110/284 kB | 41/155 kBProgress (5): 12/12 MB | 3.8/4.2 MB | 1.5/2.2 MB | 110/284 kB | 41/155 kBProgress (5): 12/12 MB | 3.8/4.2 MB | 1.5/2.2 MB | 110/284 kB | 41/155 kBProgress (5): 12/12 MB | 3.8/4.2 MB | 1.5/2.2 MB | 110/284 kB | 57/155 kBProgress (5): 12/12 MB | 3.8/4.2 MB | 1.5/2.2 MB | 126/284 kB | 57/155 kBProgress (5): 12/12 MB | 3.8/4.2 MB | 1.5/2.2 MB | 126/284 kB | 57/155 kBProgress (5): 12/12 MB | 3.8/4.2 MB | 1.5/2.2 MB | 126/284 kB | 74/155 kBProgress (5): 12/12 MB | 3.8/4.2 MB | 1.6/2.2 MB | 126/284 kB | 74/155 kBProgress (5): 12 MB | 3.8/4.2 MB | 1.6/2.2 MB | 126/284 kB | 74/155 kB   Progress (5): 12 MB | 3.8/4.2 MB | 1.6/2.2 MB | 143/284 kB | 74/155 kB                                                                      Downloaded from central: https://repo.maven.apache.org/maven2/org/hibernate/orm/hibernate-core/6.4.1.Final/hibernate-core-6.4.1.Final.jar (12 MB at 1.1 MB/s)
Downloading from central: https://repo.maven.apache.org/maven2/org/apache/kafka/kafka-clients/3.6.1/kafka-clients-3.6.1.jar
Progress (4): 3.8/4.2 MB | 1.6/2.2 MB | 143/284 kB | 74/155 kBProgress (4): 3.8/4.2 MB | 1.6/2.2 MB | 143/284 kB | 74/155 kBProgress (4): 3.8/4.2 MB | 1.6/2.2 MB | 143/284 kB | 90/155 kBProgress (4): 3.8/4.2 MB | 1.6/2.2 MB | 159/284 kB | 90/155 kBProgress (4): 3.8/4.2 MB | 1.6/2.2 MB | 159/284 kB | 106/155 kBProgress (4): 3.8/4.2 MB | 1.6/2.2 MB | 159/284 kB | 106/155 kBProgress (4): 3.8/4.2 MB | 1.6/2.2 MB | 175/284 kB | 106/155 kBProgress (4): 3.8/4.2 MB | 1.6/2.2 MB | 175/284 kB | 123/155 kBProgress (4): 3.8/4.2 MB | 1.6/2.2 MB | 175/284 kB | 123/155 kBProgress (4): 3.8/4.2 MB | 1.6/2.2 MB | 192/284 kB | 123/155 kBProgress (4): 3.8/4.2 MB | 1.6/2.2 MB | 192/284 kB | 123/155 kBProgress (4): 3.8/4.2 MB | 1.6/2.2 MB | 208/284 kB | 123/155 kBProgress (4): 3.8/4.2 MB | 1.6/2.2 MB | 225/284 kB | 123/155 kBProgress (4): 3.9/4.2 MB | 1.6/2.2 MB | 225/284 kB | 123/155 kBProgress (4): 3.9/4.2 MB | 1.6/2.2 MB | 241/284 kB | 123/155 kBProgress (4): 3.9/4.2 MB | 1.6/2.2 MB | 241/284 kB | 123/155 kBProgress (4): 3.9/4.2 MB | 1.6/2.2 MB | 257/284 kB | 123/155 kBProgress (4): 3.9/4.2 MB | 1.6/2.2 MB | 257/284 kB | 123/155 kBProgress (4): 3.9/4.2 MB | 1.6/2.2 MB | 274/284 kB | 123/155 kBProgress (4): 3.9/4.2 MB | 1.6/2.2 MB | 274/284 kB | 123/155 kBProgress (4): 3.9/4.2 MB | 1.6/2.2 MB | 274/284 kB | 123/155 kBProgress (4): 3.9/4.2 MB | 1.6/2.2 MB | 274/284 kB | 123/155 kBProgress (4): 3.9/4.2 MB | 1.6/2.2 MB | 274/284 kB | 123/155 kBProgress (4): 3.9/4.2 MB | 1.6/2.2 MB | 274/284 kB | 139/155 kBProgress (4): 3.9/4.2 MB | 1.6/2.2 MB | 284 kB | 139/155 kB    Progress (4): 3.9/4.2 MB | 1.6/2.2 MB | 284 kB | 139/155 kBProgress (4): 3.9/4.2 MB | 1.6/2.2 MB | 284 kB | 139/155 kB                                                           Downloaded from central: https://repo.maven.apache.org/maven2/org/springframework/spring-tx/6.1.2/spring-tx-6.1.2.jar (284 kB at 26 kB/s)
Downloading from central: https://repo.maven.apache.org/maven2/com/github/luben/zstd-jni/1.5.5-1/zstd-jni-1.5.5-1.jar
Progress (3): 3.9/4.2 MB | 1.6/2.2 MB | 155 kB                                              Downloaded from central: https://repo.maven.apache.org/maven2/org/springframework/retry/spring-retry/2.0.5/spring-retry-2.0.5.jar (155 kB at 14 kB/s)
Downloading from central: https://repo.maven.apache.org/maven2/org/lz4/lz4-java/1.8.0/lz4-java-1.8.0.jar
Progress (2): 3.9/4.2 MB | 1.7/2.2 MBProgress (2): 3.9/4.2 MB | 1.7/2.2 MBProgress (3): 3.9/4.2 MB | 1.7/2.2 MB | 0/5.3 MBProgress (3): 3.9/4.2 MB | 1.7/2.2 MB | 0/5.3 MBProgress (3): 3.9/4.2 MB | 1.7/2.2 MB | 0/5.3 MBProgress (3): 3.9/4.2 MB | 1.7/2.2 MB | 0/5.3 MBProgress (3): 4.0/4.2 MB | 1.7/2.2 MB | 0/5.3 MBProgress (3): 4.0/4.2 MB | 1.7/2.2 MB | 0/5.3 MBProgress (3): 4.0/4.2 MB | 1.7/2.2 MB | 0.1/5.3 MBProgress (3): 4.0/4.2 MB | 1.7/2.2 MB | 0.1/5.3 MBProgress (3): 4.0/4.2 MB | 1.7/2.2 MB | 0.1/5.3 MBProgress (3): 4.0/4.2 MB | 1.7/2.2 MB | 0.1/5.3 MBProgress (4): 4.0/4.2 MB | 1.7/2.2 MB | 0.1/5.3 MB | 0/6.0 MBProgress (4): 4.0/4.2 MB | 1.7/2.2 MB | 0.1/5.3 MB | 0/6.0 MBProgress (4): 4.0/4.2 MB | 1.7/2.2 MB | 0.1/5.3 MB | 0/6.0 MBProgress (4): 4.0/4.2 MB | 1.7/2.2 MB | 0.1/5.3 MB | 0/6.0 MBProgress (4): 4.0/4.2 MB | 1.7/2.2 MB | 0.1/5.3 MB | 0/6.0 MBProgress (5): 4.0/4.2 MB | 1.7/2.2 MB | 0.1/5.3 MB | 0/6.0 MB | 7.7/683 kBProgress (5): 4.0/4.2 MB | 1.7/2.2 MB | 0.1/5.3 MB | 0/6.0 MB | 12/683 kB Progress (5): 4.0/4.2 MB | 1.7/2.2 MB | 0.1/5.3 MB | 0/6.0 MB | 12/683 kBProgress (5): 4.0/4.2 MB | 1.7/2.2 MB | 0.1/5.3 MB | 0/6.0 MB | 12/683 kBProgress (5): 4.0/4.2 MB | 1.7/2.2 MB | 0.1/5.3 MB | 0/6.0 MB | 12/683 kBProgress (5): 4.0/4.2 MB | 1.7/2.2 MB | 0.1/5.3 MB | 0/6.0 MB | 28/683 kBProgress (5): 4.0/4.2 MB | 1.7/2.2 MB | 0.1/5.3 MB | 0.1/6.0 MB | 28/683 kBProgress (5): 4.0/4.2 MB | 1.7/2.2 MB | 0.1/5.3 MB | 0.1/6.0 MB | 28/683 kBProgress (5): 4.0/4.2 MB | 1.7/2.2 MB | 0.1/5.3 MB | 0.1/6.0 MB | 44/683 kBProgress (5): 4.0/4.2 MB | 1.7/2.2 MB | 0.1/5.3 MB | 0.1/6.0 MB | 44/683 kBProgress (5): 4.0/4.2 MB | 1.7/2.2 MB | 0.1/5.3 MB | 0.1/6.0 MB | 44/683 kBProgress (5): 4.0/4.2 MB | 1.7/2.2 MB | 0.1/5.3 MB | 0.1/6.0 MB | 44/683 kBProgress (5): 4.0/4.2 MB | 1.7/2.2 MB | 0.1/5.3 MB | 0.1/6.0 MB | 44/683 kBProgress (5): 4.0/4.2 MB | 1.7/2.2 MB | 0.1/5.3 MB | 0.1/6.0 MB | 61/683 kBProgress (5): 4.0/4.2 MB | 1.7/2.2 MB | 0.1/5.3 MB | 0.1/6.0 MB | 77/683 kBProgress (5): 4.0/4.2 MB | 1.7/2.2 MB | 0.2/5.3 MB | 0.1/6.0 MB | 77/683 kBProgress (5): 4.0/4.2 MB | 1.7/2.2 MB | 0.2/5.3 MB | 0.1/6.0 MB | 77/683 kBProgress (5): 4.0/4.2 MB | 1.7/2.2 MB | 0.2/5.3 MB | 0.1/6.0 MB | 77/683 kBProgress (5): 4.0/4.2 MB | 1.7/2.2 MB | 0.2/5.3 MB | 0.1/6.0 MB | 77/683 kBProgress (5): 4.0/4.2 MB | 1.7/2.2 MB | 0.2/5.3 MB | 0.1/6.0 MB | 77/683 kBProgress (5): 4.0/4.2 MB | 1.7/2.2 MB | 0.2/5.3 MB | 0.1/6.0 MB | 93/683 kBProgress (5): 4.0/4.2 MB | 1.7/2.2 MB | 0.2/5.3 MB | 0.1/6.0 MB | 93/683 kBProgress (5): 4.0/4.2 MB | 1.7/2.2 MB | 0.2/5.3 MB | 0.1/6.0 MB | 110/683 kBProgress (5): 4.0/4.2 MB | 1.7/2.2 MB | 0.2/5.3 MB | 0.1/6.0 MB | 110/683 kBProgress (5): 4.0/4.2 MB | 1.7/2.2 MB | 0.2/5.3 MB | 0.1/6.0 MB | 126/683 kBProgress (5): 4.0/4.2 MB | 1.8/2.2 MB | 0.2/5.3 MB | 0.1/6.0 MB | 126/683 kBProgress (5): 4.0/4.2 MB | 1.8/2.2 MB | 0.2/5.3 MB | 0.1/6.0 MB | 126/683 kBProgress (5): 4.0/4.2 MB | 1.8/2.2 MB | 0.2/5.3 MB | 0.1/6.0 MB | 126/683 kBProgress (5): 4.0/4.2 MB | 1.8/2.2 MB | 0.2/5.3 MB | 0.2/6.0 MB | 126/683 kBProgress (5): 4.0/4.2 MB | 1.8/2.2 MB | 0.2/5.3 MB | 0.2/6.0 MB | 126/683 kBProgress (5): 4.1/4.2 MB | 1.8/2.2 MB | 0.2/5.3 MB | 0.2/6.0 MB | 126/683 kBProgress (5): 4.1/4.2 MB | 1.8/2.2 MB | 0.2/5.3 MB | 0.2/6.0 MB | 126/683 kBProgress (5): 4.1/4.2 MB | 1.8/2.2 MB | 0.2/5.3 MB | 0.2/6.0 MB | 126/683 kBProgress (5): 4.1/4.2 MB | 1.8/2.2 MB | 0.2/5.3 MB | 0.2/6.0 MB | 126/683 kBProgress (5): 4.1/4.2 MB | 1.8/2.2 MB | 0.2/5.3 MB | 0.2/6.0 MB | 126/683 kBProgress (5): 4.1/4.2 MB | 1.8/2.2 MB | 0.2/5.3 MB | 0.2/6.0 MB | 126/683 kBProgress (5): 4.1/4.2 MB | 1.8/2.2 MB | 0.2/5.3 MB | 0.2/6.0 MB | 143/683 kBProgress (5): 4.1/4.2 MB | 1.8/2.2 MB | 0.2/5.3 MB | 0.2/6.0 MB | 143/683 kBProgress (5): 4.1/4.2 MB | 1.8/2.2 MB | 0.2/5.3 MB | 0.2/6.0 MB | 143/683 kBProgress (5): 4.1/4.2 MB | 1.8/2.2 MB | 0.2/5.3 MB | 0.2/6.0 MB | 143/683 kBProgress (5): 4.1/4.2 MB | 1.8/2.2 MB | 0.2/5.3 MB | 0.2/6.0 MB | 143/683 kBProgress (5): 4.1/4.2 MB | 1.8/2.2 MB | 0.2/5.3 MB | 0.2/6.0 MB | 159/683 kBProgress (5): 4.1/4.2 MB | 1.8/2.2 MB | 0.2/5.3 MB | 0.2/6.0 MB | 159/683 kBProgress (5): 4.1/4.2 MB | 1.8/2.2 MB | 0.2/5.3 MB | 0.2/6.0 MB | 159/683 kBProgress (5): 4.1/4.2 MB | 1.8/2.2 MB | 0.2/5.3 MB | 0.2/6.0 MB | 159/683 kBProgress (5): 4.1/4.2 MB | 1.8/2.2 MB | 0.2/5.3 MB | 0.2/6.0 MB | 159/683 kBProgress (5): 4.1/4.2 MB | 1.8/2.2 MB | 0.2/5.3 MB | 0.2/6.0 MB | 175/683 kBProgress (5): 4.1/4.2 MB | 1.8/2.2 MB | 0.2/5.3 MB | 0.2/6.0 MB | 175/683 kBProgress (5): 4.1/4.2 MB | 1.8/2.2 MB | 0.2/5.3 MB | 0.2/6.0 MB | 175/683 kBProgress (5): 4.1/4.2 MB | 1.8/2.2 MB | 0.2/5.3 MB | 0.2/6.0 MB | 175/683 kBProgress (5): 4.1/4.2 MB | 1.8/2.2 MB | 0.2/5.3 MB | 0.2/6.0 MB | 192/683 kBProgress (5): 4.1/4.2 MB | 1.8/2.2 MB | 0.3/5.3 MB | 0.2/6.0 MB | 192/683 kBProgress (5): 4.1/4.2 MB | 1.8/2.2 MB | 0.3/5.3 MB | 0.2/6.0 MB | 192/683 kBProgress (5): 4.1/4.2 MB | 1.8/2.2 MB | 0.3/5.3 MB | 0.3/6.0 MB | 192/683 kBProgress (5): 4.1/4.2 MB | 1.8/2.2 MB | 0.3/5.3 MB | 0.3/6.0 MB | 208/683 kBProgress (5): 4.1/4.2 MB | 1.8/2.2 MB | 0.3/5.3 MB | 0.3/6.0 MB | 208/683 kBProgress (5): 4.1/4.2 MB | 1.8/2.2 MB | 0.3/5.3 MB | 0.3/6.0 MB | 208/683 kBProgress (5): 4.1/4.2 MB | 1.8/2.2 MB | 0.3/5.3 MB | 0.3/6.0 MB | 208/683 kBProgress (5): 4.2/4.2 MB | 1.8/2.2 MB | 0.3/5.3 MB | 0.3/6.0 MB | 208/683 kBProgress (5): 4.2/4.2 MB | 1.8/2.2 MB | 0.3/5.3 MB | 0.3/6.0 MB | 208/683 kBProgress (5): 4.2/4.2 MB | 1.8/2.2 MB | 0.3/5.3 MB | 0.3/6.0 MB | 225/683 kBProgress (5): 4.2/4.2 MB | 1.8/2.2 MB | 0.3/5.3 MB | 0.3/6.0 MB | 225/683 kBProgress (5): 4.2/4.2 MB | 1.8/2.2 MB | 0.3/5.3 MB | 0.3/6.0 MB | 225/683 kBProgress (5): 4.2/4.2 MB | 1.8/2.2 MB | 0.3/5.3 MB | 0.3/6.0 MB | 241/683 kBProgress (5): 4.2/4.2 MB | 1.8/2.2 MB | 0.3/5.3 MB | 0.3/6.0 MB | 241/683 kBProgress (5): 4.2/4.2 MB | 1.8/2.2 MB | 0.3/5.3 MB | 0.3/6.0 MB | 241/683 kBProgress (5): 4.2/4.2 MB | 1.8/2.2 MB | 0.3/5.3 MB | 0.3/6.0 MB | 241/683 kBProgress (5): 4.2/4.2 MB | 1.9/2.2 MB | 0.3/5.3 MB | 0.3/6.0 MB | 241/683 kBProgress (5): 4.2/4.2 MB | 1.9/2.2 MB | 0.3/5.3 MB | 0.3/6.0 MB | 257/683 kBProgress (5): 4.2/4.2 MB | 1.9/2.2 MB | 0.3/5.3 MB | 0.3/6.0 MB | 257/683 kBProgress (5): 4.2/4.2 MB | 1.9/2.2 MB | 0.3/5.3 MB | 0.3/6.0 MB | 257/683 kBProgress (5): 4.2/4.2 MB | 1.9/2.2 MB | 0.3/5.3 MB | 0.3/6.0 MB | 257/683 kBProgress (5): 4.2/4.2 MB | 1.9/2.2 MB | 0.3/5.3 MB | 0.3/6.0 MB | 274/683 kBProgress (5): 4.2/4.2 MB | 1.9/2.2 MB | 0.3/5.3 MB | 0.3/6.0 MB | 274/683 kBProgress (5): 4.2/4.2 MB | 1.9/2.2 MB | 0.4/5.3 MB | 0.3/6.0 MB | 274/683 kBProgress (5): 4.2/4.2 MB | 1.9/2.2 MB | 0.4/5.3 MB | 0.3/6.0 MB | 290/683 kBProgress (5): 4.2/4.2 MB | 1.9/2.2 MB | 0.4/5.3 MB | 0.3/6.0 MB | 290/683 kBProgress (5): 4.2/4.2 MB | 1.9/2.2 MB | 0.4/5.3 MB | 0.3/6.0 MB | 290/683 kBProgress (5): 4.2/4.2 MB | 1.9/2.2 MB | 0.4/5.3 MB | 0.4/6.0 MB | 290/683 kBProgress (5): 4.2/4.2 MB | 1.9/2.2 MB | 0.4/5.3 MB | 0.4/6.0 MB | 290/683 kBProgress (5): 4.2 MB | 1.9/2.2 MB | 0.4/5.3 MB | 0.4/6.0 MB | 290/683 kB    Progress (5): 4.2 MB | 1.9/2.2 MB | 0.4/5.3 MB | 0.4/6.0 MB | 290/683 kBProgress (5): 4.2 MB | 1.9/2.2 MB | 0.4/5.3 MB | 0.4/6.0 MB | 306/683 kBProgress (5): 4.2 MB | 1.9/2.2 MB | 0.4/5.3 MB | 0.4/6.0 MB | 306/683 kB                                                                        Downloaded from central: https://repo.maven.apache.org/maven2/net/bytebuddy/byte-buddy/1.14.10/byte-buddy-1.14.10.jar (4.2 MB at 369 kB/s)
Downloading from central: https://repo.maven.apache.org/maven2/org/xerial/snappy/snappy-java/1.1.10.5/snappy-java-1.1.10.5.jar
Progress (4): 1.9/2.2 MB | 0.4/5.3 MB | 0.4/6.0 MB | 306/683 kBProgress (4): 1.9/2.2 MB | 0.4/5.3 MB | 0.4/6.0 MB | 323/683 kBProgress (4): 1.9/2.2 MB | 0.4/5.3 MB | 0.4/6.0 MB | 323/683 kBProgress (4): 1.9/2.2 MB | 0.4/5.3 MB | 0.4/6.0 MB | 323/683 kBProgress (4): 1.9/2.2 MB | 0.4/5.3 MB | 0.4/6.0 MB | 323/683 kBProgress (4): 1.9/2.2 MB | 0.4/5.3 MB | 0.4/6.0 MB | 323/683 kBProgress (4): 1.9/2.2 MB | 0.4/5.3 MB | 0.4/6.0 MB | 323/683 kBProgress (4): 1.9/2.2 MB | 0.4/5.3 MB | 0.4/6.0 MB | 339/683 kBProgress (4): 1.9/2.2 MB | 0.4/5.3 MB | 0.4/6.0 MB | 339/683 kBProgress (4): 1.9/2.2 MB | 0.4/5.3 MB | 0.4/6.0 MB | 339/683 kBProgress (4): 1.9/2.2 MB | 0.5/5.3 MB | 0.4/6.0 MB | 339/683 kBProgress (4): 1.9/2.2 MB | 0.5/5.3 MB | 0.4/6.0 MB | 356/683 kBProgress (4): 1.9/2.2 MB | 0.5/5.3 MB | 0.4/6.0 MB | 356/683 kBProgress (4): 1.9/2.2 MB | 0.5/5.3 MB | 0.4/6.0 MB | 356/683 kBProgress (4): 1.9/2.2 MB | 0.5/5.3 MB | 0.5/6.0 MB | 356/683 kBProgress (4): 1.9/2.2 MB | 0.5/5.3 MB | 0.5/6.0 MB | 356/683 kBProgress (4): 1.9/2.2 MB | 0.5/5.3 MB | 0.5/6.0 MB | 372/683 kBProgress (4): 1.9/2.2 MB | 0.5/5.3 MB | 0.5/6.0 MB | 372/683 kBProgress (4): 1.9/2.2 MB | 0.5/5.3 MB | 0.5/6.0 MB | 372/683 kBProgress (4): 1.9/2.2 MB | 0.5/5.3 MB | 0.5/6.0 MB | 372/683 kBProgress (4): 1.9/2.2 MB | 0.5/5.3 MB | 0.5/6.0 MB | 372/683 kBProgress (4): 1.9/2.2 MB | 0.5/5.3 MB | 0.5/6.0 MB | 372/683 kBProgress (4): 1.9/2.2 MB | 0.5/5.3 MB | 0.5/6.0 MB | 388/683 kBProgress (4): 1.9/2.2 MB | 0.5/5.3 MB | 0.5/6.0 MB | 388/683 kBProgress (4): 1.9/2.2 MB | 0.5/5.3 MB | 0.5/6.0 MB | 388/683 kBProgress (4): 1.9/2.2 MB | 0.5/5.3 MB | 0.5/6.0 MB | 388/683 kBProgress (4): 1.9/2.2 MB | 0.5/5.3 MB | 0.5/6.0 MB | 388/683 kBProgress (4): 1.9/2.2 MB | 0.5/5.3 MB | 0.5/6.0 MB | 388/683 kBProgress (4): 2.0/2.2 MB | 0.5/5.3 MB | 0.5/6.0 MB | 388/683 kBProgress (4): 2.0/2.2 MB | 0.5/5.3 MB | 0.5/6.0 MB | 405/683 kBProgress (4): 2.0/2.2 MB | 0.5/5.3 MB | 0.5/6.0 MB | 405/683 kBProgress (4): 2.0/2.2 MB | 0.6/5.3 MB | 0.5/6.0 MB | 405/683 kBProgress (4): 2.0/2.2 MB | 0.6/5.3 MB | 0.5/6.0 MB | 421/683 kBProgress (4): 2.0/2.2 MB | 0.6/5.3 MB | 0.6/6.0 MB | 421/683 kBProgress (4): 2.0/2.2 MB | 0.6/5.3 MB | 0.6/6.0 MB | 421/683 kBProgress (4): 2.0/2.2 MB | 0.6/5.3 MB | 0.6/6.0 MB | 421/683 kBProgress (4): 2.0/2.2 MB | 0.6/5.3 MB | 0.6/6.0 MB | 438/683 kBProgress (4): 2.0/2.2 MB | 0.6/5.3 MB | 0.6/6.0 MB | 438/683 kBProgress (4): 2.0/2.2 MB | 0.6/5.3 MB | 0.6/6.0 MB | 438/683 kBProgress (4): 2.0/2.2 MB | 0.6/5.3 MB | 0.6/6.0 MB | 454/683 kBProgress (4): 2.0/2.2 MB | 0.6/5.3 MB | 0.6/6.0 MB | 454/683 kBProgress (4): 2.0/2.2 MB | 0.6/5.3 MB | 0.6/6.0 MB | 454/683 kBProgress (4): 2.0/2.2 MB | 0.6/5.3 MB | 0.6/6.0 MB | 454/683 kBProgress (4): 2.0/2.2 MB | 0.6/5.3 MB | 0.6/6.0 MB | 470/683 kBProgress (4): 2.0/2.2 MB | 0.6/5.3 MB | 0.6/6.0 MB | 470/683 kBProgress (4): 2.0/2.2 MB | 0.6/5.3 MB | 0.6/6.0 MB | 470/683 kBProgress (4): 2.0/2.2 MB | 0.6/5.3 MB | 0.6/6.0 MB | 470/683 kBProgress (5): 2.0/2.2 MB | 0.6/5.3 MB | 0.6/6.0 MB | 470/683 kB | 0/2.3 MBProgress (5): 2.0/2.2 MB | 0.6/5.3 MB | 0.6/6.0 MB | 470/683 kB | 0/2.3 MBProgress (5): 2.0/2.2 MB | 0.7/5.3 MB | 0.6/6.0 MB | 470/683 kB | 0/2.3 MBProgress (5): 2.0/2.2 MB | 0.7/5.3 MB | 0.6/6.0 MB | 470/683 kB | 0/2.3 MBProgress (5): 2.0/2.2 MB | 0.7/5.3 MB | 0.6/6.0 MB | 487/683 kB | 0/2.3 MBProgress (5): 2.0/2.2 MB | 0.7/5.3 MB | 0.6/6.0 MB | 487/683 kB | 0/2.3 MBProgress (5): 2.0/2.2 MB | 0.7/5.3 MB | 0.6/6.0 MB | 487/683 kB | 0/2.3 MBProgress (5): 2.0/2.2 MB | 0.7/5.3 MB | 0.6/6.0 MB | 503/683 kB | 0/2.3 MBProgress (5): 2.0/2.2 MB | 0.7/5.3 MB | 0.6/6.0 MB | 503/683 kB | 0/2.3 MBProgress (5): 2.0/2.2 MB | 0.7/5.3 MB | 0.6/6.0 MB | 503/683 kB | 0/2.3 MBProgress (5): 2.0/2.2 MB | 0.7/5.3 MB | 0.6/6.0 MB | 503/683 kB | 0/2.3 MBProgress (5): 2.0/2.2 MB | 0.7/5.3 MB | 0.6/6.0 MB | 503/683 kB | 0/2.3 MBProgress (5): 2.0/2.2 MB | 0.7/5.3 MB | 0.6/6.0 MB | 503/683 kB | 0.1/2.3 MBProgress (5): 2.0/2.2 MB | 0.7/5.3 MB | 0.7/6.0 MB | 503/683 kB | 0.1/2.3 MBProgress (5): 2.0/2.2 MB | 0.7/5.3 MB | 0.7/6.0 MB | 503/683 kB | 0.1/2.3 MBProgress (5): 2.0/2.2 MB | 0.7/5.3 MB | 0.7/6.0 MB | 503/683 kB | 0.1/2.3 MBProgress (5): 2.0/2.2 MB | 0.7/5.3 MB | 0.7/6.0 MB | 519/683 kB | 0.1/2.3 MBProgress (5): 2.0/2.2 MB | 0.7/5.3 MB | 0.7/6.0 MB | 519/683 kB | 0.1/2.3 MBProgress (5): 2.0/2.2 MB | 0.7/5.3 MB | 0.7/6.0 MB | 519/683 kB | 0.1/2.3 MBProgress (5): 2.0/2.2 MB | 0.7/5.3 MB | 0.7/6.0 MB | 536/683 kB | 0.1/2.3 MBProgress (5): 2.0/2.2 MB | 0.7/5.3 MB | 0.7/6.0 MB | 536/683 kB | 0.1/2.3 MBProgress (5): 2.0/2.2 MB | 0.7/5.3 MB | 0.7/6.0 MB | 536/683 kB | 0.1/2.3 MBProgress (5): 2.0/2.2 MB | 0.7/5.3 MB | 0.7/6.0 MB | 536/683 kB | 0.1/2.3 MBProgress (5): 2.0/2.2 MB | 0.7/5.3 MB | 0.7/6.0 MB | 536/683 kB | 0.1/2.3 MBProgress (5): 2.0/2.2 MB | 0.7/5.3 MB | 0.7/6.0 MB | 536/683 kB | 0.1/2.3 MBProgress (5): 2.0/2.2 MB | 0.7/5.3 MB | 0.7/6.0 MB | 536/683 kB | 0.1/2.3 MBProgress (5): 2.0/2.2 MB | 0.7/5.3 MB | 0.7/6.0 MB | 536/683 kB | 0.1/2.3 MBProgress (5): 2.1/2.2 MB | 0.7/5.3 MB | 0.7/6.0 MB | 536/683 kB | 0.1/2.3 MBProgress (5): 2.1/2.2 MB | 0.7/5.3 MB | 0.7/6.0 MB | 552/683 kB | 0.1/2.3 MBProgress (5): 2.1/2.2 MB | 0.7/5.3 MB | 0.7/6.0 MB | 552/683 kB | 0.1/2.3 MBProgress (5): 2.1/2.2 MB | 0.8/5.3 MB | 0.7/6.0 MB | 552/683 kB | 0.1/2.3 MBProgress (5): 2.1/2.2 MB | 0.8/5.3 MB | 0.7/6.0 MB | 552/683 kB | 0.1/2.3 MBProgress (5): 2.1/2.2 MB | 0.8/5.3 MB | 0.7/6.0 MB | 552/683 kB | 0.1/2.3 MBProgress (5): 2.1/2.2 MB | 0.8/5.3 MB | 0.7/6.0 MB | 569/683 kB | 0.1/2.3 MBProgress (5): 2.1/2.2 MB | 0.8/5.3 MB | 0.7/6.0 MB | 569/683 kB | 0.1/2.3 MBProgress (5): 2.1/2.2 MB | 0.8/5.3 MB | 0.7/6.0 MB | 585/683 kB | 0.1/2.3 MBProgress (5): 2.1/2.2 MB | 0.8/5.3 MB | 0.7/6.0 MB | 585/683 kB | 0.1/2.3 MBProgress (5): 2.1/2.2 MB | 0.8/5.3 MB | 0.8/6.0 MB | 585/683 kB | 0.1/2.3 MBProgress (5): 2.1/2.2 MB | 0.8/5.3 MB | 0.8/6.0 MB | 585/683 kB | 0.1/2.3 MBProgress (5): 2.1/2.2 MB | 0.8/5.3 MB | 0.8/6.0 MB | 585/683 kB | 0.1/2.3 MBProgress (5): 2.1/2.2 MB | 0.8/5.3 MB | 0.8/6.0 MB | 585/683 kB | 0.1/2.3 MBProgress (5): 2.1/2.2 MB | 0.8/5.3 MB | 0.8/6.0 MB | 601/683 kB | 0.1/2.3 MBProgress (5): 2.1/2.2 MB | 0.8/5.3 MB | 0.8/6.0 MB | 601/683 kB | 0.1/2.3 MBProgress (5): 2.1/2.2 MB | 0.8/5.3 MB | 0.8/6.0 MB | 601/683 kB | 0.1/2.3 MBProgress (5): 2.1/2.2 MB | 0.8/5.3 MB | 0.8/6.0 MB | 601/683 kB | 0.1/2.3 MBProgress (5): 2.1/2.2 MB | 0.8/5.3 MB | 0.8/6.0 MB | 601/683 kB | 0.1/2.3 MBProgress (5): 2.1/2.2 MB | 0.8/5.3 MB | 0.8/6.0 MB | 618/683 kB | 0.1/2.3 MBProgress (5): 2.1/2.2 MB | 0.8/5.3 MB | 0.8/6.0 MB | 618/683 kB | 0.1/2.3 MBProgress (5): 2.1/2.2 MB | 0.8/5.3 MB | 0.8/6.0 MB | 618/683 kB | 0.1/2.3 MBProgress (5): 2.1/2.2 MB | 0.8/5.3 MB | 0.8/6.0 MB | 618/683 kB | 0.1/2.3 MBProgress (5): 2.1/2.2 MB | 0.8/5.3 MB | 0.8/6.0 MB | 618/683 kB | 0.2/2.3 MBProgress (5): 2.1/2.2 MB | 0.9/5.3 MB | 0.8/6.0 MB | 618/683 kB | 0.2/2.3 MBProgress (5): 2.1/2.2 MB | 0.9/5.3 MB | 0.8/6.0 MB | 634/683 kB | 0.2/2.3 MBProgress (5): 2.1/2.2 MB | 0.9/5.3 MB | 0.8/6.0 MB | 634/683 kB | 0.2/2.3 MBProgress (5): 2.1/2.2 MB | 0.9/5.3 MB | 0.8/6.0 MB | 634/683 kB | 0.2/2.3 MBProgress (5): 2.1/2.2 MB | 0.9/5.3 MB | 0.8/6.0 MB | 634/683 kB | 0.2/2.3 MBProgress (5): 2.1/2.2 MB | 0.9/5.3 MB | 0.8/6.0 MB | 651/683 kB | 0.2/2.3 MBProgress (5): 2.1/2.2 MB | 0.9/5.3 MB | 0.8/6.0 MB | 651/683 kB | 0.2/2.3 MBProgress (5): 2.1/2.2 MB | 0.9/5.3 MB | 0.8/6.0 MB | 651/683 kB | 0.2/2.3 MBProgress (5): 2.1/2.2 MB | 0.9/5.3 MB | 0.8/6.0 MB | 651/683 kB | 0.2/2.3 MBProgress (5): 2.1/2.2 MB | 0.9/5.3 MB | 0.9/6.0 MB | 651/683 kB | 0.2/2.3 MBProgress (5): 2.1/2.2 MB | 0.9/5.3 MB | 0.9/6.0 MB | 651/683 kB | 0.2/2.3 MBProgress (5): 2.1/2.2 MB | 0.9/5.3 MB | 0.9/6.0 MB | 651/683 kB | 0.2/2.3 MBProgress (5): 2.1/2.2 MB | 0.9/5.3 MB | 0.9/6.0 MB | 667/683 kB | 0.2/2.3 MBProgress (5): 2.1/2.2 MB | 0.9/5.3 MB | 0.9/6.0 MB | 667/683 kB | 0.2/2.3 MBProgress (5): 2.2/2.2 MB | 0.9/5.3 MB | 0.9/6.0 MB | 667/683 kB | 0.2/2.3 MBProgress (5): 2.2/2.2 MB | 0.9/5.3 MB | 0.9/6.0 MB | 667/683 kB | 0.2/2.3 MBProgress (5): 2.2/2.2 MB | 0.9/5.3 MB | 0.9/6.0 MB | 667/683 kB | 0.2/2.3 MBProgress (5): 2.2/2.2 MB | 0.9/5.3 MB | 0.9/6.0 MB | 667/683 kB | 0.2/2.3 MBProgress (5): 2.2/2.2 MB | 0.9/5.3 MB | 0.9/6.0 MB | 667/683 kB | 0.2/2.3 MBProgress (5): 2.2/2.2 MB | 0.9/5.3 MB | 0.9/6.0 MB | 683 kB | 0.2/2.3 MB    Progress (5): 2.2/2.2 MB | 0.9/5.3 MB | 0.9/6.0 MB | 683 kB | 0.2/2.3 MB                                                                        Downloaded from central: https://repo.maven.apache.org/maven2/org/lz4/lz4-java/1.8.0/lz4-java-1.8.0.jar (683 kB at 58 kB/s)
Downloading from central: https://repo.maven.apache.org/maven2/com/google/code/findbugs/jsr305/3.0.2/jsr305-3.0.2.jar
Progress (4): 2.2/2.2 MB | 0.9/5.3 MB | 0.9/6.0 MB | 0.2/2.3 MBProgress (4): 2.2/2.2 MB | 0.9/5.3 MB | 0.9/6.0 MB | 0.2/2.3 MBProgress (4): 2.2/2.2 MB | 0.9/5.3 MB | 0.9/6.0 MB | 0.2/2.3 MBProgress (4): 2.2/2.2 MB | 0.9/5.3 MB | 0.9/6.0 MB | 0.2/2.3 MBProgress (4): 2.2/2.2 MB | 0.9/5.3 MB | 0.9/6.0 MB | 0.2/2.3 MBProgress (4): 2.2/2.2 MB | 0.9/5.3 MB | 0.9/6.0 MB | 0.2/2.3 MBProgress (4): 2.2 MB | 0.9/5.3 MB | 0.9/6.0 MB | 0.2/2.3 MB                                                               Downloaded from central: https://repo.maven.apache.org/maven2/org/springframework/data/spring-data-redis/3.2.1/spring-data-redis-3.2.1.jar (2.2 MB at 187 kB/s)
Downloading from central: https://repo.maven.apache.org/maven2/org/springframework/boot/spring-boot-starter-websocket/3.2.1/spring-boot-starter-websocket-3.2.1.jar
Progress (3): 1.0/5.3 MB | 0.9/6.0 MB | 0.2/2.3 MBProgress (3): 1.0/5.3 MB | 0.9/6.0 MB | 0.2/2.3 MBProgress (3): 1.0/5.3 MB | 0.9/6.0 MB | 0.2/2.3 MBProgress (3): 1.0/5.3 MB | 0.9/6.0 MB | 0.3/2.3 MBProgress (3): 1.0/5.3 MB | 0.9/6.0 MB | 0.3/2.3 MBProgress (3): 1.0/5.3 MB | 0.9/6.0 MB | 0.3/2.3 MBProgress (3): 1.0/5.3 MB | 1.0/6.0 MB | 0.3/2.3 MBProgress (3): 1.0/5.3 MB | 1.0/6.0 MB | 0.3/2.3 MBProgress (3): 1.0/5.3 MB | 1.0/6.0 MB | 0.3/2.3 MBProgress (3): 1.0/5.3 MB | 1.0/6.0 MB | 0.3/2.3 MBProgress (3): 1.0/5.3 MB | 1.0/6.0 MB | 0.3/2.3 MBProgress (3): 1.0/5.3 MB | 1.0/6.0 MB | 0.3/2.3 MBProgress (3): 1.0/5.3 MB | 1.0/6.0 MB | 0.3/2.3 MBProgress (3): 1.0/5.3 MB | 1.0/6.0 MB | 0.3/2.3 MBProgress (3): 1.0/5.3 MB | 1.0/6.0 MB | 0.3/2.3 MBProgress (3): 1.0/5.3 MB | 1.0/6.0 MB | 0.3/2.3 MBProgress (3): 1.0/5.3 MB | 1.0/6.0 MB | 0.3/2.3 MBProgress (3): 1.0/5.3 MB | 1.0/6.0 MB | 0.3/2.3 MBProgress (3): 1.1/5.3 MB | 1.0/6.0 MB | 0.3/2.3 MBProgress (3): 1.1/5.3 MB | 1.0/6.0 MB | 0.3/2.3 MBProgress (3): 1.1/5.3 MB | 1.0/6.0 MB | 0.3/2.3 MBProgress (3): 1.1/5.3 MB | 1.0/6.0 MB | 0.3/2.3 MBProgress (3): 1.1/5.3 MB | 1.0/6.0 MB | 0.3/2.3 MBProgress (3): 1.1/5.3 MB | 1.0/6.0 MB | 0.3/2.3 MBProgress (3): 1.1/5.3 MB | 1.0/6.0 MB | 0.4/2.3 MBProgress (3): 1.1/5.3 MB | 1.1/6.0 MB | 0.4/2.3 MBProgress (3): 1.1/5.3 MB | 1.1/6.0 MB | 0.4/2.3 MBProgress (3): 1.1/5.3 MB | 1.1/6.0 MB | 0.4/2.3 MBProgress (3): 1.1/5.3 MB | 1.1/6.0 MB | 0.4/2.3 MBProgress (3): 1.1/5.3 MB | 1.1/6.0 MB | 0.4/2.3 MBProgress (3): 1.1/5.3 MB | 1.1/6.0 MB | 0.4/2.3 MBProgress (3): 1.1/5.3 MB | 1.1/6.0 MB | 0.4/2.3 MBProgress (3): 1.2/5.3 MB | 1.1/6.0 MB | 0.4/2.3 MBProgress (4): 1.2/5.3 MB | 1.1/6.0 MB | 0.4/2.3 MB | 4.8 kBProgress (5): 1.2/5.3 MB | 1.1/6.0 MB | 0.4/2.3 MB | 4.8 kB | 7.7/20 kBProgress (5): 1.2/5.3 MB | 1.1/6.0 MB | 0.4/2.3 MB | 4.8 kB | 16/20 kB                                                                       Downloaded from central: https://repo.maven.apache.org/maven2/org/springframework/boot/spring-boot-starter-websocket/3.2.1/spring-boot-starter-websocket-3.2.1.jar (4.8 kB at 402 B/s)
Downloading from central: https://repo.maven.apache.org/maven2/org/springframework/spring-websocket/6.1.2/spring-websocket-6.1.2.jar
Progress (4): 1.2/5.3 MB | 1.1/6.0 MB | 0.4/2.3 MB | 20 kB                                                          Downloaded from central: https://repo.maven.apache.org/maven2/com/google/code/findbugs/jsr305/3.0.2/jsr305-3.0.2.jar (20 kB at 1.7 kB/s)
Downloading from central: https://repo.maven.apache.org/maven2/org/springframework/boot/spring-boot-starter-mail/3.2.1/spring-boot-starter-mail-3.2.1.jar
Progress (3): 1.2/5.3 MB | 1.1/6.0 MB | 0.4/2.3 MBProgress (3): 1.2/5.3 MB | 1.1/6.0 MB | 0.4/2.3 MBProgress (3): 1.2/5.3 MB | 1.1/6.0 MB | 0.4/2.3 MBProgress (3): 1.2/5.3 MB | 1.1/6.0 MB | 0.4/2.3 MBProgress (3): 1.2/5.3 MB | 1.1/6.0 MB | 0.4/2.3 MBProgress (3): 1.2/5.3 MB | 1.2/6.0 MB | 0.4/2.3 MBProgress (3): 1.2/5.3 MB | 1.2/6.0 MB | 0.4/2.3 MBProgress (3): 1.2/5.3 MB | 1.2/6.0 MB | 0.4/2.3 MBProgress (3): 1.2/5.3 MB | 1.2/6.0 MB | 0.4/2.3 MBProgress (3): 1.2/5.3 MB | 1.2/6.0 MB | 0.4/2.3 MBProgress (3): 1.2/5.3 MB | 1.2/6.0 MB | 0.4/2.3 MBProgress (3): 1.2/5.3 MB | 1.2/6.0 MB | 0.4/2.3 MBProgress (3): 1.2/5.3 MB | 1.2/6.0 MB | 0.4/2.3 MBProgress (3): 1.2/5.3 MB | 1.2/6.0 MB | 0.4/2.3 MBProgress (3): 1.3/5.3 MB | 1.2/6.0 MB | 0.4/2.3 MBProgress (3): 1.3/5.3 MB | 1.2/6.0 MB | 0.4/2.3 MBProgress (3): 1.3/5.3 MB | 1.2/6.0 MB | 0.4/2.3 MBProgress (3): 1.3/5.3 MB | 1.2/6.0 MB | 0.4/2.3 MBProgress (3): 1.3/5.3 MB | 1.2/6.0 MB | 0.4/2.3 MBProgress (3): 1.3/5.3 MB | 1.2/6.0 MB | 0.4/2.3 MBProgress (3): 1.3/5.3 MB | 1.2/6.0 MB | 0.4/2.3 MBProgress (3): 1.3/5.3 MB | 1.2/6.0 MB | 0.5/2.3 MBProgress (3): 1.3/5.3 MB | 1.3/6.0 MB | 0.5/2.3 MBProgress (3): 1.3/5.3 MB | 1.3/6.0 MB | 0.5/2.3 MBProgress (3): 1.3/5.3 MB | 1.3/6.0 MB | 0.5/2.3 MBProgress (3): 1.3/5.3 MB | 1.3/6.0 MB | 0.5/2.3 MBProgress (3): 1.3/5.3 MB | 1.3/6.0 MB | 0.5/2.3 MBProgress (3): 1.3/5.3 MB | 1.3/6.0 MB | 0.5/2.3 MBProgress (3): 1.4/5.3 MB | 1.3/6.0 MB | 0.5/2.3 MBProgress (3): 1.4/5.3 MB | 1.3/6.0 MB | 0.5/2.3 MBProgress (4): 1.4/5.3 MB | 1.3/6.0 MB | 0.5/2.3 MB | 4.8 kB                                                           Downloaded from central: https://repo.maven.apache.org/maven2/org/springframework/boot/spring-boot-starter-mail/3.2.1/spring-boot-starter-mail-3.2.1.jar (4.8 kB at 399 B/s)
Downloading from central: https://repo.maven.apache.org/maven2/org/eclipse/angus/jakarta.mail/2.0.2/jakarta.mail-2.0.2.jar
Progress (3): 1.4/5.3 MB | 1.3/6.0 MB | 0.5/2.3 MBProgress (3): 1.4/5.3 MB | 1.3/6.0 MB | 0.5/2.3 MBProgress (4): 1.4/5.3 MB | 1.3/6.0 MB | 0.5/2.3 MB | 7.7/442 kBProgress (4): 1.4/5.3 MB | 1.3/6.0 MB | 0.5/2.3 MB | 12/442 kB Progress (4): 1.4/5.3 MB | 1.3/6.0 MB | 0.5/2.3 MB | 28/442 kBProgress (4): 1.4/5.3 MB | 1.3/6.0 MB | 0.5/2.3 MB | 44/442 kBProgress (4): 1.4/5.3 MB | 1.3/6.0 MB | 0.5/2.3 MB | 61/442 kBProgress (4): 1.4/5.3 MB | 1.3/6.0 MB | 0.5/2.3 MB | 77/442 kBProgress (4): 1.4/5.3 MB | 1.3/6.0 MB | 0.5/2.3 MB | 93/442 kBProgress (4): 1.4/5.3 MB | 1.3/6.0 MB | 0.5/2.3 MB | 93/442 kBProgress (4): 1.4/5.3 MB | 1.3/6.0 MB | 0.5/2.3 MB | 93/442 kBProgress (4): 1.4/5.3 MB | 1.3/6.0 MB | 0.5/2.3 MB | 93/442 kBProgress (4): 1.4/5.3 MB | 1.3/6.0 MB | 0.5/2.3 MB | 93/442 kBProgress (4): 1.4/5.3 MB | 1.3/6.0 MB | 0.5/2.3 MB | 110/442 kBProgress (4): 1.4/5.3 MB | 1.3/6.0 MB | 0.5/2.3 MB | 110/442 kBProgress (4): 1.4/5.3 MB | 1.3/6.0 MB | 0.5/2.3 MB | 110/442 kBProgress (4): 1.4/5.3 MB | 1.3/6.0 MB | 0.5/2.3 MB | 110/442 kBProgress (4): 1.4/5.3 MB | 1.3/6.0 MB | 0.6/2.3 MB | 110/442 kBProgress (5): 1.4/5.3 MB | 1.3/6.0 MB | 0.6/2.3 MB | 110/442 kB | 7.7/717 kBProgress (5): 1.4/5.3 MB | 1.3/6.0 MB | 0.6/2.3 MB | 110/442 kB | 16/717 kB Progress (5): 1.4/5.3 MB | 1.3/6.0 MB | 0.6/2.3 MB | 110/442 kB | 16/717 kBProgress (5): 1.4/5.3 MB | 1.4/6.0 MB | 0.6/2.3 MB | 110/442 kB | 16/717 kBProgress (5): 1.4/5.3 MB | 1.4/6.0 MB | 0.6/2.3 MB | 126/442 kB | 16/717 kBProgress (5): 1.4/5.3 MB | 1.4/6.0 MB | 0.6/2.3 MB | 126/442 kB | 32/717 kBProgress (5): 1.4/5.3 MB | 1.4/6.0 MB | 0.6/2.3 MB | 126/442 kB | 32/717 kBProgress (5): 1.4/5.3 MB | 1.4/6.0 MB | 0.6/2.3 MB | 126/442 kB | 49/717 kBProgress (5): 1.4/5.3 MB | 1.4/6.0 MB | 0.6/2.3 MB | 126/442 kB | 49/717 kBProgress (5): 1.4/5.3 MB | 1.4/6.0 MB | 0.6/2.3 MB | 126/442 kB | 49/717 kBProgress (5): 1.4/5.3 MB | 1.4/6.0 MB | 0.6/2.3 MB | 143/442 kB | 49/717 kBProgress (5): 1.4/5.3 MB | 1.4/6.0 MB | 0.6/2.3 MB | 143/442 kB | 57/717 kBProgress (5): 1.5/5.3 MB | 1.4/6.0 MB | 0.6/2.3 MB | 143/442 kB | 57/717 kBProgress (5): 1.5/5.3 MB | 1.4/6.0 MB | 0.6/2.3 MB | 143/442 kB | 57/717 kBProgress (5): 1.5/5.3 MB | 1.4/6.0 MB | 0.6/2.3 MB | 143/442 kB | 57/717 kBProgress (5): 1.5/5.3 MB | 1.4/6.0 MB | 0.6/2.3 MB | 143/442 kB | 74/717 kBProgress (5): 1.5/5.3 MB | 1.4/6.0 MB | 0.6/2.3 MB | 143/442 kB | 74/717 kBProgress (5): 1.5/5.3 MB | 1.4/6.0 MB | 0.6/2.3 MB | 143/442 kB | 74/717 kBProgress (5): 1.5/5.3 MB | 1.4/6.0 MB | 0.6/2.3 MB | 159/442 kB | 74/717 kBProgress (5): 1.5/5.3 MB | 1.4/6.0 MB | 0.6/2.3 MB | 159/442 kB | 74/717 kBProgress (5): 1.5/5.3 MB | 1.4/6.0 MB | 0.6/2.3 MB | 159/442 kB | 90/717 kBProgress (5): 1.5/5.3 MB | 1.4/6.0 MB | 0.6/2.3 MB | 159/442 kB | 90/717 kBProgress (5): 1.5/5.3 MB | 1.4/6.0 MB | 0.6/2.3 MB | 159/442 kB | 90/717 kBProgress (5): 1.5/5.3 MB | 1.4/6.0 MB | 0.6/2.3 MB | 159/442 kB | 90/717 kBProgress (5): 1.5/5.3 MB | 1.4/6.0 MB | 0.6/2.3 MB | 159/442 kB | 106/717 kBProgress (5): 1.5/5.3 MB | 1.4/6.0 MB | 0.6/2.3 MB | 175/442 kB | 106/717 kBProgress (5): 1.5/5.3 MB | 1.4/6.0 MB | 0.6/2.3 MB | 175/442 kB | 106/717 kBProgress (5): 1.5/5.3 MB | 1.4/6.0 MB | 0.6/2.3 MB | 175/442 kB | 106/717 kBProgress (5): 1.5/5.3 MB | 1.5/6.0 MB | 0.6/2.3 MB | 175/442 kB | 106/717 kBProgress (5): 1.5/5.3 MB | 1.5/6.0 MB | 0.6/2.3 MB | 175/442 kB | 106/717 kBProgress (5): 1.5/5.3 MB | 1.5/6.0 MB | 0.6/2.3 MB | 175/442 kB | 123/717 kBProgress (5): 1.5/5.3 MB | 1.5/6.0 MB | 0.6/2.3 MB | 192/442 kB | 123/717 kBProgress (5): 1.5/5.3 MB | 1.5/6.0 MB | 0.6/2.3 MB | 192/442 kB | 123/717 kBProgress (5): 1.5/5.3 MB | 1.5/6.0 MB | 0.6/2.3 MB | 192/442 kB | 123/717 kBProgress (5): 1.6/5.3 MB | 1.5/6.0 MB | 0.6/2.3 MB | 192/442 kB | 123/717 kBProgress (5): 1.6/5.3 MB | 1.5/6.0 MB | 0.6/2.3 MB | 192/442 kB | 123/717 kBProgress (5): 1.6/5.3 MB | 1.5/6.0 MB | 0.7/2.3 MB | 192/442 kB | 123/717 kBProgress (5): 1.6/5.3 MB | 1.5/6.0 MB | 0.7/2.3 MB | 192/442 kB | 123/717 kBProgress (5): 1.6/5.3 MB | 1.5/6.0 MB | 0.7/2.3 MB | 192/442 kB | 123/717 kBProgress (5): 1.6/5.3 MB | 1.5/6.0 MB | 0.7/2.3 MB | 208/442 kB | 123/717 kBProgress (5): 1.6/5.3 MB | 1.5/6.0 MB | 0.7/2.3 MB | 208/442 kB | 123/717 kBProgress (5): 1.6/5.3 MB | 1.5/6.0 MB | 0.7/2.3 MB | 208/442 kB | 123/717 kBProgress (5): 1.6/5.3 MB | 1.5/6.0 MB | 0.7/2.3 MB | 208/442 kB | 123/717 kBProgress (5): 1.6/5.3 MB | 1.5/6.0 MB | 0.7/2.3 MB | 208/442 kB | 123/717 kBProgress (5): 1.6/5.3 MB | 1.5/6.0 MB | 0.7/2.3 MB | 208/442 kB | 123/717 kBProgress (5): 1.6/5.3 MB | 1.5/6.0 MB | 0.7/2.3 MB | 225/442 kB | 123/717 kBProgress (5): 1.6/5.3 MB | 1.5/6.0 MB | 0.7/2.3 MB | 225/442 kB | 123/717 kBProgress (5): 1.6/5.3 MB | 1.5/6.0 MB | 0.7/2.3 MB | 225/442 kB | 123/717 kBProgress (5): 1.6/5.3 MB | 1.5/6.0 MB | 0.7/2.3 MB | 225/442 kB | 123/717 kBProgress (5): 1.6/5.3 MB | 1.5/6.0 MB | 0.7/2.3 MB | 225/442 kB | 123/717 kBProgress (5): 1.6/5.3 MB | 1.5/6.0 MB | 0.7/2.3 MB | 225/442 kB | 123/717 kBProgress (5): 1.7/5.3 MB | 1.5/6.0 MB | 0.7/2.3 MB | 225/442 kB | 123/717 kBProgress (5): 1.7/5.3 MB | 1.5/6.0 MB | 0.7/2.3 MB | 241/442 kB | 123/717 kBProgress (5): 1.7/5.3 MB | 1.5/6.0 MB | 0.7/2.3 MB | 241/442 kB | 123/717 kBProgress (5): 1.7/5.3 MB | 1.5/6.0 MB | 0.7/2.3 MB | 241/442 kB | 123/717 kBProgress (5): 1.7/5.3 MB | 1.6/6.0 MB | 0.7/2.3 MB | 241/442 kB | 123/717 kBProgress (5): 1.7/5.3 MB | 1.6/6.0 MB | 0.7/2.3 MB | 241/442 kB | 123/717 kBProgress (5): 1.7/5.3 MB | 1.6/6.0 MB | 0.7/2.3 MB | 257/442 kB | 123/717 kBProgress (5): 1.7/5.3 MB | 1.6/6.0 MB | 0.7/2.3 MB | 257/442 kB | 123/717 kBProgress (5): 1.7/5.3 MB | 1.6/6.0 MB | 0.7/2.3 MB | 257/442 kB | 123/717 kBProgress (5): 1.7/5.3 MB | 1.6/6.0 MB | 0.7/2.3 MB | 257/442 kB | 123/717 kBProgress (5): 1.7/5.3 MB | 1.6/6.0 MB | 0.7/2.3 MB | 257/442 kB | 123/717 kBProgress (5): 1.7/5.3 MB | 1.6/6.0 MB | 0.7/2.3 MB | 257/442 kB | 123/717 kBProgress (5): 1.7/5.3 MB | 1.6/6.0 MB | 0.7/2.3 MB | 257/442 kB | 139/717 kBProgress (5): 1.7/5.3 MB | 1.6/6.0 MB | 0.7/2.3 MB | 274/442 kB | 139/717 kBProgress (5): 1.7/5.3 MB | 1.6/6.0 MB | 0.7/2.3 MB | 274/442 kB | 139/717 kBProgress (5): 1.7/5.3 MB | 1.6/6.0 MB | 0.7/2.3 MB | 274/442 kB | 139/717 kBProgress (5): 1.7/5.3 MB | 1.6/6.0 MB | 0.7/2.3 MB | 290/442 kB | 139/717 kBProgress (5): 1.7/5.3 MB | 1.6/6.0 MB | 0.7/2.3 MB | 290/442 kB | 156/717 kBProgress (5): 1.7/5.3 MB | 1.6/6.0 MB | 0.7/2.3 MB | 290/442 kB | 156/717 kBProgress (5): 1.7/5.3 MB | 1.6/6.0 MB | 0.7/2.3 MB | 290/442 kB | 156/717 kBProgress (5): 1.8/5.3 MB | 1.6/6.0 MB | 0.7/2.3 MB | 290/442 kB | 156/717 kBProgress (5): 1.8/5.3 MB | 1.6/6.0 MB | 0.7/2.3 MB | 290/442 kB | 172/717 kBProgress (5): 1.8/5.3 MB | 1.6/6.0 MB | 0.8/2.3 MB | 290/442 kB | 172/717 kBProgress (5): 1.8/5.3 MB | 1.6/6.0 MB | 0.8/2.3 MB | 306/442 kB | 172/717 kBProgress (5): 1.8/5.3 MB | 1.6/6.0 MB | 0.8/2.3 MB | 306/442 kB | 172/717 kBProgress (5): 1.8/5.3 MB | 1.6/6.0 MB | 0.8/2.3 MB | 306/442 kB | 172/717 kBProgress (5): 1.8/5.3 MB | 1.6/6.0 MB | 0.8/2.3 MB | 306/442 kB | 172/717 kBProgress (5): 1.8/5.3 MB | 1.7/6.0 MB | 0.8/2.3 MB | 306/442 kB | 172/717 kBProgress (5): 1.8/5.3 MB | 1.7/6.0 MB | 0.8/2.3 MB | 306/442 kB | 188/717 kBProgress (5): 1.8/5.3 MB | 1.7/6.0 MB | 0.8/2.3 MB | 306/442 kB | 188/717 kBProgress (5): 1.8/5.3 MB | 1.7/6.0 MB | 0.8/2.3 MB | 306/442 kB | 188/717 kBProgress (5): 1.8/5.3 MB | 1.7/6.0 MB | 0.8/2.3 MB | 323/442 kB | 188/717 kBProgress (5): 1.8/5.3 MB | 1.7/6.0 MB | 0.8/2.3 MB | 323/442 kB | 188/717 kBProgress (5): 1.8/5.3 MB | 1.7/6.0 MB | 0.8/2.3 MB | 323/442 kB | 188/717 kBProgress (5): 1.8/5.3 MB | 1.7/6.0 MB | 0.8/2.3 MB | 323/442 kB | 205/717 kBProgress (5): 1.8/5.3 MB | 1.7/6.0 MB | 0.8/2.3 MB | 323/442 kB | 205/717 kBProgress (5): 1.8/5.3 MB | 1.7/6.0 MB | 0.8/2.3 MB | 323/442 kB | 205/717 kBProgress (5): 1.8/5.3 MB | 1.7/6.0 MB | 0.8/2.3 MB | 339/442 kB | 205/717 kBProgress (5): 1.8/5.3 MB | 1.7/6.0 MB | 0.8/2.3 MB | 339/442 kB | 205/717 kBProgress (5): 1.8/5.3 MB | 1.7/6.0 MB | 0.8/2.3 MB | 339/442 kB | 221/717 kBProgress (5): 1.8/5.3 MB | 1.7/6.0 MB | 0.8/2.3 MB | 339/442 kB | 221/717 kBProgress (5): 1.8/5.3 MB | 1.7/6.0 MB | 0.8/2.3 MB | 339/442 kB | 238/717 kBProgress (5): 1.8/5.3 MB | 1.7/6.0 MB | 0.8/2.3 MB | 339/442 kB | 238/717 kBProgress (5): 1.8/5.3 MB | 1.7/6.0 MB | 0.8/2.3 MB | 339/442 kB | 238/717 kBProgress (5): 1.8/5.3 MB | 1.7/6.0 MB | 0.8/2.3 MB | 356/442 kB | 238/717 kBProgress (5): 1.8/5.3 MB | 1.7/6.0 MB | 0.8/2.3 MB | 356/442 kB | 238/717 kBProgress (5): 1.9/5.3 MB | 1.7/6.0 MB | 0.8/2.3 MB | 356/442 kB | 238/717 kBProgress (5): 1.9/5.3 MB | 1.7/6.0 MB | 0.8/2.3 MB | 356/442 kB | 238/717 kBProgress (5): 1.9/5.3 MB | 1.7/6.0 MB | 0.8/2.3 MB | 356/442 kB | 238/717 kBProgress (5): 1.9/5.3 MB | 1.7/6.0 MB | 0.8/2.3 MB | 356/442 kB | 254/717 kBProgress (5): 1.9/5.3 MB | 1.7/6.0 MB | 0.8/2.3 MB | 372/442 kB | 254/717 kBProgress (5): 1.9/5.3 MB | 1.7/6.0 MB | 0.8/2.3 MB | 372/442 kB | 254/717 kBProgress (5): 1.9/5.3 MB | 1.7/6.0 MB | 0.8/2.3 MB | 372/442 kB | 254/717 kBProgress (5): 1.9/5.3 MB | 1.8/6.0 MB | 0.8/2.3 MB | 372/442 kB | 254/717 kBProgress (5): 1.9/5.3 MB | 1.8/6.0 MB | 0.9/2.3 MB | 372/442 kB | 254/717 kBProgress (5): 1.9/5.3 MB | 1.8/6.0 MB | 0.9/2.3 MB | 372/442 kB | 270/717 kBProgress (5): 1.9/5.3 MB | 1.8/6.0 MB | 0.9/2.3 MB | 372/442 kB | 270/717 kBProgress (5): 1.9/5.3 MB | 1.8/6.0 MB | 0.9/2.3 MB | 372/442 kB | 270/717 kBProgress (5): 1.9/5.3 MB | 1.8/6.0 MB | 0.9/2.3 MB | 388/442 kB | 270/717 kBProgress (5): 1.9/5.3 MB | 1.8/6.0 MB | 0.9/2.3 MB | 388/442 kB | 287/717 kBProgress (5): 1.9/5.3 MB | 1.8/6.0 MB | 0.9/2.3 MB | 388/442 kB | 287/717 kBProgress (5): 1.9/5.3 MB | 1.8/6.0 MB | 0.9/2.3 MB | 388/442 kB | 287/717 kBProgress (5): 1.9/5.3 MB | 1.8/6.0 MB | 0.9/2.3 MB | 388/442 kB | 287/717 kBProgress (5): 1.9/5.3 MB | 1.8/6.0 MB | 0.9/2.3 MB | 388/442 kB | 287/717 kBProgress (5): 1.9/5.3 MB | 1.8/6.0 MB | 0.9/2.3 MB | 405/442 kB | 287/717 kBProgress (5): 1.9/5.3 MB | 1.8/6.0 MB | 0.9/2.3 MB | 405/442 kB | 287/717 kBProgress (5): 1.9/5.3 MB | 1.8/6.0 MB | 0.9/2.3 MB | 405/442 kB | 287/717 kBProgress (5): 1.9/5.3 MB | 1.8/6.0 MB | 0.9/2.3 MB | 405/442 kB | 303/717 kBProgress (5): 1.9/5.3 MB | 1.8/6.0 MB | 0.9/2.3 MB | 405/442 kB | 303/717 kBProgress (5): 1.9/5.3 MB | 1.8/6.0 MB | 0.9/2.3 MB | 405/442 kB | 303/717 kBProgress (5): 2.0/5.3 MB | 1.8/6.0 MB | 0.9/2.3 MB | 405/442 kB | 303/717 kBProgress (5): 2.0/5.3 MB | 1.8/6.0 MB | 0.9/2.3 MB | 405/442 kB | 303/717 kBProgress (5): 2.0/5.3 MB | 1.8/6.0 MB | 0.9/2.3 MB | 421/442 kB | 303/717 kBProgress (5): 2.0/5.3 MB | 1.8/6.0 MB | 0.9/2.3 MB | 421/442 kB | 303/717 kBProgress (5): 2.0/5.3 MB | 1.8/6.0 MB | 0.9/2.3 MB | 421/442 kB | 319/717 kBProgress (5): 2.0/5.3 MB | 1.8/6.0 MB | 0.9/2.3 MB | 421/442 kB | 319/717 kBProgress (5): 2.0/5.3 MB | 1.8/6.0 MB | 0.9/2.3 MB | 421/442 kB | 319/717 kBProgress (5): 2.0/5.3 MB | 1.8/6.0 MB | 0.9/2.3 MB | 421/442 kB | 319/717 kBProgress (5): 2.0/5.3 MB | 1.8/6.0 MB | 0.9/2.3 MB | 438/442 kB | 319/717 kBProgress (5): 2.0/5.3 MB | 1.8/6.0 MB | 0.9/2.3 MB | 438/442 kB | 336/717 kBProgress (5): 2.0/5.3 MB | 1.9/6.0 MB | 0.9/2.3 MB | 438/442 kB | 336/717 kBProgress (5): 2.0/5.3 MB | 1.9/6.0 MB | 0.9/2.3 MB | 442 kB | 336/717 kB    Progress (5): 2.0/5.3 MB | 1.9/6.0 MB | 0.9/2.3 MB | 442 kB | 352/717 kBProgress (5): 2.0/5.3 MB | 1.9/6.0 MB | 0.9/2.3 MB | 442 kB | 352/717 kB                                                                        Downloaded from central: https://repo.maven.apache.org/maven2/org/springframework/spring-websocket/6.1.2/spring-websocket-6.1.2.jar (442 kB at 36 kB/s)
Downloading from central: https://repo.maven.apache.org/maven2/jakarta/activation/jakarta.activation-api/2.1.2/jakarta.activation-api-2.1.2.jar
Progress (4): 2.0/5.3 MB | 1.9/6.0 MB | 0.9/2.3 MB | 352/717 kBProgress (4): 2.0/5.3 MB | 1.9/6.0 MB | 0.9/2.3 MB | 352/717 kBProgress (4): 2.0/5.3 MB | 1.9/6.0 MB | 0.9/2.3 MB | 352/717 kBProgress (4): 2.0/5.3 MB | 1.9/6.0 MB | 1.0/2.3 MB | 352/717 kBProgress (4): 2.0/5.3 MB | 1.9/6.0 MB | 1.0/2.3 MB | 352/717 kBProgress (4): 2.0/5.3 MB | 1.9/6.0 MB | 1.0/2.3 MB | 352/717 kBProgress (4): 2.0/5.3 MB | 1.9/6.0 MB | 1.0/2.3 MB | 369/717 kBProgress (4): 2.0/5.3 MB | 1.9/6.0 MB | 1.0/2.3 MB | 369/717 kBProgress (4): 2.1/5.3 MB | 1.9/6.0 MB | 1.0/2.3 MB | 369/717 kBProgress (4): 2.1/5.3 MB | 1.9/6.0 MB | 1.0/2.3 MB | 369/717 kBProgress (4): 2.1/5.3 MB | 1.9/6.0 MB | 1.0/2.3 MB | 385/717 kBProgress (4): 2.1/5.3 MB | 1.9/6.0 MB | 1.0/2.3 MB | 385/717 kBProgress (4): 2.1/5.3 MB | 1.9/6.0 MB | 1.0/2.3 MB | 385/717 kBProgress (4): 2.1/5.3 MB | 1.9/6.0 MB | 1.0/2.3 MB | 385/717 kBProgress (4): 2.1/5.3 MB | 1.9/6.0 MB | 1.0/2.3 MB | 385/717 kBProgress (4): 2.1/5.3 MB | 1.9/6.0 MB | 1.0/2.3 MB | 385/717 kBProgress (4): 2.1/5.3 MB | 1.9/6.0 MB | 1.0/2.3 MB | 401/717 kBProgress (4): 2.1/5.3 MB | 1.9/6.0 MB | 1.0/2.3 MB | 401/717 kBProgress (4): 2.1/5.3 MB | 1.9/6.0 MB | 1.0/2.3 MB | 401/717 kBProgress (4): 2.1/5.3 MB | 1.9/6.0 MB | 1.0/2.3 MB | 401/717 kBProgress (4): 2.1/5.3 MB | 1.9/6.0 MB | 1.0/2.3 MB | 401/717 kBProgress (4): 2.1/5.3 MB | 1.9/6.0 MB | 1.0/2.3 MB | 401/717 kBProgress (4): 2.1/5.3 MB | 2.0/6.0 MB | 1.0/2.3 MB | 401/717 kBProgress (4): 2.1/5.3 MB | 2.0/6.0 MB | 1.0/2.3 MB | 401/717 kBProgress (4): 2.2/5.3 MB | 2.0/6.0 MB | 1.0/2.3 MB | 401/717 kBProgress (4): 2.2/5.3 MB | 2.0/6.0 MB | 1.0/2.3 MB | 401/717 kBProgress (4): 2.2/5.3 MB | 2.0/6.0 MB | 1.0/2.3 MB | 401/717 kBProgress (4): 2.2/5.3 MB | 2.0/6.0 MB | 1.0/2.3 MB | 401/717 kBProgress (4): 2.2/5.3 MB | 2.0/6.0 MB | 1.1/2.3 MB | 401/717 kBProgress (4): 2.2/5.3 MB | 2.0/6.0 MB | 1.1/2.3 MB | 401/717 kBProgress (4): 2.2/5.3 MB | 2.0/6.0 MB | 1.1/2.3 MB | 401/717 kBProgress (4): 2.2/5.3 MB | 2.0/6.0 MB | 1.1/2.3 MB | 401/717 kBProgress (4): 2.2/5.3 MB | 2.0/6.0 MB | 1.1/2.3 MB | 401/717 kBProgress (4): 2.2/5.3 MB | 2.0/6.0 MB | 1.1/2.3 MB | 401/717 kBProgress (4): 2.2/5.3 MB | 2.0/6.0 MB | 1.1/2.3 MB | 401/717 kBProgress (4): 2.2/5.3 MB | 2.0/6.0 MB | 1.1/2.3 MB | 401/717 kBProgress (4): 2.2/5.3 MB | 2.0/6.0 MB | 1.1/2.3 MB | 401/717 kBProgress (4): 2.2/5.3 MB | 2.0/6.0 MB | 1.1/2.3 MB | 401/717 kBProgress (4): 2.2/5.3 MB | 2.0/6.0 MB | 1.1/2.3 MB | 401/717 kBProgress (4): 2.2/5.3 MB | 2.0/6.0 MB | 1.1/2.3 MB | 401/717 kBProgress (4): 2.2/5.3 MB | 2.0/6.0 MB | 1.1/2.3 MB | 418/717 kBProgress (4): 2.2/5.3 MB | 2.1/6.0 MB | 1.1/2.3 MB | 418/717 kBProgress (4): 2.2/5.3 MB | 2.1/6.0 MB | 1.1/2.3 MB | 434/717 kBProgress (4): 2.2/5.3 MB | 2.1/6.0 MB | 1.1/2.3 MB | 434/717 kBProgress (4): 2.3/5.3 MB | 2.1/6.0 MB | 1.1/2.3 MB | 434/717 kBProgress (4): 2.3/5.3 MB | 2.1/6.0 MB | 1.1/2.3 MB | 434/717 kBProgress (4): 2.3/5.3 MB | 2.1/6.0 MB | 1.1/2.3 MB | 434/717 kBProgress (4): 2.3/5.3 MB | 2.1/6.0 MB | 1.1/2.3 MB | 451/717 kBProgress (4): 2.3/5.3 MB | 2.1/6.0 MB | 1.1/2.3 MB | 451/717 kBProgress (4): 2.3/5.3 MB | 2.1/6.0 MB | 1.1/2.3 MB | 451/717 kBProgress (4): 2.3/5.3 MB | 2.1/6.0 MB | 1.1/2.3 MB | 451/717 kBProgress (5): 2.3/5.3 MB | 2.1/6.0 MB | 1.1/2.3 MB | 451/717 kB | 7.7/66 kBProgress (5): 2.3/5.3 MB | 2.1/6.0 MB | 1.1/2.3 MB | 451/717 kB | 16/66 kB Progress (5): 2.3/5.3 MB | 2.1/6.0 MB | 1.1/2.3 MB | 451/717 kB | 16/66 kBProgress (5): 2.3/5.3 MB | 2.1/6.0 MB | 1.1/2.3 MB | 467/717 kB | 16/66 kBProgress (5): 2.3/5.3 MB | 2.1/6.0 MB | 1.2/2.3 MB | 467/717 kB | 16/66 kBProgress (5): 2.3/5.3 MB | 2.1/6.0 MB | 1.2/2.3 MB | 467/717 kB | 16/66 kBProgress (5): 2.3/5.3 MB | 2.1/6.0 MB | 1.2/2.3 MB | 467/717 kB | 16/66 kBProgress (5): 2.3/5.3 MB | 2.1/6.0 MB | 1.2/2.3 MB | 467/717 kB | 33/66 kBProgress (5): 2.3/5.3 MB | 2.1/6.0 MB | 1.2/2.3 MB | 467/717 kB | 33/66 kBProgress (5): 2.3/5.3 MB | 2.1/6.0 MB | 1.2/2.3 MB | 467/717 kB | 33/66 kBProgress (5): 2.3/5.3 MB | 2.1/6.0 MB | 1.2/2.3 MB | 467/717 kB | 33/66 kBProgress (5): 2.3/5.3 MB | 2.1/6.0 MB | 1.2/2.3 MB | 483/717 kB | 33/66 kBProgress (5): 2.3/5.3 MB | 2.1/6.0 MB | 1.2/2.3 MB | 483/717 kB | 33/66 kBProgress (5): 2.3/5.3 MB | 2.1/6.0 MB | 1.2/2.3 MB | 483/717 kB | 33/66 kBProgress (5): 2.3/5.3 MB | 2.1/6.0 MB | 1.2/2.3 MB | 483/717 kB | 33/66 kBProgress (5): 2.3/5.3 MB | 2.1/6.0 MB | 1.2/2.3 MB | 500/717 kB | 33/66 kBProgress (5): 2.4/5.3 MB | 2.1/6.0 MB | 1.2/2.3 MB | 500/717 kB | 33/66 kBProgress (5): 2.4/5.3 MB | 2.1/6.0 MB | 1.2/2.3 MB | 500/717 kB | 49/66 kBProgress (5): 2.4/5.3 MB | 2.2/6.0 MB | 1.2/2.3 MB | 500/717 kB | 49/66 kBProgress (5): 2.4/5.3 MB | 2.2/6.0 MB | 1.2/2.3 MB | 500/717 kB | 49/66 kBProgress (5): 2.4/5.3 MB | 2.2/6.0 MB | 1.2/2.3 MB | 500/717 kB | 49/66 kBProgress (5): 2.4/5.3 MB | 2.2/6.0 MB | 1.2/2.3 MB | 500/717 kB | 66/66 kBProgress (5): 2.4/5.3 MB | 2.2/6.0 MB | 1.2/2.3 MB | 500/717 kB | 66 kB   Progress (5): 2.4/5.3 MB | 2.2/6.0 MB | 1.2/2.3 MB | 500/717 kB | 66 kB                                                                       Downloaded from central: https://repo.maven.apache.org/maven2/jakarta/activation/jakarta.activation-api/2.1.2/jakarta.activation-api-2.1.2.jar (66 kB at 5.3 kB/s)
Downloading from central: https://repo.maven.apache.org/maven2/org/eclipse/angus/angus-activation/2.0.1/angus-activation-2.0.1.jar
Progress (4): 2.4/5.3 MB | 2.2/6.0 MB | 1.2/2.3 MB | 516/717 kBProgress (4): 2.4/5.3 MB | 2.2/6.0 MB | 1.2/2.3 MB | 516/717 kBProgress (4): 2.4/5.3 MB | 2.2/6.0 MB | 1.2/2.3 MB | 516/717 kBProgress (4): 2.4/5.3 MB | 2.2/6.0 MB | 1.2/2.3 MB | 516/717 kBProgress (4): 2.4/5.3 MB | 2.2/6.0 MB | 1.2/2.3 MB | 516/717 kBProgress (4): 2.4/5.3 MB | 2.2/6.0 MB | 1.2/2.3 MB | 532/717 kBProgress (4): 2.4/5.3 MB | 2.2/6.0 MB | 1.2/2.3 MB | 532/717 kBProgress (4): 2.4/5.3 MB | 2.2/6.0 MB | 1.2/2.3 MB | 532/717 kBProgress (4): 2.4/5.3 MB | 2.2/6.0 MB | 1.2/2.3 MB | 532/717 kBProgress (4): 2.4/5.3 MB | 2.2/6.0 MB | 1.2/2.3 MB | 549/717 kBProgress (4): 2.4/5.3 MB | 2.2/6.0 MB | 1.3/2.3 MB | 549/717 kBProgress (4): 2.4/5.3 MB | 2.2/6.0 MB | 1.3/2.3 MB | 549/717 kBProgress (4): 2.4/5.3 MB | 2.2/6.0 MB | 1.3/2.3 MB | 549/717 kBProgress (4): 2.5/5.3 MB | 2.2/6.0 MB | 1.3/2.3 MB | 549/717 kBProgress (4): 2.5/5.3 MB | 2.2/6.0 MB | 1.3/2.3 MB | 549/717 kBProgress (4): 2.5/5.3 MB | 2.2/6.0 MB | 1.3/2.3 MB | 565/717 kBProgress (4): 2.5/5.3 MB | 2.2/6.0 MB | 1.3/2.3 MB | 565/717 kBProgress (4): 2.5/5.3 MB | 2.2/6.0 MB | 1.3/2.3 MB | 565/717 kBProgress (4): 2.5/5.3 MB | 2.3/6.0 MB | 1.3/2.3 MB | 565/717 kBProgress (4): 2.5/5.3 MB | 2.3/6.0 MB | 1.3/2.3 MB | 582/717 kBProgress (4): 2.5/5.3 MB | 2.3/6.0 MB | 1.3/2.3 MB | 582/717 kBProgress (4): 2.5/5.3 MB | 2.3/6.0 MB | 1.3/2.3 MB | 582/717 kBProgress (4): 2.5/5.3 MB | 2.3/6.0 MB | 1.3/2.3 MB | 582/717 kBProgress (4): 2.5/5.3 MB | 2.3/6.0 MB | 1.3/2.3 MB | 598/717 kBProgress (4): 2.5/5.3 MB | 2.3/6.0 MB | 1.3/2.3 MB | 598/717 kBProgress (4): 2.5/5.3 MB | 2.3/6.0 MB | 1.3/2.3 MB | 598/717 kBProgress (5): 2.5/5.3 MB | 2.3/6.0 MB | 1.3/2.3 MB | 598/717 kB | 7.7/27 kBProgress (5): 2.5/5.3 MB | 2.3/6.0 MB | 1.3/2.3 MB | 598/717 kB | 16/27 kB Progress (5): 2.5/5.3 MB | 2.3/6.0 MB | 1.3/2.3 MB | 598/717 kB | 16/27 kBProgress (5): 2.5/5.3 MB | 2.3/6.0 MB | 1.3/2.3 MB | 614/717 kB | 16/27 kBProgress (5): 2.5/5.3 MB | 2.3/6.0 MB | 1.3/2.3 MB | 614/717 kB | 27 kB   Progress (5): 2.5/5.3 MB | 2.3/6.0 MB | 1.3/2.3 MB | 614/717 kB | 27 kB                                                                       Downloaded from central: https://repo.maven.apache.org/maven2/org/eclipse/angus/angus-activation/2.0.1/angus-activation-2.0.1.jar (27 kB at 2.2 kB/s)
Downloading from central: https://repo.maven.apache.org/maven2/org/springframework/boot/spring-boot-starter-thymeleaf/3.2.1/spring-boot-starter-thymeleaf-3.2.1.jar
Progress (4): 2.5/5.3 MB | 2.3/6.0 MB | 1.3/2.3 MB | 614/717 kBProgress (4): 2.5/5.3 MB | 2.3/6.0 MB | 1.3/2.3 MB | 614/717 kBProgress (4): 2.5/5.3 MB | 2.3/6.0 MB | 1.3/2.3 MB | 614/717 kBProgress (4): 2.5/5.3 MB | 2.3/6.0 MB | 1.3/2.3 MB | 631/717 kBProgress (4): 2.6/5.3 MB | 2.3/6.0 MB | 1.3/2.3 MB | 631/717 kBProgress (4): 2.6/5.3 MB | 2.3/6.0 MB | 1.3/2.3 MB | 631/717 kBProgress (4): 2.6/5.3 MB | 2.3/6.0 MB | 1.3/2.3 MB | 631/717 kBProgress (4): 2.6/5.3 MB | 2.3/6.0 MB | 1.4/2.3 MB | 631/717 kBProgress (4): 2.6/5.3 MB | 2.3/6.0 MB | 1.4/2.3 MB | 631/717 kBProgress (4): 2.6/5.3 MB | 2.3/6.0 MB | 1.4/2.3 MB | 631/717 kBProgress (4): 2.6/5.3 MB | 2.3/6.0 MB | 1.4/2.3 MB | 647/717 kBProgress (4): 2.6/5.3 MB | 2.3/6.0 MB | 1.4/2.3 MB | 647/717 kBProgress (4): 2.6/5.3 MB | 2.3/6.0 MB | 1.4/2.3 MB | 647/717 kBProgress (4): 2.6/5.3 MB | 2.3/6.0 MB | 1.4/2.3 MB | 647/717 kBProgress (4): 2.6/5.3 MB | 2.4/6.0 MB | 1.4/2.3 MB | 647/717 kBProgress (4): 2.6/5.3 MB | 2.4/6.0 MB | 1.4/2.3 MB | 647/717 kBProgress (4): 2.6/5.3 MB | 2.4/6.0 MB | 1.4/2.3 MB | 647/717 kBProgress (4): 2.6/5.3 MB | 2.4/6.0 MB | 1.4/2.3 MB | 664/717 kBProgress (4): 2.6/5.3 MB | 2.4/6.0 MB | 1.4/2.3 MB | 664/717 kBProgress (4): 2.6/5.3 MB | 2.4/6.0 MB | 1.4/2.3 MB | 680/717 kBProgress (4): 2.6/5.3 MB | 2.4/6.0 MB | 1.4/2.3 MB | 680/717 kBProgress (4): 2.6/5.3 MB | 2.4/6.0 MB | 1.4/2.3 MB | 680/717 kBProgress (4): 2.6/5.3 MB | 2.4/6.0 MB | 1.4/2.3 MB | 696/717 kBProgress (4): 2.6/5.3 MB | 2.4/6.0 MB | 1.4/2.3 MB | 696/717 kBProgress (4): 2.6/5.3 MB | 2.4/6.0 MB | 1.4/2.3 MB | 696/717 kBProgress (4): 2.6/5.3 MB | 2.4/6.0 MB | 1.4/2.3 MB | 696/717 kBProgress (4): 2.7/5.3 MB | 2.4/6.0 MB | 1.4/2.3 MB | 696/717 kBProgress (4): 2.7/5.3 MB | 2.4/6.0 MB | 1.4/2.3 MB | 713/717 kBProgress (4): 2.7/5.3 MB | 2.4/6.0 MB | 1.4/2.3 MB | 713/717 kBProgress (4): 2.7/5.3 MB | 2.4/6.0 MB | 1.4/2.3 MB | 713/717 kBProgress (4): 2.7/5.3 MB | 2.4/6.0 MB | 1.4/2.3 MB | 713/717 kBProgress (5): 2.7/5.3 MB | 2.4/6.0 MB | 1.4/2.3 MB | 713/717 kB | 4.8 kB                                                                        Downloaded from central: https://repo.maven.apache.org/maven2/org/springframework/boot/spring-boot-starter-thymeleaf/3.2.1/spring-boot-starter-thymeleaf-3.2.1.jar (4.8 kB at 372 B/s)
Downloading from central: https://repo.maven.apache.org/maven2/org/thymeleaf/thymeleaf-spring6/3.1.2.RELEASE/thymeleaf-spring6-3.1.2.RELEASE.jar
Progress (4): 2.7/5.3 MB | 2.4/6.0 MB | 1.4/2.3 MB | 713/717 kBProgress (4): 2.7/5.3 MB | 2.4/6.0 MB | 1.4/2.3 MB | 713/717 kBProgress (4): 2.7/5.3 MB | 2.4/6.0 MB | 1.4/2.3 MB | 713/717 kBProgress (4): 2.7/5.3 MB | 2.4/6.0 MB | 1.5/2.3 MB | 713/717 kBProgress (4): 2.7/5.3 MB | 2.4/6.0 MB | 1.5/2.3 MB | 713/717 kBProgress (4): 2.7/5.3 MB | 2.5/6.0 MB | 1.5/2.3 MB | 713/717 kBProgress (4): 2.7/5.3 MB | 2.5/6.0 MB | 1.5/2.3 MB | 713/717 kBProgress (4): 2.7/5.3 MB | 2.5/6.0 MB | 1.5/2.3 MB | 713/717 kBProgress (4): 2.7/5.3 MB | 2.5/6.0 MB | 1.5/2.3 MB | 717 kB    Progress (4): 2.7/5.3 MB | 2.5/6.0 MB | 1.5/2.3 MB | 717 kBProgress (4): 2.7/5.3 MB | 2.5/6.0 MB | 1.5/2.3 MB | 717 kB                                                           Downloaded from central: https://repo.maven.apache.org/maven2/org/eclipse/angus/jakarta.mail/2.0.2/jakarta.mail-2.0.2.jar (717 kB at 56 kB/s)
Downloading from central: https://repo.maven.apache.org/maven2/org/thymeleaf/thymeleaf/3.1.2.RELEASE/thymeleaf-3.1.2.RELEASE.jar
Progress (3): 2.7/5.3 MB | 2.5/6.0 MB | 1.5/2.3 MBProgress (3): 2.8/5.3 MB | 2.5/6.0 MB | 1.5/2.3 MBProgress (3): 2.8/5.3 MB | 2.5/6.0 MB | 1.5/2.3 MBProgress (3): 2.8/5.3 MB | 2.5/6.0 MB | 1.5/2.3 MBProgress (3): 2.8/5.3 MB | 2.5/6.0 MB | 1.5/2.3 MBProgress (3): 2.8/5.3 MB | 2.5/6.0 MB | 1.5/2.3 MBProgress (3): 2.8/5.3 MB | 2.5/6.0 MB | 1.5/2.3 MBProgress (3): 2.8/5.3 MB | 2.5/6.0 MB | 1.5/2.3 MBProgress (3): 2.8/5.3 MB | 2.5/6.0 MB | 1.5/2.3 MBProgress (3): 2.8/5.3 MB | 2.5/6.0 MB | 1.5/2.3 MBProgress (3): 2.8/5.3 MB | 2.5/6.0 MB | 1.5/2.3 MBProgress (3): 2.8/5.3 MB | 2.5/6.0 MB | 1.5/2.3 MBProgress (3): 2.8/5.3 MB | 2.5/6.0 MB | 1.5/2.3 MBProgress (3): 2.8/5.3 MB | 2.6/6.0 MB | 1.5/2.3 MBProgress (3): 2.8/5.3 MB | 2.6/6.0 MB | 1.5/2.3 MBProgress (3): 2.8/5.3 MB | 2.6/6.0 MB | 1.5/2.3 MBProgress (3): 2.8/5.3 MB | 2.6/6.0 MB | 1.6/2.3 MBProgress (3): 2.9/5.3 MB | 2.6/6.0 MB | 1.6/2.3 MBProgress (3): 2.9/5.3 MB | 2.6/6.0 MB | 1.6/2.3 MBProgress (3): 2.9/5.3 MB | 2.6/6.0 MB | 1.6/2.3 MBProgress (3): 2.9/5.3 MB | 2.6/6.0 MB | 1.6/2.3 MBProgress (3): 2.9/5.3 MB | 2.6/6.0 MB | 1.6/2.3 MBProgress (3): 2.9/5.3 MB | 2.6/6.0 MB | 1.6/2.3 MBProgress (3): 2.9/5.3 MB | 2.6/6.0 MB | 1.6/2.3 MBProgress (3): 2.9/5.3 MB | 2.6/6.0 MB | 1.6/2.3 MBProgress (3): 2.9/5.3 MB | 2.6/6.0 MB | 1.6/2.3 MBProgress (3): 2.9/5.3 MB | 2.6/6.0 MB | 1.6/2.3 MBProgress (3): 2.9/5.3 MB | 2.6/6.0 MB | 1.6/2.3 MBProgress (4): 2.9/5.3 MB | 2.6/6.0 MB | 1.6/2.3 MB | 7.7/938 kBProgress (4): 2.9/5.3 MB | 2.6/6.0 MB | 1.6/2.3 MB | 16/938 kB Progress (4): 2.9/5.3 MB | 2.6/6.0 MB | 1.6/2.3 MB | 16/938 kBProgress (4): 2.9/5.3 MB | 2.6/6.0 MB | 1.6/2.3 MB | 16/938 kBProgress (5): 2.9/5.3 MB | 2.6/6.0 MB | 1.6/2.3 MB | 16/938 kB | 7.7/189 kBProgress (5): 2.9/5.3 MB | 2.6/6.0 MB | 1.6/2.3 MB | 16/938 kB | 16/189 kB Progress (5): 2.9/5.3 MB | 2.7/6.0 MB | 1.6/2.3 MB | 16/938 kB | 16/189 kBProgress (5): 2.9/5.3 MB | 2.7/6.0 MB | 1.6/2.3 MB | 16/938 kB | 16/189 kBProgress (5): 2.9/5.3 MB | 2.7/6.0 MB | 1.6/2.3 MB | 16/938 kB | 16/189 kBProgress (5): 2.9/5.3 MB | 2.7/6.0 MB | 1.6/2.3 MB | 32/938 kB | 16/189 kBProgress (5): 2.9/5.3 MB | 2.7/6.0 MB | 1.6/2.3 MB | 32/938 kB | 16/189 kBProgress (5): 2.9/5.3 MB | 2.7/6.0 MB | 1.6/2.3 MB | 32/938 kB | 32/189 kBProgress (5): 2.9/5.3 MB | 2.7/6.0 MB | 1.6/2.3 MB | 32/938 kB | 32/189 kBProgress (5): 2.9/5.3 MB | 2.7/6.0 MB | 1.7/2.3 MB | 32/938 kB | 32/189 kBProgress (5): 2.9/5.3 MB | 2.7/6.0 MB | 1.7/2.3 MB | 49/938 kB | 32/189 kBProgress (5): 3.0/5.3 MB | 2.7/6.0 MB | 1.7/2.3 MB | 49/938 kB | 32/189 kBProgress (5): 3.0/5.3 MB | 2.7/6.0 MB | 1.7/2.3 MB | 49/938 kB | 49/189 kBProgress (5): 3.0/5.3 MB | 2.7/6.0 MB | 1.7/2.3 MB | 49/938 kB | 49/189 kBProgress (5): 3.0/5.3 MB | 2.7/6.0 MB | 1.7/2.3 MB | 65/938 kB | 49/189 kBProgress (5): 3.0/5.3 MB | 2.7/6.0 MB | 1.7/2.3 MB | 65/938 kB | 49/189 kBProgress (5): 3.0/5.3 MB | 2.7/6.0 MB | 1.7/2.3 MB | 65/938 kB | 49/189 kBProgress (5): 3.0/5.3 MB | 2.7/6.0 MB | 1.7/2.3 MB | 65/938 kB | 49/189 kBProgress (5): 3.0/5.3 MB | 2.7/6.0 MB | 1.7/2.3 MB | 65/938 kB | 49/189 kBProgress (5): 3.0/5.3 MB | 2.7/6.0 MB | 1.7/2.3 MB | 65/938 kB | 49/189 kBProgress (5): 3.0/5.3 MB | 2.7/6.0 MB | 1.7/2.3 MB | 65/938 kB | 49/189 kBProgress (5): 3.0/5.3 MB | 2.7/6.0 MB | 1.7/2.3 MB | 65/938 kB | 49/189 kBProgress (5): 3.0/5.3 MB | 2.7/6.0 MB | 1.7/2.3 MB | 65/938 kB | 65/189 kBProgress (5): 3.0/5.3 MB | 2.7/6.0 MB | 1.7/2.3 MB | 65/938 kB | 65/189 kBProgress (5): 3.0/5.3 MB | 2.7/6.0 MB | 1.7/2.3 MB | 65/938 kB | 65/189 kBProgress (5): 3.0/5.3 MB | 2.7/6.0 MB | 1.7/2.3 MB | 81/938 kB | 65/189 kBProgress (5): 3.0/5.3 MB | 2.7/6.0 MB | 1.7/2.3 MB | 81/938 kB | 65/189 kBProgress (5): 3.0/5.3 MB | 2.7/6.0 MB | 1.7/2.3 MB | 98/938 kB | 65/189 kBProgress (5): 3.0/5.3 MB | 2.7/6.0 MB | 1.7/2.3 MB | 98/938 kB | 65/189 kBProgress (5): 3.0/5.3 MB | 2.7/6.0 MB | 1.7/2.3 MB | 98/938 kB | 65/189 kBProgress (5): 3.0/5.3 MB | 2.8/6.0 MB | 1.7/2.3 MB | 98/938 kB | 65/189 kBProgress (5): 3.0/5.3 MB | 2.8/6.0 MB | 1.7/2.3 MB | 98/938 kB | 65/189 kBProgress (5): 3.0/5.3 MB | 2.8/6.0 MB | 1.7/2.3 MB | 98/938 kB | 65/189 kBProgress (5): 3.0/5.3 MB | 2.8/6.0 MB | 1.7/2.3 MB | 98/938 kB | 81/189 kBProgress (5): 3.0/5.3 MB | 2.8/6.0 MB | 1.7/2.3 MB | 98/938 kB | 98/189 kBProgress (5): 3.0/5.3 MB | 2.8/6.0 MB | 1.7/2.3 MB | 114/938 kB | 98/189 kBProgress (5): 3.0/5.3 MB | 2.8/6.0 MB | 1.7/2.3 MB | 114/938 kB | 98/189 kBProgress (5): 3.1/5.3 MB | 2.8/6.0 MB | 1.7/2.3 MB | 114/938 kB | 98/189 kBProgress (5): 3.1/5.3 MB | 2.8/6.0 MB | 1.7/2.3 MB | 114/938 kB | 98/189 kBProgress (5): 3.1/5.3 MB | 2.8/6.0 MB | 1.7/2.3 MB | 114/938 kB | 98/189 kBProgress (5): 3.1/5.3 MB | 2.8/6.0 MB | 1.7/2.3 MB | 114/938 kB | 98/189 kBProgress (5): 3.1/5.3 MB | 2.8/6.0 MB | 1.7/2.3 MB | 114/938 kB | 98/189 kBProgress (5): 3.1/5.3 MB | 2.8/6.0 MB | 1.7/2.3 MB | 114/938 kB | 98/189 kBProgress (5): 3.1/5.3 MB | 2.8/6.0 MB | 1.7/2.3 MB | 114/938 kB | 98/189 kBProgress (5): 3.1/5.3 MB | 2.8/6.0 MB | 1.7/2.3 MB | 114/938 kB | 98/189 kBProgress (5): 3.1/5.3 MB | 2.8/6.0 MB | 1.7/2.3 MB | 114/938 kB | 114/189 kBProgress (5): 3.1/5.3 MB | 2.8/6.0 MB | 1.7/2.3 MB | 114/938 kB | 114/189 kBProgress (5): 3.1/5.3 MB | 2.8/6.0 MB | 1.8/2.3 MB | 114/938 kB | 114/189 kBProgress (5): 3.1/5.3 MB | 2.8/6.0 MB | 1.8/2.3 MB | 114/938 kB | 114/189 kBProgress (5): 3.2/5.3 MB | 2.8/6.0 MB | 1.8/2.3 MB | 114/938 kB | 114/189 kBProgress (5): 3.2/5.3 MB | 2.8/6.0 MB | 1.8/2.3 MB | 114/938 kB | 131/189 kBProgress (5): 3.2/5.3 MB | 2.8/6.0 MB | 1.8/2.3 MB | 114/938 kB | 131/189 kBProgress (5): 3.2/5.3 MB | 2.9/6.0 MB | 1.8/2.3 MB | 114/938 kB | 131/189 kBProgress (5): 3.2/5.3 MB | 2.9/6.0 MB | 1.8/2.3 MB | 114/938 kB | 131/189 kBProgress (5): 3.2/5.3 MB | 2.9/6.0 MB | 1.8/2.3 MB | 114/938 kB | 147/189 kBProgress (5): 3.2/5.3 MB | 2.9/6.0 MB | 1.8/2.3 MB | 114/938 kB | 147/189 kBProgress (5): 3.2/5.3 MB | 2.9/6.0 MB | 1.8/2.3 MB | 131/938 kB | 147/189 kBProgress (5): 3.2/5.3 MB | 2.9/6.0 MB | 1.8/2.3 MB | 131/938 kB | 147/189 kBProgress (5): 3.2/5.3 MB | 2.9/6.0 MB | 1.8/2.3 MB | 131/938 kB | 147/189 kBProgress (5): 3.2/5.3 MB | 2.9/6.0 MB | 1.8/2.3 MB | 131/938 kB | 147/189 kBProgress (5): 3.2/5.3 MB | 2.9/6.0 MB | 1.8/2.3 MB | 131/938 kB | 147/189 kBProgress (5): 3.2/5.3 MB | 2.9/6.0 MB | 1.8/2.3 MB | 131/938 kB | 147/189 kBProgress (5): 3.2/5.3 MB | 2.9/6.0 MB | 1.8/2.3 MB | 131/938 kB | 163/189 kBProgress (5): 3.2/5.3 MB | 2.9/6.0 MB | 1.8/2.3 MB | 131/938 kB | 163/189 kBProgress (5): 3.2/5.3 MB | 2.9/6.0 MB | 1.8/2.3 MB | 147/938 kB | 163/189 kBProgress (5): 3.2/5.3 MB | 2.9/6.0 MB | 1.8/2.3 MB | 147/938 kB | 163/189 kBProgress (5): 3.2/5.3 MB | 2.9/6.0 MB | 1.8/2.3 MB | 147/938 kB | 163/189 kBProgress (5): 3.2/5.3 MB | 2.9/6.0 MB | 1.8/2.3 MB | 147/938 kB | 163/189 kBProgress (5): 3.2/5.3 MB | 2.9/6.0 MB | 1.8/2.3 MB | 147/938 kB | 180/189 kBProgress (5): 3.2/5.3 MB | 2.9/6.0 MB | 1.8/2.3 MB | 163/938 kB | 180/189 kBProgress (5): 3.2/5.3 MB | 2.9/6.0 MB | 1.9/2.3 MB | 163/938 kB | 180/189 kBProgress (5): 3.2/5.3 MB | 2.9/6.0 MB | 1.9/2.3 MB | 163/938 kB | 180/189 kBProgress (5): 3.2/5.3 MB | 2.9/6.0 MB | 1.9/2.3 MB | 163/938 kB | 180/189 kBProgress (5): 3.2/5.3 MB | 2.9/6.0 MB | 1.9/2.3 MB | 180/938 kB | 180/189 kBProgress (5): 3.2/5.3 MB | 2.9/6.0 MB | 1.9/2.3 MB | 180/938 kB | 189 kB                                                                            Downloaded from central: https://repo.maven.apache.org/maven2/org/thymeleaf/thymeleaf-spring6/3.1.2.RELEASE/thymeleaf-spring6-3.1.2.RELEASE.jar (189 kB at 14 kB/s)
Downloading from central: https://repo.maven.apache.org/maven2/org/attoparser/attoparser/2.0.7.RELEASE/attoparser-2.0.7.RELEASE.jar
Progress (4): 3.2/5.3 MB | 2.9/6.0 MB | 1.9/2.3 MB | 180/938 kBProgress (4): 3.2/5.3 MB | 2.9/6.0 MB | 1.9/2.3 MB | 180/938 kBProgress (4): 3.3/5.3 MB | 2.9/6.0 MB | 1.9/2.3 MB | 180/938 kBProgress (4): 3.3/5.3 MB | 2.9/6.0 MB | 1.9/2.3 MB | 180/938 kBProgress (4): 3.3/5.3 MB | 2.9/6.0 MB | 1.9/2.3 MB | 196/938 kBProgress (4): 3.3/5.3 MB | 3.0/6.0 MB | 1.9/2.3 MB | 196/938 kBProgress (4): 3.3/5.3 MB | 3.0/6.0 MB | 1.9/2.3 MB | 196/938 kBProgress (4): 3.3/5.3 MB | 3.0/6.0 MB | 1.9/2.3 MB | 213/938 kBProgress (4): 3.3/5.3 MB | 3.0/6.0 MB | 1.9/2.3 MB | 213/938 kBProgress (4): 3.3/5.3 MB | 3.0/6.0 MB | 1.9/2.3 MB | 213/938 kBProgress (4): 3.3/5.3 MB | 3.0/6.0 MB | 1.9/2.3 MB | 213/938 kBProgress (4): 3.3/5.3 MB | 3.0/6.0 MB | 1.9/2.3 MB | 229/938 kBProgress (4): 3.3/5.3 MB | 3.0/6.0 MB | 1.9/2.3 MB | 229/938 kBProgress (4): 3.3/5.3 MB | 3.0/6.0 MB | 1.9/2.3 MB | 229/938 kBProgress (4): 3.3/5.3 MB | 3.0/6.0 MB | 1.9/2.3 MB | 229/938 kBProgress (4): 3.3/5.3 MB | 3.0/6.0 MB | 1.9/2.3 MB | 229/938 kBProgress (4): 3.3/5.3 MB | 3.0/6.0 MB | 1.9/2.3 MB | 245/938 kBProgress (4): 3.3/5.3 MB | 3.0/6.0 MB | 1.9/2.3 MB | 245/938 kBProgress (4): 3.3/5.3 MB | 3.0/6.0 MB | 1.9/2.3 MB | 245/938 kBProgress (4): 3.3/5.3 MB | 3.0/6.0 MB | 1.9/2.3 MB | 245/938 kBProgress (4): 3.3/5.3 MB | 3.0/6.0 MB | 1.9/2.3 MB | 245/938 kBProgress (4): 3.4/5.3 MB | 3.0/6.0 MB | 1.9/2.3 MB | 245/938 kBProgress (4): 3.4/5.3 MB | 3.0/6.0 MB | 2.0/2.3 MB | 245/938 kBProgress (4): 3.4/5.3 MB | 3.0/6.0 MB | 2.0/2.3 MB | 262/938 kBProgress (4): 3.4/5.3 MB | 3.0/6.0 MB | 2.0/2.3 MB | 262/938 kBProgress (4): 3.4/5.3 MB | 3.0/6.0 MB | 2.0/2.3 MB | 262/938 kBProgress (4): 3.4/5.3 MB | 3.0/6.0 MB | 2.0/2.3 MB | 262/938 kBProgress (4): 3.4/5.3 MB | 3.0/6.0 MB | 2.0/2.3 MB | 278/938 kBProgress (4): 3.4/5.3 MB | 3.0/6.0 MB | 2.0/2.3 MB | 278/938 kBProgress (4): 3.4/5.3 MB | 3.0/6.0 MB | 2.0/2.3 MB | 278/938 kBProgress (4): 3.4/5.3 MB | 3.1/6.0 MB | 2.0/2.3 MB | 278/938 kBProgress (4): 3.4/5.3 MB | 3.1/6.0 MB | 2.0/2.3 MB | 278/938 kBProgress (4): 3.4/5.3 MB | 3.1/6.0 MB | 2.0/2.3 MB | 278/938 kBProgress (4): 3.4/5.3 MB | 3.1/6.0 MB | 2.0/2.3 MB | 278/938 kBProgress (4): 3.4/5.3 MB | 3.1/6.0 MB | 2.0/2.3 MB | 278/938 kBProgress (4): 3.4/5.3 MB | 3.1/6.0 MB | 2.0/2.3 MB | 294/938 kBProgress (4): 3.4/5.3 MB | 3.1/6.0 MB | 2.0/2.3 MB | 294/938 kBProgress (4): 3.4/5.3 MB | 3.1/6.0 MB | 2.0/2.3 MB | 294/938 kBProgress (4): 3.4/5.3 MB | 3.1/6.0 MB | 2.0/2.3 MB | 294/938 kBProgress (4): 3.4/5.3 MB | 3.1/6.0 MB | 2.0/2.3 MB | 294/938 kBProgress (4): 3.5/5.3 MB | 3.1/6.0 MB | 2.0/2.3 MB | 294/938 kBProgress (4): 3.5/5.3 MB | 3.1/6.0 MB | 2.0/2.3 MB | 294/938 kBProgress (4): 3.5/5.3 MB | 3.1/6.0 MB | 2.0/2.3 MB | 294/938 kBProgress (4): 3.5/5.3 MB | 3.1/6.0 MB | 2.0/2.3 MB | 294/938 kBProgress (4): 3.5/5.3 MB | 3.1/6.0 MB | 2.0/2.3 MB | 294/938 kBProgress (4): 3.5/5.3 MB | 3.1/6.0 MB | 2.0/2.3 MB | 294/938 kBProgress (4): 3.5/5.3 MB | 3.1/6.0 MB | 2.0/2.3 MB | 294/938 kBProgress (4): 3.5/5.3 MB | 3.1/6.0 MB | 2.0/2.3 MB | 294/938 kBProgress (4): 3.5/5.3 MB | 3.1/6.0 MB | 2.1/2.3 MB | 294/938 kBProgress (4): 3.5/5.3 MB | 3.1/6.0 MB | 2.1/2.3 MB | 294/938 kBProgress (4): 3.5/5.3 MB | 3.1/6.0 MB | 2.1/2.3 MB | 311/938 kBProgress (4): 3.5/5.3 MB | 3.2/6.0 MB | 2.1/2.3 MB | 311/938 kBProgress (4): 3.5/5.3 MB | 3.2/6.0 MB | 2.1/2.3 MB | 311/938 kBProgress (4): 3.5/5.3 MB | 3.2/6.0 MB | 2.1/2.3 MB | 327/938 kBProgress (4): 3.5/5.3 MB | 3.2/6.0 MB | 2.1/2.3 MB | 327/938 kBProgress (4): 3.5/5.3 MB | 3.2/6.0 MB | 2.1/2.3 MB | 327/938 kBProgress (4): 3.5/5.3 MB | 3.2/6.0 MB | 2.1/2.3 MB | 327/938 kBProgress (4): 3.5/5.3 MB | 3.2/6.0 MB | 2.1/2.3 MB | 344/938 kBProgress (4): 3.5/5.3 MB | 3.2/6.0 MB | 2.1/2.3 MB | 344/938 kBProgress (4): 3.6/5.3 MB | 3.2/6.0 MB | 2.1/2.3 MB | 344/938 kBProgress (4): 3.6/5.3 MB | 3.2/6.0 MB | 2.1/2.3 MB | 344/938 kBProgress (5): 3.6/5.3 MB | 3.2/6.0 MB | 2.1/2.3 MB | 344/938 kB | 7.7/246 kBProgress (5): 3.6/5.3 MB | 3.2/6.0 MB | 2.1/2.3 MB | 344/938 kB | 16/246 kB Progress (5): 3.6/5.3 MB | 3.2/6.0 MB | 2.1/2.3 MB | 360/938 kB | 16/246 kBProgress (5): 3.6/5.3 MB | 3.2/6.0 MB | 2.1/2.3 MB | 360/938 kB | 25/246 kBProgress (5): 3.6/5.3 MB | 3.2/6.0 MB | 2.1/2.3 MB | 360/938 kB | 25/246 kBProgress (5): 3.6/5.3 MB | 3.2/6.0 MB | 2.1/2.3 MB | 360/938 kB | 25/246 kBProgress (5): 3.6/5.3 MB | 3.2/6.0 MB | 2.1/2.3 MB | 360/938 kB | 25/246 kBProgress (5): 3.6/5.3 MB | 3.2/6.0 MB | 2.1/2.3 MB | 360/938 kB | 25/246 kBProgress (5): 3.6/5.3 MB | 3.2/6.0 MB | 2.1/2.3 MB | 360/938 kB | 25/246 kBProgress (5): 3.6/5.3 MB | 3.2/6.0 MB | 2.1/2.3 MB | 376/938 kB | 25/246 kBProgress (5): 3.6/5.3 MB | 3.2/6.0 MB | 2.1/2.3 MB | 376/938 kB | 25/246 kBProgress (5): 3.6/5.3 MB | 3.2/6.0 MB | 2.1/2.3 MB | 376/938 kB | 25/246 kBProgress (5): 3.6/5.3 MB | 3.2/6.0 MB | 2.1/2.3 MB | 376/938 kB | 25/246 kBProgress (5): 3.6/5.3 MB | 3.2/6.0 MB | 2.1/2.3 MB | 376/938 kB | 41/246 kBProgress (5): 3.6/5.3 MB | 3.2/6.0 MB | 2.1/2.3 MB | 376/938 kB | 41/246 kBProgress (5): 3.6/5.3 MB | 3.2/6.0 MB | 2.2/2.3 MB | 376/938 kB | 41/246 kBProgress (5): 3.6/5.3 MB | 3.2/6.0 MB | 2.2/2.3 MB | 393/938 kB | 41/246 kBProgress (5): 3.6/5.3 MB | 3.2/6.0 MB | 2.2/2.3 MB | 393/938 kB | 57/246 kBProgress (5): 3.6/5.3 MB | 3.3/6.0 MB | 2.2/2.3 MB | 393/938 kB | 57/246 kBProgress (5): 3.6/5.3 MB | 3.3/6.0 MB | 2.2/2.3 MB | 393/938 kB | 57/246 kBProgress (5): 3.6/5.3 MB | 3.3/6.0 MB | 2.2/2.3 MB | 393/938 kB | 57/246 kBProgress (5): 3.6/5.3 MB | 3.3/6.0 MB | 2.2/2.3 MB | 409/938 kB | 57/246 kBProgress (5): 3.7/5.3 MB | 3.3/6.0 MB | 2.2/2.3 MB | 409/938 kB | 57/246 kBProgress (5): 3.7/5.3 MB | 3.3/6.0 MB | 2.2/2.3 MB | 409/938 kB | 57/246 kBProgress (5): 3.7/5.3 MB | 3.3/6.0 MB | 2.2/2.3 MB | 409/938 kB | 57/246 kBProgress (5): 3.7/5.3 MB | 3.3/6.0 MB | 2.2/2.3 MB | 409/938 kB | 74/246 kBProgress (5): 3.7/5.3 MB | 3.3/6.0 MB | 2.2/2.3 MB | 426/938 kB | 74/246 kBProgress (5): 3.7/5.3 MB | 3.3/6.0 MB | 2.2/2.3 MB | 426/938 kB | 74/246 kBProgress (5): 3.7/5.3 MB | 3.3/6.0 MB | 2.2/2.3 MB | 426/938 kB | 74/246 kBProgress (5): 3.7/5.3 MB | 3.3/6.0 MB | 2.2/2.3 MB | 426/938 kB | 74/246 kBProgress (5): 3.7/5.3 MB | 3.3/6.0 MB | 2.2/2.3 MB | 442/938 kB | 74/246 kBProgress (5): 3.7/5.3 MB | 3.3/6.0 MB | 2.2/2.3 MB | 442/938 kB | 90/246 kBProgress (5): 3.7/5.3 MB | 3.3/6.0 MB | 2.2/2.3 MB | 442/938 kB | 90/246 kBProgress (5): 3.7/5.3 MB | 3.3/6.0 MB | 2.2/2.3 MB | 442/938 kB | 90/246 kBProgress (5): 3.7/5.3 MB | 3.3/6.0 MB | 2.2/2.3 MB | 442/938 kB | 90/246 kBProgress (5): 3.7/5.3 MB | 3.3/6.0 MB | 2.2/2.3 MB | 458/938 kB | 90/246 kBProgress (5): 3.7/5.3 MB | 3.3/6.0 MB | 2.2/2.3 MB | 458/938 kB | 90/246 kBProgress (5): 3.7/5.3 MB | 3.3/6.0 MB | 2.2/2.3 MB | 458/938 kB | 90/246 kBProgress (5): 3.7/5.3 MB | 3.3/6.0 MB | 2.2/2.3 MB | 458/938 kB | 106/246 kBProgress (5): 3.7/5.3 MB | 3.3/6.0 MB | 2.2/2.3 MB | 458/938 kB | 106/246 kBProgress (5): 3.7/5.3 MB | 3.3/6.0 MB | 2.3/2.3 MB | 458/938 kB | 106/246 kBProgress (5): 3.7/5.3 MB | 3.3/6.0 MB | 2.3/2.3 MB | 458/938 kB | 106/246 kBProgress (5): 3.7/5.3 MB | 3.3/6.0 MB | 2.3/2.3 MB | 458/938 kB | 123/246 kBProgress (5): 3.7/5.3 MB | 3.3/6.0 MB | 2.3/2.3 MB | 458/938 kB | 123/246 kBProgress (5): 3.7/5.3 MB | 3.3/6.0 MB | 2.3/2.3 MB | 458/938 kB | 123/246 kBProgress (5): 3.7/5.3 MB | 3.3/6.0 MB | 2.3/2.3 MB | 458/938 kB | 123/246 kBProgress (5): 3.7/5.3 MB | 3.4/6.0 MB | 2.3/2.3 MB | 458/938 kB | 123/246 kBProgress (5): 3.7/5.3 MB | 3.4/6.0 MB | 2.3/2.3 MB | 458/938 kB | 139/246 kBProgress (5): 3.7/5.3 MB | 3.4/6.0 MB | 2.3/2.3 MB | 458/938 kB | 139/246 kBProgress (5): 3.8/5.3 MB | 3.4/6.0 MB | 2.3/2.3 MB | 458/938 kB | 139/246 kBProgress (5): 3.8/5.3 MB | 3.4/6.0 MB | 2.3/2.3 MB | 458/938 kB | 139/246 kBProgress (5): 3.8/5.3 MB | 3.4/6.0 MB | 2.3/2.3 MB | 458/938 kB | 139/246 kBProgress (5): 3.8/5.3 MB | 3.4/6.0 MB | 2.3/2.3 MB | 458/938 kB | 139/246 kBProgress (5): 3.8/5.3 MB | 3.4/6.0 MB | 2.3 MB | 458/938 kB | 139/246 kB                                                                            Downloaded from central: https://repo.maven.apache.org/maven2/org/xerial/snappy/snappy-java/1.1.10.5/snappy-java-1.1.10.5.jar (2.3 MB at 171 kB/s)
Downloading from central: https://repo.maven.apache.org/maven2/org/unbescape/unbescape/1.1.6.RELEASE/unbescape-1.1.6.RELEASE.jar
Progress (4): 3.8/5.3 MB | 3.4/6.0 MB | 458/938 kB | 139/246 kBProgress (4): 3.8/5.3 MB | 3.4/6.0 MB | 458/938 kB | 139/246 kBProgress (4): 3.8/5.3 MB | 3.4/6.0 MB | 475/938 kB | 139/246 kBProgress (4): 3.8/5.3 MB | 3.4/6.0 MB | 475/938 kB | 147/246 kBProgress (4): 3.8/5.3 MB | 3.4/6.0 MB | 475/938 kB | 147/246 kBProgress (4): 3.8/5.3 MB | 3.4/6.0 MB | 475/938 kB | 156/246 kBProgress (4): 3.8/5.3 MB | 3.4/6.0 MB | 475/938 kB | 156/246 kBProgress (4): 3.8/5.3 MB | 3.4/6.0 MB | 475/938 kB | 156/246 kBProgress (4): 3.8/5.3 MB | 3.4/6.0 MB | 475/938 kB | 156/246 kBProgress (4): 3.8/5.3 MB | 3.4/6.0 MB | 491/938 kB | 156/246 kBProgress (4): 3.8/5.3 MB | 3.4/6.0 MB | 491/938 kB | 156/246 kBProgress (4): 3.8/5.3 MB | 3.4/6.0 MB | 491/938 kB | 156/246 kBProgress (4): 3.8/5.3 MB | 3.4/6.0 MB | 491/938 kB | 172/246 kBProgress (4): 3.9/5.3 MB | 3.4/6.0 MB | 491/938 kB | 172/246 kBProgress (4): 3.9/5.3 MB | 3.5/6.0 MB | 491/938 kB | 172/246 kBProgress (4): 3.9/5.3 MB | 3.5/6.0 MB | 491/938 kB | 172/246 kBProgress (4): 3.9/5.3 MB | 3.5/6.0 MB | 507/938 kB | 172/246 kBProgress (4): 3.9/5.3 MB | 3.5/6.0 MB | 524/938 kB | 172/246 kBProgress (4): 3.9/5.3 MB | 3.5/6.0 MB | 524/938 kB | 188/246 kBProgress (4): 3.9/5.3 MB | 3.5/6.0 MB | 524/938 kB | 188/246 kBProgress (4): 3.9/5.3 MB | 3.5/6.0 MB | 524/938 kB | 188/246 kBProgress (4): 3.9/5.3 MB | 3.5/6.0 MB | 524/938 kB | 188/246 kBProgress (4): 3.9/5.3 MB | 3.5/6.0 MB | 540/938 kB | 188/246 kBProgress (4): 3.9/5.3 MB | 3.5/6.0 MB | 540/938 kB | 188/246 kBProgress (4): 3.9/5.3 MB | 3.5/6.0 MB | 540/938 kB | 188/246 kBProgress (5): 3.9/5.3 MB | 3.5/6.0 MB | 540/938 kB | 188/246 kB | 7.7/174 kBProgress (5): 3.9/5.3 MB | 3.5/6.0 MB | 540/938 kB | 188/246 kB | 16/174 kB Progress (5): 3.9/5.3 MB | 3.5/6.0 MB | 540/938 kB | 205/246 kB | 16/174 kBProgress (5): 3.9/5.3 MB | 3.5/6.0 MB | 540/938 kB | 205/246 kB | 25/174 kBProgress (5): 3.9/5.3 MB | 3.5/6.0 MB | 540/938 kB | 205/246 kB | 25/174 kBProgress (5): 3.9/5.3 MB | 3.5/6.0 MB | 557/938 kB | 205/246 kB | 25/174 kBProgress (5): 3.9/5.3 MB | 3.5/6.0 MB | 557/938 kB | 205/246 kB | 25/174 kBProgress (5): 3.9/5.3 MB | 3.5/6.0 MB | 557/938 kB | 205/246 kB | 25/174 kBProgress (5): 3.9/5.3 MB | 3.5/6.0 MB | 557/938 kB | 205/246 kB | 41/174 kBProgress (5): 4.0/5.3 MB | 3.5/6.0 MB | 557/938 kB | 205/246 kB | 41/174 kBProgress (5): 4.0/5.3 MB | 3.5/6.0 MB | 573/938 kB | 205/246 kB | 41/174 kBProgress (5): 4.0/5.3 MB | 3.5/6.0 MB | 573/938 kB | 221/246 kB | 41/174 kBProgress (5): 4.0/5.3 MB | 3.5/6.0 MB | 573/938 kB | 221/246 kB | 41/174 kBProgress (5): 4.0/5.3 MB | 3.5/6.0 MB | 573/938 kB | 221/246 kB | 41/174 kBProgress (5): 4.0/5.3 MB | 3.5/6.0 MB | 573/938 kB | 221/246 kB | 57/174 kBProgress (5): 4.0/5.3 MB | 3.5/6.0 MB | 573/938 kB | 221/246 kB | 57/174 kBProgress (5): 4.0/5.3 MB | 3.5/6.0 MB | 589/938 kB | 221/246 kB | 57/174 kBProgress (5): 4.0/5.3 MB | 3.6/6.0 MB | 589/938 kB | 221/246 kB | 57/174 kBProgress (5): 4.0/5.3 MB | 3.6/6.0 MB | 589/938 kB | 221/246 kB | 74/174 kBProgress (5): 4.0/5.3 MB | 3.6/6.0 MB | 589/938 kB | 238/246 kB | 74/174 kBProgress (5): 4.0/5.3 MB | 3.6/6.0 MB | 589/938 kB | 238/246 kB | 74/174 kBProgress (5): 4.0/5.3 MB | 3.6/6.0 MB | 606/938 kB | 238/246 kB | 74/174 kBProgress (5): 4.0/5.3 MB | 3.6/6.0 MB | 606/938 kB | 238/246 kB | 74/174 kBProgress (5): 4.0/5.3 MB | 3.6/6.0 MB | 606/938 kB | 238/246 kB | 90/174 kBProgress (5): 4.0/5.3 MB | 3.6/6.0 MB | 606/938 kB | 246 kB | 90/174 kB                                                                           Downloaded from central: https://repo.maven.apache.org/maven2/org/attoparser/attoparser/2.0.7.RELEASE/attoparser-2.0.7.RELEASE.jar (246 kB at 18 kB/s)
Downloading from central: https://repo.maven.apache.org/maven2/org/springframework/boot/spring-boot-starter-log4j2/3.2.1/spring-boot-starter-log4j2-3.2.1.jar
Progress (4): 4.0/5.3 MB | 3.6/6.0 MB | 606/938 kB | 90/174 kBProgress (4): 4.0/5.3 MB | 3.6/6.0 MB | 606/938 kB | 90/174 kBProgress (4): 4.0/5.3 MB | 3.6/6.0 MB | 606/938 kB | 90/174 kBProgress (4): 4.0/5.3 MB | 3.6/6.0 MB | 606/938 kB | 106/174 kBProgress (4): 4.0/5.3 MB | 3.6/6.0 MB | 622/938 kB | 106/174 kBProgress (4): 4.1/5.3 MB | 3.6/6.0 MB | 622/938 kB | 106/174 kBProgress (4): 4.1/5.3 MB | 3.6/6.0 MB | 622/938 kB | 106/174 kBProgress (4): 4.1/5.3 MB | 3.6/6.0 MB | 622/938 kB | 123/174 kBProgress (4): 4.1/5.3 MB | 3.6/6.0 MB | 622/938 kB | 123/174 kBProgress (4): 4.1/5.3 MB | 3.6/6.0 MB | 622/938 kB | 123/174 kBProgress (4): 4.1/5.3 MB | 3.6/6.0 MB | 639/938 kB | 123/174 kBProgress (4): 4.1/5.3 MB | 3.6/6.0 MB | 639/938 kB | 123/174 kBProgress (4): 4.1/5.3 MB | 3.6/6.0 MB | 639/938 kB | 123/174 kBProgress (4): 4.1/5.3 MB | 3.6/6.0 MB | 639/938 kB | 139/174 kBProgress (4): 4.1/5.3 MB | 3.6/6.0 MB | 639/938 kB | 156/174 kBProgress (4): 4.1/5.3 MB | 3.6/6.0 MB | 639/938 kB | 156/174 kBProgress (4): 4.1/5.3 MB | 3.7/6.0 MB | 639/938 kB | 156/174 kBProgress (4): 4.1/5.3 MB | 3.7/6.0 MB | 655/938 kB | 156/174 kBProgress (4): 4.1/5.3 MB | 3.7/6.0 MB | 655/938 kB | 156/174 kBProgress (4): 4.1/5.3 MB | 3.7/6.0 MB | 655/938 kB | 172/174 kBProgress (4): 4.1/5.3 MB | 3.7/6.0 MB | 655/938 kB | 174 kB                                                               Downloaded from central: https://repo.maven.apache.org/maven2/org/unbescape/unbescape/1.1.6.RELEASE/unbescape-1.1.6.RELEASE.jar (174 kB at 13 kB/s)
Downloading from central: https://repo.maven.apache.org/maven2/org/apache/logging/log4j/log4j-slf4j2-impl/2.21.1/log4j-slf4j2-impl-2.21.1.jar
Progress (3): 4.1/5.3 MB | 3.7/6.0 MB | 655/938 kBProgress (3): 4.1/5.3 MB | 3.7/6.0 MB | 671/938 kBProgress (3): 4.1/5.3 MB | 3.7/6.0 MB | 671/938 kBProgress (3): 4.2/5.3 MB | 3.7/6.0 MB | 671/938 kBProgress (3): 4.2/5.3 MB | 3.7/6.0 MB | 671/938 kBProgress (3): 4.2/5.3 MB | 3.7/6.0 MB | 688/938 kBProgress (3): 4.2/5.3 MB | 3.7/6.0 MB | 688/938 kBProgress (3): 4.2/5.3 MB | 3.7/6.0 MB | 688/938 kBProgress (4): 4.2/5.3 MB | 3.7/6.0 MB | 688/938 kB | 4.8 kB                                                           Downloaded from central: https://repo.maven.apache.org/maven2/org/springframework/boot/spring-boot-starter-log4j2/3.2.1/spring-boot-starter-log4j2-3.2.1.jar (4.8 kB at 346 B/s)
Downloading from central: https://repo.maven.apache.org/maven2/org/apache/logging/log4j/log4j-api/2.21.1/log4j-api-2.21.1.jar
Progress (3): 4.2/5.3 MB | 3.7/6.0 MB | 688/938 kBProgress (3): 4.2/5.3 MB | 3.7/6.0 MB | 704/938 kBProgress (3): 4.2/5.3 MB | 3.7/6.0 MB | 704/938 kBProgress (3): 4.2/5.3 MB | 3.7/6.0 MB | 704/938 kBProgress (3): 4.2/5.3 MB | 3.7/6.0 MB | 704/938 kBProgress (3): 4.2/5.3 MB | 3.7/6.0 MB | 704/938 kBProgress (3): 4.2/5.3 MB | 3.7/6.0 MB | 720/938 kBProgress (3): 4.2/5.3 MB | 3.7/6.0 MB | 720/938 kBProgress (3): 4.2/5.3 MB | 3.8/6.0 MB | 720/938 kBProgress (3): 4.3/5.3 MB | 3.8/6.0 MB | 720/938 kBProgress (3): 4.3/5.3 MB | 3.8/6.0 MB | 737/938 kBProgress (3): 4.3/5.3 MB | 3.8/6.0 MB | 737/938 kBProgress (3): 4.3/5.3 MB | 3.8/6.0 MB | 737/938 kBProgress (3): 4.3/5.3 MB | 3.8/6.0 MB | 737/938 kBProgress (3): 4.3/5.3 MB | 3.8/6.0 MB | 737/938 kBProgress (3): 4.3/5.3 MB | 3.8/6.0 MB | 737/938 kBProgress (3): 4.3/5.3 MB | 3.8/6.0 MB | 737/938 kBProgress (3): 4.3/5.3 MB | 3.8/6.0 MB | 753/938 kBProgress (3): 4.3/5.3 MB | 3.8/6.0 MB | 753/938 kBProgress (3): 4.3/5.3 MB | 3.8/6.0 MB | 770/938 kBProgress (4): 4.3/5.3 MB | 3.8/6.0 MB | 770/938 kB | 3.4/27 kBProgress (4): 4.3/5.3 MB | 3.8/6.0 MB | 770/938 kB | 3.4/27 kBProgress (4): 4.3/5.3 MB | 3.8/6.0 MB | 770/938 kB | 3.4/27 kBProgress (4): 4.3/5.3 MB | 3.8/6.0 MB | 770/938 kB | 3.4/27 kBProgress (4): 4.4/5.3 MB | 3.8/6.0 MB | 770/938 kB | 3.4/27 kBProgress (4): 4.4/5.3 MB | 3.8/6.0 MB | 786/938 kB | 3.4/27 kBProgress (4): 4.4/5.3 MB | 3.8/6.0 MB | 786/938 kB | 20/27 kB Progress (4): 4.4/5.3 MB | 3.8/6.0 MB | 802/938 kB | 20/27 kBProgress (4): 4.4/5.3 MB | 3.8/6.0 MB | 802/938 kB | 20/27 kBProgress (4): 4.4/5.3 MB | 3.8/6.0 MB | 802/938 kB | 20/27 kBProgress (4): 4.4/5.3 MB | 3.8/6.0 MB | 802/938 kB | 27 kB   Progress (4): 4.4/5.3 MB | 3.8/6.0 MB | 802/938 kB | 27 kB                                                          Downloaded from central: https://repo.maven.apache.org/maven2/org/apache/logging/log4j/log4j-slf4j2-impl/2.21.1/log4j-slf4j2-impl-2.21.1.jar (27 kB at 2.0 kB/s)
Downloading from central: https://repo.maven.apache.org/maven2/org/apache/logging/log4j/log4j-core/2.21.1/log4j-core-2.21.1.jar
Progress (3): 4.4/5.3 MB | 3.9/6.0 MB | 802/938 kBProgress (3): 4.4/5.3 MB | 3.9/6.0 MB | 802/938 kBProgress (3): 4.4/5.3 MB | 3.9/6.0 MB | 819/938 kBProgress (3): 4.4/5.3 MB | 3.9/6.0 MB | 819/938 kBProgress (3): 4.4/5.3 MB | 3.9/6.0 MB | 819/938 kBProgress (3): 4.4/5.3 MB | 3.9/6.0 MB | 819/938 kBProgress (3): 4.4/5.3 MB | 3.9/6.0 MB | 819/938 kBProgress (3): 4.4/5.3 MB | 3.9/6.0 MB | 819/938 kBProgress (3): 4.5/5.3 MB | 3.9/6.0 MB | 819/938 kBProgress (3): 4.5/5.3 MB | 3.9/6.0 MB | 835/938 kBProgress (3): 4.5/5.3 MB | 3.9/6.0 MB | 835/938 kBProgress (3): 4.5/5.3 MB | 3.9/6.0 MB | 835/938 kBProgress (3): 4.5/5.3 MB | 3.9/6.0 MB | 851/938 kBProgress (3): 4.5/5.3 MB | 3.9/6.0 MB | 868/938 kBProgress (3): 4.5/5.3 MB | 3.9/6.0 MB | 868/938 kBProgress (3): 4.5/5.3 MB | 3.9/6.0 MB | 868/938 kBProgress (4): 4.5/5.3 MB | 3.9/6.0 MB | 868/938 kB | 7.7/317 kBProgress (4): 4.5/5.3 MB | 3.9/6.0 MB | 868/938 kB | 16/317 kB Progress (4): 4.5/5.3 MB | 3.9/6.0 MB | 868/938 kB | 16/317 kBProgress (4): 4.5/5.3 MB | 4.0/6.0 MB | 868/938 kB | 16/317 kBProgress (4): 4.5/5.3 MB | 4.0/6.0 MB | 884/938 kB | 16/317 kBProgress (4): 4.5/5.3 MB | 4.0/6.0 MB | 884/938 kB | 32/317 kBProgress (4): 4.5/5.3 MB | 4.0/6.0 MB | 901/938 kB | 32/317 kBProgress (4): 4.5/5.3 MB | 4.0/6.0 MB | 901/938 kB | 32/317 kBProgress (4): 4.5/5.3 MB | 4.0/6.0 MB | 901/938 kB | 32/317 kBProgress (4): 4.5/5.3 MB | 4.0/6.0 MB | 901/938 kB | 32/317 kBProgress (4): 4.6/5.3 MB | 4.0/6.0 MB | 901/938 kB | 32/317 kBProgress (4): 4.6/5.3 MB | 4.0/6.0 MB | 901/938 kB | 49/317 kBProgress (4): 4.6/5.3 MB | 4.0/6.0 MB | 917/938 kB | 49/317 kBProgress (4): 4.6/5.3 MB | 4.0/6.0 MB | 917/938 kB | 49/317 kBProgress (4): 4.6/5.3 MB | 4.0/6.0 MB | 917/938 kB | 49/317 kBProgress (4): 4.6/5.3 MB | 4.0/6.0 MB | 917/938 kB | 49/317 kBProgress (4): 4.6/5.3 MB | 4.0/6.0 MB | 917/938 kB | 65/317 kBProgress (4): 4.6/5.3 MB | 4.0/6.0 MB | 917/938 kB | 65/317 kBProgress (4): 4.6/5.3 MB | 4.0/6.0 MB | 917/938 kB | 65/317 kBProgress (4): 4.6/5.3 MB | 4.0/6.0 MB | 917/938 kB | 65/317 kBProgress (4): 4.6/5.3 MB | 4.0/6.0 MB | 917/938 kB | 65/317 kBProgress (4): 4.6/5.3 MB | 4.0/6.0 MB | 917/938 kB | 81/317 kBProgress (4): 4.6/5.3 MB | 4.0/6.0 MB | 917/938 kB | 81/317 kBProgress (4): 4.6/5.3 MB | 4.0/6.0 MB | 917/938 kB | 81/317 kBProgress (4): 4.6/5.3 MB | 4.0/6.0 MB | 917/938 kB | 98/317 kBProgress (4): 4.6/5.3 MB | 4.0/6.0 MB | 933/938 kB | 98/317 kBProgress (4): 4.6/5.3 MB | 4.0/6.0 MB | 933/938 kB | 114/317 kBProgress (4): 4.6/5.3 MB | 4.0/6.0 MB | 938 kB | 114/317 kB    Progress (4): 4.6/5.3 MB | 4.1/6.0 MB | 938 kB | 114/317 kB                                                           Downloaded from central: https://repo.maven.apache.org/maven2/org/thymeleaf/thymeleaf/3.1.2.RELEASE/thymeleaf-3.1.2.RELEASE.jar (938 kB at 67 kB/s)
Downloading from central: https://repo.maven.apache.org/maven2/org/apache/logging/log4j/log4j-jul/2.21.1/log4j-jul-2.21.1.jar
Progress (3): 4.7/5.3 MB | 4.1/6.0 MB | 114/317 kBProgress (3): 4.7/5.3 MB | 4.1/6.0 MB | 114/317 kBProgress (3): 4.7/5.3 MB | 4.1/6.0 MB | 114/317 kBProgress (3): 4.7/5.3 MB | 4.1/6.0 MB | 114/317 kBProgress (3): 4.7/5.3 MB | 4.1/6.0 MB | 131/317 kBProgress (3): 4.7/5.3 MB | 4.1/6.0 MB | 131/317 kBProgress (4): 4.7/5.3 MB | 4.1/6.0 MB | 131/317 kB | 0/1.9 MBProgress (4): 4.7/5.3 MB | 4.1/6.0 MB | 131/317 kB | 0/1.9 MBProgress (4): 4.7/5.3 MB | 4.1/6.0 MB | 131/317 kB | 0/1.9 MBProgress (4): 4.7/5.3 MB | 4.1/6.0 MB | 131/317 kB | 0/1.9 MBProgress (4): 4.7/5.3 MB | 4.1/6.0 MB | 131/317 kB | 0/1.9 MBProgress (4): 4.7/5.3 MB | 4.1/6.0 MB | 131/317 kB | 0/1.9 MBProgress (4): 4.7/5.3 MB | 4.1/6.0 MB | 147/317 kB | 0/1.9 MBProgress (5): 4.7/5.3 MB | 4.1/6.0 MB | 147/317 kB | 0/1.9 MB | 7.7/31 kBProgress (5): 4.7/5.3 MB | 4.1/6.0 MB | 147/317 kB | 0/1.9 MB | 16/31 kB Progress (5): 4.7/5.3 MB | 4.1/6.0 MB | 147/317 kB | 0/1.9 MB | 16/31 kBProgress (5): 4.7/5.3 MB | 4.1/6.0 MB | 147/317 kB | 0/1.9 MB | 16/31 kBProgress (5): 4.7/5.3 MB | 4.1/6.0 MB | 147/317 kB | 0/1.9 MB | 31 kB                                                                        Downloaded from central: https://repo.maven.apache.org/maven2/org/apache/logging/log4j/log4j-jul/2.21.1/log4j-jul-2.21.1.jar (31 kB at 2.2 kB/s)
Downloading from central: https://repo.maven.apache.org/maven2/org/apache/logging/log4j/log4j-layout-template-json/2.21.1/log4j-layout-template-json-2.21.1.jar
Progress (4): 4.7/5.3 MB | 4.1/6.0 MB | 147/317 kB | 0/1.9 MBProgress (4): 4.7/5.3 MB | 4.1/6.0 MB | 147/317 kB | 0/1.9 MBProgress (4): 4.8/5.3 MB | 4.1/6.0 MB | 147/317 kB | 0/1.9 MBProgress (4): 4.8/5.3 MB | 4.1/6.0 MB | 163/317 kB | 0/1.9 MBProgress (4): 4.8/5.3 MB | 4.2/6.0 MB | 163/317 kB | 0/1.9 MBProgress (4): 4.8/5.3 MB | 4.2/6.0 MB | 163/317 kB | 0.1/1.9 MBProgress (4): 4.8/5.3 MB | 4.2/6.0 MB | 163/317 kB | 0.1/1.9 MBProgress (4): 4.8/5.3 MB | 4.2/6.0 MB | 163/317 kB | 0.1/1.9 MBProgress (4): 4.8/5.3 MB | 4.2/6.0 MB | 163/317 kB | 0.1/1.9 MBProgress (4): 4.8/5.3 MB | 4.2/6.0 MB | 163/317 kB | 0.1/1.9 MBProgress (4): 4.8/5.3 MB | 4.2/6.0 MB | 163/317 kB | 0.1/1.9 MBProgress (4): 4.8/5.3 MB | 4.2/6.0 MB | 163/317 kB | 0.1/1.9 MBProgress (4): 4.8/5.3 MB | 4.2/6.0 MB | 163/317 kB | 0.1/1.9 MBProgress (4): 4.8/5.3 MB | 4.2/6.0 MB | 180/317 kB | 0.1/1.9 MBProgress (4): 4.8/5.3 MB | 4.2/6.0 MB | 180/317 kB | 0.1/1.9 MBProgress (4): 4.8/5.3 MB | 4.2/6.0 MB | 180/317 kB | 0.1/1.9 MBProgress (5): 4.8/5.3 MB | 4.2/6.0 MB | 180/317 kB | 0.1/1.9 MB | 7.7/234 kBProgress (5): 4.8/5.3 MB | 4.2/6.0 MB | 180/317 kB | 0.1/1.9 MB | 16/234 kB Progress (5): 4.8/5.3 MB | 4.2/6.0 MB | 180/317 kB | 0.1/1.9 MB | 16/234 kBProgress (5): 4.8/5.3 MB | 4.2/6.0 MB | 180/317 kB | 0.1/1.9 MB | 16/234 kBProgress (5): 4.8/5.3 MB | 4.2/6.0 MB | 196/317 kB | 0.1/1.9 MB | 16/234 kBProgress (5): 4.8/5.3 MB | 4.2/6.0 MB | 196/317 kB | 0.1/1.9 MB | 16/234 kBProgress (5): 4.8/5.3 MB | 4.2/6.0 MB | 196/317 kB | 0.1/1.9 MB | 32/234 kBProgress (5): 4.8/5.3 MB | 4.2/6.0 MB | 196/317 kB | 0.1/1.9 MB | 32/234 kBProgress (5): 4.8/5.3 MB | 4.2/6.0 MB | 196/317 kB | 0.1/1.9 MB | 32/234 kBProgress (5): 4.8/5.3 MB | 4.2/6.0 MB | 196/317 kB | 0.1/1.9 MB | 32/234 kBProgress (5): 4.8/5.3 MB | 4.2/6.0 MB | 196/317 kB | 0.1/1.9 MB | 49/234 kBProgress (5): 4.8/5.3 MB | 4.2/6.0 MB | 213/317 kB | 0.1/1.9 MB | 49/234 kBProgress (5): 4.8/5.3 MB | 4.2/6.0 MB | 213/317 kB | 0.1/1.9 MB | 49/234 kBProgress (5): 4.8/5.3 MB | 4.2/6.0 MB | 213/317 kB | 0.1/1.9 MB | 49/234 kBProgress (5): 4.9/5.3 MB | 4.2/6.0 MB | 213/317 kB | 0.1/1.9 MB | 49/234 kBProgress (5): 4.9/5.3 MB | 4.2/6.0 MB | 213/317 kB | 0.1/1.9 MB | 49/234 kBProgress (5): 4.9/5.3 MB | 4.2/6.0 MB | 213/317 kB | 0.1/1.9 MB | 65/234 kBProgress (5): 4.9/5.3 MB | 4.3/6.0 MB | 213/317 kB | 0.1/1.9 MB | 65/234 kBProgress (5): 4.9/5.3 MB | 4.3/6.0 MB | 213/317 kB | 0.1/1.9 MB | 65/234 kBProgress (5): 4.9/5.3 MB | 4.3/6.0 MB | 213/317 kB | 0.1/1.9 MB | 65/234 kBProgress (5): 4.9/5.3 MB | 4.3/6.0 MB | 229/317 kB | 0.1/1.9 MB | 65/234 kBProgress (5): 4.9/5.3 MB | 4.3/6.0 MB | 229/317 kB | 0.2/1.9 MB | 65/234 kBProgress (5): 4.9/5.3 MB | 4.3/6.0 MB | 229/317 kB | 0.2/1.9 MB | 65/234 kBProgress (5): 4.9/5.3 MB | 4.3/6.0 MB | 229/317 kB | 0.2/1.9 MB | 81/234 kBProgress (5): 4.9/5.3 MB | 4.3/6.0 MB | 229/317 kB | 0.2/1.9 MB | 81/234 kBProgress (5): 4.9/5.3 MB | 4.3/6.0 MB | 229/317 kB | 0.2/1.9 MB | 81/234 kBProgress (5): 4.9/5.3 MB | 4.3/6.0 MB | 229/317 kB | 0.2/1.9 MB | 81/234 kBProgress (5): 4.9/5.3 MB | 4.3/6.0 MB | 229/317 kB | 0.2/1.9 MB | 81/234 kBProgress (5): 4.9/5.3 MB | 4.3/6.0 MB | 245/317 kB | 0.2/1.9 MB | 81/234 kBProgress (5): 4.9/5.3 MB | 4.3/6.0 MB | 245/317 kB | 0.2/1.9 MB | 98/234 kBProgress (5): 4.9/5.3 MB | 4.3/6.0 MB | 245/317 kB | 0.2/1.9 MB | 98/234 kBProgress (5): 4.9/5.3 MB | 4.3/6.0 MB | 245/317 kB | 0.2/1.9 MB | 98/234 kBProgress (5): 4.9/5.3 MB | 4.3/6.0 MB | 245/317 kB | 0.2/1.9 MB | 98/234 kBProgress (5): 4.9/5.3 MB | 4.3/6.0 MB | 245/317 kB | 0.2/1.9 MB | 114/234 kBProgress (5): 4.9/5.3 MB | 4.3/6.0 MB | 262/317 kB | 0.2/1.9 MB | 114/234 kBProgress (5): 5.0/5.3 MB | 4.3/6.0 MB | 262/317 kB | 0.2/1.9 MB | 114/234 kBProgress (5): 5.0/5.3 MB | 4.3/6.0 MB | 262/317 kB | 0.2/1.9 MB | 114/234 kBProgress (5): 5.0/5.3 MB | 4.3/6.0 MB | 262/317 kB | 0.2/1.9 MB | 114/234 kBProgress (5): 5.0/5.3 MB | 4.3/6.0 MB | 262/317 kB | 0.2/1.9 MB | 131/234 kBProgress (5): 5.0/5.3 MB | 4.3/6.0 MB | 262/317 kB | 0.2/1.9 MB | 131/234 kBProgress (5): 5.0/5.3 MB | 4.3/6.0 MB | 278/317 kB | 0.2/1.9 MB | 131/234 kBProgress (5): 5.0/5.3 MB | 4.3/6.0 MB | 278/317 kB | 0.2/1.9 MB | 131/234 kBProgress (5): 5.0/5.3 MB | 4.3/6.0 MB | 278/317 kB | 0.2/1.9 MB | 131/234 kBProgress (5): 5.0/5.3 MB | 4.3/6.0 MB | 278/317 kB | 0.2/1.9 MB | 131/234 kBProgress (5): 5.0/5.3 MB | 4.3/6.0 MB | 278/317 kB | 0.2/1.9 MB | 147/234 kBProgress (5): 5.0/5.3 MB | 4.4/6.0 MB | 278/317 kB | 0.2/1.9 MB | 147/234 kBProgress (5): 5.0/5.3 MB | 4.4/6.0 MB | 278/317 kB | 0.2/1.9 MB | 147/234 kBProgress (5): 5.0/5.3 MB | 4.4/6.0 MB | 278/317 kB | 0.2/1.9 MB | 147/234 kBProgress (5): 5.0/5.3 MB | 4.4/6.0 MB | 294/317 kB | 0.2/1.9 MB | 147/234 kBProgress (5): 5.0/5.3 MB | 4.4/6.0 MB | 294/317 kB | 0.2/1.9 MB | 163/234 kBProgress (5): 5.0/5.3 MB | 4.4/6.0 MB | 294/317 kB | 0.2/1.9 MB | 163/234 kBProgress (5): 5.0/5.3 MB | 4.4/6.0 MB | 294/317 kB | 0.2/1.9 MB | 163/234 kBProgress (5): 5.0/5.3 MB | 4.4/6.0 MB | 294/317 kB | 0.3/1.9 MB | 163/234 kBProgress (5): 5.0/5.3 MB | 4.4/6.0 MB | 311/317 kB | 0.3/1.9 MB | 163/234 kBProgress (5): 5.0/5.3 MB | 4.4/6.0 MB | 311/317 kB | 0.3/1.9 MB | 180/234 kBProgress (5): 5.0/5.3 MB | 4.4/6.0 MB | 311/317 kB | 0.3/1.9 MB | 180/234 kBProgress (5): 5.0/5.3 MB | 4.4/6.0 MB | 311/317 kB | 0.3/1.9 MB | 180/234 kBProgress (5): 5.0/5.3 MB | 4.4/6.0 MB | 311/317 kB | 0.3/1.9 MB | 180/234 kBProgress (5): 5.1/5.3 MB | 4.4/6.0 MB | 311/317 kB | 0.3/1.9 MB | 180/234 kBProgress (5): 5.1/5.3 MB | 4.4/6.0 MB | 311/317 kB | 0.3/1.9 MB | 180/234 kBProgress (5): 5.1/5.3 MB | 4.4/6.0 MB | 317 kB | 0.3/1.9 MB | 180/234 kB                                                                            Downloaded from central: https://repo.maven.apache.org/maven2/org/apache/logging/log4j/log4j-api/2.21.1/log4j-api-2.21.1.jar (317 kB at 22 kB/s)
Downloading from central: https://repo.maven.apache.org/maven2/io/micrometer/micrometer-tracing-bridge-otel/1.2.1/micrometer-tracing-bridge-otel-1.2.1.jar
Progress (4): 5.1/5.3 MB | 4.4/6.0 MB | 0.3/1.9 MB | 196/234 kBProgress (4): 5.1/5.3 MB | 4.4/6.0 MB | 0.3/1.9 MB | 196/234 kBProgress (4): 5.1/5.3 MB | 4.4/6.0 MB | 0.3/1.9 MB | 196/234 kBProgress (4): 5.1/5.3 MB | 4.4/6.0 MB | 0.3/1.9 MB | 196/234 kBProgress (4): 5.1/5.3 MB | 4.4/6.0 MB | 0.3/1.9 MB | 196/234 kBProgress (4): 5.1/5.3 MB | 4.4/6.0 MB | 0.3/1.9 MB | 213/234 kBProgress (4): 5.1/5.3 MB | 4.4/6.0 MB | 0.3/1.9 MB | 213/234 kBProgress (4): 5.1/5.3 MB | 4.4/6.0 MB | 0.3/1.9 MB | 213/234 kBProgress (4): 5.1/5.3 MB | 4.4/6.0 MB | 0.3/1.9 MB | 213/234 kBProgress (4): 5.1/5.3 MB | 4.4/6.0 MB | 0.3/1.9 MB | 213/234 kBProgress (4): 5.1/5.3 MB | 4.4/6.0 MB | 0.3/1.9 MB | 229/234 kBProgress (4): 5.1/5.3 MB | 4.4/6.0 MB | 0.3/1.9 MB | 234 kB                                                               Downloaded from central: https://repo.maven.apache.org/maven2/org/apache/logging/log4j/log4j-layout-template-json/2.21.1/log4j-layout-template-json-2.21.1.jar (234 kB at 16 kB/s)
Downloading from central: https://repo.maven.apache.org/maven2/io/micrometer/micrometer-tracing/1.2.1/micrometer-tracing-1.2.1.jar
Progress (3): 5.1/5.3 MB | 4.5/6.0 MB | 0.3/1.9 MBProgress (3): 5.1/5.3 MB | 4.5/6.0 MB | 0.3/1.9 MBProgress (3): 5.1/5.3 MB | 4.5/6.0 MB | 0.3/1.9 MBProgress (3): 5.1/5.3 MB | 4.5/6.0 MB | 0.3/1.9 MBProgress (3): 5.1/5.3 MB | 4.5/6.0 MB | 0.3/1.9 MBProgress (3): 5.1/5.3 MB | 4.5/6.0 MB | 0.3/1.9 MBProgress (3): 5.2/5.3 MB | 4.5/6.0 MB | 0.3/1.9 MBProgress (3): 5.2/5.3 MB | 4.5/6.0 MB | 0.3/1.9 MBProgress (3): 5.2/5.3 MB | 4.5/6.0 MB | 0.3/1.9 MBProgress (3): 5.2/5.3 MB | 4.5/6.0 MB | 0.4/1.9 MBProgress (4): 5.2/5.3 MB | 4.5/6.0 MB | 0.4/1.9 MB | 7.7/91 kBProgress (4): 5.2/5.3 MB | 4.5/6.0 MB | 0.4/1.9 MB | 16/91 kB Progress (4): 5.2/5.3 MB | 4.5/6.0 MB | 0.4/1.9 MB | 16/91 kBProgress (4): 5.2/5.3 MB | 4.5/6.0 MB | 0.4/1.9 MB | 16/91 kBProgress (4): 5.2/5.3 MB | 4.5/6.0 MB | 0.4/1.9 MB | 16/91 kBProgress (4): 5.2/5.3 MB | 4.5/6.0 MB | 0.4/1.9 MB | 32/91 kBProgress (4): 5.2/5.3 MB | 4.5/6.0 MB | 0.4/1.9 MB | 32/91 kBProgress (4): 5.2/5.3 MB | 4.5/6.0 MB | 0.4/1.9 MB | 32/91 kBProgress (4): 5.2/5.3 MB | 4.5/6.0 MB | 0.4/1.9 MB | 32/91 kBProgress (4): 5.2/5.3 MB | 4.5/6.0 MB | 0.4/1.9 MB | 32/91 kBProgress (5): 5.2/5.3 MB | 4.5/6.0 MB | 0.4/1.9 MB | 32/91 kB | 7.7/96 kBProgress (5): 5.2/5.3 MB | 4.5/6.0 MB | 0.4/1.9 MB | 32/91 kB | 12/96 kB Progress (5): 5.2/5.3 MB | 4.5/6.0 MB | 0.4/1.9 MB | 32/91 kB | 12/96 kBProgress (5): 5.2/5.3 MB | 4.5/6.0 MB | 0.4/1.9 MB | 32/91 kB | 12/96 kBProgress (5): 5.2/5.3 MB | 4.5/6.0 MB | 0.4/1.9 MB | 49/91 kB | 12/96 kBProgress (5): 5.2/5.3 MB | 4.6/6.0 MB | 0.4/1.9 MB | 49/91 kB | 12/96 kBProgress (5): 5.2/5.3 MB | 4.6/6.0 MB | 0.4/1.9 MB | 49/91 kB | 28/96 kBProgress (5): 5.2/5.3 MB | 4.6/6.0 MB | 0.4/1.9 MB | 49/91 kB | 28/96 kBProgress (5): 5.3/5.3 MB | 4.6/6.0 MB | 0.4/1.9 MB | 49/91 kB | 28/96 kBProgress (5): 5.3 MB | 4.6/6.0 MB | 0.4/1.9 MB | 49/91 kB | 28/96 kB                                                                        Downloaded from central: https://repo.maven.apache.org/maven2/org/apache/kafka/kafka-clients/3.6.1/kafka-clients-3.6.1.jar (5.3 MB at 368 kB/s)
Downloading from central: https://repo.maven.apache.org/maven2/io/micrometer/context-propagation/1.1.0/context-propagation-1.1.0.jar
Progress (4): 4.6/6.0 MB | 0.4/1.9 MB | 65/91 kB | 28/96 kBProgress (4): 4.6/6.0 MB | 0.4/1.9 MB | 65/91 kB | 28/96 kBProgress (4): 4.6/6.0 MB | 0.4/1.9 MB | 65/91 kB | 28/96 kBProgress (4): 4.6/6.0 MB | 0.4/1.9 MB | 65/91 kB | 44/96 kBProgress (4): 4.6/6.0 MB | 0.4/1.9 MB | 65/91 kB | 44/96 kBProgress (4): 4.6/6.0 MB | 0.4/1.9 MB | 65/91 kB | 44/96 kBProgress (4): 4.6/6.0 MB | 0.4/1.9 MB | 65/91 kB | 44/96 kBProgress (4): 4.6/6.0 MB | 0.4/1.9 MB | 81/91 kB | 44/96 kBProgress (4): 4.6/6.0 MB | 0.4/1.9 MB | 81/91 kB | 61/96 kBProgress (4): 4.6/6.0 MB | 0.5/1.9 MB | 81/91 kB | 61/96 kBProgress (4): 4.6/6.0 MB | 0.5/1.9 MB | 81/91 kB | 77/96 kBProgress (4): 4.6/6.0 MB | 0.5/1.9 MB | 81/91 kB | 77/96 kBProgress (4): 4.6/6.0 MB | 0.5/1.9 MB | 91 kB | 77/96 kB                                                           Downloaded from central: https://repo.maven.apache.org/maven2/io/micrometer/micrometer-tracing-bridge-otel/1.2.1/micrometer-tracing-bridge-otel-1.2.1.jar (91 kB at 6.3 kB/s)
Downloading from central: https://repo.maven.apache.org/maven2/aopalliance/aopalliance/1.0/aopalliance-1.0.jar
Progress (3): 4.7/6.0 MB | 0.5/1.9 MB | 77/96 kBProgress (3): 4.7/6.0 MB | 0.5/1.9 MB | 77/96 kBProgress (4): 4.7/6.0 MB | 0.5/1.9 MB | 77/96 kB | 7.7/31 kBProgress (4): 4.7/6.0 MB | 0.5/1.9 MB | 77/96 kB | 16/31 kB Progress (4): 4.7/6.0 MB | 0.5/1.9 MB | 93/96 kB | 16/31 kBProgress (4): 4.7/6.0 MB | 0.5/1.9 MB | 93/96 kB | 31 kB   Progress (4): 4.7/6.0 MB | 0.5/1.9 MB | 96 kB | 31 kB                                                        Downloaded from central: https://repo.maven.apache.org/maven2/io/micrometer/context-propagation/1.1.0/context-propagation-1.1.0.jar (31 kB at 2.1 kB/s)
Downloaded from central: https://repo.maven.apache.org/maven2/io/micrometer/micrometer-tracing/1.2.1/micrometer-tracing-1.2.1.jar (96 kB at 6.7 kB/s)
Downloading from central: https://repo.maven.apache.org/maven2/org/slf4j/slf4j-api/2.0.9/slf4j-api-2.0.9.jar
Downloading from central: https://repo.maven.apache.org/maven2/io/opentelemetry/opentelemetry-api/1.31.0/opentelemetry-api-1.31.0.jar
Progress (2): 4.7/6.0 MB | 0.5/1.9 MBProgress (2): 4.7/6.0 MB | 0.5/1.9 MBProgress (2): 4.7/6.0 MB | 0.5/1.9 MBProgress (2): 4.7/6.0 MB | 0.5/1.9 MBProgress (2): 4.7/6.0 MB | 0.5/1.9 MBProgress (2): 4.7/6.0 MB | 0.5/1.9 MBProgress (2): 4.7/6.0 MB | 0.5/1.9 MBProgress (3): 4.7/6.0 MB | 0.5/1.9 MB | 4.5 kB                                              Downloaded from central: https://repo.maven.apache.org/maven2/aopalliance/aopalliance/1.0/aopalliance-1.0.jar (4.5 kB at 310 B/s)
Downloading from central: https://repo.maven.apache.org/maven2/io/opentelemetry/opentelemetry-context/1.31.0/opentelemetry-context-1.31.0.jar
Progress (2): 4.7/6.0 MB | 0.5/1.9 MBProgress (2): 4.7/6.0 MB | 0.5/1.9 MBProgress (2): 4.7/6.0 MB | 0.5/1.9 MBProgress (3): 4.7/6.0 MB | 0.5/1.9 MB | 7.7/65 kBProgress (3): 4.7/6.0 MB | 0.5/1.9 MB | 8.2/65 kBProgress (3): 4.8/6.0 MB | 0.5/1.9 MB | 8.2/65 kBProgress (4): 4.8/6.0 MB | 0.5/1.9 MB | 8.2/65 kB | 7.7/138 kBProgress (4): 4.8/6.0 MB | 0.5/1.9 MB | 8.2/65 kB | 16/138 kB Progress (4): 4.8/6.0 MB | 0.5/1.9 MB | 8.2/65 kB | 16/138 kBProgress (4): 4.8/6.0 MB | 0.6/1.9 MB | 8.2/65 kB | 16/138 kBProgress (4): 4.8/6.0 MB | 0.6/1.9 MB | 25/65 kB | 16/138 kB Progress (4): 4.8/6.0 MB | 0.6/1.9 MB | 25/65 kB | 25/138 kBProgress (4): 4.8/6.0 MB | 0.6/1.9 MB | 25/65 kB | 41/138 kBProgress (4): 4.8/6.0 MB | 0.6/1.9 MB | 25/65 kB | 41/138 kBProgress (4): 4.8/6.0 MB | 0.6/1.9 MB | 25/65 kB | 41/138 kBProgress (4): 4.8/6.0 MB | 0.6/1.9 MB | 41/65 kB | 41/138 kBProgress (4): 4.8/6.0 MB | 0.6/1.9 MB | 41/65 kB | 41/138 kBProgress (4): 4.8/6.0 MB | 0.6/1.9 MB | 41/65 kB | 57/138 kBProgress (4): 4.8/6.0 MB | 0.6/1.9 MB | 41/65 kB | 57/138 kBProgress (5): 4.8/6.0 MB | 0.6/1.9 MB | 41/65 kB | 57/138 kB | 7.7/47 kBProgress (5): 4.8/6.0 MB | 0.6/1.9 MB | 41/65 kB | 57/138 kB | 16/47 kB Progress (5): 4.8/6.0 MB | 0.6/1.9 MB | 49/65 kB | 57/138 kB | 16/47 kBProgress (5): 4.8/6.0 MB | 0.6/1.9 MB | 49/65 kB | 74/138 kB | 16/47 kBProgress (5): 4.8/6.0 MB | 0.6/1.9 MB | 49/65 kB | 74/138 kB | 16/47 kBProgress (5): 4.8/6.0 MB | 0.6/1.9 MB | 65 kB | 74/138 kB | 16/47 kB   Progress (5): 4.8/6.0 MB | 0.6/1.9 MB | 65 kB | 74/138 kB | 16/47 kB                                                                    Downloaded from central: https://repo.maven.apache.org/maven2/org/slf4j/slf4j-api/2.0.9/slf4j-api-2.0.9.jar (65 kB at 4.5 kB/s)
Downloading from central: https://repo.maven.apache.org/maven2/io/opentelemetry/semconv/opentelemetry-semconv/1.21.0-alpha/opentelemetry-semconv-1.21.0-alpha.jar
Progress (4): 4.8/6.0 MB | 0.6/1.9 MB | 74/138 kB | 16/47 kBProgress (4): 4.8/6.0 MB | 0.6/1.9 MB | 90/138 kB | 16/47 kBProgress (4): 4.8/6.0 MB | 0.6/1.9 MB | 106/138 kB | 16/47 kBProgress (4): 4.8/6.0 MB | 0.6/1.9 MB | 106/138 kB | 32/47 kBProgress (4): 4.8/6.0 MB | 0.6/1.9 MB | 106/138 kB | 32/47 kBProgress (4): 4.8/6.0 MB | 0.6/1.9 MB | 106/138 kB | 32/47 kBProgress (4): 4.8/6.0 MB | 0.6/1.9 MB | 123/138 kB | 32/47 kBProgress (4): 4.9/6.0 MB | 0.6/1.9 MB | 123/138 kB | 32/47 kBProgress (4): 4.9/6.0 MB | 0.6/1.9 MB | 123/138 kB | 47 kB                                                             Downloaded from central: https://repo.maven.apache.org/maven2/io/opentelemetry/opentelemetry-context/1.31.0/opentelemetry-context-1.31.0.jar (47 kB at 3.3 kB/s)
Downloading from central: https://repo.maven.apache.org/maven2/io/opentelemetry/opentelemetry-sdk-common/1.31.0/opentelemetry-sdk-common-1.31.0.jar
Progress (3): 4.9/6.0 MB | 0.6/1.9 MB | 123/138 kBProgress (3): 4.9/6.0 MB | 0.6/1.9 MB | 123/138 kBProgress (4): 4.9/6.0 MB | 0.6/1.9 MB | 123/138 kB | 3.3/43 kBProgress (4): 4.9/6.0 MB | 0.6/1.9 MB | 123/138 kB | 3.3/43 kBProgress (4): 4.9/6.0 MB | 0.7/1.9 MB | 123/138 kB | 3.3/43 kBProgress (4): 4.9/6.0 MB | 0.7/1.9 MB | 138 kB | 3.3/43 kB                                                              Downloaded from central: https://repo.maven.apache.org/maven2/io/opentelemetry/opentelemetry-api/1.31.0/opentelemetry-api-1.31.0.jar (138 kB at 9.5 kB/s)
Downloading from central: https://repo.maven.apache.org/maven2/io/opentelemetry/opentelemetry-sdk-trace/1.31.0/opentelemetry-sdk-trace-1.31.0.jar
Progress (3): 4.9/6.0 MB | 0.7/1.9 MB | 3.3/43 kBProgress (3): 4.9/6.0 MB | 0.7/1.9 MB | 3.3/43 kBProgress (3): 4.9/6.0 MB | 0.7/1.9 MB | 3.3/43 kBProgress (3): 4.9/6.0 MB | 0.7/1.9 MB | 20/43 kB Progress (3): 4.9/6.0 MB | 0.7/1.9 MB | 20/43 kBProgress (3): 4.9/6.0 MB | 0.7/1.9 MB | 20/43 kBProgress (3): 4.9/6.0 MB | 0.7/1.9 MB | 36/43 kBProgress (3): 4.9/6.0 MB | 0.7/1.9 MB | 43 kB   Progress (3): 5.0/6.0 MB | 0.7/1.9 MB | 43 kBProgress (3): 5.0/6.0 MB | 0.7/1.9 MB | 43 kB                                             Downloaded from central: https://repo.maven.apache.org/maven2/io/opentelemetry/semconv/opentelemetry-semconv/1.21.0-alpha/opentelemetry-semconv-1.21.0-alpha.jar (43 kB at 3.0 kB/s)
Downloading from central: https://repo.maven.apache.org/maven2/io/opentelemetry/opentelemetry-sdk/1.31.0/opentelemetry-sdk-1.31.0.jar
Progress (2): 5.0/6.0 MB | 0.7/1.9 MBProgress (2): 5.0/6.0 MB | 0.7/1.9 MBProgress (3): 5.0/6.0 MB | 0.7/1.9 MB | 7.7/44 kBProgress (3): 5.0/6.0 MB | 0.7/1.9 MB | 8.2/44 kBProgress (3): 5.0/6.0 MB | 0.7/1.9 MB | 8.2/44 kBProgress (3): 5.0/6.0 MB | 0.7/1.9 MB | 8.2/44 kBProgress (3): 5.0/6.0 MB | 0.7/1.9 MB | 8.2/44 kBProgress (3): 5.0/6.0 MB | 0.7/1.9 MB | 8.2/44 kBProgress (4): 5.0/6.0 MB | 0.7/1.9 MB | 8.2/44 kB | 7.7/117 kBProgress (4): 5.0/6.0 MB | 0.7/1.9 MB | 8.2/44 kB | 16/117 kB Progress (4): 5.0/6.0 MB | 0.7/1.9 MB | 8.2/44 kB | 25/117 kBProgress (4): 5.0/6.0 MB | 0.7/1.9 MB | 25/44 kB | 25/117 kB Progress (4): 5.0/6.0 MB | 0.7/1.9 MB | 25/44 kB | 41/117 kBProgress (4): 5.0/6.0 MB | 0.7/1.9 MB | 25/44 kB | 41/117 kBProgress (4): 5.0/6.0 MB | 0.8/1.9 MB | 25/44 kB | 41/117 kBProgress (4): 5.0/6.0 MB | 0.8/1.9 MB | 25/44 kB | 57/117 kBProgress (5): 5.0/6.0 MB | 0.8/1.9 MB | 25/44 kB | 57/117 kB | 6.8 kB                                                                     Downloaded from central: https://repo.maven.apache.org/maven2/io/opentelemetry/opentelemetry-sdk/1.31.0/opentelemetry-sdk-1.31.0.jar (6.8 kB at 465 B/s)
Downloading from central: https://repo.maven.apache.org/maven2/io/opentelemetry/instrumentation/opentelemetry-instrumentation-api-semconv/1.31.0-alpha/opentelemetry-instrumentation-api-semconv-1.31.0-alpha.jar
Progress (4): 5.1/6.0 MB | 0.8/1.9 MB | 25/44 kB | 57/117 kBProgress (4): 5.1/6.0 MB | 0.8/1.9 MB | 25/44 kB | 57/117 kBProgress (4): 5.1/6.0 MB | 0.8/1.9 MB | 25/44 kB | 57/117 kBProgress (4): 5.1/6.0 MB | 0.8/1.9 MB | 41/44 kB | 57/117 kBProgress (4): 5.1/6.0 MB | 0.8/1.9 MB | 44 kB | 57/117 kB                                                            Downloaded from central: https://repo.maven.apache.org/maven2/io/opentelemetry/opentelemetry-sdk-common/1.31.0/opentelemetry-sdk-common-1.31.0.jar (44 kB at 3.0 kB/s)
Progress (3): 5.1/6.0 MB | 0.8/1.9 MB | 74/117 kB                                                 Downloading from central: https://repo.maven.apache.org/maven2/io/opentelemetry/instrumentation/opentelemetry-instrumentation-api/1.31.0/opentelemetry-instrumentation-api-1.31.0.jar
Progress (3): 5.1/6.0 MB | 0.8/1.9 MB | 74/117 kBProgress (3): 5.1/6.0 MB | 0.8/1.9 MB | 74/117 kBProgress (3): 5.1/6.0 MB | 0.8/1.9 MB | 90/117 kBProgress (3): 5.1/6.0 MB | 0.8/1.9 MB | 90/117 kBProgress (3): 5.1/6.0 MB | 0.8/1.9 MB | 106/117 kBProgress (3): 5.1/6.0 MB | 0.8/1.9 MB | 106/117 kBProgress (3): 5.1/6.0 MB | 0.8/1.9 MB | 106/117 kBProgress (3): 5.1/6.0 MB | 0.8/1.9 MB | 106/117 kBProgress (3): 5.1/6.0 MB | 0.8/1.9 MB | 106/117 kBProgress (3): 5.1/6.0 MB | 0.8/1.9 MB | 117 kB                                                  Downloaded from central: https://repo.maven.apache.org/maven2/io/opentelemetry/opentelemetry-sdk-trace/1.31.0/opentelemetry-sdk-trace-1.31.0.jar (117 kB at 8.1 kB/s)
Downloading from central: https://repo.maven.apache.org/maven2/io/opentelemetry/opentelemetry-extension-incubator/1.31.0-alpha/opentelemetry-extension-incubator-1.31.0-alpha.jar
Progress (2): 5.2/6.0 MB | 0.8/1.9 MBProgress (3): 5.2/6.0 MB | 0.8/1.9 MB | 3.4/191 kBProgress (3): 5.2/6.0 MB | 0.8/1.9 MB | 3.4/191 kBProgress (3): 5.2/6.0 MB | 0.8/1.9 MB | 3.4/191 kBProgress (3): 5.2/6.0 MB | 0.8/1.9 MB | 3.4/191 kBProgress (3): 5.2/6.0 MB | 0.8/1.9 MB | 20/191 kB Progress (3): 5.2/6.0 MB | 0.8/1.9 MB | 20/191 kBProgress (3): 5.2/6.0 MB | 0.9/1.9 MB | 20/191 kBProgress (3): 5.2/6.0 MB | 0.9/1.9 MB | 36/191 kBProgress (4): 5.2/6.0 MB | 0.9/1.9 MB | 36/191 kB | 7.7/142 kBProgress (4): 5.2/6.0 MB | 0.9/1.9 MB | 36/191 kB | 16/142 kB Progress (4): 5.2/6.0 MB | 0.9/1.9 MB | 36/191 kB | 16/142 kBProgress (4): 5.2/6.0 MB | 0.9/1.9 MB | 36/191 kB | 16/142 kBProgress (4): 5.2/6.0 MB | 0.9/1.9 MB | 36/191 kB | 16/142 kBProgress (5): 5.2/6.0 MB | 0.9/1.9 MB | 36/191 kB | 16/142 kB | 3.4/11 kBProgress (5): 5.2/6.0 MB | 0.9/1.9 MB | 53/191 kB | 16/142 kB | 3.4/11 kBProgress (5): 5.2/6.0 MB | 0.9/1.9 MB | 53/191 kB | 16/142 kB | 11 kB    Progress (5): 5.3/6.0 MB | 0.9/1.9 MB | 53/191 kB | 16/142 kB | 11 kB                                                                     Downloaded from central: https://repo.maven.apache.org/maven2/io/opentelemetry/opentelemetry-extension-incubator/1.31.0-alpha/opentelemetry-extension-incubator-1.31.0-alpha.jar (11 kB at 773 B/s)
Downloading from central: https://repo.maven.apache.org/maven2/io/opentelemetry/opentelemetry-extension-trace-propagators/1.31.0/opentelemetry-extension-trace-propagators-1.31.0.jar
Progress (4): 5.3/6.0 MB | 0.9/1.9 MB | 53/191 kB | 32/142 kBProgress (4): 5.3/6.0 MB | 0.9/1.9 MB | 53/191 kB | 32/142 kBProgress (4): 5.3/6.0 MB | 0.9/1.9 MB | 53/191 kB | 32/142 kBProgress (4): 5.3/6.0 MB | 0.9/1.9 MB | 66/191 kB | 32/142 kBProgress (4): 5.3/6.0 MB | 0.9/1.9 MB | 66/191 kB | 49/142 kBProgress (4): 5.3/6.0 MB | 0.9/1.9 MB | 66/191 kB | 49/142 kBProgress (4): 5.3/6.0 MB | 0.9/1.9 MB | 66/191 kB | 49/142 kBProgress (4): 5.3/6.0 MB | 0.9/1.9 MB | 74/191 kB | 49/142 kBProgress (4): 5.3/6.0 MB | 0.9/1.9 MB | 74/191 kB | 49/142 kBProgress (4): 5.3/6.0 MB | 0.9/1.9 MB | 74/191 kB | 49/142 kBProgress (4): 5.3/6.0 MB | 0.9/1.9 MB | 74/191 kB | 49/142 kBProgress (4): 5.3/6.0 MB | 0.9/1.9 MB | 90/191 kB | 49/142 kBProgress (4): 5.3/6.0 MB | 0.9/1.9 MB | 90/191 kB | 49/142 kBProgress (4): 5.4/6.0 MB | 0.9/1.9 MB | 90/191 kB | 49/142 kBProgress (4): 5.4/6.0 MB | 0.9/1.9 MB | 90/191 kB | 65/142 kBProgress (4): 5.4/6.0 MB | 0.9/1.9 MB | 90/191 kB | 65/142 kBProgress (4): 5.4/6.0 MB | 0.9/1.9 MB | 106/191 kB | 65/142 kBProgress (4): 5.4/6.0 MB | 0.9/1.9 MB | 106/191 kB | 65/142 kBProgress (5): 5.4/6.0 MB | 0.9/1.9 MB | 106/191 kB | 65/142 kB | 7.7/25 kBProgress (5): 5.4/6.0 MB | 0.9/1.9 MB | 106/191 kB | 65/142 kB | 8.2/25 kBProgress (5): 5.4/6.0 MB | 0.9/1.9 MB | 115/191 kB | 65/142 kB | 8.2/25 kBProgress (5): 5.4/6.0 MB | 0.9/1.9 MB | 115/191 kB | 65/142 kB | 8.2/25 kBProgress (5): 5.4/6.0 MB | 1.0/1.9 MB | 115/191 kB | 65/142 kB | 8.2/25 kBProgress (5): 5.4/6.0 MB | 1.0/1.9 MB | 123/191 kB | 65/142 kB | 8.2/25 kBProgress (5): 5.4/6.0 MB | 1.0/1.9 MB | 123/191 kB | 81/142 kB | 8.2/25 kBProgress (5): 5.4/6.0 MB | 1.0/1.9 MB | 123/191 kB | 81/142 kB | 8.2/25 kBProgress (5): 5.4/6.0 MB | 1.0/1.9 MB | 123/191 kB | 81/142 kB | 8.2/25 kBProgress (5): 5.4/6.0 MB | 1.0/1.9 MB | 123/191 kB | 81/142 kB | 25/25 kB Progress (5): 5.4/6.0 MB | 1.0/1.9 MB | 123/191 kB | 81/142 kB | 25 kB   Progress (5): 5.4/6.0 MB | 1.0/1.9 MB | 123/191 kB | 81/142 kB | 25 kB                                                                      Downloaded from central: https://repo.maven.apache.org/maven2/io/opentelemetry/opentelemetry-extension-trace-propagators/1.31.0/opentelemetry-extension-trace-propagators-1.31.0.jar (25 kB at 1.7 kB/s)
Downloading from central: https://repo.maven.apache.org/maven2/io/opentelemetry/opentelemetry-exporter-otlp/1.31.0/opentelemetry-exporter-otlp-1.31.0.jar
Progress (4): 5.4/6.0 MB | 1.0/1.9 MB | 139/191 kB | 81/142 kBProgress (4): 5.4/6.0 MB | 1.0/1.9 MB | 139/191 kB | 81/142 kBProgress (4): 5.4/6.0 MB | 1.0/1.9 MB | 139/191 kB | 81/142 kBProgress (4): 5.4/6.0 MB | 1.0/1.9 MB | 139/191 kB | 98/142 kBProgress (4): 5.5/6.0 MB | 1.0/1.9 MB | 139/191 kB | 98/142 kBProgress (4): 5.5/6.0 MB | 1.0/1.9 MB | 139/191 kB | 98/142 kBProgress (4): 5.5/6.0 MB | 1.0/1.9 MB | 156/191 kB | 98/142 kBProgress (4): 5.5/6.0 MB | 1.0/1.9 MB | 156/191 kB | 98/142 kBProgress (4): 5.5/6.0 MB | 1.0/1.9 MB | 164/191 kB | 98/142 kBProgress (4): 5.5/6.0 MB | 1.0/1.9 MB | 172/191 kB | 98/142 kBProgress (4): 5.5/6.0 MB | 1.0/1.9 MB | 172/191 kB | 98/142 kBProgress (4): 5.5/6.0 MB | 1.0/1.9 MB | 172/191 kB | 114/142 kBProgress (4): 5.5/6.0 MB | 1.0/1.9 MB | 172/191 kB | 114/142 kBProgress (4): 5.5/6.0 MB | 1.0/1.9 MB | 172/191 kB | 114/142 kBProgress (4): 5.5/6.0 MB | 1.0/1.9 MB | 188/191 kB | 114/142 kBProgress (4): 5.5/6.0 MB | 1.0/1.9 MB | 191 kB | 114/142 kB    Progress (4): 5.5/6.0 MB | 1.0/1.9 MB | 191 kB | 131/142 kB                                                           Downloaded from central: https://repo.maven.apache.org/maven2/io/opentelemetry/instrumentation/opentelemetry-instrumentation-api-semconv/1.31.0-alpha/opentelemetry-instrumentation-api-semconv-1.31.0-alpha.jar (191 kB at 13 kB/s)
Downloading from central: https://repo.maven.apache.org/maven2/io/opentelemetry/opentelemetry-sdk-metrics/1.31.0/opentelemetry-sdk-metrics-1.31.0.jar
Progress (3): 5.5/6.0 MB | 1.1/1.9 MB | 131/142 kBProgress (3): 5.5/6.0 MB | 1.1/1.9 MB | 131/142 kBProgress (3): 5.5/6.0 MB | 1.1/1.9 MB | 131/142 kBProgress (3): 5.5/6.0 MB | 1.1/1.9 MB | 131/142 kBProgress (3): 5.5/6.0 MB | 1.1/1.9 MB | 142 kB    Progress (4): 5.5/6.0 MB | 1.1/1.9 MB | 142 kB | 7.7/60 kBProgress (4): 5.5/6.0 MB | 1.1/1.9 MB | 142 kB | 7.7/60 kB                                                          Downloaded from central: https://repo.maven.apache.org/maven2/io/opentelemetry/instrumentation/opentelemetry-instrumentation-api/1.31.0/opentelemetry-instrumentation-api-1.31.0.jar (142 kB at 9.7 kB/s)
Downloading from central: https://repo.maven.apache.org/maven2/io/opentelemetry/opentelemetry-sdk-logs/1.31.0/opentelemetry-sdk-logs-1.31.0.jar
Progress (3): 5.5/6.0 MB | 1.1/1.9 MB | 7.7/60 kBProgress (3): 5.5/6.0 MB | 1.1/1.9 MB | 7.7/60 kBProgress (3): 5.6/6.0 MB | 1.1/1.9 MB | 7.7/60 kBProgress (3): 5.6/6.0 MB | 1.1/1.9 MB | 7.7/60 kBProgress (3): 5.6/6.0 MB | 1.1/1.9 MB | 7.7/60 kBProgress (3): 5.6/6.0 MB | 1.1/1.9 MB | 24/60 kB Progress (3): 5.6/6.0 MB | 1.1/1.9 MB | 24/60 kBProgress (3): 5.6/6.0 MB | 1.1/1.9 MB | 41/60 kBProgress (3): 5.6/6.0 MB | 1.1/1.9 MB | 41/60 kBProgress (3): 5.6/6.0 MB | 1.1/1.9 MB | 41/60 kBProgress (3): 5.6/6.0 MB | 1.1/1.9 MB | 57/60 kBProgress (3): 5.6/6.0 MB | 1.1/1.9 MB | 57/60 kBProgress (3): 5.6/6.0 MB | 1.1/1.9 MB | 57/60 kBProgress (3): 5.6/6.0 MB | 1.1/1.9 MB | 60 kB   Progress (4): 5.6/6.0 MB | 1.1/1.9 MB | 60 kB | 7.7/286 kBProgress (4): 5.6/6.0 MB | 1.1/1.9 MB | 60 kB | 8.2/286 kBProgress (4): 5.6/6.0 MB | 1.1/1.9 MB | 60 kB | 8.2/286 kBProgress (4): 5.7/6.0 MB | 1.1/1.9 MB | 60 kB | 8.2/286 kB                                                          Downloaded from central: https://repo.maven.apache.org/maven2/io/opentelemetry/opentelemetry-exporter-otlp/1.31.0/opentelemetry-exporter-otlp-1.31.0.jar (60 kB at 4.0 kB/s)
Downloading from central: https://repo.maven.apache.org/maven2/io/opentelemetry/opentelemetry-api-events/1.31.0-alpha/opentelemetry-api-events-1.31.0-alpha.jar
Progress (3): 5.7/6.0 MB | 1.1/1.9 MB | 8.2/286 kBProgress (3): 5.7/6.0 MB | 1.1/1.9 MB | 8.2/286 kBProgress (3): 5.7/6.0 MB | 1.1/1.9 MB | 8.2/286 kBProgress (3): 5.7/6.0 MB | 1.1/1.9 MB | 25/286 kB Progress (3): 5.7/6.0 MB | 1.2/1.9 MB | 25/286 kBProgress (3): 5.7/6.0 MB | 1.2/1.9 MB | 25/286 kBProgress (3): 5.7/6.0 MB | 1.2/1.9 MB | 25/286 kBProgress (3): 5.8/6.0 MB | 1.2/1.9 MB | 25/286 kBProgress (3): 5.8/6.0 MB | 1.2/1.9 MB | 41/286 kBProgress (3): 5.8/6.0 MB | 1.2/1.9 MB | 41/286 kBProgress (4): 5.8/6.0 MB | 1.2/1.9 MB | 41/286 kB | 7.7/48 kBProgress (4): 5.8/6.0 MB | 1.2/1.9 MB | 41/286 kB | 16/48 kB Progress (4): 5.8/6.0 MB | 1.2/1.9 MB | 57/286 kB | 16/48 kBProgress (4): 5.8/6.0 MB | 1.2/1.9 MB | 57/286 kB | 16/48 kBProgress (4): 5.8/6.0 MB | 1.2/1.9 MB | 57/286 kB | 16/48 kBProgress (4): 5.8/6.0 MB | 1.2/1.9 MB | 57/286 kB | 16/48 kBProgress (4): 5.8/6.0 MB | 1.2/1.9 MB | 57/286 kB | 16/48 kBProgress (4): 5.8/6.0 MB | 1.2/1.9 MB | 57/286 kB | 32/48 kBProgress (4): 5.8/6.0 MB | 1.2/1.9 MB | 66/286 kB | 32/48 kBProgress (4): 5.8/6.0 MB | 1.2/1.9 MB | 66/286 kB | 32/48 kBProgress (4): 5.8/6.0 MB | 1.2/1.9 MB | 66/286 kB | 32/48 kBProgress (4): 5.8/6.0 MB | 1.2/1.9 MB | 66/286 kB | 32/48 kBProgress (4): 5.8/6.0 MB | 1.2/1.9 MB | 66/286 kB | 48 kB   Progress (4): 5.8/6.0 MB | 1.2/1.9 MB | 74/286 kB | 48 kB                                                         Downloaded from central: https://repo.maven.apache.org/maven2/io/opentelemetry/opentelemetry-sdk-logs/1.31.0/opentelemetry-sdk-logs-1.31.0.jar (48 kB at 3.2 kB/s)
Downloading from central: https://repo.maven.apache.org/maven2/io/opentelemetry/opentelemetry-exporter-otlp-common/1.31.0/opentelemetry-exporter-otlp-common-1.31.0.jar
Progress (3): 5.8/6.0 MB | 1.2/1.9 MB | 74/286 kBProgress (3): 5.8/6.0 MB | 1.2/1.9 MB | 74/286 kBProgress (3): 5.8/6.0 MB | 1.2/1.9 MB | 82/286 kBProgress (4): 5.8/6.0 MB | 1.2/1.9 MB | 82/286 kB | 6.0 kB                                                          Downloaded from central: https://repo.maven.apache.org/maven2/io/opentelemetry/opentelemetry-api-events/1.31.0-alpha/opentelemetry-api-events-1.31.0-alpha.jar (6.0 kB at 406 B/s)
Downloading from central: https://repo.maven.apache.org/maven2/io/opentelemetry/opentelemetry-exporter-common/1.31.0/opentelemetry-exporter-common-1.31.0.jar
Progress (3): 5.8/6.0 MB | 1.3/1.9 MB | 82/286 kBProgress (3): 5.8/6.0 MB | 1.3/1.9 MB | 90/286 kBProgress (3): 5.8/6.0 MB | 1.3/1.9 MB | 90/286 kBProgress (3): 5.9/6.0 MB | 1.3/1.9 MB | 90/286 kBProgress (3): 5.9/6.0 MB | 1.3/1.9 MB | 90/286 kBProgress (3): 5.9/6.0 MB | 1.3/1.9 MB | 106/286 kBProgress (3): 5.9/6.0 MB | 1.3/1.9 MB | 106/286 kBProgress (3): 5.9/6.0 MB | 1.3/1.9 MB | 106/286 kBProgress (3): 5.9/6.0 MB | 1.3/1.9 MB | 106/286 kBProgress (3): 5.9/6.0 MB | 1.3/1.9 MB | 106/286 kBProgress (3): 5.9/6.0 MB | 1.3/1.9 MB | 123/286 kBProgress (3): 5.9/6.0 MB | 1.3/1.9 MB | 123/286 kBProgress (3): 5.9/6.0 MB | 1.3/1.9 MB | 131/286 kBProgress (3): 5.9/6.0 MB | 1.3/1.9 MB | 131/286 kBProgress (3): 5.9/6.0 MB | 1.3/1.9 MB | 139/286 kBProgress (3): 5.9/6.0 MB | 1.3/1.9 MB | 139/286 kBProgress (3): 5.9/6.0 MB | 1.3/1.9 MB | 139/286 kBProgress (3): 5.9/6.0 MB | 1.3/1.9 MB | 139/286 kBProgress (3): 6.0/6.0 MB | 1.3/1.9 MB | 139/286 kBProgress (3): 6.0/6.0 MB | 1.3/1.9 MB | 156/286 kBProgress (3): 6.0/6.0 MB | 1.4/1.9 MB | 156/286 kBProgress (3): 6.0/6.0 MB | 1.4/1.9 MB | 156/286 kBProgress (3): 6.0 MB | 1.4/1.9 MB | 156/286 kB                                                  Downloaded from central: https://repo.maven.apache.org/maven2/com/github/luben/zstd-jni/1.5.5-1/zstd-jni-1.5.5-1.jar (6.0 MB at 402 kB/s)
Downloading from central: https://repo.maven.apache.org/maven2/io/opentelemetry/opentelemetry-exporter-sender-okhttp/1.31.0/opentelemetry-exporter-sender-okhttp-1.31.0.jar
Progress (3): 1.4/1.9 MB | 156/286 kB | 7.7/106 kBProgress (4): 1.4/1.9 MB | 156/286 kB | 7.7/106 kB | 7.7/68 kBProgress (4): 1.4/1.9 MB | 156/286 kB | 8.2/106 kB | 7.7/68 kBProgress (4): 1.4/1.9 MB | 156/286 kB | 8.2/106 kB | 16/68 kB Progress (4): 1.4/1.9 MB | 156/286 kB | 8.2/106 kB | 32/68 kBProgress (4): 1.4/1.9 MB | 156/286 kB | 8.2/106 kB | 32/68 kBProgress (4): 1.4/1.9 MB | 156/286 kB | 8.2/106 kB | 32/68 kBProgress (4): 1.4/1.9 MB | 156/286 kB | 8.2/106 kB | 49/68 kBProgress (4): 1.4/1.9 MB | 156/286 kB | 25/106 kB | 49/68 kB Progress (4): 1.4/1.9 MB | 156/286 kB | 25/106 kB | 65/68 kBProgress (4): 1.4/1.9 MB | 156/286 kB | 25/106 kB | 68 kB                                                            Downloaded from central: https://repo.maven.apache.org/maven2/io/opentelemetry/opentelemetry-exporter-common/1.31.0/opentelemetry-exporter-common-1.31.0.jar (68 kB at 4.6 kB/s)
Downloading from central: https://repo.maven.apache.org/maven2/com/squareup/okhttp3/okhttp/4.12.0/okhttp-4.12.0.jar
Progress (3): 1.4/1.9 MB | 156/286 kB | 25/106 kBProgress (3): 1.4/1.9 MB | 156/286 kB | 41/106 kBProgress (3): 1.4/1.9 MB | 172/286 kB | 41/106 kBProgress (3): 1.4/1.9 MB | 172/286 kB | 49/106 kBProgress (3): 1.4/1.9 MB | 172/286 kB | 49/106 kBProgress (3): 1.4/1.9 MB | 172/286 kB | 49/106 kBProgress (3): 1.4/1.9 MB | 188/286 kB | 49/106 kBProgress (3): 1.4/1.9 MB | 188/286 kB | 66/106 kBProgress (4): 1.4/1.9 MB | 188/286 kB | 66/106 kB | 3.4/24 kBProgress (4): 1.4/1.9 MB | 188/286 kB | 66/106 kB | 20/24 kB Progress (4): 1.4/1.9 MB | 188/286 kB | 66/106 kB | 24 kB   Progress (4): 1.4/1.9 MB | 188/286 kB | 66/106 kB | 24 kBProgress (5): 1.4/1.9 MB | 188/286 kB | 66/106 kB | 24 kB | 7.7/790 kBProgress (5): 1.4/1.9 MB | 188/286 kB | 66/106 kB | 24 kB | 12/790 kB                                                                      Downloaded from central: https://repo.maven.apache.org/maven2/io/opentelemetry/opentelemetry-exporter-sender-okhttp/1.31.0/opentelemetry-exporter-sender-okhttp-1.31.0.jar (24 kB at 1.6 kB/s)
Downloading from central: https://repo.maven.apache.org/maven2/com/squareup/okio/okio/3.6.0/okio-3.6.0.jar
Progress (4): 1.4/1.9 MB | 188/286 kB | 66/106 kB | 28/790 kBProgress (4): 1.4/1.9 MB | 188/286 kB | 82/106 kB | 28/790 kBProgress (4): 1.5/1.9 MB | 188/286 kB | 82/106 kB | 28/790 kBProgress (4): 1.5/1.9 MB | 188/286 kB | 82/106 kB | 44/790 kBProgress (4): 1.5/1.9 MB | 188/286 kB | 82/106 kB | 44/790 kBProgress (4): 1.5/1.9 MB | 188/286 kB | 98/106 kB | 44/790 kBProgress (4): 1.5/1.9 MB | 188/286 kB | 98/106 kB | 61/790 kBProgress (4): 1.5/1.9 MB | 188/286 kB | 106 kB | 61/790 kB   Progress (4): 1.5/1.9 MB | 188/286 kB | 106 kB | 61/790 kB                                                          Downloaded from central: https://repo.maven.apache.org/maven2/io/opentelemetry/opentelemetry-exporter-otlp-common/1.31.0/opentelemetry-exporter-otlp-common-1.31.0.jar (106 kB at 7.1 kB/s)
Downloading from central: https://repo.maven.apache.org/maven2/com/squareup/okio/okio-jvm/3.6.0/okio-jvm-3.6.0.jar
Progress (3): 1.5/1.9 MB | 205/286 kB | 61/790 kBProgress (3): 1.5/1.9 MB | 205/286 kB | 77/790 kBProgress (3): 1.5/1.9 MB | 205/286 kB | 77/790 kBProgress (3): 1.5/1.9 MB | 205/286 kB | 93/790 kBProgress (3): 1.5/1.9 MB | 205/286 kB | 110/790 kBProgress (4): 1.5/1.9 MB | 205/286 kB | 110/790 kB | 7.7/26 kBProgress (4): 1.5/1.9 MB | 205/286 kB | 110/790 kB | 12/26 kB Progress (4): 1.5/1.9 MB | 205/286 kB | 110/790 kB | 26 kB   Progress (4): 1.5/1.9 MB | 205/286 kB | 110/790 kB | 26 kB                                                          Downloaded from central: https://repo.maven.apache.org/maven2/com/squareup/okio/okio/3.6.0/okio-3.6.0.jar (26 kB at 1.7 kB/s)
Downloading from central: https://repo.maven.apache.org/maven2/org/jetbrains/kotlin/kotlin-stdlib-common/1.9.21/kotlin-stdlib-common-1.9.21.jar
Progress (3): 1.5/1.9 MB | 205/286 kB | 126/790 kBProgress (3): 1.5/1.9 MB | 205/286 kB | 126/790 kBProgress (4): 1.5/1.9 MB | 205/286 kB | 126/790 kB | 7.7/360 kBProgress (4): 1.5/1.9 MB | 205/286 kB | 126/790 kB | 8.2/360 kBProgress (4): 1.5/1.9 MB | 205/286 kB | 143/790 kB | 8.2/360 kBProgress (4): 1.5/1.9 MB | 205/286 kB | 159/790 kB | 8.2/360 kBProgress (4): 1.6/1.9 MB | 205/286 kB | 159/790 kB | 8.2/360 kBProgress (4): 1.6/1.9 MB | 205/286 kB | 159/790 kB | 25/360 kB Progress (4): 1.6/1.9 MB | 205/286 kB | 159/790 kB | 25/360 kBProgress (4): 1.6/1.9 MB | 205/286 kB | 175/790 kB | 25/360 kBProgress (4): 1.6/1.9 MB | 205/286 kB | 175/790 kB | 25/360 kBProgress (4): 1.6/1.9 MB | 221/286 kB | 175/790 kB | 25/360 kBProgress (4): 1.6/1.9 MB | 221/286 kB | 192/790 kB | 25/360 kBProgress (4): 1.6/1.9 MB | 221/286 kB | 192/790 kB | 41/360 kBProgress (4): 1.6/1.9 MB | 221/286 kB | 192/790 kB | 41/360 kBProgress (4): 1.6/1.9 MB | 221/286 kB | 208/790 kB | 41/360 kBProgress (5): 1.6/1.9 MB | 221/286 kB | 208/790 kB | 41/360 kB | 7.7/227 kBProgress (5): 1.6/1.9 MB | 221/286 kB | 208/790 kB | 41/360 kB | 16/227 kB Progress (5): 1.6/1.9 MB | 221/286 kB | 208/790 kB | 41/360 kB | 16/227 kBProgress (5): 1.6/1.9 MB | 221/286 kB | 208/790 kB | 41/360 kB | 16/227 kBProgress (5): 1.6/1.9 MB | 221/286 kB | 208/790 kB | 41/360 kB | 32/227 kBProgress (5): 1.6/1.9 MB | 221/286 kB | 208/790 kB | 57/360 kB | 32/227 kBProgress (5): 1.6/1.9 MB | 221/286 kB | 225/790 kB | 57/360 kB | 32/227 kBProgress (5): 1.6/1.9 MB | 221/286 kB | 225/790 kB | 57/360 kB | 49/227 kBProgress (5): 1.7/1.9 MB | 221/286 kB | 225/790 kB | 57/360 kB | 49/227 kBProgress (5): 1.7/1.9 MB | 221/286 kB | 225/790 kB | 74/360 kB | 49/227 kBProgress (5): 1.7/1.9 MB | 221/286 kB | 241/790 kB | 74/360 kB | 49/227 kBProgress (5): 1.7/1.9 MB | 221/286 kB | 241/790 kB | 74/360 kB | 65/227 kBProgress (5): 1.7/1.9 MB | 238/286 kB | 241/790 kB | 74/360 kB | 65/227 kBProgress (5): 1.7/1.9 MB | 238/286 kB | 257/790 kB | 74/360 kB | 65/227 kBProgress (5): 1.7/1.9 MB | 238/286 kB | 274/790 kB | 74/360 kB | 65/227 kBProgress (5): 1.7/1.9 MB | 238/286 kB | 274/790 kB | 74/360 kB | 81/227 kBProgress (5): 1.7/1.9 MB | 238/286 kB | 274/790 kB | 74/360 kB | 81/227 kBProgress (5): 1.7/1.9 MB | 238/286 kB | 274/790 kB | 74/360 kB | 98/227 kBProgress (5): 1.7/1.9 MB | 238/286 kB | 274/790 kB | 90/360 kB | 98/227 kBProgress (5): 1.7/1.9 MB | 238/286 kB | 274/790 kB | 90/360 kB | 114/227 kBProgress (5): 1.7/1.9 MB | 238/286 kB | 290/790 kB | 90/360 kB | 114/227 kBProgress (5): 1.7/1.9 MB | 238/286 kB | 290/790 kB | 90/360 kB | 131/227 kBProgress (5): 1.7/1.9 MB | 238/286 kB | 290/790 kB | 90/360 kB | 131/227 kBProgress (5): 1.7/1.9 MB | 238/286 kB | 306/790 kB | 90/360 kB | 131/227 kBProgress (5): 1.7/1.9 MB | 238/286 kB | 306/790 kB | 106/360 kB | 131/227 kBProgress (5): 1.7/1.9 MB | 238/286 kB | 306/790 kB | 106/360 kB | 147/227 kBProgress (5): 1.7/1.9 MB | 238/286 kB | 323/790 kB | 106/360 kB | 147/227 kBProgress (5): 1.7/1.9 MB | 238/286 kB | 323/790 kB | 106/360 kB | 163/227 kBProgress (5): 1.7/1.9 MB | 238/286 kB | 323/790 kB | 106/360 kB | 163/227 kBProgress (5): 1.7/1.9 MB | 238/286 kB | 323/790 kB | 123/360 kB | 163/227 kBProgress (5): 1.7/1.9 MB | 238/286 kB | 323/790 kB | 123/360 kB | 180/227 kBProgress (5): 1.7/1.9 MB | 238/286 kB | 323/790 kB | 123/360 kB | 196/227 kBProgress (5): 1.7/1.9 MB | 238/286 kB | 323/790 kB | 131/360 kB | 196/227 kBProgress (5): 1.7/1.9 MB | 238/286 kB | 339/790 kB | 131/360 kB | 196/227 kBProgress (5): 1.7/1.9 MB | 238/286 kB | 339/790 kB | 131/360 kB | 196/227 kBProgress (5): 1.7/1.9 MB | 238/286 kB | 339/790 kB | 131/360 kB | 213/227 kBProgress (5): 1.7/1.9 MB | 238/286 kB | 339/790 kB | 131/360 kB | 213/227 kBProgress (5): 1.7/1.9 MB | 238/286 kB | 356/790 kB | 131/360 kB | 213/227 kBProgress (5): 1.7/1.9 MB | 238/286 kB | 356/790 kB | 139/360 kB | 213/227 kBProgress (5): 1.7/1.9 MB | 238/286 kB | 356/790 kB | 139/360 kB | 227 kB                                                                            Downloaded from central: https://repo.maven.apache.org/maven2/org/jetbrains/kotlin/kotlin-stdlib-common/1.9.21/kotlin-stdlib-common-1.9.21.jar (227 kB at 15 kB/s)
Downloading from central: https://repo.maven.apache.org/maven2/org/jetbrains/kotlin/kotlin-stdlib-jdk8/1.9.21/kotlin-stdlib-jdk8-1.9.21.jar
Progress (4): 1.8/1.9 MB | 238/286 kB | 356/790 kB | 139/360 kBProgress (4): 1.8/1.9 MB | 238/286 kB | 356/790 kB | 147/360 kBProgress (4): 1.8/1.9 MB | 238/286 kB | 372/790 kB | 147/360 kBProgress (4): 1.8/1.9 MB | 238/286 kB | 372/790 kB | 147/360 kBProgress (4): 1.8/1.9 MB | 238/286 kB | 388/790 kB | 147/360 kBProgress (4): 1.8/1.9 MB | 238/286 kB | 388/790 kB | 156/360 kBProgress (4): 1.8/1.9 MB | 238/286 kB | 388/790 kB | 156/360 kBProgress (4): 1.8/1.9 MB | 238/286 kB | 405/790 kB | 156/360 kBProgress (4): 1.8/1.9 MB | 238/286 kB | 405/790 kB | 156/360 kBProgress (4): 1.8/1.9 MB | 238/286 kB | 405/790 kB | 172/360 kBProgress (4): 1.8/1.9 MB | 238/286 kB | 421/790 kB | 172/360 kBProgress (4): 1.8/1.9 MB | 254/286 kB | 421/790 kB | 172/360 kBProgress (4): 1.8/1.9 MB | 254/286 kB | 421/790 kB | 172/360 kBProgress (4): 1.8/1.9 MB | 254/286 kB | 438/790 kB | 172/360 kBProgress (4): 1.8/1.9 MB | 254/286 kB | 438/790 kB | 188/360 kBProgress (4): 1.8/1.9 MB | 270/286 kB | 438/790 kB | 188/360 kBProgress (4): 1.8/1.9 MB | 270/286 kB | 454/790 kB | 188/360 kBProgress (4): 1.8/1.9 MB | 270/286 kB | 454/790 kB | 188/360 kBProgress (4): 1.9/1.9 MB | 270/286 kB | 454/790 kB | 188/360 kBProgress (4): 1.9/1.9 MB | 270/286 kB | 454/790 kB | 205/360 kBProgress (4): 1.9/1.9 MB | 270/286 kB | 470/790 kB | 205/360 kBProgress (5): 1.9/1.9 MB | 270/286 kB | 470/790 kB | 205/360 kB | 967 B                                                                       Downloaded from central: https://repo.maven.apache.org/maven2/org/jetbrains/kotlin/kotlin-stdlib-jdk8/1.9.21/kotlin-stdlib-jdk8-1.9.21.jar (967 B at 63 B/s)
Downloading from central: https://repo.maven.apache.org/maven2/org/jetbrains/kotlin/kotlin-stdlib/1.9.21/kotlin-stdlib-1.9.21.jar
Progress (4): 1.9/1.9 MB | 270/286 kB | 487/790 kB | 205/360 kBProgress (4): 1.9/1.9 MB | 286 kB | 487/790 kB | 205/360 kB                                                               Downloaded from central: https://repo.maven.apache.org/maven2/io/opentelemetry/opentelemetry-sdk-metrics/1.31.0/opentelemetry-sdk-metrics-1.31.0.jar (286 kB at 19 kB/s)
Downloading from central: https://repo.maven.apache.org/maven2/org/jetbrains/kotlin/kotlin-stdlib-jdk7/1.9.21/kotlin-stdlib-jdk7-1.9.21.jar
Progress (3): 1.9/1.9 MB | 487/790 kB | 205/360 kBProgress (3): 1.9/1.9 MB | 487/790 kB | 221/360 kBProgress (3): 1.9/1.9 MB | 487/790 kB | 221/360 kBProgress (3): 1.9/1.9 MB | 503/790 kB | 221/360 kBProgress (3): 1.9 MB | 503/790 kB | 221/360 kB    Progress (3): 1.9 MB | 519/790 kB | 221/360 kB                                              Downloaded from central: https://repo.maven.apache.org/maven2/org/apache/logging/log4j/log4j-core/2.21.1/log4j-core-2.21.1.jar (1.9 MB at 125 kB/s)
Progress (2): 519/790 kB | 238/360 kB                                     Downloading from central: https://repo.maven.apache.org/maven2/io/opentelemetry/opentelemetry-sdk-extension-autoconfigure-spi/1.31.0/opentelemetry-sdk-extension-autoconfigure-spi-1.31.0.jar
Progress (2): 536/790 kB | 238/360 kBProgress (2): 536/790 kB | 254/360 kBProgress (2): 552/790 kB | 254/360 kBProgress (2): 569/790 kB | 254/360 kBProgress (2): 569/790 kB | 270/360 kBProgress (3): 569/790 kB | 270/360 kB | 961 B                                             Downloaded from central: https://repo.maven.apache.org/maven2/org/jetbrains/kotlin/kotlin-stdlib-jdk7/1.9.21/kotlin-stdlib-jdk7-1.9.21.jar (961 B at 63 B/s)
Downloading from central: https://repo.maven.apache.org/maven2/org/springframework/boot/spring-boot-starter-webflux/3.2.1/spring-boot-starter-webflux-3.2.1.jar
Progress (2): 585/790 kB | 270/360 kBProgress (3): 585/790 kB | 270/360 kB | 0/1.7 MBProgress (3): 585/790 kB | 270/360 kB | 0/1.7 MBProgress (3): 585/790 kB | 279/360 kB | 0/1.7 MBProgress (3): 601/790 kB | 279/360 kB | 0/1.7 MBProgress (3): 601/790 kB | 279/360 kB | 0/1.7 MBProgress (3): 601/790 kB | 279/360 kB | 0/1.7 MBProgress (3): 601/790 kB | 287/360 kB | 0/1.7 MBProgress (3): 618/790 kB | 287/360 kB | 0/1.7 MBProgress (3): 618/790 kB | 287/360 kB | 0.1/1.7 MBProgress (3): 618/790 kB | 287/360 kB | 0.1/1.7 MBProgress (3): 634/790 kB | 287/360 kB | 0.1/1.7 MBProgress (4): 634/790 kB | 287/360 kB | 0.1/1.7 MB | 7.7/17 kBProgress (4): 634/790 kB | 287/360 kB | 0.1/1.7 MB | 7.7/17 kBProgress (4): 634/790 kB | 287/360 kB | 0.1/1.7 MB | 16/17 kB Progress (4): 634/790 kB | 287/360 kB | 0.1/1.7 MB | 17 kB                                                             Downloaded from central: https://repo.maven.apache.org/maven2/io/opentelemetry/opentelemetry-sdk-extension-autoconfigure-spi/1.31.0/opentelemetry-sdk-extension-autoconfigure-spi-1.31.0.jar (17 kB at 1.1 kB/s)
Downloading from central: https://repo.maven.apache.org/maven2/org/springframework/boot/spring-boot-starter-reactor-netty/3.2.1/spring-boot-starter-reactor-netty-3.2.1.jar
Progress (3): 634/790 kB | 287/360 kB | 0.1/1.7 MBProgress (3): 634/790 kB | 303/360 kB | 0.1/1.7 MBProgress (4): 634/790 kB | 303/360 kB | 0.1/1.7 MB | 4.8 kB                                                           Downloaded from central: https://repo.maven.apache.org/maven2/org/springframework/boot/spring-boot-starter-webflux/3.2.1/spring-boot-starter-webflux-3.2.1.jar (4.8 kB at 314 B/s)
Downloading from central: https://repo.maven.apache.org/maven2/io/projectreactor/netty/reactor-netty-http/1.1.14/reactor-netty-http-1.1.14.jar
Progress (3): 634/790 kB | 319/360 kB | 0.1/1.7 MBProgress (3): 651/790 kB | 319/360 kB | 0.1/1.7 MBProgress (3): 667/790 kB | 319/360 kB | 0.1/1.7 MBProgress (3): 667/790 kB | 319/360 kB | 0.1/1.7 MBProgress (3): 683/790 kB | 319/360 kB | 0.1/1.7 MBProgress (3): 683/790 kB | 319/360 kB | 0.1/1.7 MBProgress (3): 700/790 kB | 319/360 kB | 0.1/1.7 MBProgress (3): 716/790 kB | 319/360 kB | 0.1/1.7 MBProgress (3): 716/790 kB | 319/360 kB | 0.2/1.7 MBProgress (3): 716/790 kB | 336/360 kB | 0.2/1.7 MBProgress (3): 716/790 kB | 352/360 kB | 0.2/1.7 MBProgress (3): 716/790 kB | 352/360 kB | 0.2/1.7 MBProgress (3): 716/790 kB | 360 kB | 0.2/1.7 MB                                                  Downloaded from central: https://repo.maven.apache.org/maven2/com/squareup/okio/okio-jvm/3.6.0/okio-jvm-3.6.0.jar (360 kB at 24 kB/s)
Downloading from central: https://repo.maven.apache.org/maven2/io/netty/netty-codec-http/4.1.104.Final/netty-codec-http-4.1.104.Final.jar
Progress (2): 716/790 kB | 0.2/1.7 MBProgress (2): 732/790 kB | 0.2/1.7 MBProgress (2): 732/790 kB | 0.2/1.7 MBProgress (2): 749/790 kB | 0.2/1.7 MBProgress (2): 749/790 kB | 0.2/1.7 MBProgress (2): 765/790 kB | 0.2/1.7 MBProgress (3): 765/790 kB | 0.2/1.7 MB | 4.8 kBProgress (3): 765/790 kB | 0.2/1.7 MB | 4.8 kB                                              Downloaded from central: https://repo.maven.apache.org/maven2/org/springframework/boot/spring-boot-starter-reactor-netty/3.2.1/spring-boot-starter-reactor-netty-3.2.1.jar (4.8 kB at 312 B/s)
Downloading from central: https://repo.maven.apache.org/maven2/io/netty/netty-codec-http2/4.1.104.Final/netty-codec-http2-4.1.104.Final.jar
Progress (2): 782/790 kB | 0.2/1.7 MBProgress (2): 782/790 kB | 0.3/1.7 MBProgress (2): 782/790 kB | 0.3/1.7 MBProgress (2): 790 kB | 0.3/1.7 MB    Progress (3): 790 kB | 0.3/1.7 MB | 7.7/463 kBProgress (3): 790 kB | 0.3/1.7 MB | 12/463 kB                                              Downloaded from central: https://repo.maven.apache.org/maven2/com/squareup/okhttp3/okhttp/4.12.0/okhttp-4.12.0.jar (790 kB at 52 kB/s)
Downloading from central: https://repo.maven.apache.org/maven2/io/netty/netty-resolver-dns/4.1.104.Final/netty-resolver-dns-4.1.104.Final.jar
Progress (2): 0.3/1.7 MB | 28/463 kBProgress (2): 0.3/1.7 MB | 28/463 kBProgress (2): 0.3/1.7 MB | 28/463 kBProgress (3): 0.3/1.7 MB | 28/463 kB | 7.7/665 kBProgress (3): 0.3/1.7 MB | 28/463 kB | 8.2/665 kBProgress (3): 0.3/1.7 MB | 28/463 kB | 8.2/665 kBProgress (3): 0.3/1.7 MB | 28/463 kB | 8.2/665 kBProgress (3): 0.3/1.7 MB | 44/463 kB | 8.2/665 kBProgress (3): 0.4/1.7 MB | 44/463 kB | 8.2/665 kBProgress (3): 0.4/1.7 MB | 44/463 kB | 25/665 kB Progress (4): 0.4/1.7 MB | 44/463 kB | 25/665 kB | 7.7/172 kBProgress (4): 0.4/1.7 MB | 44/463 kB | 25/665 kB | 8.2/172 kBProgress (4): 0.4/1.7 MB | 44/463 kB | 25/665 kB | 8.2/172 kBProgress (4): 0.4/1.7 MB | 61/463 kB | 25/665 kB | 8.2/172 kBProgress (4): 0.4/1.7 MB | 61/463 kB | 25/665 kB | 8.2/172 kBProgress (4): 0.4/1.7 MB | 66/463 kB | 25/665 kB | 8.2/172 kBProgress (4): 0.4/1.7 MB | 66/463 kB | 25/665 kB | 25/172 kB Progress (4): 0.4/1.7 MB | 66/463 kB | 41/665 kB | 25/172 kBProgress (5): 0.4/1.7 MB | 66/463 kB | 41/665 kB | 25/172 kB | 7.7/488 kBProgress (5): 0.4/1.7 MB | 66/463 kB | 41/665 kB | 25/172 kB | 16/488 kB Progress (5): 0.4/1.7 MB | 66/463 kB | 41/665 kB | 25/172 kB | 28/488 kBProgress (5): 0.4/1.7 MB | 66/463 kB | 41/665 kB | 41/172 kB | 28/488 kBProgress (5): 0.4/1.7 MB | 66/463 kB | 41/665 kB | 57/172 kB | 28/488 kBProgress (5): 0.4/1.7 MB | 66/463 kB | 41/665 kB | 57/172 kB | 28/488 kBProgress (5): 0.4/1.7 MB | 66/463 kB | 41/665 kB | 57/172 kB | 28/488 kBProgress (5): 0.4/1.7 MB | 74/463 kB | 41/665 kB | 57/172 kB | 28/488 kBProgress (5): 0.4/1.7 MB | 74/463 kB | 57/665 kB | 57/172 kB | 28/488 kBProgress (5): 0.4/1.7 MB | 74/463 kB | 57/665 kB | 57/172 kB | 28/488 kBProgress (5): 0.4/1.7 MB | 74/463 kB | 57/665 kB | 57/172 kB | 44/488 kBProgress (5): 0.4/1.7 MB | 74/463 kB | 57/665 kB | 74/172 kB | 44/488 kBProgress (5): 0.5/1.7 MB | 74/463 kB | 57/665 kB | 74/172 kB | 44/488 kBProgress (5): 0.5/1.7 MB | 74/463 kB | 74/665 kB | 74/172 kB | 44/488 kBProgress (5): 0.5/1.7 MB | 90/463 kB | 74/665 kB | 74/172 kB | 44/488 kBProgress (5): 0.5/1.7 MB | 90/463 kB | 74/665 kB | 74/172 kB | 61/488 kBProgress (5): 0.5/1.7 MB | 90/463 kB | 74/665 kB | 74/172 kB | 61/488 kBProgress (5): 0.5/1.7 MB | 90/463 kB | 74/665 kB | 90/172 kB | 61/488 kBProgress (5): 0.5/1.7 MB | 98/463 kB | 74/665 kB | 90/172 kB | 61/488 kBProgress (5): 0.5/1.7 MB | 98/463 kB | 74/665 kB | 90/172 kB | 61/488 kBProgress (5): 0.5/1.7 MB | 98/463 kB | 74/665 kB | 106/172 kB | 61/488 kBProgress (5): 0.5/1.7 MB | 98/463 kB | 74/665 kB | 106/172 kB | 77/488 kBProgress (5): 0.5/1.7 MB | 98/463 kB | 74/665 kB | 106/172 kB | 77/488 kBProgress (5): 0.5/1.7 MB | 98/463 kB | 90/665 kB | 106/172 kB | 77/488 kBProgress (5): 0.5/1.7 MB | 98/463 kB | 90/665 kB | 123/172 kB | 77/488 kBProgress (5): 0.5/1.7 MB | 115/463 kB | 90/665 kB | 123/172 kB | 77/488 kBProgress (5): 0.5/1.7 MB | 115/463 kB | 90/665 kB | 123/172 kB | 77/488 kBProgress (5): 0.5/1.7 MB | 115/463 kB | 90/665 kB | 139/172 kB | 77/488 kBProgress (5): 0.5/1.7 MB | 115/463 kB | 90/665 kB | 139/172 kB | 77/488 kBProgress (5): 0.5/1.7 MB | 123/463 kB | 90/665 kB | 139/172 kB | 77/488 kBProgress (5): 0.5/1.7 MB | 123/463 kB | 90/665 kB | 139/172 kB | 93/488 kBProgress (5): 0.5/1.7 MB | 123/463 kB | 106/665 kB | 139/172 kB | 93/488 kBProgress (5): 0.5/1.7 MB | 123/463 kB | 106/665 kB | 156/172 kB | 93/488 kBProgress (5): 0.5/1.7 MB | 123/463 kB | 106/665 kB | 156/172 kB | 93/488 kBProgress (5): 0.5/1.7 MB | 123/463 kB | 106/665 kB | 156/172 kB | 110/488 kBProgress (5): 0.6/1.7 MB | 123/463 kB | 106/665 kB | 156/172 kB | 110/488 kBProgress (5): 0.6/1.7 MB | 123/463 kB | 106/665 kB | 156/172 kB | 110/488 kBProgress (5): 0.6/1.7 MB | 123/463 kB | 123/665 kB | 156/172 kB | 110/488 kBProgress (5): 0.6/1.7 MB | 123/463 kB | 123/665 kB | 172 kB | 110/488 kB                                                                            Downloaded from central: https://repo.maven.apache.org/maven2/io/netty/netty-resolver-dns/4.1.104.Final/netty-resolver-dns-4.1.104.Final.jar (172 kB at 11 kB/s)
Downloading from central: https://repo.maven.apache.org/maven2/io/netty/netty-codec-dns/4.1.104.Final/netty-codec-dns-4.1.104.Final.jar
Progress (4): 0.6/1.7 MB | 139/463 kB | 123/665 kB | 110/488 kBProgress (4): 0.6/1.7 MB | 139/463 kB | 123/665 kB | 126/488 kBProgress (4): 0.6/1.7 MB | 139/463 kB | 139/665 kB | 126/488 kBProgress (4): 0.6/1.7 MB | 139/463 kB | 139/665 kB | 126/488 kBProgress (4): 0.6/1.7 MB | 139/463 kB | 139/665 kB | 126/488 kBProgress (4): 0.6/1.7 MB | 147/463 kB | 139/665 kB | 126/488 kBProgress (4): 0.6/1.7 MB | 147/463 kB | 139/665 kB | 126/488 kBProgress (4): 0.6/1.7 MB | 147/463 kB | 156/665 kB | 126/488 kBProgress (4): 0.6/1.7 MB | 156/463 kB | 156/665 kB | 126/488 kBProgress (4): 0.6/1.7 MB | 156/463 kB | 156/665 kB | 143/488 kBProgress (4): 0.6/1.7 MB | 156/463 kB | 156/665 kB | 159/488 kBProgress (4): 0.6/1.7 MB | 156/463 kB | 156/665 kB | 159/488 kBProgress (4): 0.6/1.7 MB | 156/463 kB | 156/665 kB | 175/488 kBProgress (4): 0.7/1.7 MB | 156/463 kB | 156/665 kB | 175/488 kBProgress (4): 0.7/1.7 MB | 156/463 kB | 156/665 kB | 175/488 kBProgress (4): 0.7/1.7 MB | 156/463 kB | 172/665 kB | 175/488 kBProgress (4): 0.7/1.7 MB | 156/463 kB | 172/665 kB | 192/488 kBProgress (4): 0.7/1.7 MB | 156/463 kB | 172/665 kB | 208/488 kBProgress (4): 0.7/1.7 MB | 172/463 kB | 172/665 kB | 208/488 kBProgress (4): 0.7/1.7 MB | 172/463 kB | 172/665 kB | 208/488 kBProgress (4): 0.7/1.7 MB | 180/463 kB | 172/665 kB | 208/488 kBProgress (4): 0.7/1.7 MB | 180/463 kB | 172/665 kB | 225/488 kBProgress (4): 0.7/1.7 MB | 180/463 kB | 172/665 kB | 225/488 kBProgress (4): 0.7/1.7 MB | 180/463 kB | 188/665 kB | 225/488 kBProgress (4): 0.7/1.7 MB | 180/463 kB | 188/665 kB | 225/488 kBProgress (4): 0.7/1.7 MB | 180/463 kB | 188/665 kB | 241/488 kBProgress (4): 0.7/1.7 MB | 180/463 kB | 205/665 kB | 241/488 kBProgress (4): 0.7/1.7 MB | 180/463 kB | 205/665 kB | 241/488 kBProgress (4): 0.7/1.7 MB | 197/463 kB | 205/665 kB | 241/488 kBProgress (4): 0.8/1.7 MB | 197/463 kB | 205/665 kB | 241/488 kBProgress (5): 0.8/1.7 MB | 197/463 kB | 205/665 kB | 241/488 kB | 7.7/67 kBProgress (5): 0.8/1.7 MB | 197/463 kB | 205/665 kB | 241/488 kB | 12/67 kB Progress (5): 0.8/1.7 MB | 197/463 kB | 205/665 kB | 241/488 kB | 12/67 kBProgress (5): 0.8/1.7 MB | 197/463 kB | 205/665 kB | 257/488 kB | 12/67 kBProgress (5): 0.8/1.7 MB | 197/463 kB | 205/665 kB | 274/488 kB | 12/67 kBProgress (5): 0.8/1.7 MB | 197/463 kB | 221/665 kB | 274/488 kB | 12/67 kBProgress (5): 0.8/1.7 MB | 197/463 kB | 221/665 kB | 274/488 kB | 12/67 kBProgress (5): 0.8/1.7 MB | 197/463 kB | 221/665 kB | 274/488 kB | 28/67 kBProgress (5): 0.8/1.7 MB | 197/463 kB | 221/665 kB | 274/488 kB | 44/67 kBProgress (5): 0.8/1.7 MB | 197/463 kB | 221/665 kB | 290/488 kB | 44/67 kBProgress (5): 0.8/1.7 MB | 197/463 kB | 221/665 kB | 290/488 kB | 44/67 kBProgress (5): 0.8/1.7 MB | 197/463 kB | 238/665 kB | 290/488 kB | 44/67 kBProgress (5): 0.8/1.7 MB | 197/463 kB | 238/665 kB | 290/488 kB | 61/67 kBProgress (5): 0.8/1.7 MB | 213/463 kB | 238/665 kB | 290/488 kB | 61/67 kBProgress (5): 0.8/1.7 MB | 213/463 kB | 238/665 kB | 290/488 kB | 67 kB   Progress (5): 0.8/1.7 MB | 213/463 kB | 238/665 kB | 306/488 kB | 67 kB                                                                       Downloaded from central: https://repo.maven.apache.org/maven2/io/netty/netty-codec-dns/4.1.104.Final/netty-codec-dns-4.1.104.Final.jar (67 kB at 4.3 kB/s)
Progress (4): 0.8/1.7 MB | 213/463 kB | 238/665 kB | 306/488 kB                                                               Downloading from central: https://repo.maven.apache.org/maven2/io/netty/netty-resolver-dns-native-macos/4.1.104.Final/netty-resolver-dns-native-macos-4.1.104.Final-osx-x86_64.jar
Progress (4): 0.8/1.7 MB | 213/463 kB | 254/665 kB | 306/488 kBProgress (4): 0.8/1.7 MB | 213/463 kB | 254/665 kB | 306/488 kBProgress (4): 0.9/1.7 MB | 213/463 kB | 254/665 kB | 306/488 kBProgress (4): 0.9/1.7 MB | 229/463 kB | 254/665 kB | 306/488 kBProgress (4): 0.9/1.7 MB | 229/463 kB | 254/665 kB | 323/488 kBProgress (4): 0.9/1.7 MB | 229/463 kB | 254/665 kB | 323/488 kBProgress (4): 0.9/1.7 MB | 229/463 kB | 254/665 kB | 323/488 kBProgress (4): 0.9/1.7 MB | 229/463 kB | 254/665 kB | 339/488 kBProgress (4): 0.9/1.7 MB | 229/463 kB | 270/665 kB | 339/488 kBProgress (4): 0.9/1.7 MB | 246/463 kB | 270/665 kB | 339/488 kBProgress (4): 0.9/1.7 MB | 246/463 kB | 270/665 kB | 339/488 kBProgress (4): 0.9/1.7 MB | 246/463 kB | 270/665 kB | 356/488 kBProgress (4): 0.9/1.7 MB | 246/463 kB | 287/665 kB | 356/488 kBProgress (4): 0.9/1.7 MB | 246/463 kB | 287/665 kB | 356/488 kBProgress (4): 0.9/1.7 MB | 246/463 kB | 287/665 kB | 372/488 kBProgress (4): 0.9/1.7 MB | 246/463 kB | 287/665 kB | 388/488 kBProgress (4): 0.9/1.7 MB | 246/463 kB | 287/665 kB | 388/488 kBProgress (4): 0.9/1.7 MB | 246/463 kB | 303/665 kB | 388/488 kBProgress (4): 0.9/1.7 MB | 246/463 kB | 303/665 kB | 405/488 kBProgress (4): 0.9/1.7 MB | 246/463 kB | 303/665 kB | 421/488 kBProgress (4): 0.9/1.7 MB | 262/463 kB | 303/665 kB | 421/488 kBProgress (4): 1.0/1.7 MB | 262/463 kB | 303/665 kB | 421/488 kBProgress (4): 1.0/1.7 MB | 262/463 kB | 303/665 kB | 421/488 kBProgress (4): 1.0/1.7 MB | 262/463 kB | 319/665 kB | 421/488 kBProgress (4): 1.0/1.7 MB | 262/463 kB | 319/665 kB | 438/488 kBProgress (4): 1.0/1.7 MB | 262/463 kB | 319/665 kB | 438/488 kBProgress (4): 1.0/1.7 MB | 262/463 kB | 319/665 kB | 438/488 kBProgress (4): 1.0/1.7 MB | 279/463 kB | 319/665 kB | 438/488 kBProgress (5): 1.0/1.7 MB | 279/463 kB | 319/665 kB | 438/488 kB | 7.7/19 kBProgress (5): 1.0/1.7 MB | 279/463 kB | 319/665 kB | 438/488 kB | 12/19 kB Progress (5): 1.0/1.7 MB | 279/463 kB | 319/665 kB | 438/488 kB | 19 kB                                                                          Downloaded from central: https://repo.maven.apache.org/maven2/io/netty/netty-resolver-dns-native-macos/4.1.104.Final/netty-resolver-dns-native-macos-4.1.104.Final-osx-x86_64.jar (19 kB at 1.2 kB/s)
Downloading from central: https://repo.maven.apache.org/maven2/io/netty/netty-resolver-dns-classes-macos/4.1.104.Final/netty-resolver-dns-classes-macos-4.1.104.Final.jar
Progress (4): 1.0/1.7 MB | 279/463 kB | 319/665 kB | 438/488 kBProgress (4): 1.0/1.7 MB | 279/463 kB | 319/665 kB | 454/488 kBProgress (4): 1.0/1.7 MB | 295/463 kB | 319/665 kB | 454/488 kBProgress (4): 1.0/1.7 MB | 295/463 kB | 336/665 kB | 454/488 kBProgress (4): 1.0/1.7 MB | 295/463 kB | 336/665 kB | 454/488 kBProgress (4): 1.1/1.7 MB | 295/463 kB | 336/665 kB | 454/488 kBProgress (4): 1.1/1.7 MB | 295/463 kB | 352/665 kB | 454/488 kBProgress (4): 1.1/1.7 MB | 295/463 kB | 352/665 kB | 470/488 kBProgress (4): 1.1/1.7 MB | 295/463 kB | 352/665 kB | 470/488 kBProgress (4): 1.1/1.7 MB | 311/463 kB | 352/665 kB | 470/488 kBProgress (4): 1.1/1.7 MB | 311/463 kB | 369/665 kB | 470/488 kBProgress (4): 1.1/1.7 MB | 311/463 kB | 369/665 kB | 470/488 kBProgress (4): 1.1/1.7 MB | 311/463 kB | 369/665 kB | 470/488 kBProgress (4): 1.1/1.7 MB | 311/463 kB | 369/665 kB | 487/488 kBProgress (4): 1.1/1.7 MB | 311/463 kB | 369/665 kB | 488 kB                                                               Downloaded from central: https://repo.maven.apache.org/maven2/io/netty/netty-codec-http2/4.1.104.Final/netty-codec-http2-4.1.104.Final.jar (488 kB at 31 kB/s)
Downloading from central: https://repo.maven.apache.org/maven2/io/netty/netty-transport-native-epoll/4.1.104.Final/netty-transport-native-epoll-4.1.104.Final-linux-x86_64.jar
Progress (3): 1.1/1.7 MB | 311/463 kB | 369/665 kBProgress (3): 1.1/1.7 MB | 311/463 kB | 385/665 kBProgress (3): 1.1/1.7 MB | 311/463 kB | 385/665 kBProgress (3): 1.1/1.7 MB | 311/463 kB | 401/665 kBProgress (3): 1.1/1.7 MB | 328/463 kB | 401/665 kBProgress (3): 1.2/1.7 MB | 328/463 kB | 401/665 kBProgress (3): 1.2/1.7 MB | 328/463 kB | 401/665 kBProgress (3): 1.2/1.7 MB | 328/463 kB | 401/665 kBProgress (3): 1.2/1.7 MB | 328/463 kB | 418/665 kBProgress (3): 1.2/1.7 MB | 344/463 kB | 418/665 kBProgress (4): 1.2/1.7 MB | 344/463 kB | 418/665 kB | 7.7/9.1 kBProgress (4): 1.2/1.7 MB | 344/463 kB | 418/665 kB | 9.1 kB    Progress (4): 1.2/1.7 MB | 360/463 kB | 418/665 kB | 9.1 kB                                                           Downloaded from central: https://repo.maven.apache.org/maven2/io/netty/netty-resolver-dns-classes-macos/4.1.104.Final/netty-resolver-dns-classes-macos-4.1.104.Final.jar (9.1 kB at 580 B/s)
Downloading from central: https://repo.maven.apache.org/maven2/io/netty/netty-transport-classes-epoll/4.1.104.Final/netty-transport-classes-epoll-4.1.104.Final.jar
Progress (3): 1.2/1.7 MB | 360/463 kB | 418/665 kBProgress (3): 1.2/1.7 MB | 360/463 kB | 418/665 kBProgress (3): 1.2/1.7 MB | 360/463 kB | 418/665 kBProgress (3): 1.2/1.7 MB | 377/463 kB | 418/665 kBProgress (3): 1.2/1.7 MB | 377/463 kB | 434/665 kBProgress (3): 1.2/1.7 MB | 377/463 kB | 434/665 kBProgress (3): 1.3/1.7 MB | 377/463 kB | 434/665 kBProgress (3): 1.3/1.7 MB | 377/463 kB | 434/665 kBProgress (3): 1.3/1.7 MB | 377/463 kB | 451/665 kBProgress (4): 1.3/1.7 MB | 377/463 kB | 451/665 kB | 7.7/40 kBProgress (4): 1.3/1.7 MB | 377/463 kB | 451/665 kB | 8.2/40 kBProgress (4): 1.3/1.7 MB | 377/463 kB | 451/665 kB | 8.2/40 kBProgress (4): 1.3/1.7 MB | 377/463 kB | 451/665 kB | 25/40 kB Progress (4): 1.3/1.7 MB | 377/463 kB | 451/665 kB | 25/40 kBProgress (4): 1.3/1.7 MB | 377/463 kB | 451/665 kB | 25/40 kBProgress (4): 1.3/1.7 MB | 393/463 kB | 451/665 kB | 25/40 kBProgress (4): 1.3/1.7 MB | 393/463 kB | 467/665 kB | 25/40 kBProgress (4): 1.3/1.7 MB | 393/463 kB | 467/665 kB | 25/40 kBProgress (4): 1.3/1.7 MB | 393/463 kB | 467/665 kB | 40 kB                                                             Downloaded from central: https://repo.maven.apache.org/maven2/io/netty/netty-transport-native-epoll/4.1.104.Final/netty-transport-native-epoll-4.1.104.Final-linux-x86_64.jar (40 kB at 2.5 kB/s)
Downloading from central: https://repo.maven.apache.org/maven2/io/projectreactor/netty/reactor-netty-core/1.1.14/reactor-netty-core-1.1.14.jar
Progress (3): 1.3/1.7 MB | 410/463 kB | 467/665 kBProgress (3): 1.4/1.7 MB | 410/463 kB | 467/665 kBProgress (3): 1.4/1.7 MB | 410/463 kB | 467/665 kBProgress (3): 1.4/1.7 MB | 410/463 kB | 483/665 kBProgress (4): 1.4/1.7 MB | 410/463 kB | 483/665 kB | 7.7/147 kBProgress (4): 1.4/1.7 MB | 410/463 kB | 483/665 kB | 12/147 kB Progress (4): 1.4/1.7 MB | 410/463 kB | 483/665 kB | 12/147 kBProgress (4): 1.4/1.7 MB | 410/463 kB | 483/665 kB | 12/147 kBProgress (4): 1.4/1.7 MB | 410/463 kB | 483/665 kB | 28/147 kBProgress (4): 1.4/1.7 MB | 426/463 kB | 483/665 kB | 28/147 kBProgress (4): 1.4/1.7 MB | 426/463 kB | 500/665 kB | 28/147 kBProgress (4): 1.4/1.7 MB | 426/463 kB | 500/665 kB | 44/147 kBProgress (4): 1.4/1.7 MB | 442/463 kB | 500/665 kB | 44/147 kBProgress (4): 1.4/1.7 MB | 442/463 kB | 500/665 kB | 44/147 kBProgress (4): 1.4/1.7 MB | 442/463 kB | 500/665 kB | 44/147 kBProgress (4): 1.5/1.7 MB | 442/463 kB | 500/665 kB | 44/147 kBProgress (4): 1.5/1.7 MB | 442/463 kB | 500/665 kB | 61/147 kBProgress (4): 1.5/1.7 MB | 442/463 kB | 516/665 kB | 61/147 kBProgress (4): 1.5/1.7 MB | 442/463 kB | 516/665 kB | 77/147 kBProgress (4): 1.5/1.7 MB | 442/463 kB | 516/665 kB | 93/147 kBProgress (4): 1.5/1.7 MB | 459/463 kB | 516/665 kB | 93/147 kBProgress (4): 1.5/1.7 MB | 459/463 kB | 516/665 kB | 93/147 kBProgress (4): 1.5/1.7 MB | 459/463 kB | 516/665 kB | 93/147 kBProgress (4): 1.5/1.7 MB | 459/463 kB | 516/665 kB | 93/147 kBProgress (4): 1.5/1.7 MB | 459/463 kB | 532/665 kB | 93/147 kBProgress (4): 1.5/1.7 MB | 459/463 kB | 532/665 kB | 110/147 kBProgress (4): 1.5/1.7 MB | 463 kB | 532/665 kB | 110/147 kB                                                               Downloaded from central: https://repo.maven.apache.org/maven2/io/projectreactor/netty/reactor-netty-http/1.1.14/reactor-netty-http-1.1.14.jar (463 kB at 29 kB/s)
Downloading from central: https://repo.maven.apache.org/maven2/io/netty/netty-handler-proxy/4.1.104.Final/netty-handler-proxy-4.1.104.Final.jar
Progress (3): 1.5/1.7 MB | 532/665 kB | 110/147 kBProgress (3): 1.5/1.7 MB | 532/665 kB | 110/147 kBProgress (4): 1.5/1.7 MB | 532/665 kB | 110/147 kB | 7.7/513 kBProgress (4): 1.5/1.7 MB | 549/665 kB | 110/147 kB | 7.7/513 kBProgress (4): 1.5/1.7 MB | 549/665 kB | 110/147 kB | 12/513 kB Progress (4): 1.5/1.7 MB | 549/665 kB | 126/147 kB | 12/513 kBProgress (4): 1.6/1.7 MB | 549/665 kB | 126/147 kB | 12/513 kBProgress (4): 1.6/1.7 MB | 549/665 kB | 126/147 kB | 28/513 kBProgress (4): 1.6/1.7 MB | 549/665 kB | 143/147 kB | 28/513 kBProgress (4): 1.6/1.7 MB | 549/665 kB | 147 kB | 28/513 kB                                                              Downloaded from central: https://repo.maven.apache.org/maven2/io/netty/netty-transport-classes-epoll/4.1.104.Final/netty-transport-classes-epoll-4.1.104.Final.jar (147 kB at 9.3 kB/s)
Downloading from central: https://repo.maven.apache.org/maven2/io/netty/netty-codec-socks/4.1.104.Final/netty-codec-socks-4.1.104.Final.jar
Progress (3): 1.6/1.7 MB | 549/665 kB | 28/513 kBProgress (3): 1.6/1.7 MB | 565/665 kB | 28/513 kBProgress (3): 1.6/1.7 MB | 565/665 kB | 44/513 kBProgress (3): 1.6/1.7 MB | 565/665 kB | 61/513 kBProgress (3): 1.6/1.7 MB | 565/665 kB | 61/513 kBProgress (3): 1.6/1.7 MB | 582/665 kB | 61/513 kBProgress (3): 1.6/1.7 MB | 582/665 kB | 77/513 kBProgress (3): 1.6/1.7 MB | 582/665 kB | 77/513 kBProgress (3): 1.6/1.7 MB | 582/665 kB | 77/513 kBProgress (3): 1.6/1.7 MB | 582/665 kB | 93/513 kBProgress (3): 1.6/1.7 MB | 582/665 kB | 110/513 kBProgress (3): 1.6/1.7 MB | 582/665 kB | 126/513 kBProgress (3): 1.6/1.7 MB | 598/665 kB | 126/513 kBProgress (3): 1.6/1.7 MB | 598/665 kB | 126/513 kBProgress (3): 1.7/1.7 MB | 598/665 kB | 126/513 kBProgress (3): 1.7/1.7 MB | 614/665 kB | 126/513 kBProgress (3): 1.7/1.7 MB | 614/665 kB | 126/513 kBProgress (3): 1.7/1.7 MB | 614/665 kB | 126/513 kBProgress (3): 1.7/1.7 MB | 614/665 kB | 126/513 kBProgress (3): 1.7 MB | 614/665 kB | 126/513 kB                                                  Downloaded from central: https://repo.maven.apache.org/maven2/org/jetbrains/kotlin/kotlin-stdlib/1.9.21/kotlin-stdlib-1.9.21.jar (1.7 MB at 109 kB/s)
Downloading from central: https://repo.maven.apache.org/maven2/org/springframework/spring-webflux/6.1.2/spring-webflux-6.1.2.jar
Progress (3): 614/665 kB | 126/513 kB | 7.7/121 kBProgress (3): 614/665 kB | 126/513 kB | 16/121 kB Progress (3): 631/665 kB | 126/513 kB | 16/121 kBProgress (3): 631/665 kB | 143/513 kB | 16/121 kBProgress (4): 631/665 kB | 143/513 kB | 16/121 kB | 7.7/26 kBProgress (4): 631/665 kB | 143/513 kB | 16/121 kB | 16/26 kB Progress (4): 631/665 kB | 159/513 kB | 16/121 kB | 16/26 kBProgress (4): 631/665 kB | 159/513 kB | 16/121 kB | 25/26 kBProgress (4): 631/665 kB | 159/513 kB | 16/121 kB | 26 kB   Progress (4): 631/665 kB | 159/513 kB | 32/121 kB | 26 kB                                                         Downloaded from central: https://repo.maven.apache.org/maven2/io/netty/netty-handler-proxy/4.1.104.Final/netty-handler-proxy-4.1.104.Final.jar (26 kB at 1.6 kB/s)
Downloading from central: https://repo.maven.apache.org/maven2/com/bucket4j/bucket4j-core/8.7.0/bucket4j-core-8.7.0.jar
Progress (3): 631/665 kB | 175/513 kB | 32/121 kBProgress (3): 631/665 kB | 175/513 kB | 49/121 kBProgress (3): 631/665 kB | 175/513 kB | 65/121 kBProgress (3): 647/665 kB | 175/513 kB | 65/121 kBProgress (3): 647/665 kB | 192/513 kB | 65/121 kBProgress (3): 647/665 kB | 208/513 kB | 65/121 kBProgress (3): 647/665 kB | 208/513 kB | 81/121 kBProgress (3): 664/665 kB | 208/513 kB | 81/121 kBProgress (3): 665 kB | 208/513 kB | 81/121 kB                                                 Downloaded from central: https://repo.maven.apache.org/maven2/io/netty/netty-codec-http/4.1.104.Final/netty-codec-http-4.1.104.Final.jar (665 kB at 42 kB/s)
Downloading from central: https://repo.maven.apache.org/maven2/org/springframework/boot/spring-boot-starter-quartz/3.2.1/spring-boot-starter-quartz-3.2.1.jar
Progress (2): 208/513 kB | 98/121 kBProgress (2): 225/513 kB | 98/121 kBProgress (2): 225/513 kB | 114/121 kBProgress (2): 225/513 kB | 121 kB                                     Downloaded from central: https://repo.maven.apache.org/maven2/io/netty/netty-codec-socks/4.1.104.Final/netty-codec-socks-4.1.104.Final.jar (121 kB at 7.6 kB/s)
Downloading from central: https://repo.maven.apache.org/maven2/org/quartz-scheduler/quartz/2.3.2/quartz-2.3.2.jar
Progress (1): 241/513 kBProgress (2): 241/513 kB | 7.7/967 kBProgress (2): 241/513 kB | 16/967 kB Progress (2): 257/513 kB | 16/967 kBProgress (2): 257/513 kB | 32/967 kBProgress (2): 257/513 kB | 49/967 kBProgress (2): 274/513 kB | 49/967 kBProgress (2): 274/513 kB | 65/967 kBProgress (2): 290/513 kB | 65/967 kBProgress (2): 290/513 kB | 81/967 kBProgress (3): 290/513 kB | 81/967 kB | 7.7/371 kBProgress (3): 290/513 kB | 81/967 kB | 16/371 kB Progress (4): 290/513 kB | 81/967 kB | 16/371 kB | 4.8 kB                                                         Downloaded from central: https://repo.maven.apache.org/maven2/org/springframework/boot/spring-boot-starter-quartz/3.2.1/spring-boot-starter-quartz-3.2.1.jar (4.8 kB at 298 B/s)
Downloading from central: https://repo.maven.apache.org/maven2/com/mchange/mchange-commons-java/0.2.15/mchange-commons-java-0.2.15.jar
Progress (3): 290/513 kB | 98/967 kB | 16/371 kBProgress (3): 306/513 kB | 98/967 kB | 16/371 kBProgress (3): 306/513 kB | 114/967 kB | 16/371 kBProgress (3): 306/513 kB | 131/967 kB | 16/371 kBProgress (3): 323/513 kB | 131/967 kB | 16/371 kBProgress (3): 323/513 kB | 131/967 kB | 32/371 kBProgress (3): 323/513 kB | 147/967 kB | 32/371 kBProgress (4): 323/513 kB | 147/967 kB | 32/371 kB | 7.7/693 kBProgress (4): 323/513 kB | 147/967 kB | 32/371 kB | 16/693 kB Progress (4): 339/513 kB | 147/967 kB | 32/371 kB | 16/693 kBProgress (4): 339/513 kB | 163/967 kB | 32/371 kB | 16/693 kBProgress (4): 339/513 kB | 163/967 kB | 32/371 kB | 32/693 kBProgress (4): 339/513 kB | 163/967 kB | 49/371 kB | 32/693 kBProgress (4): 339/513 kB | 163/967 kB | 49/371 kB | 49/693 kBProgress (4): 339/513 kB | 180/967 kB | 49/371 kB | 49/693 kBProgress (4): 356/513 kB | 180/967 kB | 49/371 kB | 49/693 kBProgress (4): 356/513 kB | 196/967 kB | 49/371 kB | 49/693 kBProgress (4): 356/513 kB | 196/967 kB | 49/371 kB | 65/693 kBProgress (4): 372/513 kB | 196/967 kB | 49/371 kB | 65/693 kBProgress (4): 372/513 kB | 213/967 kB | 49/371 kB | 65/693 kBProgress (4): 372/513 kB | 229/967 kB | 49/371 kB | 65/693 kBProgress (4): 372/513 kB | 229/967 kB | 49/371 kB | 81/693 kBProgress (4): 372/513 kB | 229/967 kB | 65/371 kB | 81/693 kBProgress (4): 372/513 kB | 245/967 kB | 65/371 kB | 81/693 kBProgress (4): 388/513 kB | 245/967 kB | 65/371 kB | 81/693 kBProgress (5): 388/513 kB | 245/967 kB | 65/371 kB | 81/693 kB | 7.7/624 kBProgress (5): 388/513 kB | 245/967 kB | 65/371 kB | 81/693 kB | 12/624 kB Progress (5): 388/513 kB | 245/967 kB | 65/371 kB | 98/693 kB | 12/624 kBProgress (5): 388/513 kB | 262/967 kB | 65/371 kB | 98/693 kB | 12/624 kBProgress (5): 388/513 kB | 278/967 kB | 65/371 kB | 98/693 kB | 12/624 kBProgress (5): 405/513 kB | 278/967 kB | 65/371 kB | 98/693 kB | 12/624 kBProgress (5): 405/513 kB | 278/967 kB | 81/371 kB | 98/693 kB | 12/624 kBProgress (5): 405/513 kB | 278/967 kB | 81/371 kB | 114/693 kB | 12/624 kBProgress (5): 405/513 kB | 278/967 kB | 81/371 kB | 114/693 kB | 28/624 kBProgress (5): 405/513 kB | 294/967 kB | 81/371 kB | 114/693 kB | 28/624 kBProgress (5): 405/513 kB | 311/967 kB | 81/371 kB | 114/693 kB | 28/624 kBProgress (5): 421/513 kB | 311/967 kB | 81/371 kB | 114/693 kB | 28/624 kBProgress (5): 421/513 kB | 311/967 kB | 81/371 kB | 131/693 kB | 28/624 kBProgress (5): 421/513 kB | 311/967 kB | 81/371 kB | 147/693 kB | 28/624 kBProgress (5): 421/513 kB | 327/967 kB | 81/371 kB | 147/693 kB | 28/624 kBProgress (5): 421/513 kB | 327/967 kB | 81/371 kB | 147/693 kB | 44/624 kBProgress (5): 421/513 kB | 327/967 kB | 98/371 kB | 147/693 kB | 44/624 kBProgress (5): 438/513 kB | 327/967 kB | 98/371 kB | 147/693 kB | 44/624 kBProgress (5): 438/513 kB | 344/967 kB | 98/371 kB | 147/693 kB | 44/624 kBProgress (5): 438/513 kB | 344/967 kB | 98/371 kB | 163/693 kB | 44/624 kBProgress (5): 454/513 kB | 344/967 kB | 98/371 kB | 163/693 kB | 44/624 kBProgress (5): 454/513 kB | 360/967 kB | 98/371 kB | 163/693 kB | 44/624 kBProgress (5): 454/513 kB | 360/967 kB | 98/371 kB | 163/693 kB | 61/624 kBProgress (5): 454/513 kB | 376/967 kB | 98/371 kB | 163/693 kB | 61/624 kBProgress (5): 454/513 kB | 376/967 kB | 98/371 kB | 180/693 kB | 61/624 kBProgress (5): 454/513 kB | 393/967 kB | 98/371 kB | 180/693 kB | 61/624 kBProgress (5): 470/513 kB | 393/967 kB | 98/371 kB | 180/693 kB | 61/624 kBProgress (5): 470/513 kB | 393/967 kB | 114/371 kB | 180/693 kB | 61/624 kBProgress (5): 470/513 kB | 393/967 kB | 114/371 kB | 196/693 kB | 61/624 kBProgress (5): 487/513 kB | 393/967 kB | 114/371 kB | 196/693 kB | 61/624 kBProgress (5): 487/513 kB | 409/967 kB | 114/371 kB | 196/693 kB | 61/624 kBProgress (5): 487/513 kB | 409/967 kB | 114/371 kB | 196/693 kB | 77/624 kBProgress (5): 487/513 kB | 426/967 kB | 114/371 kB | 196/693 kB | 77/624 kBProgress (5): 487/513 kB | 426/967 kB | 114/371 kB | 213/693 kB | 77/624 kBProgress (5): 487/513 kB | 426/967 kB | 131/371 kB | 213/693 kB | 77/624 kBProgress (5): 487/513 kB | 442/967 kB | 131/371 kB | 213/693 kB | 77/624 kBProgress (5): 503/513 kB | 442/967 kB | 131/371 kB | 213/693 kB | 77/624 kBProgress (5): 503/513 kB | 442/967 kB | 131/371 kB | 229/693 kB | 77/624 kBProgress (5): 503/513 kB | 458/967 kB | 131/371 kB | 229/693 kB | 77/624 kBProgress (5): 503/513 kB | 458/967 kB | 131/371 kB | 229/693 kB | 93/624 kBProgress (5): 513 kB | 458/967 kB | 131/371 kB | 229/693 kB | 93/624 kB    Progress (5): 513 kB | 458/967 kB | 131/371 kB | 245/693 kB | 93/624 kB                                                                       Downloaded from central: https://repo.maven.apache.org/maven2/io/projectreactor/netty/reactor-netty-core/1.1.14/reactor-netty-core-1.1.14.jar (513 kB at 32 kB/s)
Downloading from central: https://repo.maven.apache.org/maven2/org/springdoc/springdoc-openapi-starter-webmvc-ui/2.3.0/springdoc-openapi-starter-webmvc-ui-2.3.0.jar
Progress (4): 475/967 kB | 131/371 kB | 245/693 kB | 93/624 kBProgress (4): 475/967 kB | 147/371 kB | 245/693 kB | 93/624 kBProgress (4): 491/967 kB | 147/371 kB | 245/693 kB | 93/624 kBProgress (4): 491/967 kB | 147/371 kB | 262/693 kB | 93/624 kBProgress (4): 491/967 kB | 147/371 kB | 262/693 kB | 110/624 kBProgress (4): 507/967 kB | 147/371 kB | 262/693 kB | 110/624 kBProgress (4): 524/967 kB | 147/371 kB | 262/693 kB | 110/624 kBProgress (4): 524/967 kB | 147/371 kB | 278/693 kB | 110/624 kBProgress (4): 524/967 kB | 147/371 kB | 278/693 kB | 126/624 kBProgress (4): 540/967 kB | 147/371 kB | 278/693 kB | 126/624 kBProgress (4): 540/967 kB | 147/371 kB | 294/693 kB | 126/624 kBProgress (4): 540/967 kB | 147/371 kB | 294/693 kB | 131/624 kBProgress (4): 557/967 kB | 147/371 kB | 294/693 kB | 131/624 kBProgress (4): 557/967 kB | 163/371 kB | 294/693 kB | 131/624 kBProgress (4): 557/967 kB | 163/371 kB | 311/693 kB | 131/624 kBProgress (4): 573/967 kB | 163/371 kB | 311/693 kB | 131/624 kBProgress (4): 573/967 kB | 163/371 kB | 311/693 kB | 147/624 kBProgress (4): 573/967 kB | 163/371 kB | 327/693 kB | 147/624 kBProgress (4): 573/967 kB | 180/371 kB | 327/693 kB | 147/624 kBProgress (4): 589/967 kB | 180/371 kB | 327/693 kB | 147/624 kBProgress (4): 606/967 kB | 180/371 kB | 327/693 kB | 147/624 kBProgress (4): 606/967 kB | 180/371 kB | 344/693 kB | 147/624 kBProgress (4): 606/967 kB | 180/371 kB | 344/693 kB | 164/624 kBProgress (4): 622/967 kB | 180/371 kB | 344/693 kB | 164/624 kBProgress (4): 622/967 kB | 180/371 kB | 360/693 kB | 164/624 kBProgress (4): 639/967 kB | 180/371 kB | 360/693 kB | 164/624 kBProgress (4): 639/967 kB | 180/371 kB | 360/693 kB | 180/624 kBProgress (4): 639/967 kB | 196/371 kB | 360/693 kB | 180/624 kBProgress (5): 639/967 kB | 196/371 kB | 360/693 kB | 180/624 kB | 7.7/23 kBProgress (5): 639/967 kB | 196/371 kB | 360/693 kB | 180/624 kB | 8.2/23 kBProgress (5): 639/967 kB | 196/371 kB | 376/693 kB | 180/624 kB | 8.2/23 kBProgress (5): 655/967 kB | 196/371 kB | 376/693 kB | 180/624 kB | 8.2/23 kBProgress (5): 655/967 kB | 196/371 kB | 376/693 kB | 180/624 kB | 23 kB    Progress (5): 655/967 kB | 196/371 kB | 393/693 kB | 180/624 kB | 23 kB                                                                       Downloaded from central: https://repo.maven.apache.org/maven2/org/springdoc/springdoc-openapi-starter-webmvc-ui/2.3.0/springdoc-openapi-starter-webmvc-ui-2.3.0.jar (23 kB at 1.4 kB/s)
Downloading from central: https://repo.maven.apache.org/maven2/org/springdoc/springdoc-openapi-starter-webmvc-api/2.3.0/springdoc-openapi-starter-webmvc-api-2.3.0.jar
Progress (4): 671/967 kB | 196/371 kB | 393/693 kB | 180/624 kBProgress (4): 671/967 kB | 196/371 kB | 393/693 kB | 188/624 kBProgress (4): 688/967 kB | 196/371 kB | 393/693 kB | 188/624 kBProgress (4): 688/967 kB | 213/371 kB | 393/693 kB | 188/624 kBProgress (4): 704/967 kB | 213/371 kB | 393/693 kB | 188/624 kBProgress (4): 704/967 kB | 213/371 kB | 409/693 kB | 188/624 kBProgress (4): 704/967 kB | 213/371 kB | 426/693 kB | 188/624 kBProgress (4): 720/967 kB | 213/371 kB | 426/693 kB | 188/624 kBProgress (4): 720/967 kB | 213/371 kB | 426/693 kB | 205/624 kBProgress (4): 737/967 kB | 213/371 kB | 426/693 kB | 205/624 kBProgress (4): 737/967 kB | 213/371 kB | 426/693 kB | 221/624 kBProgress (4): 737/967 kB | 229/371 kB | 426/693 kB | 221/624 kBProgress (4): 753/967 kB | 229/371 kB | 426/693 kB | 221/624 kBProgress (4): 753/967 kB | 229/371 kB | 442/693 kB | 221/624 kBProgress (4): 753/967 kB | 229/371 kB | 442/693 kB | 238/624 kBProgress (4): 770/967 kB | 229/371 kB | 442/693 kB | 238/624 kBProgress (4): 770/967 kB | 229/371 kB | 458/693 kB | 238/624 kBProgress (4): 786/967 kB | 229/371 kB | 458/693 kB | 238/624 kBProgress (4): 786/967 kB | 245/371 kB | 458/693 kB | 238/624 kBProgress (4): 786/967 kB | 245/371 kB | 475/693 kB | 238/624 kBProgress (4): 802/967 kB | 245/371 kB | 475/693 kB | 238/624 kBProgress (4): 802/967 kB | 245/371 kB | 475/693 kB | 254/624 kBProgress (4): 802/967 kB | 245/371 kB | 491/693 kB | 254/624 kBProgress (4): 819/967 kB | 245/371 kB | 491/693 kB | 254/624 kBProgress (4): 819/967 kB | 245/371 kB | 507/693 kB | 254/624 kBProgress (4): 835/967 kB | 245/371 kB | 507/693 kB | 254/624 kBProgress (4): 851/967 kB | 245/371 kB | 507/693 kB | 254/624 kBProgress (4): 851/967 kB | 245/371 kB | 507/693 kB | 270/624 kBProgress (4): 851/967 kB | 262/371 kB | 507/693 kB | 270/624 kBProgress (5): 851/967 kB | 262/371 kB | 507/693 kB | 270/624 kB | 7.7/42 kBProgress (5): 851/967 kB | 262/371 kB | 507/693 kB | 270/624 kB | 12/42 kB Progress (5): 851/967 kB | 262/371 kB | 524/693 kB | 270/624 kB | 12/42 kBProgress (5): 868/967 kB | 262/371 kB | 524/693 kB | 270/624 kB | 12/42 kBProgress (5): 884/967 kB | 262/371 kB | 524/693 kB | 270/624 kB | 12/42 kBProgress (5): 884/967 kB | 262/371 kB | 524/693 kB | 270/624 kB | 28/42 kBProgress (5): 884/967 kB | 262/371 kB | 540/693 kB | 270/624 kB | 28/42 kBProgress (5): 884/967 kB | 262/371 kB | 540/693 kB | 287/624 kB | 28/42 kBProgress (5): 884/967 kB | 262/371 kB | 557/693 kB | 287/624 kB | 28/42 kBProgress (5): 884/967 kB | 262/371 kB | 573/693 kB | 287/624 kB | 28/42 kBProgress (5): 901/967 kB | 262/371 kB | 573/693 kB | 287/624 kB | 28/42 kBProgress (5): 901/967 kB | 278/371 kB | 573/693 kB | 287/624 kB | 28/42 kBProgress (5): 901/967 kB | 278/371 kB | 573/693 kB | 287/624 kB | 42 kB                                                                          Downloaded from central: https://repo.maven.apache.org/maven2/org/springdoc/springdoc-openapi-starter-webmvc-api/2.3.0/springdoc-openapi-starter-webmvc-api-2.3.0.jar (42 kB at 2.6 kB/s)
Progress (4): 917/967 kB | 278/371 kB | 573/693 kB | 287/624 kB                                                               Downloading from central: https://repo.maven.apache.org/maven2/org/springdoc/springdoc-openapi-starter-common/2.3.0/springdoc-openapi-starter-common-2.3.0.jar
Progress (4): 917/967 kB | 278/371 kB | 573/693 kB | 303/624 kBProgress (4): 933/967 kB | 278/371 kB | 573/693 kB | 303/624 kBProgress (4): 933/967 kB | 278/371 kB | 589/693 kB | 303/624 kBProgress (4): 950/967 kB | 278/371 kB | 589/693 kB | 303/624 kBProgress (4): 950/967 kB | 278/371 kB | 606/693 kB | 303/624 kBProgress (4): 966/967 kB | 278/371 kB | 606/693 kB | 303/624 kBProgress (4): 967 kB | 278/371 kB | 606/693 kB | 303/624 kB    Progress (4): 967 kB | 294/371 kB | 606/693 kB | 303/624 kBProgress (4): 967 kB | 294/371 kB | 606/693 kB | 319/624 kB                                                           Downloaded from central: https://repo.maven.apache.org/maven2/org/springframework/spring-webflux/6.1.2/spring-webflux-6.1.2.jar (967 kB at 59 kB/s)
Downloading from central: https://repo.maven.apache.org/maven2/io/swagger/core/v3/swagger-core-jakarta/2.2.19/swagger-core-jakarta-2.2.19.jar
Progress (3): 294/371 kB | 622/693 kB | 319/624 kBProgress (3): 294/371 kB | 639/693 kB | 319/624 kBProgress (3): 294/371 kB | 639/693 kB | 336/624 kBProgress (3): 311/371 kB | 639/693 kB | 336/624 kBProgress (3): 311/371 kB | 655/693 kB | 336/624 kBProgress (3): 311/371 kB | 671/693 kB | 336/624 kBProgress (3): 327/371 kB | 671/693 kB | 336/624 kBProgress (3): 327/371 kB | 671/693 kB | 352/624 kBProgress (3): 327/371 kB | 688/693 kB | 352/624 kBProgress (3): 327/371 kB | 693 kB | 352/624 kB                                                  Downloaded from central: https://repo.maven.apache.org/maven2/org/quartz-scheduler/quartz/2.3.2/quartz-2.3.2.jar (693 kB at 43 kB/s)
Downloading from central: https://repo.maven.apache.org/maven2/org/apache/commons/commons-lang3/3.13.0/commons-lang3-3.13.0.jar
Progress (2): 327/371 kB | 369/624 kBProgress (2): 344/371 kB | 369/624 kBProgress (3): 344/371 kB | 369/624 kB | 7.7/472 kBProgress (3): 344/371 kB | 369/624 kB | 16/472 kB Progress (3): 344/371 kB | 369/624 kB | 32/472 kBProgress (3): 344/371 kB | 385/624 kB | 32/472 kBProgress (4): 344/371 kB | 385/624 kB | 32/472 kB | 7.7/227 kBProgress (4): 344/371 kB | 385/624 kB | 32/472 kB | 16/227 kB Progress (4): 344/371 kB | 385/624 kB | 32/472 kB | 28/227 kBProgress (4): 344/371 kB | 385/624 kB | 49/472 kB | 28/227 kBProgress (4): 360/371 kB | 385/624 kB | 49/472 kB | 28/227 kBProgress (4): 371 kB | 385/624 kB | 49/472 kB | 28/227 kB                                                             Downloaded from central: https://repo.maven.apache.org/maven2/com/bucket4j/bucket4j-core/8.7.0/bucket4j-core-8.7.0.jar (371 kB at 23 kB/s)
Downloading from central: https://repo.maven.apache.org/maven2/io/swagger/core/v3/swagger-annotations-jakarta/2.2.19/swagger-annotations-jakarta-2.2.19.jar
Progress (3): 385/624 kB | 49/472 kB | 44/227 kBProgress (3): 385/624 kB | 65/472 kB | 44/227 kBProgress (3): 385/624 kB | 65/472 kB | 61/227 kBProgress (3): 401/624 kB | 65/472 kB | 61/227 kBProgress (3): 401/624 kB | 65/472 kB | 77/227 kBProgress (3): 418/624 kB | 65/472 kB | 77/227 kBProgress (3): 418/624 kB | 81/472 kB | 77/227 kBProgress (4): 418/624 kB | 81/472 kB | 77/227 kB | 7.7/632 kBProgress (4): 418/624 kB | 81/472 kB | 77/227 kB | 8.2/632 kBProgress (4): 418/624 kB | 81/472 kB | 93/227 kB | 8.2/632 kBProgress (4): 418/624 kB | 81/472 kB | 110/227 kB | 8.2/632 kBProgress (4): 418/624 kB | 81/472 kB | 110/227 kB | 25/632 kB Progress (4): 418/624 kB | 98/472 kB | 110/227 kB | 25/632 kBProgress (4): 418/624 kB | 98/472 kB | 126/227 kB | 25/632 kBProgress (4): 418/624 kB | 98/472 kB | 143/227 kB | 25/632 kBProgress (4): 434/624 kB | 98/472 kB | 143/227 kB | 25/632 kBProgress (4): 434/624 kB | 98/472 kB | 143/227 kB | 41/632 kBProgress (4): 434/624 kB | 98/472 kB | 159/227 kB | 41/632 kBProgress (4): 434/624 kB | 98/472 kB | 159/227 kB | 57/632 kBProgress (4): 434/624 kB | 98/472 kB | 175/227 kB | 57/632 kBProgress (4): 434/624 kB | 114/472 kB | 175/227 kB | 57/632 kBProgress (4): 451/624 kB | 114/472 kB | 175/227 kB | 57/632 kBProgress (4): 451/624 kB | 114/472 kB | 175/227 kB | 74/632 kBProgress (4): 451/624 kB | 114/472 kB | 192/227 kB | 74/632 kBProgress (4): 451/624 kB | 131/472 kB | 192/227 kB | 74/632 kBProgress (4): 451/624 kB | 131/472 kB | 208/227 kB | 74/632 kBProgress (4): 451/624 kB | 131/472 kB | 208/227 kB | 90/632 kBProgress (4): 451/624 kB | 131/472 kB | 225/227 kB | 90/632 kBProgress (4): 451/624 kB | 131/472 kB | 227 kB | 90/632 kB                                                              Downloaded from central: https://repo.maven.apache.org/maven2/io/swagger/core/v3/swagger-core-jakarta/2.2.19/swagger-core-jakarta-2.2.19.jar (227 kB at 14 kB/s)
Downloading from central: https://repo.maven.apache.org/maven2/io/swagger/core/v3/swagger-models-jakarta/2.2.19/swagger-models-jakarta-2.2.19.jar
Progress (3): 451/624 kB | 131/472 kB | 106/632 kBProgress (3): 467/624 kB | 131/472 kB | 106/632 kBProgress (3): 467/624 kB | 147/472 kB | 106/632 kBProgress (3): 467/624 kB | 147/472 kB | 123/632 kBProgress (3): 483/624 kB | 147/472 kB | 123/632 kBProgress (3): 483/624 kB | 147/472 kB | 131/632 kBProgress (3): 483/624 kB | 163/472 kB | 131/632 kBProgress (3): 483/624 kB | 163/472 kB | 147/632 kBProgress (3): 483/624 kB | 163/472 kB | 164/632 kBProgress (3): 483/624 kB | 163/472 kB | 180/632 kBProgress (3): 500/624 kB | 163/472 kB | 180/632 kBProgress (3): 500/624 kB | 180/472 kB | 180/632 kBProgress (3): 500/624 kB | 180/472 kB | 197/632 kBProgress (3): 500/624 kB | 196/472 kB | 197/632 kBProgress (3): 516/624 kB | 196/472 kB | 197/632 kBProgress (3): 516/624 kB | 196/472 kB | 213/632 kBProgress (4): 516/624 kB | 196/472 kB | 213/632 kB | 7.7/135 kBProgress (4): 516/624 kB | 196/472 kB | 213/632 kB | 8.2/135 kBProgress (4): 516/624 kB | 196/472 kB | 229/632 kB | 8.2/135 kBProgress (4): 516/624 kB | 196/472 kB | 229/632 kB | 25/135 kB Progress (4): 516/624 kB | 213/472 kB | 229/632 kB | 25/135 kBProgress (4): 532/624 kB | 213/472 kB | 229/632 kB | 25/135 kBProgress (4): 532/624 kB | 213/472 kB | 229/632 kB | 41/135 kBProgress (4): 532/624 kB | 213/472 kB | 246/632 kB | 41/135 kBProgress (4): 532/624 kB | 229/472 kB | 246/632 kB | 41/135 kBProgress (5): 532/624 kB | 229/472 kB | 246/632 kB | 41/135 kB | 7.7/49 kBProgress (5): 532/624 kB | 229/472 kB | 246/632 kB | 41/135 kB | 16/49 kB Progress (5): 532/624 kB | 229/472 kB | 246/632 kB | 57/135 kB | 16/49 kBProgress (5): 549/624 kB | 229/472 kB | 246/632 kB | 57/135 kB | 16/49 kBProgress (5): 549/624 kB | 229/472 kB | 262/632 kB | 57/135 kB | 16/49 kBProgress (5): 549/624 kB | 245/472 kB | 262/632 kB | 57/135 kB | 16/49 kBProgress (5): 549/624 kB | 245/472 kB | 262/632 kB | 74/135 kB | 16/49 kBProgress (5): 549/624 kB | 245/472 kB | 262/632 kB | 90/135 kB | 16/49 kBProgress (5): 549/624 kB | 245/472 kB | 279/632 kB | 90/135 kB | 16/49 kBProgress (5): 549/624 kB | 245/472 kB | 279/632 kB | 98/135 kB | 16/49 kBProgress (5): 549/624 kB | 245/472 kB | 279/632 kB | 115/135 kB | 16/49 kBProgress (5): 549/624 kB | 262/472 kB | 279/632 kB | 115/135 kB | 16/49 kBProgress (5): 549/624 kB | 262/472 kB | 279/632 kB | 115/135 kB | 32/49 kBProgress (5): 549/624 kB | 262/472 kB | 295/632 kB | 115/135 kB | 32/49 kBProgress (5): 565/624 kB | 262/472 kB | 295/632 kB | 115/135 kB | 32/49 kBProgress (5): 565/624 kB | 262/472 kB | 295/632 kB | 131/135 kB | 32/49 kBProgress (5): 565/624 kB | 262/472 kB | 295/632 kB | 135 kB | 32/49 kB    Progress (5): 565/624 kB | 262/472 kB | 311/632 kB | 135 kB | 32/49 kBProgress (5): 565/624 kB | 262/472 kB | 311/632 kB | 135 kB | 49/49 kBProgress (5): 565/624 kB | 262/472 kB | 311/632 kB | 135 kB | 49 kB   Progress (5): 565/624 kB | 278/472 kB | 311/632 kB | 135 kB | 49 kB                                                                   Downloaded from central: https://repo.maven.apache.org/maven2/io/swagger/core/v3/swagger-models-jakarta/2.2.19/swagger-models-jakarta-2.2.19.jar (135 kB at 8.2 kB/s)
Downloading from central: https://repo.maven.apache.org/maven2/org/webjars/swagger-ui/5.10.3/swagger-ui-5.10.3.jar
Downloaded from central: https://repo.maven.apache.org/maven2/io/swagger/core/v3/swagger-annotations-jakarta/2.2.19/swagger-annotations-jakarta-2.2.19.jar (49 kB at 2.9 kB/s)
Downloading from central: https://repo.maven.apache.org/maven2/org/projectlombok/lombok/1.18.30/lombok-1.18.30.jar
Progress (3): 565/624 kB | 294/472 kB | 311/632 kBProgress (3): 565/624 kB | 294/472 kB | 328/632 kBProgress (3): 582/624 kB | 294/472 kB | 328/632 kBProgress (3): 598/624 kB | 294/472 kB | 328/632 kBProgress (3): 598/624 kB | 311/472 kB | 328/632 kBProgress (3): 598/624 kB | 311/472 kB | 344/632 kBProgress (3): 598/624 kB | 311/472 kB | 360/632 kBProgress (3): 598/624 kB | 327/472 kB | 360/632 kBProgress (3): 598/624 kB | 327/472 kB | 377/632 kBProgress (3): 614/624 kB | 327/472 kB | 377/632 kBProgress (3): 614/624 kB | 327/472 kB | 393/632 kBProgress (3): 614/624 kB | 327/472 kB | 410/632 kBProgress (3): 614/624 kB | 344/472 kB | 410/632 kBProgress (3): 614/624 kB | 360/472 kB | 410/632 kBProgress (3): 624 kB | 360/472 kB | 410/632 kB    Progress (3): 624 kB | 360/472 kB | 426/632 kBProgress (3): 624 kB | 360/472 kB | 442/632 kB                                              Downloaded from central: https://repo.maven.apache.org/maven2/com/mchange/mchange-commons-java/0.2.15/mchange-commons-java-0.2.15.jar (624 kB at 38 kB/s)
Downloading from central: https://repo.maven.apache.org/maven2/org/mapstruct/mapstruct/1.5.5.Final/mapstruct-1.5.5.Final.jar
Progress (2): 376/472 kB | 442/632 kBProgress (2): 393/472 kB | 442/632 kBProgress (2): 393/472 kB | 459/632 kBProgress (2): 393/472 kB | 475/632 kBProgress (2): 409/472 kB | 475/632 kBProgress (2): 426/472 kB | 475/632 kBProgress (2): 426/472 kB | 492/632 kBProgress (3): 426/472 kB | 492/632 kB | 0/2.0 MBProgress (3): 442/472 kB | 492/632 kB | 0/2.0 MBProgress (3): 442/472 kB | 508/632 kB | 0/2.0 MBProgress (3): 442/472 kB | 508/632 kB | 0/2.0 MBProgress (3): 442/472 kB | 524/632 kB | 0/2.0 MBProgress (3): 442/472 kB | 524/632 kB | 0/2.0 MBProgress (4): 442/472 kB | 524/632 kB | 0/2.0 MB | 0/4.0 MBProgress (4): 442/472 kB | 524/632 kB | 0/2.0 MB | 0/4.0 MBProgress (4): 458/472 kB | 524/632 kB | 0/2.0 MB | 0/4.0 MBProgress (4): 458/472 kB | 541/632 kB | 0/2.0 MB | 0/4.0 MBProgress (4): 458/472 kB | 541/632 kB | 0.1/2.0 MB | 0/4.0 MBProgress (4): 458/472 kB | 541/632 kB | 0.1/2.0 MB | 0/4.0 MBProgress (4): 458/472 kB | 557/632 kB | 0.1/2.0 MB | 0/4.0 MBProgress (4): 458/472 kB | 557/632 kB | 0.1/2.0 MB | 0/4.0 MBProgress (4): 472 kB | 557/632 kB | 0.1/2.0 MB | 0/4.0 MB                                                             Downloaded from central: https://repo.maven.apache.org/maven2/org/springdoc/springdoc-openapi-starter-common/2.3.0/springdoc-openapi-starter-common-2.3.0.jar (472 kB at 28 kB/s)
Downloading from central: https://repo.maven.apache.org/maven2/com/fasterxml/jackson/datatype/jackson-datatype-jsr310/2.15.3/jackson-datatype-jsr310-2.15.3.jar
Progress (3): 573/632 kB | 0.1/2.0 MB | 0/4.0 MBProgress (3): 573/632 kB | 0.1/2.0 MB | 0/4.0 MBProgress (3): 590/632 kB | 0.1/2.0 MB | 0/4.0 MBProgress (3): 590/632 kB | 0.1/2.0 MB | 0/4.0 MBProgress (3): 590/632 kB | 0.1/2.0 MB | 0/4.0 MBProgress (3): 590/632 kB | 0.1/2.0 MB | 0/4.0 MBProgress (3): 606/632 kB | 0.1/2.0 MB | 0/4.0 MBProgress (3): 623/632 kB | 0.1/2.0 MB | 0/4.0 MBProgress (3): 623/632 kB | 0.1/2.0 MB | 0/4.0 MBProgress (4): 623/632 kB | 0.1/2.0 MB | 0/4.0 MB | 7.7/29 kBProgress (4): 632 kB | 0.1/2.0 MB | 0/4.0 MB | 7.7/29 kB    Progress (4): 632 kB | 0.1/2.0 MB | 0/4.0 MB | 12/29 kB                                                        Downloaded from central: https://repo.maven.apache.org/maven2/org/apache/commons/commons-lang3/3.13.0/commons-lang3-3.13.0.jar (632 kB at 38 kB/s)
Downloading from central: https://repo.maven.apache.org/maven2/com/fasterxml/jackson/core/jackson-annotations/2.15.3/jackson-annotations-2.15.3.jar
Progress (3): 0.1/2.0 MB | 0.1/4.0 MB | 12/29 kBProgress (3): 0.2/2.0 MB | 0.1/4.0 MB | 12/29 kBProgress (3): 0.2/2.0 MB | 0.1/4.0 MB | 28/29 kBProgress (3): 0.2/2.0 MB | 0.1/4.0 MB | 28/29 kBProgress (3): 0.2/2.0 MB | 0.1/4.0 MB | 29 kB   Progress (3): 0.2/2.0 MB | 0.1/4.0 MB | 29 kB                                             Downloaded from central: https://repo.maven.apache.org/maven2/org/mapstruct/mapstruct/1.5.5.Final/mapstruct-1.5.5.Final.jar (29 kB at 1.8 kB/s)
Downloading from central: https://repo.maven.apache.org/maven2/com/fasterxml/jackson/core/jackson-core/2.15.3/jackson-core-2.15.3.jar
Progress (2): 0.2/2.0 MB | 0.1/4.0 MBProgress (2): 0.2/2.0 MB | 0.1/4.0 MBProgress (2): 0.2/2.0 MB | 0.1/4.0 MBProgress (2): 0.2/2.0 MB | 0.1/4.0 MBProgress (2): 0.2/2.0 MB | 0.1/4.0 MBProgress (2): 0.3/2.0 MB | 0.1/4.0 MBProgress (2): 0.3/2.0 MB | 0.1/4.0 MBProgress (2): 0.3/2.0 MB | 0.1/4.0 MBProgress (2): 0.3/2.0 MB | 0.1/4.0 MBProgress (2): 0.3/2.0 MB | 0.1/4.0 MBProgress (2): 0.3/2.0 MB | 0.1/4.0 MBProgress (2): 0.3/2.0 MB | 0.1/4.0 MBProgress (2): 0.4/2.0 MB | 0.1/4.0 MBProgress (2): 0.4/2.0 MB | 0.1/4.0 MBProgress (3): 0.4/2.0 MB | 0.1/4.0 MB | 3.4/123 kBProgress (4): 0.4/2.0 MB | 0.1/4.0 MB | 3.4/123 kB | 7.7/76 kBProgress (4): 0.4/2.0 MB | 0.1/4.0 MB | 3.4/123 kB | 16/76 kB Progress (4): 0.4/2.0 MB | 0.1/4.0 MB | 3.4/123 kB | 16/76 kBProgress (4): 0.4/2.0 MB | 0.1/4.0 MB | 3.4/123 kB | 16/76 kBProgress (4): 0.4/2.0 MB | 0.1/4.0 MB | 3.4/123 kB | 32/76 kBProgress (4): 0.4/2.0 MB | 0.1/4.0 MB | 20/123 kB | 32/76 kB Progress (5): 0.4/2.0 MB | 0.1/4.0 MB | 20/123 kB | 32/76 kB | 7.7/549 kBProgress (5): 0.4/2.0 MB | 0.1/4.0 MB | 20/123 kB | 32/76 kB | 16/549 kB Progress (5): 0.4/2.0 MB | 0.1/4.0 MB | 20/123 kB | 32/76 kB | 16/549 kBProgress (5): 0.4/2.0 MB | 0.1/4.0 MB | 20/123 kB | 49/76 kB | 16/549 kBProgress (5): 0.4/2.0 MB | 0.1/4.0 MB | 20/123 kB | 49/76 kB | 16/549 kBProgress (5): 0.4/2.0 MB | 0.1/4.0 MB | 36/123 kB | 49/76 kB | 16/549 kBProgress (5): 0.4/2.0 MB | 0.1/4.0 MB | 36/123 kB | 65/76 kB | 16/549 kBProgress (5): 0.4/2.0 MB | 0.1/4.0 MB | 36/123 kB | 76 kB | 16/549 kB   Progress (5): 0.4/2.0 MB | 0.1/4.0 MB | 36/123 kB | 76 kB | 32/549 kBProgress (5): 0.4/2.0 MB | 0.1/4.0 MB | 36/123 kB | 76 kB | 32/549 kB                                                                     Downloaded from central: https://repo.maven.apache.org/maven2/com/fasterxml/jackson/core/jackson-annotations/2.15.3/jackson-annotations-2.15.3.jar (76 kB at 4.5 kB/s)
Downloading from central: https://repo.maven.apache.org/maven2/com/fasterxml/jackson/core/jackson-databind/2.15.3/jackson-databind-2.15.3.jar
Progress (4): 0.4/2.0 MB | 0.1/4.0 MB | 53/123 kB | 32/549 kBProgress (4): 0.4/2.0 MB | 0.1/4.0 MB | 53/123 kB | 32/549 kBProgress (4): 0.4/2.0 MB | 0.1/4.0 MB | 61/123 kB | 32/549 kBProgress (4): 0.4/2.0 MB | 0.1/4.0 MB | 61/123 kB | 32/549 kBProgress (4): 0.5/2.0 MB | 0.1/4.0 MB | 61/123 kB | 32/549 kBProgress (4): 0.5/2.0 MB | 0.1/4.0 MB | 61/123 kB | 49/549 kBProgress (4): 0.5/2.0 MB | 0.1/4.0 MB | 77/123 kB | 49/549 kBProgress (4): 0.5/2.0 MB | 0.1/4.0 MB | 77/123 kB | 49/549 kBProgress (4): 0.5/2.0 MB | 0.2/4.0 MB | 77/123 kB | 49/549 kBProgress (4): 0.5/2.0 MB | 0.2/4.0 MB | 77/123 kB | 49/549 kBProgress (4): 0.5/2.0 MB | 0.2/4.0 MB | 93/123 kB | 49/549 kBProgress (4): 0.5/2.0 MB | 0.2/4.0 MB | 93/123 kB | 65/549 kBProgress (4): 0.5/2.0 MB | 0.2/4.0 MB | 110/123 kB | 65/549 kBProgress (4): 0.5/2.0 MB | 0.2/4.0 MB | 110/123 kB | 65/549 kBProgress (4): 0.5/2.0 MB | 0.2/4.0 MB | 110/123 kB | 65/549 kBProgress (4): 0.5/2.0 MB | 0.2/4.0 MB | 110/123 kB | 65/549 kBProgress (4): 0.5/2.0 MB | 0.2/4.0 MB | 123 kB | 65/549 kB                                                              Downloaded from central: https://repo.maven.apache.org/maven2/com/fasterxml/jackson/datatype/jackson-datatype-jsr310/2.15.3/jackson-datatype-jsr310-2.15.3.jar (123 kB at 7.3 kB/s)
Downloading from central: https://repo.maven.apache.org/maven2/com/fasterxml/jackson/dataformat/jackson-dataformat-xml/2.15.3/jackson-dataformat-xml-2.15.3.jar
Progress (3): 0.5/2.0 MB | 0.2/4.0 MB | 81/549 kBProgress (3): 0.5/2.0 MB | 0.2/4.0 MB | 81/549 kBProgress (3): 0.5/2.0 MB | 0.2/4.0 MB | 98/549 kBProgress (3): 0.6/2.0 MB | 0.2/4.0 MB | 98/549 kBProgress (3): 0.6/2.0 MB | 0.2/4.0 MB | 98/549 kBProgress (3): 0.6/2.0 MB | 0.2/4.0 MB | 98/549 kBProgress (3): 0.6/2.0 MB | 0.2/4.0 MB | 98/549 kBProgress (3): 0.6/2.0 MB | 0.2/4.0 MB | 114/549 kBProgress (3): 0.6/2.0 MB | 0.2/4.0 MB | 114/549 kBProgress (3): 0.6/2.0 MB | 0.2/4.0 MB | 114/549 kBProgress (3): 0.6/2.0 MB | 0.2/4.0 MB | 114/549 kBProgress (3): 0.6/2.0 MB | 0.2/4.0 MB | 131/549 kBProgress (3): 0.6/2.0 MB | 0.2/4.0 MB | 131/549 kBProgress (3): 0.6/2.0 MB | 0.2/4.0 MB | 131/549 kBProgress (3): 0.7/2.0 MB | 0.2/4.0 MB | 131/549 kBProgress (4): 0.7/2.0 MB | 0.2/4.0 MB | 131/549 kB | 0/1.6 MBProgress (4): 0.7/2.0 MB | 0.2/4.0 MB | 131/549 kB | 0/1.6 MBProgress (4): 0.7/2.0 MB | 0.2/4.0 MB | 147/549 kB | 0/1.6 MBProgress (4): 0.7/2.0 MB | 0.2/4.0 MB | 147/549 kB | 0/1.6 MBProgress (4): 0.7/2.0 MB | 0.2/4.0 MB | 147/549 kB | 0/1.6 MBProgress (4): 0.7/2.0 MB | 0.2/4.0 MB | 147/549 kB | 0/1.6 MBProgress (4): 0.7/2.0 MB | 0.2/4.0 MB | 147/549 kB | 0/1.6 MBProgress (4): 0.7/2.0 MB | 0.2/4.0 MB | 147/549 kB | 0/1.6 MBProgress (4): 0.7/2.0 MB | 0.2/4.0 MB | 163/549 kB | 0/1.6 MBProgress (4): 0.7/2.0 MB | 0.2/4.0 MB | 163/549 kB | 0.1/1.6 MBProgress (4): 0.7/2.0 MB | 0.2/4.0 MB | 163/549 kB | 0.1/1.6 MBProgress (4): 0.7/2.0 MB | 0.2/4.0 MB | 163/549 kB | 0.1/1.6 MBProgress (5): 0.7/2.0 MB | 0.2/4.0 MB | 163/549 kB | 0.1/1.6 MB | 7.7/126 kBProgress (5): 0.7/2.0 MB | 0.2/4.0 MB | 163/549 kB | 0.1/1.6 MB | 16/126 kB Progress (5): 0.7/2.0 MB | 0.2/4.0 MB | 163/549 kB | 0.1/1.6 MB | 16/126 kBProgress (5): 0.7/2.0 MB | 0.3/4.0 MB | 163/549 kB | 0.1/1.6 MB | 16/126 kBProgress (5): 0.7/2.0 MB | 0.3/4.0 MB | 180/549 kB | 0.1/1.6 MB | 16/126 kBProgress (5): 0.7/2.0 MB | 0.3/4.0 MB | 180/549 kB | 0.1/1.6 MB | 32/126 kBProgress (5): 0.7/2.0 MB | 0.3/4.0 MB | 180/549 kB | 0.1/1.6 MB | 32/126 kBProgress (5): 0.7/2.0 MB | 0.3/4.0 MB | 180/549 kB | 0.1/1.6 MB | 32/126 kBProgress (5): 0.8/2.0 MB | 0.3/4.0 MB | 180/549 kB | 0.1/1.6 MB | 32/126 kBProgress (5): 0.8/2.0 MB | 0.3/4.0 MB | 180/549 kB | 0.1/1.6 MB | 49/126 kBProgress (5): 0.8/2.0 MB | 0.3/4.0 MB | 180/549 kB | 0.1/1.6 MB | 49/126 kBProgress (5): 0.8/2.0 MB | 0.3/4.0 MB | 180/549 kB | 0.1/1.6 MB | 49/126 kBProgress (5): 0.8/2.0 MB | 0.3/4.0 MB | 180/549 kB | 0.1/1.6 MB | 49/126 kBProgress (5): 0.8/2.0 MB | 0.3/4.0 MB | 196/549 kB | 0.1/1.6 MB | 49/126 kBProgress (5): 0.8/2.0 MB | 0.3/4.0 MB | 196/549 kB | 0.1/1.6 MB | 49/126 kBProgress (5): 0.8/2.0 MB | 0.3/4.0 MB | 196/549 kB | 0.1/1.6 MB | 65/126 kBProgress (5): 0.8/2.0 MB | 0.3/4.0 MB | 196/549 kB | 0.1/1.6 MB | 65/126 kBProgress (5): 0.8/2.0 MB | 0.3/4.0 MB | 196/549 kB | 0.1/1.6 MB | 81/126 kBProgress (5): 0.8/2.0 MB | 0.3/4.0 MB | 196/549 kB | 0.1/1.6 MB | 81/126 kBProgress (5): 0.8/2.0 MB | 0.3/4.0 MB | 196/549 kB | 0.1/1.6 MB | 81/126 kBProgress (5): 0.8/2.0 MB | 0.3/4.0 MB | 196/549 kB | 0.2/1.6 MB | 81/126 kBProgress (5): 0.8/2.0 MB | 0.3/4.0 MB | 213/549 kB | 0.2/1.6 MB | 81/126 kBProgress (5): 0.8/2.0 MB | 0.3/4.0 MB | 213/549 kB | 0.2/1.6 MB | 81/126 kBProgress (5): 0.8/2.0 MB | 0.3/4.0 MB | 213/549 kB | 0.2/1.6 MB | 81/126 kBProgress (5): 0.8/2.0 MB | 0.3/4.0 MB | 213/549 kB | 0.2/1.6 MB | 98/126 kBProgress (5): 0.8/2.0 MB | 0.3/4.0 MB | 213/549 kB | 0.2/1.6 MB | 98/126 kBProgress (5): 0.8/2.0 MB | 0.3/4.0 MB | 213/549 kB | 0.2/1.6 MB | 98/126 kBProgress (5): 0.8/2.0 MB | 0.3/4.0 MB | 213/549 kB | 0.2/1.6 MB | 98/126 kBProgress (5): 0.8/2.0 MB | 0.3/4.0 MB | 213/549 kB | 0.2/1.6 MB | 114/126 kBProgress (5): 0.8/2.0 MB | 0.3/4.0 MB | 229/549 kB | 0.2/1.6 MB | 114/126 kBProgress (5): 0.8/2.0 MB | 0.3/4.0 MB | 229/549 kB | 0.2/1.6 MB | 126 kB    Progress (5): 0.8/2.0 MB | 0.3/4.0 MB | 229/549 kB | 0.2/1.6 MB | 126 kBProgress (5): 0.9/2.0 MB | 0.3/4.0 MB | 229/549 kB | 0.2/1.6 MB | 126 kB                                                                        Downloaded from central: https://repo.maven.apache.org/maven2/com/fasterxml/jackson/dataformat/jackson-dataformat-xml/2.15.3/jackson-dataformat-xml-2.15.3.jar (126 kB at 7.4 kB/s)
Downloading from central: https://repo.maven.apache.org/maven2/org/codehaus/woodstox/stax2-api/4.2.1/stax2-api-4.2.1.jar
Progress (4): 0.9/2.0 MB | 0.3/4.0 MB | 229/549 kB | 0.2/1.6 MBProgress (4): 0.9/2.0 MB | 0.3/4.0 MB | 229/549 kB | 0.2/1.6 MBProgress (4): 0.9/2.0 MB | 0.3/4.0 MB | 245/549 kB | 0.2/1.6 MBProgress (4): 0.9/2.0 MB | 0.3/4.0 MB | 245/549 kB | 0.2/1.6 MBProgress (4): 0.9/2.0 MB | 0.3/4.0 MB | 245/549 kB | 0.2/1.6 MBProgress (4): 0.9/2.0 MB | 0.3/4.0 MB | 262/549 kB | 0.2/1.6 MBProgress (4): 0.9/2.0 MB | 0.3/4.0 MB | 262/549 kB | 0.2/1.6 MBProgress (4): 0.9/2.0 MB | 0.3/4.0 MB | 262/549 kB | 0.3/1.6 MBProgress (4): 0.9/2.0 MB | 0.3/4.0 MB | 262/549 kB | 0.3/1.6 MBProgress (4): 0.9/2.0 MB | 0.3/4.0 MB | 262/549 kB | 0.3/1.6 MBProgress (4): 0.9/2.0 MB | 0.3/4.0 MB | 262/549 kB | 0.3/1.6 MBProgress (4): 0.9/2.0 MB | 0.3/4.0 MB | 262/549 kB | 0.3/1.6 MBProgress (4): 0.9/2.0 MB | 0.3/4.0 MB | 262/549 kB | 0.3/1.6 MBProgress (4): 0.9/2.0 MB | 0.3/4.0 MB | 262/549 kB | 0.3/1.6 MBProgress (4): 0.9/2.0 MB | 0.3/4.0 MB | 278/549 kB | 0.3/1.6 MBProgress (4): 0.9/2.0 MB | 0.3/4.0 MB | 278/549 kB | 0.3/1.6 MBProgress (4): 1.0/2.0 MB | 0.3/4.0 MB | 278/549 kB | 0.3/1.6 MBProgress (4): 1.0/2.0 MB | 0.3/4.0 MB | 294/549 kB | 0.3/1.6 MBProgress (4): 1.0/2.0 MB | 0.3/4.0 MB | 294/549 kB | 0.3/1.6 MBProgress (4): 1.0/2.0 MB | 0.4/4.0 MB | 294/549 kB | 0.3/1.6 MBProgress (4): 1.0/2.0 MB | 0.4/4.0 MB | 294/549 kB | 0.3/1.6 MBProgress (4): 1.0/2.0 MB | 0.4/4.0 MB | 294/549 kB | 0.3/1.6 MBProgress (4): 1.0/2.0 MB | 0.4/4.0 MB | 294/549 kB | 0.3/1.6 MBProgress (4): 1.0/2.0 MB | 0.4/4.0 MB | 311/549 kB | 0.3/1.6 MBProgress (4): 1.0/2.0 MB | 0.4/4.0 MB | 311/549 kB | 0.3/1.6 MBProgress (4): 1.0/2.0 MB | 0.4/4.0 MB | 311/549 kB | 0.3/1.6 MBProgress (4): 1.0/2.0 MB | 0.4/4.0 MB | 311/549 kB | 0.3/1.6 MBProgress (4): 1.0/2.0 MB | 0.4/4.0 MB | 327/549 kB | 0.3/1.6 MBProgress (4): 1.1/2.0 MB | 0.4/4.0 MB | 327/549 kB | 0.3/1.6 MBProgress (4): 1.1/2.0 MB | 0.4/4.0 MB | 327/549 kB | 0.3/1.6 MBProgress (4): 1.1/2.0 MB | 0.4/4.0 MB | 327/549 kB | 0.3/1.6 MBProgress (4): 1.1/2.0 MB | 0.4/4.0 MB | 327/549 kB | 0.3/1.6 MBProgress (4): 1.1/2.0 MB | 0.4/4.0 MB | 344/549 kB | 0.3/1.6 MBProgress (4): 1.1/2.0 MB | 0.4/4.0 MB | 344/549 kB | 0.3/1.6 MBProgress (4): 1.1/2.0 MB | 0.4/4.0 MB | 344/549 kB | 0.3/1.6 MBProgress (4): 1.1/2.0 MB | 0.4/4.0 MB | 344/549 kB | 0.3/1.6 MBProgress (4): 1.1/2.0 MB | 0.4/4.0 MB | 360/549 kB | 0.3/1.6 MBProgress (4): 1.1/2.0 MB | 0.4/4.0 MB | 360/549 kB | 0.4/1.6 MBProgress (4): 1.1/2.0 MB | 0.4/4.0 MB | 360/549 kB | 0.4/1.6 MBProgress (4): 1.1/2.0 MB | 0.4/4.0 MB | 360/549 kB | 0.4/1.6 MBProgress (4): 1.1/2.0 MB | 0.4/4.0 MB | 360/549 kB | 0.4/1.6 MBProgress (4): 1.1/2.0 MB | 0.4/4.0 MB | 360/549 kB | 0.4/1.6 MBProgress (4): 1.1/2.0 MB | 0.4/4.0 MB | 376/549 kB | 0.4/1.6 MBProgress (4): 1.2/2.0 MB | 0.4/4.0 MB | 376/549 kB | 0.4/1.6 MBProgress (4): 1.2/2.0 MB | 0.4/4.0 MB | 376/549 kB | 0.4/1.6 MBProgress (4): 1.2/2.0 MB | 0.4/4.0 MB | 376/549 kB | 0.4/1.6 MBProgress (4): 1.2/2.0 MB | 0.4/4.0 MB | 393/549 kB | 0.4/1.6 MBProgress (4): 1.2/2.0 MB | 0.4/4.0 MB | 393/549 kB | 0.4/1.6 MBProgress (4): 1.2/2.0 MB | 0.4/4.0 MB | 393/549 kB | 0.4/1.6 MBProgress (4): 1.2/2.0 MB | 0.4/4.0 MB | 393/549 kB | 0.4/1.6 MBProgress (4): 1.2/2.0 MB | 0.4/4.0 MB | 393/549 kB | 0.4/1.6 MBProgress (4): 1.2/2.0 MB | 0.4/4.0 MB | 393/549 kB | 0.4/1.6 MBProgress (5): 1.2/2.0 MB | 0.4/4.0 MB | 393/549 kB | 0.4/1.6 MB | 7.7/196 kBProgress (5): 1.2/2.0 MB | 0.4/4.0 MB | 393/549 kB | 0.4/1.6 MB | 16/196 kB Progress (5): 1.2/2.0 MB | 0.4/4.0 MB | 393/549 kB | 0.4/1.6 MB | 32/196 kBProgress (5): 1.2/2.0 MB | 0.4/4.0 MB | 393/549 kB | 0.4/1.6 MB | 32/196 kBProgress (5): 1.2/2.0 MB | 0.4/4.0 MB | 393/549 kB | 0.4/1.6 MB | 49/196 kBProgress (5): 1.2/2.0 MB | 0.4/4.0 MB | 393/549 kB | 0.4/1.6 MB | 65/196 kBProgress (5): 1.2/2.0 MB | 0.4/4.0 MB | 393/549 kB | 0.4/1.6 MB | 65/196 kBProgress (5): 1.2/2.0 MB | 0.4/4.0 MB | 409/549 kB | 0.4/1.6 MB | 65/196 kBProgress (5): 1.2/2.0 MB | 0.4/4.0 MB | 409/549 kB | 0.4/1.6 MB | 65/196 kBProgress (5): 1.2/2.0 MB | 0.4/4.0 MB | 409/549 kB | 0.4/1.6 MB | 65/196 kBProgress (5): 1.2/2.0 MB | 0.4/4.0 MB | 409/549 kB | 0.4/1.6 MB | 81/196 kBProgress (5): 1.2/2.0 MB | 0.4/4.0 MB | 409/549 kB | 0.4/1.6 MB | 81/196 kBProgress (5): 1.3/2.0 MB | 0.4/4.0 MB | 409/549 kB | 0.4/1.6 MB | 81/196 kBProgress (5): 1.3/2.0 MB | 0.4/4.0 MB | 409/549 kB | 0.5/1.6 MB | 81/196 kBProgress (5): 1.3/2.0 MB | 0.4/4.0 MB | 409/549 kB | 0.5/1.6 MB | 98/196 kBProgress (5): 1.3/2.0 MB | 0.4/4.0 MB | 426/549 kB | 0.5/1.6 MB | 98/196 kBProgress (5): 1.3/2.0 MB | 0.4/4.0 MB | 426/549 kB | 0.5/1.6 MB | 98/196 kBProgress (5): 1.3/2.0 MB | 0.4/4.0 MB | 426/549 kB | 0.5/1.6 MB | 114/196 kBProgress (5): 1.3/2.0 MB | 0.4/4.0 MB | 426/549 kB | 0.5/1.6 MB | 114/196 kBProgress (5): 1.3/2.0 MB | 0.4/4.0 MB | 426/549 kB | 0.5/1.6 MB | 114/196 kBProgress (5): 1.3/2.0 MB | 0.5/4.0 MB | 426/549 kB | 0.5/1.6 MB | 114/196 kBProgress (5): 1.3/2.0 MB | 0.5/4.0 MB | 442/549 kB | 0.5/1.6 MB | 114/196 kBProgress (5): 1.3/2.0 MB | 0.5/4.0 MB | 442/549 kB | 0.5/1.6 MB | 131/196 kBProgress (5): 1.3/2.0 MB | 0.5/4.0 MB | 442/549 kB | 0.5/1.6 MB | 131/196 kBProgress (5): 1.3/2.0 MB | 0.5/4.0 MB | 442/549 kB | 0.5/1.6 MB | 131/196 kBProgress (5): 1.3/2.0 MB | 0.5/4.0 MB | 442/549 kB | 0.5/1.6 MB | 131/196 kBProgress (5): 1.3/2.0 MB | 0.5/4.0 MB | 442/549 kB | 0.5/1.6 MB | 131/196 kBProgress (5): 1.3/2.0 MB | 0.5/4.0 MB | 442/549 kB | 0.5/1.6 MB | 131/196 kBProgress (5): 1.3/2.0 MB | 0.5/4.0 MB | 442/549 kB | 0.5/1.6 MB | 147/196 kBProgress (5): 1.3/2.0 MB | 0.5/4.0 MB | 442/549 kB | 0.5/1.6 MB | 147/196 kBProgress (5): 1.3/2.0 MB | 0.5/4.0 MB | 458/549 kB | 0.5/1.6 MB | 147/196 kBProgress (5): 1.3/2.0 MB | 0.5/4.0 MB | 458/549 kB | 0.5/1.6 MB | 147/196 kBProgress (5): 1.4/2.0 MB | 0.5/4.0 MB | 458/549 kB | 0.5/1.6 MB | 147/196 kBProgress (5): 1.4/2.0 MB | 0.5/4.0 MB | 458/549 kB | 0.5/1.6 MB | 147/196 kBProgress (5): 1.4/2.0 MB | 0.5/4.0 MB | 458/549 kB | 0.5/1.6 MB | 147/196 kBProgress (5): 1.4/2.0 MB | 0.5/4.0 MB | 475/549 kB | 0.5/1.6 MB | 147/196 kBProgress (5): 1.4/2.0 MB | 0.5/4.0 MB | 475/549 kB | 0.5/1.6 MB | 147/196 kBProgress (5): 1.4/2.0 MB | 0.5/4.0 MB | 475/549 kB | 0.5/1.6 MB | 147/196 kBProgress (5): 1.4/2.0 MB | 0.5/4.0 MB | 475/549 kB | 0.6/1.6 MB | 147/196 kBProgress (5): 1.4/2.0 MB | 0.5/4.0 MB | 475/549 kB | 0.6/1.6 MB | 147/196 kBProgress (5): 1.4/2.0 MB | 0.5/4.0 MB | 475/549 kB | 0.6/1.6 MB | 147/196 kBProgress (5): 1.4/2.0 MB | 0.5/4.0 MB | 475/549 kB | 0.6/1.6 MB | 147/196 kBProgress (5): 1.4/2.0 MB | 0.5/4.0 MB | 475/549 kB | 0.6/1.6 MB | 147/196 kBProgress (5): 1.4/2.0 MB | 0.5/4.0 MB | 475/549 kB | 0.6/1.6 MB | 163/196 kBProgress (5): 1.5/2.0 MB | 0.5/4.0 MB | 475/549 kB | 0.6/1.6 MB | 163/196 kBProgress (5): 1.5/2.0 MB | 0.5/4.0 MB | 491/549 kB | 0.6/1.6 MB | 163/196 kBProgress (5): 1.5/2.0 MB | 0.5/4.0 MB | 491/549 kB | 0.6/1.6 MB | 163/196 kBProgress (5): 1.5/2.0 MB | 0.5/4.0 MB | 491/549 kB | 0.6/1.6 MB | 163/196 kBProgress (5): 1.5/2.0 MB | 0.5/4.0 MB | 491/549 kB | 0.6/1.6 MB | 163/196 kBProgress (5): 1.5/2.0 MB | 0.5/4.0 MB | 491/549 kB | 0.6/1.6 MB | 163/196 kBProgress (5): 1.5/2.0 MB | 0.5/4.0 MB | 491/549 kB | 0.6/1.6 MB | 180/196 kBProgress (5): 1.5/2.0 MB | 0.5/4.0 MB | 491/549 kB | 0.6/1.6 MB | 180/196 kBProgress (5): 1.5/2.0 MB | 0.5/4.0 MB | 491/549 kB | 0.6/1.6 MB | 180/196 kBProgress (5): 1.5/2.0 MB | 0.5/4.0 MB | 491/549 kB | 0.6/1.6 MB | 196 kB                                                                            Downloaded from central: https://repo.maven.apache.org/maven2/org/codehaus/woodstox/stax2-api/4.2.1/stax2-api-4.2.1.jar (196 kB at 11 kB/s)
Downloading from central: https://repo.maven.apache.org/maven2/com/fasterxml/woodstox/woodstox-core/6.5.1/woodstox-core-6.5.1.jar
Progress (4): 1.5/2.0 MB | 0.5/4.0 MB | 507/549 kB | 0.6/1.6 MBProgress (4): 1.5/2.0 MB | 0.5/4.0 MB | 507/549 kB | 0.6/1.6 MBProgress (4): 1.5/2.0 MB | 0.5/4.0 MB | 507/549 kB | 0.6/1.6 MBProgress (4): 1.5/2.0 MB | 0.5/4.0 MB | 507/549 kB | 0.6/1.6 MBProgress (4): 1.5/2.0 MB | 0.5/4.0 MB | 507/549 kB | 0.6/1.6 MBProgress (4): 1.5/2.0 MB | 0.5/4.0 MB | 507/549 kB | 0.6/1.6 MBProgress (4): 1.5/2.0 MB | 0.5/4.0 MB | 524/549 kB | 0.6/1.6 MBProgress (4): 1.6/2.0 MB | 0.5/4.0 MB | 524/549 kB | 0.6/1.6 MBProgress (4): 1.6/2.0 MB | 0.5/4.0 MB | 524/549 kB | 0.6/1.6 MBProgress (4): 1.6/2.0 MB | 0.5/4.0 MB | 524/549 kB | 0.6/1.6 MBProgress (4): 1.6/2.0 MB | 0.6/4.0 MB | 524/549 kB | 0.6/1.6 MBProgress (4): 1.6/2.0 MB | 0.6/4.0 MB | 524/549 kB | 0.6/1.6 MBProgress (4): 1.6/2.0 MB | 0.6/4.0 MB | 524/549 kB | 0.7/1.6 MBProgress (4): 1.6/2.0 MB | 0.6/4.0 MB | 524/549 kB | 0.7/1.6 MBProgress (4): 1.6/2.0 MB | 0.6/4.0 MB | 540/549 kB | 0.7/1.6 MBProgress (4): 1.6/2.0 MB | 0.6/4.0 MB | 540/549 kB | 0.7/1.6 MBProgress (4): 1.6/2.0 MB | 0.6/4.0 MB | 540/549 kB | 0.7/1.6 MBProgress (4): 1.6/2.0 MB | 0.6/4.0 MB | 540/549 kB | 0.7/1.6 MBProgress (4): 1.6/2.0 MB | 0.6/4.0 MB | 540/549 kB | 0.7/1.6 MBProgress (4): 1.6/2.0 MB | 0.6/4.0 MB | 540/549 kB | 0.7/1.6 MBProgress (4): 1.6/2.0 MB | 0.6/4.0 MB | 549 kB | 0.7/1.6 MB                                                               Downloaded from central: https://repo.maven.apache.org/maven2/com/fasterxml/jackson/core/jackson-core/2.15.3/jackson-core-2.15.3.jar (549 kB at 32 kB/s)
Downloading from central: https://repo.maven.apache.org/maven2/org/opensearch/client/opensearch-rest-high-level-client/2.11.0/opensearch-rest-high-level-client-2.11.0.jar
Progress (3): 1.7/2.0 MB | 0.6/4.0 MB | 0.7/1.6 MBProgress (3): 1.7/2.0 MB | 0.6/4.0 MB | 0.7/1.6 MBProgress (3): 1.7/2.0 MB | 0.6/4.0 MB | 0.7/1.6 MBProgress (3): 1.7/2.0 MB | 0.6/4.0 MB | 0.7/1.6 MBProgress (3): 1.7/2.0 MB | 0.6/4.0 MB | 0.7/1.6 MBProgress (3): 1.7/2.0 MB | 0.6/4.0 MB | 0.7/1.6 MBProgress (3): 1.7/2.0 MB | 0.6/4.0 MB | 0.7/1.6 MBProgress (3): 1.7/2.0 MB | 0.6/4.0 MB | 0.7/1.6 MBProgress (3): 1.7/2.0 MB | 0.6/4.0 MB | 0.7/1.6 MBProgress (3): 1.7/2.0 MB | 0.6/4.0 MB | 0.7/1.6 MBProgress (3): 1.8/2.0 MB | 0.6/4.0 MB | 0.7/1.6 MBProgress (3): 1.8/2.0 MB | 0.6/4.0 MB | 0.7/1.6 MBProgress (3): 1.8/2.0 MB | 0.6/4.0 MB | 0.7/1.6 MBProgress (3): 1.8/2.0 MB | 0.6/4.0 MB | 0.7/1.6 MBProgress (3): 1.8/2.0 MB | 0.6/4.0 MB | 0.7/1.6 MBProgress (3): 1.8/2.0 MB | 0.6/4.0 MB | 0.7/1.6 MBProgress (3): 1.8/2.0 MB | 0.6/4.0 MB | 0.7/1.6 MBProgress (3): 1.8/2.0 MB | 0.6/4.0 MB | 0.7/1.6 MBProgress (3): 1.8/2.0 MB | 0.6/4.0 MB | 0.8/1.6 MBProgress (3): 1.8/2.0 MB | 0.6/4.0 MB | 0.8/1.6 MBProgress (3): 1.8/2.0 MB | 0.6/4.0 MB | 0.8/1.6 MBProgress (3): 1.8/2.0 MB | 0.6/4.0 MB | 0.8/1.6 MBProgress (3): 1.8/2.0 MB | 0.6/4.0 MB | 0.8/1.6 MBProgress (3): 1.9/2.0 MB | 0.6/4.0 MB | 0.8/1.6 MBProgress (4): 1.9/2.0 MB | 0.6/4.0 MB | 0.8/1.6 MB | 0/1.6 MBProgress (4): 1.9/2.0 MB | 0.6/4.0 MB | 0.8/1.6 MB | 0/1.6 MBProgress (4): 1.9/2.0 MB | 0.6/4.0 MB | 0.8/1.6 MB | 0/1.6 MBProgress (4): 1.9/2.0 MB | 0.6/4.0 MB | 0.8/1.6 MB | 0/1.6 MBProgress (4): 1.9/2.0 MB | 0.6/4.0 MB | 0.8/1.6 MB | 0/1.6 MBProgress (4): 1.9/2.0 MB | 0.6/4.0 MB | 0.8/1.6 MB | 0/1.6 MBProgress (4): 1.9/2.0 MB | 0.6/4.0 MB | 0.8/1.6 MB | 0.1/1.6 MBProgress (4): 1.9/2.0 MB | 0.6/4.0 MB | 0.8/1.6 MB | 0.1/1.6 MBProgress (4): 1.9/2.0 MB | 0.6/4.0 MB | 0.8/1.6 MB | 0.1/1.6 MBProgress (4): 1.9/2.0 MB | 0.6/4.0 MB | 0.8/1.6 MB | 0.1/1.6 MBProgress (4): 1.9/2.0 MB | 0.7/4.0 MB | 0.8/1.6 MB | 0.1/1.6 MBProgress (4): 1.9/2.0 MB | 0.7/4.0 MB | 0.8/1.6 MB | 0.1/1.6 MBProgress (4): 1.9/2.0 MB | 0.7/4.0 MB | 0.8/1.6 MB | 0.1/1.6 MBProgress (4): 1.9/2.0 MB | 0.7/4.0 MB | 0.8/1.6 MB | 0.1/1.6 MBProgress (4): 1.9/2.0 MB | 0.7/4.0 MB | 0.8/1.6 MB | 0.1/1.6 MBProgress (4): 1.9/2.0 MB | 0.7/4.0 MB | 0.8/1.6 MB | 0.1/1.6 MBProgress (4): 1.9/2.0 MB | 0.7/4.0 MB | 0.8/1.6 MB | 0.1/1.6 MBProgress (4): 2.0/2.0 MB | 0.7/4.0 MB | 0.8/1.6 MB | 0.1/1.6 MBProgress (4): 2.0/2.0 MB | 0.7/4.0 MB | 0.8/1.6 MB | 0.1/1.6 MBProgress (4): 2.0/2.0 MB | 0.7/4.0 MB | 0.8/1.6 MB | 0.1/1.6 MBProgress (4): 2.0/2.0 MB | 0.7/4.0 MB | 0.8/1.6 MB | 0.1/1.6 MBProgress (4): 2.0/2.0 MB | 0.7/4.0 MB | 0.9/1.6 MB | 0.1/1.6 MBProgress (4): 2.0/2.0 MB | 0.7/4.0 MB | 0.9/1.6 MB | 0.1/1.6 MBProgress (4): 2.0/2.0 MB | 0.7/4.0 MB | 0.9/1.6 MB | 0.1/1.6 MBProgress (4): 2.0/2.0 MB | 0.7/4.0 MB | 0.9/1.6 MB | 0.1/1.6 MBProgress (4): 2.0/2.0 MB | 0.7/4.0 MB | 0.9/1.6 MB | 0.1/1.6 MBProgress (4): 2.0/2.0 MB | 0.7/4.0 MB | 0.9/1.6 MB | 0.1/1.6 MBProgress (5): 2.0/2.0 MB | 0.7/4.0 MB | 0.9/1.6 MB | 0.1/1.6 MB | 7.7/313 kBProgress (5): 2.0/2.0 MB | 0.7/4.0 MB | 0.9/1.6 MB | 0.1/1.6 MB | 16/313 kB Progress (5): 2.0 MB | 0.7/4.0 MB | 0.9/1.6 MB | 0.1/1.6 MB | 16/313 kB    Progress (5): 2.0 MB | 0.7/4.0 MB | 0.9/1.6 MB | 0.1/1.6 MB | 16/313 kB                                                                       Downloaded from central: https://repo.maven.apache.org/maven2/org/projectlombok/lombok/1.18.30/lombok-1.18.30.jar (2.0 MB at 116 kB/s)
Downloading from central: https://repo.maven.apache.org/maven2/org/opensearch/opensearch/2.11.0/opensearch-2.11.0.jar
Progress (4): 0.7/4.0 MB | 0.9/1.6 MB | 0.1/1.6 MB | 16/313 kBProgress (4): 0.7/4.0 MB | 0.9/1.6 MB | 0.1/1.6 MB | 16/313 kBProgress (4): 0.7/4.0 MB | 0.9/1.6 MB | 0.1/1.6 MB | 25/313 kBProgress (4): 0.7/4.0 MB | 0.9/1.6 MB | 0.2/1.6 MB | 25/313 kBProgress (4): 0.7/4.0 MB | 0.9/1.6 MB | 0.2/1.6 MB | 25/313 kBProgress (4): 0.7/4.0 MB | 0.9/1.6 MB | 0.2/1.6 MB | 41/313 kBProgress (4): 0.7/4.0 MB | 0.9/1.6 MB | 0.2/1.6 MB | 41/313 kBProgress (4): 0.7/4.0 MB | 0.9/1.6 MB | 0.2/1.6 MB | 41/313 kBProgress (4): 0.7/4.0 MB | 0.9/1.6 MB | 0.2/1.6 MB | 57/313 kBProgress (4): 0.7/4.0 MB | 0.9/1.6 MB | 0.2/1.6 MB | 57/313 kBProgress (4): 0.7/4.0 MB | 0.9/1.6 MB | 0.2/1.6 MB | 57/313 kBProgress (4): 0.7/4.0 MB | 1.0/1.6 MB | 0.2/1.6 MB | 57/313 kBProgress (4): 0.7/4.0 MB | 1.0/1.6 MB | 0.2/1.6 MB | 74/313 kBProgress (4): 0.7/4.0 MB | 1.0/1.6 MB | 0.2/1.6 MB | 74/313 kBProgress (4): 0.7/4.0 MB | 1.0/1.6 MB | 0.2/1.6 MB | 74/313 kBProgress (4): 0.7/4.0 MB | 1.0/1.6 MB | 0.2/1.6 MB | 74/313 kBProgress (4): 0.7/4.0 MB | 1.0/1.6 MB | 0.2/1.6 MB | 90/313 kBProgress (4): 0.7/4.0 MB | 1.0/1.6 MB | 0.2/1.6 MB | 90/313 kBProgress (4): 0.7/4.0 MB | 1.0/1.6 MB | 0.2/1.6 MB | 90/313 kBProgress (4): 0.8/4.0 MB | 1.0/1.6 MB | 0.2/1.6 MB | 90/313 kBProgress (4): 0.8/4.0 MB | 1.0/1.6 MB | 0.2/1.6 MB | 90/313 kBProgress (4): 0.8/4.0 MB | 1.0/1.6 MB | 0.2/1.6 MB | 90/313 kBProgress (4): 0.8/4.0 MB | 1.0/1.6 MB | 0.2/1.6 MB | 90/313 kBProgress (4): 0.8/4.0 MB | 1.0/1.6 MB | 0.2/1.6 MB | 90/313 kBProgress (4): 0.8/4.0 MB | 1.0/1.6 MB | 0.2/1.6 MB | 90/313 kBProgress (4): 0.8/4.0 MB | 1.0/1.6 MB | 0.3/1.6 MB | 90/313 kBProgress (4): 0.8/4.0 MB | 1.0/1.6 MB | 0.3/1.6 MB | 90/313 kBProgress (4): 0.8/4.0 MB | 1.0/1.6 MB | 0.3/1.6 MB | 90/313 kBProgress (4): 0.8/4.0 MB | 1.0/1.6 MB | 0.3/1.6 MB | 90/313 kBProgress (4): 0.8/4.0 MB | 1.0/1.6 MB | 0.3/1.6 MB | 106/313 kBProgress (4): 0.8/4.0 MB | 1.0/1.6 MB | 0.3/1.6 MB | 106/313 kBProgress (4): 0.8/4.0 MB | 1.1/1.6 MB | 0.3/1.6 MB | 106/313 kBProgress (4): 0.8/4.0 MB | 1.1/1.6 MB | 0.3/1.6 MB | 106/313 kBProgress (4): 0.8/4.0 MB | 1.1/1.6 MB | 0.3/1.6 MB | 123/313 kBProgress (4): 0.8/4.0 MB | 1.1/1.6 MB | 0.3/1.6 MB | 123/313 kBProgress (4): 0.8/4.0 MB | 1.1/1.6 MB | 0.3/1.6 MB | 139/313 kBProgress (5): 0.8/4.0 MB | 1.1/1.6 MB | 0.3/1.6 MB | 139/313 kB | 0/14 MBProgress (5): 0.8/4.0 MB | 1.1/1.6 MB | 0.3/1.6 MB | 139/313 kB | 0/14 MBProgress (5): 0.8/4.0 MB | 1.1/1.6 MB | 0.3/1.6 MB | 139/313 kB | 0/14 MBProgress (5): 0.8/4.0 MB | 1.1/1.6 MB | 0.3/1.6 MB | 139/313 kB | 0/14 MBProgress (5): 0.8/4.0 MB | 1.1/1.6 MB | 0.3/1.6 MB | 139/313 kB | 0.1/14 MBProgress (5): 0.8/4.0 MB | 1.1/1.6 MB | 0.3/1.6 MB | 139/313 kB | 0.1/14 MBProgress (5): 0.8/4.0 MB | 1.1/1.6 MB | 0.3/1.6 MB | 139/313 kB | 0.1/14 MBProgress (5): 0.8/4.0 MB | 1.1/1.6 MB | 0.3/1.6 MB | 139/313 kB | 0.1/14 MBProgress (5): 0.8/4.0 MB | 1.1/1.6 MB | 0.3/1.6 MB | 139/313 kB | 0.1/14 MBProgress (5): 0.8/4.0 MB | 1.1/1.6 MB | 0.3/1.6 MB | 139/313 kB | 0.1/14 MBProgress (5): 0.8/4.0 MB | 1.1/1.6 MB | 0.3/1.6 MB | 139/313 kB | 0.1/14 MBProgress (5): 0.8/4.0 MB | 1.1/1.6 MB | 0.3/1.6 MB | 156/313 kB | 0.1/14 MBProgress (5): 0.8/4.0 MB | 1.1/1.6 MB | 0.3/1.6 MB | 156/313 kB | 0.1/14 MBProgress (5): 0.8/4.0 MB | 1.1/1.6 MB | 0.3/1.6 MB | 156/313 kB | 0.1/14 MBProgress (5): 0.8/4.0 MB | 1.1/1.6 MB | 0.3/1.6 MB | 156/313 kB | 0.1/14 MBProgress (5): 0.8/4.0 MB | 1.1/1.6 MB | 0.3/1.6 MB | 156/313 kB | 0.1/14 MBProgress (5): 0.8/4.0 MB | 1.1/1.6 MB | 0.3/1.6 MB | 156/313 kB | 0.1/14 MBProgress (5): 0.8/4.0 MB | 1.1/1.6 MB | 0.4/1.6 MB | 156/313 kB | 0.1/14 MBProgress (5): 0.8/4.0 MB | 1.1/1.6 MB | 0.4/1.6 MB | 172/313 kB | 0.1/14 MBProgress (5): 0.8/4.0 MB | 1.1/1.6 MB | 0.4/1.6 MB | 172/313 kB | 0.1/14 MBProgress (5): 0.8/4.0 MB | 1.1/1.6 MB | 0.4/1.6 MB | 172/313 kB | 0.1/14 MBProgress (5): 0.8/4.0 MB | 1.1/1.6 MB | 0.4/1.6 MB | 172/313 kB | 0.1/14 MBProgress (5): 0.8/4.0 MB | 1.1/1.6 MB | 0.4/1.6 MB | 172/313 kB | 0.2/14 MBProgress (5): 0.8/4.0 MB | 1.1/1.6 MB | 0.4/1.6 MB | 172/313 kB | 0.2/14 MBProgress (5): 0.8/4.0 MB | 1.1/1.6 MB | 0.4/1.6 MB | 172/313 kB | 0.2/14 MBProgress (5): 0.8/4.0 MB | 1.1/1.6 MB | 0.4/1.6 MB | 188/313 kB | 0.2/14 MBProgress (5): 0.8/4.0 MB | 1.1/1.6 MB | 0.4/1.6 MB | 188/313 kB | 0.2/14 MBProgress (5): 0.8/4.0 MB | 1.1/1.6 MB | 0.4/1.6 MB | 188/313 kB | 0.2/14 MBProgress (5): 0.8/4.0 MB | 1.1/1.6 MB | 0.4/1.6 MB | 188/313 kB | 0.2/14 MBProgress (5): 0.9/4.0 MB | 1.1/1.6 MB | 0.4/1.6 MB | 188/313 kB | 0.2/14 MBProgress (5): 0.9/4.0 MB | 1.1/1.6 MB | 0.4/1.6 MB | 188/313 kB | 0.2/14 MBProgress (5): 0.9/4.0 MB | 1.1/1.6 MB | 0.4/1.6 MB | 205/313 kB | 0.2/14 MBProgress (5): 0.9/4.0 MB | 1.1/1.6 MB | 0.4/1.6 MB | 205/313 kB | 0.2/14 MBProgress (5): 0.9/4.0 MB | 1.1/1.6 MB | 0.4/1.6 MB | 205/313 kB | 0.2/14 MBProgress (5): 0.9/4.0 MB | 1.1/1.6 MB | 0.4/1.6 MB | 205/313 kB | 0.2/14 MBProgress (5): 0.9/4.0 MB | 1.1/1.6 MB | 0.4/1.6 MB | 205/313 kB | 0.2/14 MBProgress (5): 0.9/4.0 MB | 1.1/1.6 MB | 0.4/1.6 MB | 205/313 kB | 0.2/14 MBProgress (5): 0.9/4.0 MB | 1.1/1.6 MB | 0.4/1.6 MB | 221/313 kB | 0.2/14 MBProgress (5): 0.9/4.0 MB | 1.2/1.6 MB | 0.4/1.6 MB | 221/313 kB | 0.2/14 MBProgress (5): 0.9/4.0 MB | 1.2/1.6 MB | 0.4/1.6 MB | 221/313 kB | 0.3/14 MBProgress (5): 0.9/4.0 MB | 1.2/1.6 MB | 0.4/1.6 MB | 221/313 kB | 0.3/14 MBProgress (5): 0.9/4.0 MB | 1.2/1.6 MB | 0.5/1.6 MB | 221/313 kB | 0.3/14 MBProgress (5): 0.9/4.0 MB | 1.2/1.6 MB | 0.5/1.6 MB | 221/313 kB | 0.3/14 MBProgress (5): 0.9/4.0 MB | 1.2/1.6 MB | 0.5/1.6 MB | 238/313 kB | 0.3/14 MBProgress (5): 0.9/4.0 MB | 1.2/1.6 MB | 0.5/1.6 MB | 238/313 kB | 0.3/14 MBProgress (5): 0.9/4.0 MB | 1.2/1.6 MB | 0.5/1.6 MB | 238/313 kB | 0.3/14 MBProgress (5): 0.9/4.0 MB | 1.2/1.6 MB | 0.5/1.6 MB | 238/313 kB | 0.3/14 MBProgress (5): 0.9/4.0 MB | 1.2/1.6 MB | 0.5/1.6 MB | 238/313 kB | 0.3/14 MBProgress (5): 0.9/4.0 MB | 1.2/1.6 MB | 0.5/1.6 MB | 238/313 kB | 0.3/14 MBProgress (5): 0.9/4.0 MB | 1.2/1.6 MB | 0.5/1.6 MB | 238/313 kB | 0.3/14 MBProgress (5): 0.9/4.0 MB | 1.2/1.6 MB | 0.5/1.6 MB | 238/313 kB | 0.3/14 MBProgress (5): 0.9/4.0 MB | 1.2/1.6 MB | 0.5/1.6 MB | 238/313 kB | 0.3/14 MBProgress (5): 0.9/4.0 MB | 1.2/1.6 MB | 0.5/1.6 MB | 238/313 kB | 0.3/14 MBProgress (5): 0.9/4.0 MB | 1.2/1.6 MB | 0.5/1.6 MB | 238/313 kB | 0.3/14 MBProgress (5): 0.9/4.0 MB | 1.2/1.6 MB | 0.5/1.6 MB | 238/313 kB | 0.3/14 MBProgress (5): 0.9/4.0 MB | 1.2/1.6 MB | 0.5/1.6 MB | 254/313 kB | 0.3/14 MBProgress (5): 0.9/4.0 MB | 1.2/1.6 MB | 0.5/1.6 MB | 254/313 kB | 0.4/14 MBProgress (5): 0.9/4.0 MB | 1.2/1.6 MB | 0.5/1.6 MB | 254/313 kB | 0.4/14 MBProgress (5): 0.9/4.0 MB | 1.2/1.6 MB | 0.5/1.6 MB | 254/313 kB | 0.4/14 MBProgress (5): 0.9/4.0 MB | 1.2/1.6 MB | 0.5/1.6 MB | 254/313 kB | 0.4/14 MBProgress (5): 0.9/4.0 MB | 1.2/1.6 MB | 0.5/1.6 MB | 254/313 kB | 0.4/14 MBProgress (5): 0.9/4.0 MB | 1.2/1.6 MB | 0.5/1.6 MB | 254/313 kB | 0.4/14 MBProgress (5): 0.9/4.0 MB | 1.2/1.6 MB | 0.5/1.6 MB | 270/313 kB | 0.4/14 MBProgress (5): 0.9/4.0 MB | 1.2/1.6 MB | 0.5/1.6 MB | 270/313 kB | 0.4/14 MBProgress (5): 0.9/4.0 MB | 1.2/1.6 MB | 0.5/1.6 MB | 270/313 kB | 0.4/14 MBProgress (5): 0.9/4.0 MB | 1.2/1.6 MB | 0.5/1.6 MB | 270/313 kB | 0.4/14 MBProgress (5): 0.9/4.0 MB | 1.3/1.6 MB | 0.5/1.6 MB | 270/313 kB | 0.4/14 MBProgress (5): 0.9/4.0 MB | 1.3/1.6 MB | 0.5/1.6 MB | 287/313 kB | 0.4/14 MBProgress (5): 0.9/4.0 MB | 1.3/1.6 MB | 0.5/1.6 MB | 287/313 kB | 0.4/14 MBProgress (5): 0.9/4.0 MB | 1.3/1.6 MB | 0.6/1.6 MB | 287/313 kB | 0.4/14 MBProgress (5): 0.9/4.0 MB | 1.3/1.6 MB | 0.6/1.6 MB | 287/313 kB | 0.4/14 MBProgress (5): 0.9/4.0 MB | 1.3/1.6 MB | 0.6/1.6 MB | 287/313 kB | 0.4/14 MBProgress (5): 0.9/4.0 MB | 1.3/1.6 MB | 0.6/1.6 MB | 287/313 kB | 0.4/14 MBProgress (5): 0.9/4.0 MB | 1.3/1.6 MB | 0.6/1.6 MB | 287/313 kB | 0.4/14 MBProgress (5): 0.9/4.0 MB | 1.3/1.6 MB | 0.6/1.6 MB | 287/313 kB | 0.4/14 MBProgress (5): 0.9/4.0 MB | 1.3/1.6 MB | 0.6/1.6 MB | 303/313 kB | 0.4/14 MBProgress (5): 0.9/4.0 MB | 1.3/1.6 MB | 0.6/1.6 MB | 303/313 kB | 0.4/14 MBProgress (5): 0.9/4.0 MB | 1.3/1.6 MB | 0.6/1.6 MB | 303/313 kB | 0.4/14 MBProgress (5): 0.9/4.0 MB | 1.3/1.6 MB | 0.6/1.6 MB | 313 kB | 0.4/14 MB    Progress (5): 0.9/4.0 MB | 1.3/1.6 MB | 0.6/1.6 MB | 313 kB | 0.4/14 MB                                                                       Downloaded from central: https://repo.maven.apache.org/maven2/org/opensearch/client/opensearch-rest-high-level-client/2.11.0/opensearch-rest-high-level-client-2.11.0.jar (313 kB at 18 kB/s)
Downloading from central: https://repo.maven.apache.org/maven2/org/opensearch/opensearch-common/2.11.0/opensearch-common-2.11.0.jar
Progress (4): 0.9/4.0 MB | 1.3/1.6 MB | 0.6/1.6 MB | 0.5/14 MBProgress (4): 0.9/4.0 MB | 1.3/1.6 MB | 0.6/1.6 MB | 0.5/14 MBProgress (4): 0.9/4.0 MB | 1.3/1.6 MB | 0.6/1.6 MB | 0.5/14 MBProgress (4): 0.9/4.0 MB | 1.3/1.6 MB | 0.6/1.6 MB | 0.5/14 MBProgress (4): 0.9/4.0 MB | 1.3/1.6 MB | 0.6/1.6 MB | 0.5/14 MBProgress (4): 1.0/4.0 MB | 1.3/1.6 MB | 0.6/1.6 MB | 0.5/14 MBProgress (4): 1.0/4.0 MB | 1.3/1.6 MB | 0.6/1.6 MB | 0.5/14 MBProgress (4): 1.0/4.0 MB | 1.3/1.6 MB | 0.6/1.6 MB | 0.5/14 MBProgress (4): 1.0/4.0 MB | 1.3/1.6 MB | 0.6/1.6 MB | 0.5/14 MBProgress (4): 1.0/4.0 MB | 1.3/1.6 MB | 0.6/1.6 MB | 0.5/14 MBProgress (4): 1.0/4.0 MB | 1.3/1.6 MB | 0.6/1.6 MB | 0.5/14 MBProgress (4): 1.0/4.0 MB | 1.3/1.6 MB | 0.6/1.6 MB | 0.5/14 MBProgress (4): 1.0/4.0 MB | 1.3/1.6 MB | 0.6/1.6 MB | 0.5/14 MBProgress (4): 1.0/4.0 MB | 1.3/1.6 MB | 0.6/1.6 MB | 0.5/14 MBProgress (4): 1.0/4.0 MB | 1.3/1.6 MB | 0.7/1.6 MB | 0.5/14 MBProgress (4): 1.0/4.0 MB | 1.3/1.6 MB | 0.7/1.6 MB | 0.6/14 MBProgress (4): 1.0/4.0 MB | 1.3/1.6 MB | 0.7/1.6 MB | 0.6/14 MBProgress (4): 1.0/4.0 MB | 1.3/1.6 MB | 0.7/1.6 MB | 0.6/14 MBProgress (4): 1.0/4.0 MB | 1.4/1.6 MB | 0.7/1.6 MB | 0.6/14 MBProgress (4): 1.0/4.0 MB | 1.4/1.6 MB | 0.7/1.6 MB | 0.6/14 MBProgress (4): 1.0/4.0 MB | 1.4/1.6 MB | 0.7/1.6 MB | 0.6/14 MBProgress (4): 1.0/4.0 MB | 1.4/1.6 MB | 0.7/1.6 MB | 0.6/14 MBProgress (4): 1.0/4.0 MB | 1.4/1.6 MB | 0.7/1.6 MB | 0.6/14 MBProgress (4): 1.0/4.0 MB | 1.4/1.6 MB | 0.7/1.6 MB | 0.6/14 MBProgress (4): 1.0/4.0 MB | 1.4/1.6 MB | 0.7/1.6 MB | 0.6/14 MBProgress (4): 1.0/4.0 MB | 1.4/1.6 MB | 0.7/1.6 MB | 0.6/14 MBProgress (4): 1.0/4.0 MB | 1.4/1.6 MB | 0.7/1.6 MB | 0.6/14 MBProgress (4): 1.0/4.0 MB | 1.4/1.6 MB | 0.7/1.6 MB | 0.6/14 MBProgress (4): 1.0/4.0 MB | 1.4/1.6 MB | 0.7/1.6 MB | 0.6/14 MBProgress (4): 1.0/4.0 MB | 1.4/1.6 MB | 0.7/1.6 MB | 0.6/14 MBProgress (4): 1.0/4.0 MB | 1.4/1.6 MB | 0.7/1.6 MB | 0.7/14 MBProgress (4): 1.0/4.0 MB | 1.4/1.6 MB | 0.7/1.6 MB | 0.7/14 MBProgress (4): 1.0/4.0 MB | 1.4/1.6 MB | 0.7/1.6 MB | 0.7/14 MBProgress (4): 1.0/4.0 MB | 1.4/1.6 MB | 0.7/1.6 MB | 0.7/14 MBProgress (4): 1.0/4.0 MB | 1.4/1.6 MB | 0.7/1.6 MB | 0.7/14 MBProgress (5): 1.0/4.0 MB | 1.4/1.6 MB | 0.7/1.6 MB | 0.7/14 MB | 7.7/142 kBProgress (5): 1.0/4.0 MB | 1.4/1.6 MB | 0.7/1.6 MB | 0.7/14 MB | 16/142 kB Progress (5): 1.0/4.0 MB | 1.4/1.6 MB | 0.7/1.6 MB | 0.7/14 MB | 16/142 kBProgress (5): 1.0/4.0 MB | 1.4/1.6 MB | 0.7/1.6 MB | 0.7/14 MB | 16/142 kBProgress (5): 1.0/4.0 MB | 1.4/1.6 MB | 0.7/1.6 MB | 0.7/14 MB | 16/142 kBProgress (5): 1.0/4.0 MB | 1.4/1.6 MB | 0.7/1.6 MB | 0.7/14 MB | 16/142 kBProgress (5): 1.0/4.0 MB | 1.4/1.6 MB | 0.7/1.6 MB | 0.7/14 MB | 16/142 kBProgress (5): 1.0/4.0 MB | 1.4/1.6 MB | 0.7/1.6 MB | 0.7/14 MB | 16/142 kBProgress (5): 1.0/4.0 MB | 1.4/1.6 MB | 0.7/1.6 MB | 0.7/14 MB | 32/142 kBProgress (5): 1.0/4.0 MB | 1.4/1.6 MB | 0.7/1.6 MB | 0.7/14 MB | 32/142 kBProgress (5): 1.0/4.0 MB | 1.4/1.6 MB | 0.7/1.6 MB | 0.7/14 MB | 32/142 kBProgress (5): 1.0/4.0 MB | 1.4/1.6 MB | 0.7/1.6 MB | 0.7/14 MB | 32/142 kBProgress (5): 1.1/4.0 MB | 1.4/1.6 MB | 0.7/1.6 MB | 0.7/14 MB | 32/142 kBProgress (5): 1.1/4.0 MB | 1.4/1.6 MB | 0.7/1.6 MB | 0.7/14 MB | 49/142 kBProgress (5): 1.1/4.0 MB | 1.4/1.6 MB | 0.7/1.6 MB | 0.8/14 MB | 49/142 kBProgress (5): 1.1/4.0 MB | 1.5/1.6 MB | 0.7/1.6 MB | 0.8/14 MB | 49/142 kBProgress (5): 1.1/4.0 MB | 1.5/1.6 MB | 0.8/1.6 MB | 0.8/14 MB | 49/142 kBProgress (5): 1.1/4.0 MB | 1.5/1.6 MB | 0.8/1.6 MB | 0.8/14 MB | 49/142 kBProgress (5): 1.1/4.0 MB | 1.5/1.6 MB | 0.8/1.6 MB | 0.8/14 MB | 49/142 kBProgress (5): 1.1/4.0 MB | 1.5/1.6 MB | 0.8/1.6 MB | 0.8/14 MB | 49/142 kBProgress (5): 1.1/4.0 MB | 1.5/1.6 MB | 0.8/1.6 MB | 0.8/14 MB | 49/142 kBProgress (5): 1.1/4.0 MB | 1.5/1.6 MB | 0.8/1.6 MB | 0.8/14 MB | 65/142 kBProgress (5): 1.1/4.0 MB | 1.5/1.6 MB | 0.8/1.6 MB | 0.8/14 MB | 65/142 kBProgress (5): 1.1/4.0 MB | 1.5/1.6 MB | 0.8/1.6 MB | 0.8/14 MB | 65/142 kBProgress (5): 1.1/4.0 MB | 1.5/1.6 MB | 0.8/1.6 MB | 0.8/14 MB | 65/142 kBProgress (5): 1.1/4.0 MB | 1.5/1.6 MB | 0.8/1.6 MB | 0.8/14 MB | 65/142 kBProgress (5): 1.1/4.0 MB | 1.5/1.6 MB | 0.8/1.6 MB | 0.8/14 MB | 81/142 kBProgress (5): 1.1/4.0 MB | 1.5/1.6 MB | 0.8/1.6 MB | 0.8/14 MB | 81/142 kBProgress (5): 1.1/4.0 MB | 1.5/1.6 MB | 0.8/1.6 MB | 0.8/14 MB | 98/142 kBProgress (5): 1.1/4.0 MB | 1.5/1.6 MB | 0.8/1.6 MB | 0.8/14 MB | 98/142 kBProgress (5): 1.1/4.0 MB | 1.5/1.6 MB | 0.8/1.6 MB | 0.8/14 MB | 114/142 kBProgress (5): 1.1/4.0 MB | 1.5/1.6 MB | 0.8/1.6 MB | 0.8/14 MB | 114/142 kBProgress (5): 1.1/4.0 MB | 1.5/1.6 MB | 0.8/1.6 MB | 0.8/14 MB | 114/142 kBProgress (5): 1.1/4.0 MB | 1.5/1.6 MB | 0.8/1.6 MB | 0.8/14 MB | 114/142 kBProgress (5): 1.1/4.0 MB | 1.5/1.6 MB | 0.8/1.6 MB | 0.8/14 MB | 114/142 kBProgress (5): 1.1/4.0 MB | 1.5/1.6 MB | 0.8/1.6 MB | 0.8/14 MB | 131/142 kBProgress (5): 1.1/4.0 MB | 1.5/1.6 MB | 0.8/1.6 MB | 0.8/14 MB | 131/142 kBProgress (5): 1.1/4.0 MB | 1.5/1.6 MB | 0.9/1.6 MB | 0.8/14 MB | 131/142 kBProgress (5): 1.1/4.0 MB | 1.5/1.6 MB | 0.9/1.6 MB | 0.8/14 MB | 131/142 kBProgress (5): 1.1/4.0 MB | 1.5/1.6 MB | 0.9/1.6 MB | 0.8/14 MB | 142 kB    Progress (5): 1.1/4.0 MB | 1.5/1.6 MB | 0.9/1.6 MB | 0.9/14 MB | 142 kB                                                                       Downloaded from central: https://repo.maven.apache.org/maven2/org/opensearch/opensearch-common/2.11.0/opensearch-common-2.11.0.jar (142 kB at 7.9 kB/s)
Downloading from central: https://repo.maven.apache.org/maven2/org/opensearch/opensearch-core/2.11.0/opensearch-core-2.11.0.jar
Progress (4): 1.1/4.0 MB | 1.5/1.6 MB | 0.9/1.6 MB | 0.9/14 MBProgress (4): 1.1/4.0 MB | 1.5/1.6 MB | 0.9/1.6 MB | 0.9/14 MBProgress (4): 1.1/4.0 MB | 1.5/1.6 MB | 0.9/1.6 MB | 0.9/14 MBProgress (4): 1.1/4.0 MB | 1.5/1.6 MB | 0.9/1.6 MB | 0.9/14 MBProgress (4): 1.1/4.0 MB | 1.5/1.6 MB | 0.9/1.6 MB | 0.9/14 MBProgress (4): 1.1/4.0 MB | 1.5/1.6 MB | 0.9/1.6 MB | 0.9/14 MBProgress (4): 1.1/4.0 MB | 1.5/1.6 MB | 0.9/1.6 MB | 0.9/14 MBProgress (4): 1.1/4.0 MB | 1.6/1.6 MB | 0.9/1.6 MB | 0.9/14 MBProgress (4): 1.1/4.0 MB | 1.6/1.6 MB | 0.9/1.6 MB | 0.9/14 MBProgress (4): 1.1/4.0 MB | 1.6/1.6 MB | 0.9/1.6 MB | 0.9/14 MBProgress (4): 1.1/4.0 MB | 1.6/1.6 MB | 0.9/1.6 MB | 0.9/14 MBProgress (4): 1.1/4.0 MB | 1.6/1.6 MB | 0.9/1.6 MB | 0.9/14 MBProgress (4): 1.1/4.0 MB | 1.6/1.6 MB | 0.9/1.6 MB | 0.9/14 MBProgress (4): 1.1/4.0 MB | 1.6/1.6 MB | 0.9/1.6 MB | 0.9/14 MBProgress (4): 1.1/4.0 MB | 1.6/1.6 MB | 0.9/1.6 MB | 0.9/14 MBProgress (4): 1.1/4.0 MB | 1.6/1.6 MB | 0.9/1.6 MB | 0.9/14 MBProgress (4): 1.1/4.0 MB | 1.6/1.6 MB | 0.9/1.6 MB | 0.9/14 MBProgress (4): 1.1/4.0 MB | 1.6/1.6 MB | 0.9/1.6 MB | 1.0/14 MBProgress (4): 1.1/4.0 MB | 1.6/1.6 MB | 0.9/1.6 MB | 1.0/14 MBProgress (4): 1.1/4.0 MB | 1.6/1.6 MB | 0.9/1.6 MB | 1.0/14 MBProgress (4): 1.1/4.0 MB | 1.6 MB | 0.9/1.6 MB | 1.0/14 MB    Progress (4): 1.1/4.0 MB | 1.6 MB | 0.9/1.6 MB | 1.0/14 MBProgress (4): 1.1/4.0 MB | 1.6 MB | 0.9/1.6 MB | 1.0/14 MB                                                          Downloaded from central: https://repo.maven.apache.org/maven2/com/fasterxml/jackson/core/jackson-databind/2.15.3/jackson-databind-2.15.3.jar (1.6 MB at 90 kB/s)
Downloading from central: https://repo.maven.apache.org/maven2/org/opensearch/opensearch-compress/2.11.0/opensearch-compress-2.11.0.jar
Progress (3): 1.1/4.0 MB | 0.9/1.6 MB | 1.0/14 MBProgress (3): 1.2/4.0 MB | 0.9/1.6 MB | 1.0/14 MBProgress (4): 1.2/4.0 MB | 0.9/1.6 MB | 1.0/14 MB | 7.7/342 kBProgress (4): 1.2/4.0 MB | 0.9/1.6 MB | 1.0/14 MB | 12/342 kB Progress (4): 1.2/4.0 MB | 0.9/1.6 MB | 1.0/14 MB | 12/342 kBProgress (4): 1.2/4.0 MB | 1.0/1.6 MB | 1.0/14 MB | 12/342 kBProgress (4): 1.2/4.0 MB | 1.0/1.6 MB | 1.0/14 MB | 28/342 kBProgress (4): 1.2/4.0 MB | 1.0/1.6 MB | 1.0/14 MB | 28/342 kBProgress (4): 1.2/4.0 MB | 1.0/1.6 MB | 1.0/14 MB | 28/342 kBProgress (4): 1.2/4.0 MB | 1.0/1.6 MB | 1.0/14 MB | 28/342 kBProgress (4): 1.2/4.0 MB | 1.0/1.6 MB | 1.1/14 MB | 28/342 kBProgress (4): 1.2/4.0 MB | 1.0/1.6 MB | 1.1/14 MB | 28/342 kBProgress (4): 1.2/4.0 MB | 1.0/1.6 MB | 1.1/14 MB | 44/342 kBProgress (4): 1.2/4.0 MB | 1.0/1.6 MB | 1.1/14 MB | 44/342 kBProgress (4): 1.2/4.0 MB | 1.0/1.6 MB | 1.1/14 MB | 44/342 kBProgress (4): 1.2/4.0 MB | 1.0/1.6 MB | 1.1/14 MB | 44/342 kBProgress (4): 1.2/4.0 MB | 1.0/1.6 MB | 1.1/14 MB | 44/342 kBProgress (4): 1.2/4.0 MB | 1.0/1.6 MB | 1.1/14 MB | 44/342 kBProgress (4): 1.2/4.0 MB | 1.0/1.6 MB | 1.1/14 MB | 44/342 kBProgress (4): 1.2/4.0 MB | 1.0/1.6 MB | 1.1/14 MB | 61/342 kBProgress (4): 1.2/4.0 MB | 1.0/1.6 MB | 1.1/14 MB | 61/342 kBProgress (5): 1.2/4.0 MB | 1.0/1.6 MB | 1.1/14 MB | 61/342 kB | 7.7/8.2 kBProgress (5): 1.2/4.0 MB | 1.0/1.6 MB | 1.1/14 MB | 61/342 kB | 8.2 kB    Progress (5): 1.2/4.0 MB | 1.0/1.6 MB | 1.1/14 MB | 61/342 kB | 8.2 kB                                                                      Downloaded from central: https://repo.maven.apache.org/maven2/org/opensearch/opensearch-compress/2.11.0/opensearch-compress-2.11.0.jar (8.2 kB at 452 B/s)
Downloading from central: https://repo.maven.apache.org/maven2/org/opensearch/opensearch-secure-sm/2.11.0/opensearch-secure-sm-2.11.0.jar
Progress (4): 1.2/4.0 MB | 1.0/1.6 MB | 1.1/14 MB | 61/342 kBProgress (4): 1.2/4.0 MB | 1.0/1.6 MB | 1.1/14 MB | 77/342 kBProgress (4): 1.2/4.0 MB | 1.0/1.6 MB | 1.2/14 MB | 77/342 kBProgress (4): 1.2/4.0 MB | 1.0/1.6 MB | 1.2/14 MB | 77/342 kBProgress (4): 1.2/4.0 MB | 1.0/1.6 MB | 1.2/14 MB | 77/342 kBProgress (4): 1.2/4.0 MB | 1.1/1.6 MB | 1.2/14 MB | 77/342 kBProgress (4): 1.2/4.0 MB | 1.1/1.6 MB | 1.2/14 MB | 77/342 kBProgress (4): 1.2/4.0 MB | 1.1/1.6 MB | 1.2/14 MB | 77/342 kBProgress (4): 1.2/4.0 MB | 1.1/1.6 MB | 1.2/14 MB | 93/342 kBProgress (4): 1.2/4.0 MB | 1.1/1.6 MB | 1.2/14 MB | 93/342 kBProgress (4): 1.2/4.0 MB | 1.1/1.6 MB | 1.2/14 MB | 93/342 kBProgress (4): 1.2/4.0 MB | 1.1/1.6 MB | 1.2/14 MB | 93/342 kBProgress (4): 1.2/4.0 MB | 1.1/1.6 MB | 1.2/14 MB | 110/342 kBProgress (4): 1.2/4.0 MB | 1.1/1.6 MB | 1.2/14 MB | 110/342 kBProgress (4): 1.2/4.0 MB | 1.1/1.6 MB | 1.2/14 MB | 110/342 kBProgress (4): 1.2/4.0 MB | 1.1/1.6 MB | 1.2/14 MB | 110/342 kBProgress (4): 1.2/4.0 MB | 1.1/1.6 MB | 1.3/14 MB | 110/342 kBProgress (4): 1.2/4.0 MB | 1.1/1.6 MB | 1.3/14 MB | 110/342 kBProgress (4): 1.2/4.0 MB | 1.1/1.6 MB | 1.3/14 MB | 110/342 kBProgress (4): 1.2/4.0 MB | 1.1/1.6 MB | 1.3/14 MB | 126/342 kBProgress (4): 1.3/4.0 MB | 1.1/1.6 MB | 1.3/14 MB | 126/342 kBProgress (4): 1.3/4.0 MB | 1.1/1.6 MB | 1.3/14 MB | 126/342 kBProgress (4): 1.3/4.0 MB | 1.1/1.6 MB | 1.3/14 MB | 126/342 kBProgress (4): 1.3/4.0 MB | 1.1/1.6 MB | 1.3/14 MB | 126/342 kBProgress (4): 1.3/4.0 MB | 1.1/1.6 MB | 1.3/14 MB | 143/342 kBProgress (4): 1.3/4.0 MB | 1.1/1.6 MB | 1.3/14 MB | 143/342 kBProgress (4): 1.3/4.0 MB | 1.1/1.6 MB | 1.3/14 MB | 143/342 kBProgress (4): 1.3/4.0 MB | 1.1/1.6 MB | 1.3/14 MB | 143/342 kBProgress (4): 1.3/4.0 MB | 1.1/1.6 MB | 1.3/14 MB | 143/342 kBProgress (4): 1.3/4.0 MB | 1.1/1.6 MB | 1.3/14 MB | 159/342 kBProgress (4): 1.3/4.0 MB | 1.2/1.6 MB | 1.3/14 MB | 159/342 kBProgress (4): 1.3/4.0 MB | 1.2/1.6 MB | 1.4/14 MB | 159/342 kBProgress (4): 1.3/4.0 MB | 1.2/1.6 MB | 1.4/14 MB | 159/342 kBProgress (4): 1.3/4.0 MB | 1.2/1.6 MB | 1.4/14 MB | 159/342 kBProgress (4): 1.3/4.0 MB | 1.2/1.6 MB | 1.4/14 MB | 159/342 kBProgress (4): 1.3/4.0 MB | 1.2/1.6 MB | 1.4/14 MB | 159/342 kBProgress (4): 1.3/4.0 MB | 1.2/1.6 MB | 1.4/14 MB | 175/342 kBProgress (4): 1.3/4.0 MB | 1.2/1.6 MB | 1.4/14 MB | 175/342 kBProgress (4): 1.3/4.0 MB | 1.2/1.6 MB | 1.4/14 MB | 175/342 kBProgress (4): 1.3/4.0 MB | 1.2/1.6 MB | 1.4/14 MB | 175/342 kBProgress (4): 1.3/4.0 MB | 1.2/1.6 MB | 1.4/14 MB | 175/342 kBProgress (4): 1.3/4.0 MB | 1.2/1.6 MB | 1.4/14 MB | 192/342 kBProgress (5): 1.3/4.0 MB | 1.2/1.6 MB | 1.4/14 MB | 192/342 kB | 7.7/15 kBProgress (5): 1.3/4.0 MB | 1.2/1.6 MB | 1.4/14 MB | 192/342 kB | 12/15 kB Progress (5): 1.3/4.0 MB | 1.2/1.6 MB | 1.4/14 MB | 192/342 kB | 15 kB   Progress (5): 1.3/4.0 MB | 1.2/1.6 MB | 1.4/14 MB | 192/342 kB | 15 kB                                                                      Downloaded from central: https://repo.maven.apache.org/maven2/org/opensearch/opensearch-secure-sm/2.11.0/opensearch-secure-sm-2.11.0.jar (15 kB at 837 B/s)
Downloading from central: https://repo.maven.apache.org/maven2/org/opensearch/opensearch-x-content/2.11.0/opensearch-x-content-2.11.0.jar
Progress (4): 1.3/4.0 MB | 1.2/1.6 MB | 1.4/14 MB | 192/342 kBProgress (4): 1.3/4.0 MB | 1.2/1.6 MB | 1.5/14 MB | 192/342 kBProgress (4): 1.3/4.0 MB | 1.2/1.6 MB | 1.5/14 MB | 192/342 kBProgress (4): 1.3/4.0 MB | 1.2/1.6 MB | 1.5/14 MB | 192/342 kBProgress (4): 1.3/4.0 MB | 1.2/1.6 MB | 1.5/14 MB | 208/342 kBProgress (4): 1.3/4.0 MB | 1.2/1.6 MB | 1.5/14 MB | 208/342 kBProgress (4): 1.3/4.0 MB | 1.2/1.6 MB | 1.5/14 MB | 208/342 kBProgress (4): 1.3/4.0 MB | 1.2/1.6 MB | 1.5/14 MB | 208/342 kBProgress (4): 1.3/4.0 MB | 1.2/1.6 MB | 1.5/14 MB | 225/342 kBProgress (4): 1.3/4.0 MB | 1.2/1.6 MB | 1.5/14 MB | 225/342 kBProgress (4): 1.3/4.0 MB | 1.2/1.6 MB | 1.5/14 MB | 225/342 kBProgress (4): 1.3/4.0 MB | 1.2/1.6 MB | 1.5/14 MB | 225/342 kBProgress (4): 1.3/4.0 MB | 1.3/1.6 MB | 1.5/14 MB | 225/342 kBProgress (4): 1.3/4.0 MB | 1.3/1.6 MB | 1.5/14 MB | 241/342 kBProgress (4): 1.3/4.0 MB | 1.3/1.6 MB | 1.5/14 MB | 241/342 kBProgress (4): 1.3/4.0 MB | 1.3/1.6 MB | 1.5/14 MB | 241/342 kBProgress (4): 1.3/4.0 MB | 1.3/1.6 MB | 1.6/14 MB | 241/342 kBProgress (4): 1.3/4.0 MB | 1.3/1.6 MB | 1.6/14 MB | 257/342 kBProgress (4): 1.4/4.0 MB | 1.3/1.6 MB | 1.6/14 MB | 257/342 kBProgress (4): 1.4/4.0 MB | 1.3/1.6 MB | 1.6/14 MB | 257/342 kBProgress (4): 1.4/4.0 MB | 1.3/1.6 MB | 1.6/14 MB | 257/342 kBProgress (4): 1.4/4.0 MB | 1.3/1.6 MB | 1.6/14 MB | 257/342 kBProgress (4): 1.4/4.0 MB | 1.3/1.6 MB | 1.6/14 MB | 274/342 kBProgress (4): 1.4/4.0 MB | 1.3/1.6 MB | 1.6/14 MB | 274/342 kBProgress (4): 1.4/4.0 MB | 1.3/1.6 MB | 1.6/14 MB | 274/342 kBProgress (4): 1.4/4.0 MB | 1.3/1.6 MB | 1.6/14 MB | 274/342 kBProgress (4): 1.4/4.0 MB | 1.3/1.6 MB | 1.6/14 MB | 274/342 kBProgress (4): 1.4/4.0 MB | 1.3/1.6 MB | 1.6/14 MB | 274/342 kBProgress (4): 1.4/4.0 MB | 1.3/1.6 MB | 1.6/14 MB | 274/342 kBProgress (4): 1.4/4.0 MB | 1.3/1.6 MB | 1.6/14 MB | 290/342 kBProgress (4): 1.4/4.0 MB | 1.3/1.6 MB | 1.7/14 MB | 290/342 kBProgress (4): 1.4/4.0 MB | 1.3/1.6 MB | 1.7/14 MB | 290/342 kBProgress (4): 1.4/4.0 MB | 1.3/1.6 MB | 1.7/14 MB | 290/342 kBProgress (4): 1.4/4.0 MB | 1.3/1.6 MB | 1.7/14 MB | 290/342 kBProgress (4): 1.4/4.0 MB | 1.3/1.6 MB | 1.7/14 MB | 290/342 kBProgress (4): 1.4/4.0 MB | 1.3/1.6 MB | 1.7/14 MB | 306/342 kBProgress (4): 1.4/4.0 MB | 1.4/1.6 MB | 1.7/14 MB | 306/342 kBProgress (4): 1.4/4.0 MB | 1.4/1.6 MB | 1.7/14 MB | 306/342 kBProgress (4): 1.4/4.0 MB | 1.4/1.6 MB | 1.7/14 MB | 306/342 kBProgress (4): 1.4/4.0 MB | 1.4/1.6 MB | 1.7/14 MB | 306/342 kBProgress (4): 1.4/4.0 MB | 1.4/1.6 MB | 1.7/14 MB | 306/342 kBProgress (4): 1.4/4.0 MB | 1.4/1.6 MB | 1.7/14 MB | 323/342 kBProgress (4): 1.4/4.0 MB | 1.4/1.6 MB | 1.7/14 MB | 323/342 kBProgress (4): 1.4/4.0 MB | 1.4/1.6 MB | 1.7/14 MB | 323/342 kBProgress (5): 1.4/4.0 MB | 1.4/1.6 MB | 1.7/14 MB | 323/342 kB | 7.7/40 kBProgress (5): 1.4/4.0 MB | 1.4/1.6 MB | 1.7/14 MB | 323/342 kB | 16/40 kB Progress (5): 1.4/4.0 MB | 1.4/1.6 MB | 1.8/14 MB | 323/342 kB | 16/40 kBProgress (5): 1.4/4.0 MB | 1.4/1.6 MB | 1.8/14 MB | 323/342 kB | 16/40 kBProgress (5): 1.4/4.0 MB | 1.4/1.6 MB | 1.8/14 MB | 323/342 kB | 16/40 kBProgress (5): 1.4/4.0 MB | 1.4/1.6 MB | 1.8/14 MB | 323/342 kB | 32/40 kBProgress (5): 1.4/4.0 MB | 1.4/1.6 MB | 1.8/14 MB | 339/342 kB | 32/40 kBProgress (5): 1.4/4.0 MB | 1.4/1.6 MB | 1.8/14 MB | 339/342 kB | 32/40 kBProgress (5): 1.4/4.0 MB | 1.4/1.6 MB | 1.8/14 MB | 342 kB | 32/40 kB                                                                         Downloaded from central: https://repo.maven.apache.org/maven2/org/opensearch/opensearch-core/2.11.0/opensearch-core-2.11.0.jar (342 kB at 18 kB/s)
Downloading from central: https://repo.maven.apache.org/maven2/com/fasterxml/jackson/dataformat/jackson-dataformat-smile/2.15.3/jackson-dataformat-smile-2.15.3.jar
Progress (4): 1.4/4.0 MB | 1.4/1.6 MB | 1.8/14 MB | 32/40 kBProgress (4): 1.4/4.0 MB | 1.4/1.6 MB | 1.8/14 MB | 40 kB                                                            Downloaded from central: https://repo.maven.apache.org/maven2/org/opensearch/opensearch-x-content/2.11.0/opensearch-x-content-2.11.0.jar (40 kB at 2.2 kB/s)
Downloading from central: https://repo.maven.apache.org/maven2/com/fasterxml/jackson/dataformat/jackson-dataformat-yaml/2.15.3/jackson-dataformat-yaml-2.15.3.jar
Progress (3): 1.4/4.0 MB | 1.4/1.6 MB | 1.8/14 MBProgress (3): 1.4/4.0 MB | 1.4/1.6 MB | 1.8/14 MBProgress (3): 1.4/4.0 MB | 1.4/1.6 MB | 1.8/14 MBProgress (3): 1.4/4.0 MB | 1.4/1.6 MB | 1.8/14 MBProgress (3): 1.4/4.0 MB | 1.4/1.6 MB | 1.8/14 MBProgress (3): 1.4/4.0 MB | 1.4/1.6 MB | 1.8/14 MBProgress (3): 1.4/4.0 MB | 1.5/1.6 MB | 1.8/14 MBProgress (3): 1.4/4.0 MB | 1.5/1.6 MB | 1.9/14 MBProgress (3): 1.5/4.0 MB | 1.5/1.6 MB | 1.9/14 MBProgress (3): 1.5/4.0 MB | 1.5/1.6 MB | 1.9/14 MBProgress (3): 1.5/4.0 MB | 1.5/1.6 MB | 1.9/14 MBProgress (3): 1.5/4.0 MB | 1.5/1.6 MB | 1.9/14 MBProgress (3): 1.5/4.0 MB | 1.5/1.6 MB | 1.9/14 MBProgress (3): 1.5/4.0 MB | 1.5/1.6 MB | 1.9/14 MBProgress (3): 1.5/4.0 MB | 1.5/1.6 MB | 1.9/14 MBProgress (3): 1.5/4.0 MB | 1.5/1.6 MB | 1.9/14 MBProgress (3): 1.5/4.0 MB | 1.5/1.6 MB | 1.9/14 MBProgress (3): 1.5/4.0 MB | 1.5/1.6 MB | 1.9/14 MBProgress (3): 1.5/4.0 MB | 1.5/1.6 MB | 1.9/14 MBProgress (3): 1.5/4.0 MB | 1.5/1.6 MB | 1.9/14 MBProgress (3): 1.5/4.0 MB | 1.5/1.6 MB | 1.9/14 MBProgress (3): 1.5/4.0 MB | 1.5/1.6 MB | 1.9/14 MBProgress (3): 1.5/4.0 MB | 1.5/1.6 MB | 2.0/14 MBProgress (3): 1.5/4.0 MB | 1.5/1.6 MB | 2.0/14 MBProgress (3): 1.5/4.0 MB | 1.5/1.6 MB | 2.0/14 MBProgress (3): 1.5/4.0 MB | 1.5/1.6 MB | 2.0/14 MBProgress (3): 1.5/4.0 MB | 1.6/1.6 MB | 2.0/14 MBProgress (3): 1.5/4.0 MB | 1.6/1.6 MB | 2.0/14 MBProgress (3): 1.5/4.0 MB | 1.6/1.6 MB | 2.0/14 MBProgress (3): 1.5/4.0 MB | 1.6/1.6 MB | 2.0/14 MBProgress (3): 1.5/4.0 MB | 1.6/1.6 MB | 2.0/14 MBProgress (3): 1.5/4.0 MB | 1.6/1.6 MB | 2.0/14 MBProgress (3): 1.5/4.0 MB | 1.6/1.6 MB | 2.1/14 MBProgress (3): 1.5/4.0 MB | 1.6/1.6 MB | 2.1/14 MBProgress (3): 1.5/4.0 MB | 1.6 MB | 2.1/14 MB                                                 Downloaded from central: https://repo.maven.apache.org/maven2/com/fasterxml/woodstox/woodstox-core/6.5.1/woodstox-core-6.5.1.jar (1.6 MB at 85 kB/s)
Downloading from central: https://repo.maven.apache.org/maven2/com/fasterxml/jackson/dataformat/jackson-dataformat-cbor/2.15.3/jackson-dataformat-cbor-2.15.3.jar
Progress (2): 1.5/4.0 MB | 2.1/14 MBProgress (2): 1.5/4.0 MB | 2.1/14 MBProgress (2): 1.5/4.0 MB | 2.1/14 MBProgress (3): 1.5/4.0 MB | 2.1/14 MB | 7.7/98 kBProgress (3): 1.5/4.0 MB | 2.1/14 MB | 8.2/98 kBProgress (3): 1.5/4.0 MB | 2.1/14 MB | 8.2/98 kBProgress (4): 1.5/4.0 MB | 2.1/14 MB | 8.2/98 kB | 7.7/55 kBProgress (4): 1.5/4.0 MB | 2.1/14 MB | 8.2/98 kB | 16/55 kB Progress (4): 1.5/4.0 MB | 2.1/14 MB | 8.2/98 kB | 16/55 kBProgress (4): 1.6/4.0 MB | 2.1/14 MB | 8.2/98 kB | 16/55 kBProgress (4): 1.6/4.0 MB | 2.1/14 MB | 8.2/98 kB | 25/55 kBProgress (4): 1.6/4.0 MB | 2.1/14 MB | 8.2/98 kB | 25/55 kBProgress (4): 1.6/4.0 MB | 2.2/14 MB | 8.2/98 kB | 25/55 kBProgress (4): 1.6/4.0 MB | 2.2/14 MB | 8.2/98 kB | 41/55 kBProgress (4): 1.6/4.0 MB | 2.2/14 MB | 25/98 kB | 41/55 kB Progress (4): 1.6/4.0 MB | 2.2/14 MB | 25/98 kB | 55 kB   Progress (4): 1.6/4.0 MB | 2.2/14 MB | 41/98 kB | 55 kB                                                       Downloaded from central: https://repo.maven.apache.org/maven2/com/fasterxml/jackson/dataformat/jackson-dataformat-yaml/2.15.3/jackson-dataformat-yaml-2.15.3.jar (55 kB at 2.9 kB/s)
Downloading from central: https://repo.maven.apache.org/maven2/org/opensearch/opensearch-geo/2.11.0/opensearch-geo-2.11.0.jar
Progress (3): 1.6/4.0 MB | 2.2/14 MB | 57/98 kBProgress (3): 1.6/4.0 MB | 2.2/14 MB | 74/98 kBProgress (3): 1.6/4.0 MB | 2.2/14 MB | 90/98 kBProgress (3): 1.6/4.0 MB | 2.2/14 MB | 98 kB                                               Downloaded from central: https://repo.maven.apache.org/maven2/com/fasterxml/jackson/dataformat/jackson-dataformat-smile/2.15.3/jackson-dataformat-smile-2.15.3.jar (98 kB at 5.2 kB/s)
Downloading from central: https://repo.maven.apache.org/maven2/org/opensearch/opensearch-telemetry/2.11.0/opensearch-telemetry-2.11.0.jar
Progress (2): 1.6/4.0 MB | 2.2/14 MBProgress (2): 1.6/4.0 MB | 2.2/14 MBProgress (2): 1.6/4.0 MB | 2.2/14 MBProgress (2): 1.6/4.0 MB | 2.2/14 MBProgress (2): 1.6/4.0 MB | 2.2/14 MBProgress (2): 1.6/4.0 MB | 2.2/14 MBProgress (2): 1.6/4.0 MB | 2.2/14 MBProgress (2): 1.6/4.0 MB | 2.3/14 MBProgress (2): 1.6/4.0 MB | 2.3/14 MBProgress (3): 1.6/4.0 MB | 2.3/14 MB | 7.7/70 kBProgress (3): 1.6/4.0 MB | 2.3/14 MB | 8.2/70 kBProgress (3): 1.6/4.0 MB | 2.3/14 MB | 8.2/70 kBProgress (3): 1.6/4.0 MB | 2.3/14 MB | 8.2/70 kBProgress (3): 1.6/4.0 MB | 2.3/14 MB | 8.2/70 kBProgress (3): 1.6/4.0 MB | 2.3/14 MB | 8.2/70 kBProgress (3): 1.6/4.0 MB | 2.3/14 MB | 25/70 kB Progress (3): 1.6/4.0 MB | 2.3/14 MB | 25/70 kBProgress (3): 1.6/4.0 MB | 2.3/14 MB | 25/70 kBProgress (3): 1.6/4.0 MB | 2.3/14 MB | 41/70 kBProgress (3): 1.6/4.0 MB | 2.4/14 MB | 41/70 kBProgress (3): 1.6/4.0 MB | 2.4/14 MB | 41/70 kBProgress (3): 1.6/4.0 MB | 2.4/14 MB | 57/70 kBProgress (3): 1.6/4.0 MB | 2.4/14 MB | 57/70 kBProgress (3): 1.6/4.0 MB | 2.4/14 MB | 57/70 kBProgress (3): 1.6/4.0 MB | 2.4/14 MB | 57/70 kBProgress (3): 1.6/4.0 MB | 2.4/14 MB | 70 kB   Progress (3): 1.7/4.0 MB | 2.4/14 MB | 70 kB                                            Downloaded from central: https://repo.maven.apache.org/maven2/com/fasterxml/jackson/dataformat/jackson-dataformat-cbor/2.15.3/jackson-dataformat-cbor-2.15.3.jar (70 kB at 3.7 kB/s)
Downloading from central: https://repo.maven.apache.org/maven2/org/apache/lucene/lucene-core/9.7.0/lucene-core-9.7.0.jar
Progress (2): 1.7/4.0 MB | 2.4/14 MBProgress (2): 1.7/4.0 MB | 2.4/14 MBProgress (2): 1.7/4.0 MB | 2.4/14 MBProgress (2): 1.7/4.0 MB | 2.5/14 MBProgress (3): 1.7/4.0 MB | 2.5/14 MB | 7.7/46 kBProgress (4): 1.7/4.0 MB | 2.5/14 MB | 7.7/46 kB | 7.7/30 kBProgress (4): 1.7/4.0 MB | 2.5/14 MB | 7.7/46 kB | 12/30 kB Progress (4): 1.7/4.0 MB | 2.5/14 MB | 16/46 kB | 12/30 kB Progress (4): 1.7/4.0 MB | 2.5/14 MB | 16/46 kB | 12/30 kBProgress (4): 1.7/4.0 MB | 2.5/14 MB | 32/46 kB | 12/30 kBProgress (4): 1.7/4.0 MB | 2.5/14 MB | 32/46 kB | 12/30 kBProgress (4): 1.7/4.0 MB | 2.5/14 MB | 32/46 kB | 28/30 kBProgress (4): 1.7/4.0 MB | 2.5/14 MB | 32/46 kB | 30 kB   Progress (4): 1.7/4.0 MB | 2.5/14 MB | 32/46 kB | 30 kBProgress (4): 1.7/4.0 MB | 2.5/14 MB | 32/46 kB | 30 kBProgress (4): 1.7/4.0 MB | 2.5/14 MB | 46 kB | 30 kB                                                       Downloaded from central: https://repo.maven.apache.org/maven2/org/opensearch/opensearch-telemetry/2.11.0/opensearch-telemetry-2.11.0.jar (30 kB at 1.6 kB/s)
Downloading from central: https://repo.maven.apache.org/maven2/org/apache/lucene/lucene-analysis-common/9.7.0/lucene-analysis-common-9.7.0.jar
Downloaded from central: https://repo.maven.apache.org/maven2/org/opensearch/opensearch-geo/2.11.0/opensearch-geo-2.11.0.jar (46 kB at 2.4 kB/s)
Downloading from central: https://repo.maven.apache.org/maven2/org/apache/lucene/lucene-backward-codecs/9.7.0/lucene-backward-codecs-9.7.0.jar
Progress (2): 1.7/4.0 MB | 2.5/14 MBProgress (2): 1.7/4.0 MB | 2.5/14 MBProgress (2): 1.7/4.0 MB | 2.6/14 MBProgress (2): 1.7/4.0 MB | 2.6/14 MBProgress (3): 1.7/4.0 MB | 2.6/14 MB | 0/3.8 MBProgress (3): 1.7/4.0 MB | 2.6/14 MB | 0/3.8 MBProgress (3): 1.7/4.0 MB | 2.6/14 MB | 0/3.8 MBProgress (3): 1.7/4.0 MB | 2.6/14 MB | 0/3.8 MBProgress (3): 1.7/4.0 MB | 2.6/14 MB | 0/3.8 MBProgress (3): 1.7/4.0 MB | 2.6/14 MB | 0/3.8 MBProgress (3): 1.7/4.0 MB | 2.6/14 MB | 0/3.8 MBProgress (3): 1.7/4.0 MB | 2.6/14 MB | 0/3.8 MBProgress (3): 1.7/4.0 MB | 2.6/14 MB | 0/3.8 MBProgress (3): 1.7/4.0 MB | 2.6/14 MB | 0/3.8 MBProgress (3): 1.7/4.0 MB | 2.7/14 MB | 0/3.8 MBProgress (3): 1.7/4.0 MB | 2.7/14 MB | 0.1/3.8 MBProgress (3): 1.7/4.0 MB | 2.7/14 MB | 0.1/3.8 MBProgress (3): 1.7/4.0 MB | 2.7/14 MB | 0.1/3.8 MBProgress (4): 1.7/4.0 MB | 2.7/14 MB | 0.1/3.8 MB | 0/1.9 MBProgress (4): 1.7/4.0 MB | 2.7/14 MB | 0.1/3.8 MB | 0/1.9 MBProgress (4): 1.7/4.0 MB | 2.7/14 MB | 0.1/3.8 MB | 0/1.9 MBProgress (5): 1.7/4.0 MB | 2.7/14 MB | 0.1/3.8 MB | 0/1.9 MB | 7.7/613 kBProgress (5): 1.7/4.0 MB | 2.7/14 MB | 0.1/3.8 MB | 0/1.9 MB | 12/613 kB Progress (5): 1.7/4.0 MB | 2.7/14 MB | 0.1/3.8 MB | 0/1.9 MB | 12/613 kBProgress (5): 1.8/4.0 MB | 2.7/14 MB | 0.1/3.8 MB | 0/1.9 MB | 12/613 kBProgress (5): 1.8/4.0 MB | 2.7/14 MB | 0.1/3.8 MB | 0/1.9 MB | 12/613 kBProgress (5): 1.8/4.0 MB | 2.7/14 MB | 0.1/3.8 MB | 0/1.9 MB | 12/613 kBProgress (5): 1.8/4.0 MB | 2.7/14 MB | 0.1/3.8 MB | 0/1.9 MB | 12/613 kBProgress (5): 1.8/4.0 MB | 2.7/14 MB | 0.1/3.8 MB | 0/1.9 MB | 12/613 kBProgress (5): 1.8/4.0 MB | 2.7/14 MB | 0.1/3.8 MB | 0/1.9 MB | 28/613 kBProgress (5): 1.8/4.0 MB | 2.7/14 MB | 0.1/3.8 MB | 0/1.9 MB | 28/613 kBProgress (5): 1.8/4.0 MB | 2.7/14 MB | 0.1/3.8 MB | 0/1.9 MB | 28/613 kBProgress (5): 1.8/4.0 MB | 2.7/14 MB | 0.1/3.8 MB | 0/1.9 MB | 28/613 kBProgress (5): 1.8/4.0 MB | 2.7/14 MB | 0.1/3.8 MB | 0/1.9 MB | 28/613 kBProgress (5): 1.8/4.0 MB | 2.7/14 MB | 0.1/3.8 MB | 0.1/1.9 MB | 28/613 kBProgress (5): 1.8/4.0 MB | 2.8/14 MB | 0.1/3.8 MB | 0.1/1.9 MB | 28/613 kBProgress (5): 1.8/4.0 MB | 2.8/14 MB | 0.1/3.8 MB | 0.1/1.9 MB | 28/613 kBProgress (5): 1.8/4.0 MB | 2.8/14 MB | 0.1/3.8 MB | 0.1/1.9 MB | 44/613 kBProgress (5): 1.8/4.0 MB | 2.8/14 MB | 0.1/3.8 MB | 0.1/1.9 MB | 44/613 kBProgress (5): 1.8/4.0 MB | 2.8/14 MB | 0.1/3.8 MB | 0.1/1.9 MB | 44/613 kBProgress (5): 1.8/4.0 MB | 2.8/14 MB | 0.1/3.8 MB | 0.1/1.9 MB | 44/613 kBProgress (5): 1.8/4.0 MB | 2.8/14 MB | 0.1/3.8 MB | 0.1/1.9 MB | 44/613 kBProgress (5): 1.8/4.0 MB | 2.8/14 MB | 0.1/3.8 MB | 0.1/1.9 MB | 44/613 kBProgress (5): 1.8/4.0 MB | 2.8/14 MB | 0.1/3.8 MB | 0.1/1.9 MB | 44/613 kBProgress (5): 1.8/4.0 MB | 2.8/14 MB | 0.1/3.8 MB | 0.1/1.9 MB | 44/613 kBProgress (5): 1.8/4.0 MB | 2.8/14 MB | 0.1/3.8 MB | 0.1/1.9 MB | 61/613 kBProgress (5): 1.8/4.0 MB | 2.8/14 MB | 0.2/3.8 MB | 0.1/1.9 MB | 61/613 kBProgress (5): 1.8/4.0 MB | 2.8/14 MB | 0.2/3.8 MB | 0.1/1.9 MB | 61/613 kBProgress (5): 1.8/4.0 MB | 2.8/14 MB | 0.2/3.8 MB | 0.1/1.9 MB | 61/613 kBProgress (5): 1.8/4.0 MB | 2.8/14 MB | 0.2/3.8 MB | 0.1/1.9 MB | 61/613 kBProgress (5): 1.8/4.0 MB | 2.8/14 MB | 0.2/3.8 MB | 0.1/1.9 MB | 61/613 kBProgress (5): 1.8/4.0 MB | 2.8/14 MB | 0.2/3.8 MB | 0.1/1.9 MB | 61/613 kBProgress (5): 1.8/4.0 MB | 2.9/14 MB | 0.2/3.8 MB | 0.1/1.9 MB | 61/613 kBProgress (5): 1.8/4.0 MB | 2.9/14 MB | 0.2/3.8 MB | 0.1/1.9 MB | 61/613 kBProgress (5): 1.8/4.0 MB | 2.9/14 MB | 0.2/3.8 MB | 0.1/1.9 MB | 77/613 kBProgress (5): 1.8/4.0 MB | 2.9/14 MB | 0.2/3.8 MB | 0.1/1.9 MB | 77/613 kBProgress (5): 1.8/4.0 MB | 2.9/14 MB | 0.2/3.8 MB | 0.1/1.9 MB | 77/613 kBProgress (5): 1.8/4.0 MB | 2.9/14 MB | 0.2/3.8 MB | 0.1/1.9 MB | 77/613 kBProgress (5): 1.8/4.0 MB | 2.9/14 MB | 0.2/3.8 MB | 0.1/1.9 MB | 77/613 kBProgress (5): 1.8/4.0 MB | 2.9/14 MB | 0.2/3.8 MB | 0.1/1.9 MB | 93/613 kBProgress (5): 1.8/4.0 MB | 2.9/14 MB | 0.2/3.8 MB | 0.1/1.9 MB | 93/613 kBProgress (5): 1.8/4.0 MB | 2.9/14 MB | 0.2/3.8 MB | 0.1/1.9 MB | 93/613 kBProgress (5): 1.8/4.0 MB | 2.9/14 MB | 0.2/3.8 MB | 0.1/1.9 MB | 93/613 kBProgress (5): 1.8/4.0 MB | 2.9/14 MB | 0.2/3.8 MB | 0.1/1.9 MB | 102/613 kBProgress (5): 1.8/4.0 MB | 2.9/14 MB | 0.2/3.8 MB | 0.1/1.9 MB | 102/613 kBProgress (5): 1.8/4.0 MB | 2.9/14 MB | 0.2/3.8 MB | 0.1/1.9 MB | 102/613 kBProgress (5): 1.8/4.0 MB | 2.9/14 MB | 0.2/3.8 MB | 0.1/1.9 MB | 102/613 kBProgress (5): 1.8/4.0 MB | 2.9/14 MB | 0.2/3.8 MB | 0.1/1.9 MB | 102/613 kBProgress (5): 1.8/4.0 MB | 2.9/14 MB | 0.2/3.8 MB | 0.1/1.9 MB | 118/613 kBProgress (5): 1.8/4.0 MB | 2.9/14 MB | 0.2/3.8 MB | 0.1/1.9 MB | 118/613 kBProgress (5): 1.8/4.0 MB | 3.0/14 MB | 0.2/3.8 MB | 0.1/1.9 MB | 118/613 kBProgress (5): 1.8/4.0 MB | 3.0/14 MB | 0.2/3.8 MB | 0.1/1.9 MB | 118/613 kBProgress (5): 1.8/4.0 MB | 3.0/14 MB | 0.3/3.8 MB | 0.1/1.9 MB | 118/613 kBProgress (5): 1.8/4.0 MB | 3.0/14 MB | 0.3/3.8 MB | 0.1/1.9 MB | 118/613 kBProgress (5): 1.9/4.0 MB | 3.0/14 MB | 0.3/3.8 MB | 0.1/1.9 MB | 118/613 kBProgress (5): 1.9/4.0 MB | 3.0/14 MB | 0.3/3.8 MB | 0.1/1.9 MB | 118/613 kBProgress (5): 1.9/4.0 MB | 3.0/14 MB | 0.3/3.8 MB | 0.1/1.9 MB | 134/613 kBProgress (5): 1.9/4.0 MB | 3.0/14 MB | 0.3/3.8 MB | 0.1/1.9 MB | 134/613 kBProgress (5): 1.9/4.0 MB | 3.0/14 MB | 0.3/3.8 MB | 0.1/1.9 MB | 143/613 kBProgress (5): 1.9/4.0 MB | 3.0/14 MB | 0.3/3.8 MB | 0.1/1.9 MB | 143/613 kBProgress (5): 1.9/4.0 MB | 3.0/14 MB | 0.3/3.8 MB | 0.1/1.9 MB | 151/613 kBProgress (5): 1.9/4.0 MB | 3.0/14 MB | 0.3/3.8 MB | 0.1/1.9 MB | 151/613 kBProgress (5): 1.9/4.0 MB | 3.0/14 MB | 0.3/3.8 MB | 0.1/1.9 MB | 151/613 kBProgress (5): 1.9/4.0 MB | 3.1/14 MB | 0.3/3.8 MB | 0.1/1.9 MB | 151/613 kBProgress (5): 1.9/4.0 MB | 3.1/14 MB | 0.3/3.8 MB | 0.2/1.9 MB | 151/613 kBProgress (5): 1.9/4.0 MB | 3.1/14 MB | 0.3/3.8 MB | 0.2/1.9 MB | 151/613 kBProgress (5): 1.9/4.0 MB | 3.1/14 MB | 0.3/3.8 MB | 0.2/1.9 MB | 167/613 kBProgress (5): 1.9/4.0 MB | 3.1/14 MB | 0.3/3.8 MB | 0.2/1.9 MB | 167/613 kBProgress (5): 1.9/4.0 MB | 3.1/14 MB | 0.3/3.8 MB | 0.2/1.9 MB | 167/613 kBProgress (5): 1.9/4.0 MB | 3.1/14 MB | 0.3/3.8 MB | 0.2/1.9 MB | 167/613 kBProgress (5): 1.9/4.0 MB | 3.1/14 MB | 0.3/3.8 MB | 0.2/1.9 MB | 167/613 kBProgress (5): 1.9/4.0 MB | 3.1/14 MB | 0.3/3.8 MB | 0.2/1.9 MB | 167/613 kBProgress (5): 1.9/4.0 MB | 3.1/14 MB | 0.3/3.8 MB | 0.2/1.9 MB | 167/613 kBProgress (5): 1.9/4.0 MB | 3.1/14 MB | 0.3/3.8 MB | 0.2/1.9 MB | 167/613 kBProgress (5): 1.9/4.0 MB | 3.1/14 MB | 0.3/3.8 MB | 0.2/1.9 MB | 184/613 kBProgress (5): 1.9/4.0 MB | 3.1/14 MB | 0.3/3.8 MB | 0.2/1.9 MB | 184/613 kBProgress (5): 1.9/4.0 MB | 3.1/14 MB | 0.3/3.8 MB | 0.2/1.9 MB | 184/613 kBProgress (5): 1.9/4.0 MB | 3.1/14 MB | 0.3/3.8 MB | 0.2/1.9 MB | 184/613 kBProgress (5): 1.9/4.0 MB | 3.1/14 MB | 0.3/3.8 MB | 0.2/1.9 MB | 184/613 kBProgress (5): 1.9/4.0 MB | 3.1/14 MB | 0.3/3.8 MB | 0.2/1.9 MB | 184/613 kBProgress (5): 1.9/4.0 MB | 3.1/14 MB | 0.3/3.8 MB | 0.2/1.9 MB | 200/613 kBProgress (5): 1.9/4.0 MB | 3.2/14 MB | 0.3/3.8 MB | 0.2/1.9 MB | 200/613 kBProgress (5): 1.9/4.0 MB | 3.2/14 MB | 0.3/3.8 MB | 0.2/1.9 MB | 200/613 kBProgress (5): 1.9/4.0 MB | 3.2/14 MB | 0.3/3.8 MB | 0.2/1.9 MB | 200/613 kBProgress (5): 1.9/4.0 MB | 3.2/14 MB | 0.3/3.8 MB | 0.2/1.9 MB | 200/613 kBProgress (5): 1.9/4.0 MB | 3.2/14 MB | 0.3/3.8 MB | 0.2/1.9 MB | 200/613 kBProgress (5): 1.9/4.0 MB | 3.2/14 MB | 0.3/3.8 MB | 0.2/1.9 MB | 200/613 kBProgress (5): 1.9/4.0 MB | 3.2/14 MB | 0.3/3.8 MB | 0.2/1.9 MB | 216/613 kBProgress (5): 1.9/4.0 MB | 3.2/14 MB | 0.3/3.8 MB | 0.2/1.9 MB | 216/613 kBProgress (5): 1.9/4.0 MB | 3.2/14 MB | 0.3/3.8 MB | 0.2/1.9 MB | 216/613 kBProgress (5): 1.9/4.0 MB | 3.2/14 MB | 0.3/3.8 MB | 0.2/1.9 MB | 216/613 kBProgress (5): 1.9/4.0 MB | 3.2/14 MB | 0.3/3.8 MB | 0.2/1.9 MB | 216/613 kBProgress (5): 1.9/4.0 MB | 3.2/14 MB | 0.4/3.8 MB | 0.2/1.9 MB | 216/613 kBProgress (5): 1.9/4.0 MB | 3.2/14 MB | 0.4/3.8 MB | 0.2/1.9 MB | 233/613 kBProgress (5): 1.9/4.0 MB | 3.2/14 MB | 0.4/3.8 MB | 0.2/1.9 MB | 233/613 kBProgress (5): 1.9/4.0 MB | 3.2/14 MB | 0.4/3.8 MB | 0.2/1.9 MB | 233/613 kBProgress (5): 1.9/4.0 MB | 3.3/14 MB | 0.4/3.8 MB | 0.2/1.9 MB | 233/613 kBProgress (5): 1.9/4.0 MB | 3.3/14 MB | 0.4/3.8 MB | 0.2/1.9 MB | 233/613 kBProgress (5): 1.9/4.0 MB | 3.3/14 MB | 0.4/3.8 MB | 0.2/1.9 MB | 233/613 kBProgress (5): 1.9/4.0 MB | 3.3/14 MB | 0.4/3.8 MB | 0.2/1.9 MB | 233/613 kBProgress (5): 1.9/4.0 MB | 3.3/14 MB | 0.4/3.8 MB | 0.2/1.9 MB | 249/613 kBProgress (5): 1.9/4.0 MB | 3.3/14 MB | 0.4/3.8 MB | 0.2/1.9 MB | 249/613 kBProgress (5): 1.9/4.0 MB | 3.3/14 MB | 0.4/3.8 MB | 0.2/1.9 MB | 249/613 kBProgress (5): 1.9/4.0 MB | 3.3/14 MB | 0.4/3.8 MB | 0.2/1.9 MB | 249/613 kBProgress (5): 2.0/4.0 MB | 3.3/14 MB | 0.4/3.8 MB | 0.2/1.9 MB | 249/613 kBProgress (5): 2.0/4.0 MB | 3.3/14 MB | 0.4/3.8 MB | 0.2/1.9 MB | 249/613 kBProgress (5): 2.0/4.0 MB | 3.3/14 MB | 0.4/3.8 MB | 0.2/1.9 MB | 266/613 kBProgress (5): 2.0/4.0 MB | 3.3/14 MB | 0.4/3.8 MB | 0.2/1.9 MB | 266/613 kBProgress (5): 2.0/4.0 MB | 3.3/14 MB | 0.4/3.8 MB | 0.3/1.9 MB | 266/613 kBProgress (5): 2.0/4.0 MB | 3.3/14 MB | 0.4/3.8 MB | 0.3/1.9 MB | 266/613 kBProgress (5): 2.0/4.0 MB | 3.3/14 MB | 0.4/3.8 MB | 0.3/1.9 MB | 274/613 kBProgress (5): 2.0/4.0 MB | 3.3/14 MB | 0.4/3.8 MB | 0.3/1.9 MB | 274/613 kBProgress (5): 2.0/4.0 MB | 3.3/14 MB | 0.4/3.8 MB | 0.3/1.9 MB | 274/613 kBProgress (5): 2.0/4.0 MB | 3.4/14 MB | 0.4/3.8 MB | 0.3/1.9 MB | 274/613 kBProgress (5): 2.0/4.0 MB | 3.4/14 MB | 0.4/3.8 MB | 0.3/1.9 MB | 274/613 kBProgress (5): 2.0/4.0 MB | 3.4/14 MB | 0.4/3.8 MB | 0.3/1.9 MB | 274/613 kBProgress (5): 2.0/4.0 MB | 3.4/14 MB | 0.4/3.8 MB | 0.3/1.9 MB | 282/613 kBProgress (5): 2.0/4.0 MB | 3.4/14 MB | 0.4/3.8 MB | 0.3/1.9 MB | 282/613 kBProgress (5): 2.0/4.0 MB | 3.4/14 MB | 0.4/3.8 MB | 0.3/1.9 MB | 282/613 kBProgress (5): 2.0/4.0 MB | 3.4/14 MB | 0.4/3.8 MB | 0.3/1.9 MB | 282/613 kBProgress (5): 2.0/4.0 MB | 3.4/14 MB | 0.4/3.8 MB | 0.3/1.9 MB | 282/613 kBProgress (5): 2.0/4.0 MB | 3.4/14 MB | 0.4/3.8 MB | 0.3/1.9 MB | 282/613 kBProgress (5): 2.0/4.0 MB | 3.4/14 MB | 0.4/3.8 MB | 0.3/1.9 MB | 298/613 kBProgress (5): 2.0/4.0 MB | 3.4/14 MB | 0.5/3.8 MB | 0.3/1.9 MB | 298/613 kBProgress (5): 2.0/4.0 MB | 3.4/14 MB | 0.5/3.8 MB | 0.3/1.9 MB | 298/613 kBProgress (5): 2.0/4.0 MB | 3.4/14 MB | 0.5/3.8 MB | 0.3/1.9 MB | 298/613 kBProgress (5): 2.0/4.0 MB | 3.4/14 MB | 0.5/3.8 MB | 0.3/1.9 MB | 298/613 kBProgress (5): 2.0/4.0 MB | 3.4/14 MB | 0.5/3.8 MB | 0.3/1.9 MB | 298/613 kBProgress (5): 2.0/4.0 MB | 3.4/14 MB | 0.5/3.8 MB | 0.3/1.9 MB | 298/613 kBProgress (5): 2.0/4.0 MB | 3.4/14 MB | 0.5/3.8 MB | 0.3/1.9 MB | 315/613 kBProgress (5): 2.0/4.0 MB | 3.4/14 MB | 0.5/3.8 MB | 0.3/1.9 MB | 315/613 kBProgress (5): 2.0/4.0 MB | 3.5/14 MB | 0.5/3.8 MB | 0.3/1.9 MB | 315/613 kBProgress (5): 2.0/4.0 MB | 3.5/14 MB | 0.5/3.8 MB | 0.3/1.9 MB | 315/613 kBProgress (5): 2.0/4.0 MB | 3.5/14 MB | 0.5/3.8 MB | 0.3/1.9 MB | 315/613 kBProgress (5): 2.0/4.0 MB | 3.5/14 MB | 0.5/3.8 MB | 0.3/1.9 MB | 331/613 kBProgress (5): 2.0/4.0 MB | 3.5/14 MB | 0.5/3.8 MB | 0.3/1.9 MB | 331/613 kBProgress (5): 2.0/4.0 MB | 3.5/14 MB | 0.5/3.8 MB | 0.3/1.9 MB | 331/613 kBProgress (5): 2.0/4.0 MB | 3.5/14 MB | 0.5/3.8 MB | 0.3/1.9 MB | 331/613 kBProgress (5): 2.0/4.0 MB | 3.5/14 MB | 0.5/3.8 MB | 0.3/1.9 MB | 347/613 kBProgress (5): 2.0/4.0 MB | 3.5/14 MB | 0.5/3.8 MB | 0.3/1.9 MB | 347/613 kBProgress (5): 2.0/4.0 MB | 3.5/14 MB | 0.5/3.8 MB | 0.3/1.9 MB | 347/613 kBProgress (5): 2.0/4.0 MB | 3.5/14 MB | 0.5/3.8 MB | 0.3/1.9 MB | 347/613 kBProgress (5): 2.0/4.0 MB | 3.5/14 MB | 0.5/3.8 MB | 0.3/1.9 MB | 347/613 kBProgress (5): 2.0/4.0 MB | 3.6/14 MB | 0.5/3.8 MB | 0.3/1.9 MB | 347/613 kBProgress (5): 2.0/4.0 MB | 3.6/14 MB | 0.5/3.8 MB | 0.3/1.9 MB | 364/613 kBProgress (5): 2.0/4.0 MB | 3.6/14 MB | 0.5/3.8 MB | 0.3/1.9 MB | 364/613 kBProgress (5): 2.0/4.0 MB | 3.6/14 MB | 0.5/3.8 MB | 0.3/1.9 MB | 364/613 kBProgress (5): 2.0/4.0 MB | 3.6/14 MB | 0.5/3.8 MB | 0.4/1.9 MB | 364/613 kBProgress (5): 2.0/4.0 MB | 3.6/14 MB | 0.5/3.8 MB | 0.4/1.9 MB | 364/613 kBProgress (5): 2.1/4.0 MB | 3.6/14 MB | 0.5/3.8 MB | 0.4/1.9 MB | 364/613 kBProgress (5): 2.1/4.0 MB | 3.6/14 MB | 0.5/3.8 MB | 0.4/1.9 MB | 364/613 kBProgress (5): 2.1/4.0 MB | 3.6/14 MB | 0.5/3.8 MB | 0.4/1.9 MB | 364/613 kBProgress (5): 2.1/4.0 MB | 3.6/14 MB | 0.5/3.8 MB | 0.4/1.9 MB | 380/613 kBProgress (5): 2.1/4.0 MB | 3.6/14 MB | 0.5/3.8 MB | 0.4/1.9 MB | 380/613 kBProgress (5): 2.1/4.0 MB | 3.6/14 MB | 0.5/3.8 MB | 0.4/1.9 MB | 380/613 kBProgress (5): 2.1/4.0 MB | 3.6/14 MB | 0.5/3.8 MB | 0.4/1.9 MB | 380/613 kBProgress (5): 2.1/4.0 MB | 3.6/14 MB | 0.5/3.8 MB | 0.4/1.9 MB | 380/613 kBProgress (5): 2.1/4.0 MB | 3.6/14 MB | 0.5/3.8 MB | 0.4/1.9 MB | 380/613 kBProgress (5): 2.1/4.0 MB | 3.6/14 MB | 0.5/3.8 MB | 0.4/1.9 MB | 380/613 kBProgress (5): 2.1/4.0 MB | 3.6/14 MB | 0.5/3.8 MB | 0.4/1.9 MB | 380/613 kBProgress (5): 2.1/4.0 MB | 3.6/14 MB | 0.5/3.8 MB | 0.4/1.9 MB | 397/613 kBProgress (5): 2.1/4.0 MB | 3.6/14 MB | 0.6/3.8 MB | 0.4/1.9 MB | 397/613 kBProgress (5): 2.1/4.0 MB | 3.7/14 MB | 0.6/3.8 MB | 0.4/1.9 MB | 397/613 kBProgress (5): 2.1/4.0 MB | 3.7/14 MB | 0.6/3.8 MB | 0.4/1.9 MB | 405/613 kBProgress (5): 2.1/4.0 MB | 3.7/14 MB | 0.6/3.8 MB | 0.4/1.9 MB | 405/613 kBProgress (5): 2.1/4.0 MB | 3.7/14 MB | 0.6/3.8 MB | 0.4/1.9 MB | 413/613 kBProgress (5): 2.1/4.0 MB | 3.7/14 MB | 0.6/3.8 MB | 0.4/1.9 MB | 413/613 kBProgress (5): 2.1/4.0 MB | 3.7/14 MB | 0.6/3.8 MB | 0.4/1.9 MB | 413/613 kBProgress (5): 2.1/4.0 MB | 3.7/14 MB | 0.6/3.8 MB | 0.4/1.9 MB | 413/613 kBProgress (5): 2.1/4.0 MB | 3.7/14 MB | 0.6/3.8 MB | 0.4/1.9 MB | 413/613 kBProgress (5): 2.1/4.0 MB | 3.7/14 MB | 0.6/3.8 MB | 0.4/1.9 MB | 413/613 kBProgress (5): 2.1/4.0 MB | 3.7/14 MB | 0.6/3.8 MB | 0.4/1.9 MB | 413/613 kBProgress (5): 2.1/4.0 MB | 3.7/14 MB | 0.6/3.8 MB | 0.4/1.9 MB | 429/613 kBProgress (5): 2.1/4.0 MB | 3.7/14 MB | 0.6/3.8 MB | 0.4/1.9 MB | 429/613 kBProgress (5): 2.1/4.0 MB | 3.7/14 MB | 0.6/3.8 MB | 0.4/1.9 MB | 429/613 kBProgress (5): 2.1/4.0 MB | 3.7/14 MB | 0.6/3.8 MB | 0.4/1.9 MB | 429/613 kBProgress (5): 2.1/4.0 MB | 3.7/14 MB | 0.6/3.8 MB | 0.4/1.9 MB | 429/613 kBProgress (5): 2.1/4.0 MB | 3.8/14 MB | 0.6/3.8 MB | 0.4/1.9 MB | 429/613 kBProgress (5): 2.1/4.0 MB | 3.8/14 MB | 0.6/3.8 MB | 0.4/1.9 MB | 446/613 kBProgress (5): 2.1/4.0 MB | 3.8/14 MB | 0.6/3.8 MB | 0.4/1.9 MB | 446/613 kBProgress (5): 2.1/4.0 MB | 3.8/14 MB | 0.6/3.8 MB | 0.4/1.9 MB | 446/613 kBProgress (5): 2.1/4.0 MB | 3.8/14 MB | 0.6/3.8 MB | 0.4/1.9 MB | 462/613 kBProgress (5): 2.1/4.0 MB | 3.8/14 MB | 0.6/3.8 MB | 0.4/1.9 MB | 462/613 kBProgress (5): 2.1/4.0 MB | 3.8/14 MB | 0.6/3.8 MB | 0.4/1.9 MB | 462/613 kBProgress (5): 2.1/4.0 MB | 3.8/14 MB | 0.6/3.8 MB | 0.4/1.9 MB | 462/613 kBProgress (5): 2.1/4.0 MB | 3.8/14 MB | 0.6/3.8 MB | 0.4/1.9 MB | 462/613 kBProgress (5): 2.1/4.0 MB | 3.8/14 MB | 0.6/3.8 MB | 0.4/1.9 MB | 462/613 kBProgress (5): 2.1/4.0 MB | 3.8/14 MB | 0.6/3.8 MB | 0.4/1.9 MB | 479/613 kBProgress (5): 2.1/4.0 MB | 3.8/14 MB | 0.6/3.8 MB | 0.4/1.9 MB | 479/613 kBProgress (5): 2.1/4.0 MB | 3.8/14 MB | 0.6/3.8 MB | 0.4/1.9 MB | 479/613 kBProgress (5): 2.2/4.0 MB | 3.8/14 MB | 0.6/3.8 MB | 0.4/1.9 MB | 479/613 kBProgress (5): 2.2/4.0 MB | 3.8/14 MB | 0.6/3.8 MB | 0.5/1.9 MB | 479/613 kBProgress (5): 2.2/4.0 MB | 3.8/14 MB | 0.6/3.8 MB | 0.5/1.9 MB | 479/613 kBProgress (5): 2.2/4.0 MB | 3.8/14 MB | 0.7/3.8 MB | 0.5/1.9 MB | 479/613 kBProgress (5): 2.2/4.0 MB | 3.8/14 MB | 0.7/3.8 MB | 0.5/1.9 MB | 495/613 kBProgress (5): 2.2/4.0 MB | 3.8/14 MB | 0.7/3.8 MB | 0.5/1.9 MB | 495/613 kBProgress (5): 2.2/4.0 MB | 3.8/14 MB | 0.7/3.8 MB | 0.5/1.9 MB | 495/613 kBProgress (5): 2.2/4.0 MB | 3.8/14 MB | 0.7/3.8 MB | 0.5/1.9 MB | 495/613 kBProgress (5): 2.2/4.0 MB | 3.8/14 MB | 0.7/3.8 MB | 0.5/1.9 MB | 495/613 kBProgress (5): 2.2/4.0 MB | 3.9/14 MB | 0.7/3.8 MB | 0.5/1.9 MB | 495/613 kBProgress (5): 2.2/4.0 MB | 3.9/14 MB | 0.7/3.8 MB | 0.5/1.9 MB | 495/613 kBProgress (5): 2.2/4.0 MB | 3.9/14 MB | 0.7/3.8 MB | 0.5/1.9 MB | 495/613 kBProgress (5): 2.2/4.0 MB | 3.9/14 MB | 0.7/3.8 MB | 0.5/1.9 MB | 511/613 kBProgress (5): 2.2/4.0 MB | 3.9/14 MB | 0.7/3.8 MB | 0.5/1.9 MB | 511/613 kBProgress (5): 2.2/4.0 MB | 3.9/14 MB | 0.7/3.8 MB | 0.5/1.9 MB | 511/613 kBProgress (5): 2.2/4.0 MB | 3.9/14 MB | 0.7/3.8 MB | 0.5/1.9 MB | 511/613 kBProgress (5): 2.2/4.0 MB | 3.9/14 MB | 0.7/3.8 MB | 0.5/1.9 MB | 511/613 kBProgress (5): 2.2/4.0 MB | 3.9/14 MB | 0.7/3.8 MB | 0.5/1.9 MB | 511/613 kBProgress (5): 2.2/4.0 MB | 3.9/14 MB | 0.7/3.8 MB | 0.5/1.9 MB | 528/613 kBProgress (5): 2.2/4.0 MB | 3.9/14 MB | 0.7/3.8 MB | 0.5/1.9 MB | 528/613 kBProgress (5): 2.2/4.0 MB | 3.9/14 MB | 0.7/3.8 MB | 0.5/1.9 MB | 536/613 kBProgress (5): 2.2/4.0 MB | 3.9/14 MB | 0.7/3.8 MB | 0.5/1.9 MB | 536/613 kBProgress (5): 2.2/4.0 MB | 3.9/14 MB | 0.7/3.8 MB | 0.5/1.9 MB | 536/613 kBProgress (5): 2.2/4.0 MB | 3.9/14 MB | 0.7/3.8 MB | 0.5/1.9 MB | 536/613 kBProgress (5): 2.2/4.0 MB | 3.9/14 MB | 0.7/3.8 MB | 0.5/1.9 MB | 544/613 kBProgress (5): 2.2/4.0 MB | 3.9/14 MB | 0.7/3.8 MB | 0.5/1.9 MB | 544/613 kBProgress (5): 2.2/4.0 MB | 3.9/14 MB | 0.7/3.8 MB | 0.5/1.9 MB | 544/613 kBProgress (5): 2.2/4.0 MB | 4.0/14 MB | 0.7/3.8 MB | 0.5/1.9 MB | 544/613 kBProgress (5): 2.2/4.0 MB | 4.0/14 MB | 0.7/3.8 MB | 0.5/1.9 MB | 544/613 kBProgress (5): 2.2/4.0 MB | 4.0/14 MB | 0.7/3.8 MB | 0.5/1.9 MB | 544/613 kBProgress (5): 2.2/4.0 MB | 4.0/14 MB | 0.7/3.8 MB | 0.5/1.9 MB | 544/613 kBProgress (5): 2.2/4.0 MB | 4.0/14 MB | 0.8/3.8 MB | 0.5/1.9 MB | 544/613 kBProgress (5): 2.2/4.0 MB | 4.0/14 MB | 0.8/3.8 MB | 0.5/1.9 MB | 544/613 kBProgress (5): 2.2/4.0 MB | 4.0/14 MB | 0.8/3.8 MB | 0.5/1.9 MB | 560/613 kBProgress (5): 2.2/4.0 MB | 4.0/14 MB | 0.8/3.8 MB | 0.5/1.9 MB | 560/613 kBProgress (5): 2.2/4.0 MB | 4.0/14 MB | 0.8/3.8 MB | 0.5/1.9 MB | 560/613 kBProgress (5): 2.2/4.0 MB | 4.0/14 MB | 0.8/3.8 MB | 0.5/1.9 MB | 560/613 kBProgress (5): 2.2/4.0 MB | 4.0/14 MB | 0.8/3.8 MB | 0.5/1.9 MB | 560/613 kBProgress (5): 2.2/4.0 MB | 4.0/14 MB | 0.8/3.8 MB | 0.5/1.9 MB | 560/613 kBProgress (5): 2.2/4.0 MB | 4.0/14 MB | 0.8/3.8 MB | 0.5/1.9 MB | 577/613 kBProgress (5): 2.2/4.0 MB | 4.0/14 MB | 0.8/3.8 MB | 0.5/1.9 MB | 577/613 kBProgress (5): 2.2/4.0 MB | 4.0/14 MB | 0.8/3.8 MB | 0.5/1.9 MB | 577/613 kBProgress (5): 2.2/4.0 MB | 4.0/14 MB | 0.8/3.8 MB | 0.5/1.9 MB | 577/613 kBProgress (5): 2.2/4.0 MB | 4.1/14 MB | 0.8/3.8 MB | 0.5/1.9 MB | 577/613 kBProgress (5): 2.2/4.0 MB | 4.1/14 MB | 0.8/3.8 MB | 0.6/1.9 MB | 577/613 kBProgress (5): 2.2/4.0 MB | 4.1/14 MB | 0.8/3.8 MB | 0.6/1.9 MB | 577/613 kBProgress (5): 2.3/4.0 MB | 4.1/14 MB | 0.8/3.8 MB | 0.6/1.9 MB | 577/613 kBProgress (5): 2.3/4.0 MB | 4.1/14 MB | 0.8/3.8 MB | 0.6/1.9 MB | 577/613 kBProgress (5): 2.3/4.0 MB | 4.1/14 MB | 0.8/3.8 MB | 0.6/1.9 MB | 577/613 kBProgress (5): 2.3/4.0 MB | 4.1/14 MB | 0.8/3.8 MB | 0.6/1.9 MB | 593/613 kBProgress (5): 2.3/4.0 MB | 4.1/14 MB | 0.8/3.8 MB | 0.6/1.9 MB | 593/613 kBProgress (5): 2.3/4.0 MB | 4.1/14 MB | 0.8/3.8 MB | 0.6/1.9 MB | 593/613 kBProgress (5): 2.3/4.0 MB | 4.1/14 MB | 0.8/3.8 MB | 0.6/1.9 MB | 593/613 kBProgress (5): 2.3/4.0 MB | 4.1/14 MB | 0.8/3.8 MB | 0.6/1.9 MB | 593/613 kBProgress (5): 2.3/4.0 MB | 4.1/14 MB | 0.8/3.8 MB | 0.6/1.9 MB | 610/613 kBProgress (5): 2.3/4.0 MB | 4.1/14 MB | 0.8/3.8 MB | 0.6/1.9 MB | 610/613 kBProgress (5): 2.3/4.0 MB | 4.1/14 MB | 0.8/3.8 MB | 0.6/1.9 MB | 613 kB    Progress (5): 2.3/4.0 MB | 4.1/14 MB | 0.8/3.8 MB | 0.6/1.9 MB | 613 kB                                                                       Downloaded from central: https://repo.maven.apache.org/maven2/org/apache/lucene/lucene-backward-codecs/9.7.0/lucene-backward-codecs-9.7.0.jar (613 kB at 31 kB/s)
Downloading from central: https://repo.maven.apache.org/maven2/org/apache/lucene/lucene-grouping/9.7.0/lucene-grouping-9.7.0.jar
Progress (4): 2.3/4.0 MB | 4.1/14 MB | 0.8/3.8 MB | 0.6/1.9 MBProgress (4): 2.3/4.0 MB | 4.2/14 MB | 0.8/3.8 MB | 0.6/1.9 MBProgress (4): 2.3/4.0 MB | 4.2/14 MB | 0.9/3.8 MB | 0.6/1.9 MBProgress (4): 2.3/4.0 MB | 4.2/14 MB | 0.9/3.8 MB | 0.6/1.9 MBProgress (4): 2.3/4.0 MB | 4.2/14 MB | 0.9/3.8 MB | 0.6/1.9 MBProgress (4): 2.3/4.0 MB | 4.2/14 MB | 0.9/3.8 MB | 0.6/1.9 MBProgress (4): 2.3/4.0 MB | 4.2/14 MB | 0.9/3.8 MB | 0.6/1.9 MBProgress (4): 2.3/4.0 MB | 4.2/14 MB | 0.9/3.8 MB | 0.6/1.9 MBProgress (4): 2.3/4.0 MB | 4.2/14 MB | 0.9/3.8 MB | 0.6/1.9 MBProgress (4): 2.3/4.0 MB | 4.2/14 MB | 0.9/3.8 MB | 0.6/1.9 MBProgress (4): 2.3/4.0 MB | 4.2/14 MB | 0.9/3.8 MB | 0.6/1.9 MBProgress (4): 2.3/4.0 MB | 4.2/14 MB | 0.9/3.8 MB | 0.6/1.9 MBProgress (4): 2.3/4.0 MB | 4.2/14 MB | 0.9/3.8 MB | 0.6/1.9 MBProgress (4): 2.3/4.0 MB | 4.2/14 MB | 0.9/3.8 MB | 0.6/1.9 MBProgress (4): 2.3/4.0 MB | 4.3/14 MB | 0.9/3.8 MB | 0.6/1.9 MBProgress (4): 2.3/4.0 MB | 4.3/14 MB | 0.9/3.8 MB | 0.6/1.9 MBProgress (4): 2.3/4.0 MB | 4.3/14 MB | 0.9/3.8 MB | 0.6/1.9 MBProgress (4): 2.3/4.0 MB | 4.3/14 MB | 0.9/3.8 MB | 0.6/1.9 MBProgress (4): 2.3/4.0 MB | 4.3/14 MB | 0.9/3.8 MB | 0.6/1.9 MBProgress (4): 2.3/4.0 MB | 4.3/14 MB | 0.9/3.8 MB | 0.6/1.9 MBProgress (4): 2.3/4.0 MB | 4.3/14 MB | 0.9/3.8 MB | 0.6/1.9 MBProgress (4): 2.3/4.0 MB | 4.3/14 MB | 0.9/3.8 MB | 0.6/1.9 MBProgress (4): 2.3/4.0 MB | 4.3/14 MB | 0.9/3.8 MB | 0.6/1.9 MBProgress (4): 2.3/4.0 MB | 4.3/14 MB | 0.9/3.8 MB | 0.6/1.9 MBProgress (4): 2.3/4.0 MB | 4.3/14 MB | 0.9/3.8 MB | 0.6/1.9 MBProgress (4): 2.3/4.0 MB | 4.3/14 MB | 0.9/3.8 MB | 0.6/1.9 MBProgress (4): 2.4/4.0 MB | 4.3/14 MB | 0.9/3.8 MB | 0.6/1.9 MBProgress (4): 2.4/4.0 MB | 4.3/14 MB | 0.9/3.8 MB | 0.6/1.9 MBProgress (4): 2.4/4.0 MB | 4.4/14 MB | 0.9/3.8 MB | 0.6/1.9 MBProgress (4): 2.4/4.0 MB | 4.4/14 MB | 0.9/3.8 MB | 0.7/1.9 MBProgress (4): 2.4/4.0 MB | 4.4/14 MB | 0.9/3.8 MB | 0.7/1.9 MBProgress (4): 2.4/4.0 MB | 4.4/14 MB | 0.9/3.8 MB | 0.7/1.9 MBProgress (4): 2.4/4.0 MB | 4.4/14 MB | 0.9/3.8 MB | 0.7/1.9 MBProgress (4): 2.4/4.0 MB | 4.4/14 MB | 0.9/3.8 MB | 0.7/1.9 MBProgress (4): 2.4/4.0 MB | 4.4/14 MB | 0.9/3.8 MB | 0.7/1.9 MBProgress (4): 2.4/4.0 MB | 4.4/14 MB | 0.9/3.8 MB | 0.7/1.9 MBProgress (4): 2.4/4.0 MB | 4.4/14 MB | 0.9/3.8 MB | 0.7/1.9 MBProgress (4): 2.4/4.0 MB | 4.4/14 MB | 1.0/3.8 MB | 0.7/1.9 MBProgress (4): 2.4/4.0 MB | 4.4/14 MB | 1.0/3.8 MB | 0.7/1.9 MBProgress (5): 2.4/4.0 MB | 4.4/14 MB | 1.0/3.8 MB | 0.7/1.9 MB | 7.7/97 kBProgress (5): 2.4/4.0 MB | 4.4/14 MB | 1.0/3.8 MB | 0.7/1.9 MB | 16/97 kB Progress (5): 2.4/4.0 MB | 4.4/14 MB | 1.0/3.8 MB | 0.7/1.9 MB | 16/97 kBProgress (5): 2.4/4.0 MB | 4.5/14 MB | 1.0/3.8 MB | 0.7/1.9 MB | 16/97 kBProgress (5): 2.4/4.0 MB | 4.5/14 MB | 1.0/3.8 MB | 0.7/1.9 MB | 16/97 kBProgress (5): 2.4/4.0 MB | 4.5/14 MB | 1.0/3.8 MB | 0.7/1.9 MB | 16/97 kBProgress (5): 2.4/4.0 MB | 4.5/14 MB | 1.0/3.8 MB | 0.7/1.9 MB | 16/97 kBProgress (5): 2.4/4.0 MB | 4.5/14 MB | 1.0/3.8 MB | 0.7/1.9 MB | 32/97 kBProgress (5): 2.4/4.0 MB | 4.5/14 MB | 1.0/3.8 MB | 0.7/1.9 MB | 32/97 kBProgress (5): 2.4/4.0 MB | 4.5/14 MB | 1.0/3.8 MB | 0.7/1.9 MB | 32/97 kBProgress (5): 2.4/4.0 MB | 4.5/14 MB | 1.0/3.8 MB | 0.7/1.9 MB | 32/97 kBProgress (5): 2.4/4.0 MB | 4.5/14 MB | 1.0/3.8 MB | 0.7/1.9 MB | 32/97 kBProgress (5): 2.4/4.0 MB | 4.5/14 MB | 1.0/3.8 MB | 0.7/1.9 MB | 49/97 kBProgress (5): 2.4/4.0 MB | 4.5/14 MB | 1.0/3.8 MB | 0.7/1.9 MB | 49/97 kBProgress (5): 2.4/4.0 MB | 4.5/14 MB | 1.0/3.8 MB | 0.7/1.9 MB | 49/97 kBProgress (5): 2.4/4.0 MB | 4.5/14 MB | 1.0/3.8 MB | 0.7/1.9 MB | 49/97 kBProgress (5): 2.4/4.0 MB | 4.5/14 MB | 1.0/3.8 MB | 0.7/1.9 MB | 49/97 kBProgress (5): 2.4/4.0 MB | 4.5/14 MB | 1.0/3.8 MB | 0.7/1.9 MB | 49/97 kBProgress (5): 2.4/4.0 MB | 4.5/14 MB | 1.0/3.8 MB | 0.7/1.9 MB | 57/97 kBProgress (5): 2.4/4.0 MB | 4.6/14 MB | 1.0/3.8 MB | 0.7/1.9 MB | 57/97 kBProgress (5): 2.4/4.0 MB | 4.6/14 MB | 1.0/3.8 MB | 0.7/1.9 MB | 57/97 kBProgress (5): 2.4/4.0 MB | 4.6/14 MB | 1.0/3.8 MB | 0.7/1.9 MB | 57/97 kBProgress (5): 2.4/4.0 MB | 4.6/14 MB | 1.0/3.8 MB | 0.7/1.9 MB | 74/97 kBProgress (5): 2.4/4.0 MB | 4.6/14 MB | 1.0/3.8 MB | 0.7/1.9 MB | 74/97 kBProgress (5): 2.4/4.0 MB | 4.6/14 MB | 1.0/3.8 MB | 0.7/1.9 MB | 74/97 kBProgress (5): 2.4/4.0 MB | 4.6/14 MB | 1.0/3.8 MB | 0.7/1.9 MB | 74/97 kBProgress (5): 2.4/4.0 MB | 4.6/14 MB | 1.0/3.8 MB | 0.7/1.9 MB | 90/97 kBProgress (5): 2.4/4.0 MB | 4.6/14 MB | 1.0/3.8 MB | 0.7/1.9 MB | 97 kB   Progress (5): 2.5/4.0 MB | 4.6/14 MB | 1.0/3.8 MB | 0.7/1.9 MB | 97 kB                                                                      Downloaded from central: https://repo.maven.apache.org/maven2/org/apache/lucene/lucene-grouping/9.7.0/lucene-grouping-9.7.0.jar (97 kB at 4.8 kB/s)
Downloading from central: https://repo.maven.apache.org/maven2/org/apache/lucene/lucene-highlighter/9.7.0/lucene-highlighter-9.7.0.jar
Progress (4): 2.5/4.0 MB | 4.6/14 MB | 1.0/3.8 MB | 0.7/1.9 MBProgress (4): 2.5/4.0 MB | 4.6/14 MB | 1.0/3.8 MB | 0.7/1.9 MBProgress (4): 2.5/4.0 MB | 4.6/14 MB | 1.0/3.8 MB | 0.7/1.9 MBProgress (4): 2.5/4.0 MB | 4.6/14 MB | 1.1/3.8 MB | 0.7/1.9 MBProgress (4): 2.5/4.0 MB | 4.6/14 MB | 1.1/3.8 MB | 0.7/1.9 MBProgress (4): 2.5/4.0 MB | 4.6/14 MB | 1.1/3.8 MB | 0.7/1.9 MBProgress (4): 2.5/4.0 MB | 4.6/14 MB | 1.1/3.8 MB | 0.7/1.9 MBProgress (4): 2.5/4.0 MB | 4.6/14 MB | 1.1/3.8 MB | 0.7/1.9 MBProgress (4): 2.5/4.0 MB | 4.6/14 MB | 1.1/3.8 MB | 0.8/1.9 MBProgress (4): 2.5/4.0 MB | 4.6/14 MB | 1.1/3.8 MB | 0.8/1.9 MBProgress (4): 2.5/4.0 MB | 4.6/14 MB | 1.1/3.8 MB | 0.8/1.9 MBProgress (4): 2.5/4.0 MB | 4.7/14 MB | 1.1/3.8 MB | 0.8/1.9 MBProgress (4): 2.5/4.0 MB | 4.7/14 MB | 1.1/3.8 MB | 0.8/1.9 MBProgress (4): 2.5/4.0 MB | 4.7/14 MB | 1.1/3.8 MB | 0.8/1.9 MBProgress (4): 2.5/4.0 MB | 4.7/14 MB | 1.1/3.8 MB | 0.8/1.9 MBProgress (4): 2.5/4.0 MB | 4.7/14 MB | 1.1/3.8 MB | 0.8/1.9 MBProgress (4): 2.5/4.0 MB | 4.7/14 MB | 1.1/3.8 MB | 0.8/1.9 MBProgress (4): 2.5/4.0 MB | 4.7/14 MB | 1.1/3.8 MB | 0.8/1.9 MBProgress (4): 2.5/4.0 MB | 4.7/14 MB | 1.1/3.8 MB | 0.8/1.9 MBProgress (4): 2.5/4.0 MB | 4.7/14 MB | 1.1/3.8 MB | 0.8/1.9 MBProgress (4): 2.5/4.0 MB | 4.7/14 MB | 1.1/3.8 MB | 0.8/1.9 MBProgress (4): 2.5/4.0 MB | 4.7/14 MB | 1.1/3.8 MB | 0.8/1.9 MBProgress (4): 2.5/4.0 MB | 4.8/14 MB | 1.1/3.8 MB | 0.8/1.9 MBProgress (4): 2.5/4.0 MB | 4.8/14 MB | 1.1/3.8 MB | 0.8/1.9 MBProgress (4): 2.5/4.0 MB | 4.8/14 MB | 1.1/3.8 MB | 0.8/1.9 MBProgress (4): 2.5/4.0 MB | 4.8/14 MB | 1.1/3.8 MB | 0.8/1.9 MBProgress (4): 2.5/4.0 MB | 4.8/14 MB | 1.1/3.8 MB | 0.8/1.9 MBProgress (4): 2.5/4.0 MB | 4.8/14 MB | 1.2/3.8 MB | 0.8/1.9 MBProgress (4): 2.5/4.0 MB | 4.8/14 MB | 1.2/3.8 MB | 0.8/1.9 MBProgress (4): 2.5/4.0 MB | 4.8/14 MB | 1.2/3.8 MB | 0.8/1.9 MBProgress (5): 2.5/4.0 MB | 4.8/14 MB | 1.2/3.8 MB | 0.8/1.9 MB | 7.7/272 kBProgress (5): 2.5/4.0 MB | 4.8/14 MB | 1.2/3.8 MB | 0.8/1.9 MB | 16/272 kB Progress (5): 2.5/4.0 MB | 4.8/14 MB | 1.2/3.8 MB | 0.8/1.9 MB | 16/272 kBProgress (5): 2.5/4.0 MB | 4.8/14 MB | 1.2/3.8 MB | 0.8/1.9 MB | 16/272 kBProgress (5): 2.5/4.0 MB | 4.8/14 MB | 1.2/3.8 MB | 0.8/1.9 MB | 16/272 kBProgress (5): 2.5/4.0 MB | 4.8/14 MB | 1.2/3.8 MB | 0.8/1.9 MB | 16/272 kBProgress (5): 2.6/4.0 MB | 4.8/14 MB | 1.2/3.8 MB | 0.8/1.9 MB | 16/272 kBProgress (5): 2.6/4.0 MB | 4.8/14 MB | 1.2/3.8 MB | 0.8/1.9 MB | 16/272 kBProgress (5): 2.6/4.0 MB | 4.8/14 MB | 1.2/3.8 MB | 0.8/1.9 MB | 16/272 kBProgress (5): 2.6/4.0 MB | 4.8/14 MB | 1.2/3.8 MB | 0.8/1.9 MB | 16/272 kBProgress (5): 2.6/4.0 MB | 4.9/14 MB | 1.2/3.8 MB | 0.8/1.9 MB | 16/272 kBProgress (5): 2.6/4.0 MB | 4.9/14 MB | 1.2/3.8 MB | 0.8/1.9 MB | 16/272 kBProgress (5): 2.6/4.0 MB | 4.9/14 MB | 1.2/3.8 MB | 0.8/1.9 MB | 32/272 kBProgress (5): 2.6/4.0 MB | 4.9/14 MB | 1.2/3.8 MB | 0.8/1.9 MB | 32/272 kBProgress (5): 2.6/4.0 MB | 4.9/14 MB | 1.2/3.8 MB | 0.8/1.9 MB | 32/272 kBProgress (5): 2.6/4.0 MB | 4.9/14 MB | 1.2/3.8 MB | 0.8/1.9 MB | 49/272 kBProgress (5): 2.6/4.0 MB | 4.9/14 MB | 1.2/3.8 MB | 0.8/1.9 MB | 49/272 kBProgress (5): 2.6/4.0 MB | 4.9/14 MB | 1.2/3.8 MB | 0.8/1.9 MB | 65/272 kBProgress (5): 2.6/4.0 MB | 4.9/14 MB | 1.2/3.8 MB | 0.8/1.9 MB | 65/272 kBProgress (5): 2.6/4.0 MB | 4.9/14 MB | 1.2/3.8 MB | 0.8/1.9 MB | 65/272 kBProgress (5): 2.6/4.0 MB | 4.9/14 MB | 1.2/3.8 MB | 0.8/1.9 MB | 65/272 kBProgress (5): 2.6/4.0 MB | 4.9/14 MB | 1.2/3.8 MB | 0.8/1.9 MB | 65/272 kBProgress (5): 2.6/4.0 MB | 4.9/14 MB | 1.2/3.8 MB | 0.8/1.9 MB | 65/272 kBProgress (5): 2.6/4.0 MB | 4.9/14 MB | 1.2/3.8 MB | 0.9/1.9 MB | 65/272 kBProgress (5): 2.6/4.0 MB | 4.9/14 MB | 1.2/3.8 MB | 0.9/1.9 MB | 65/272 kBProgress (5): 2.6/4.0 MB | 5.0/14 MB | 1.2/3.8 MB | 0.9/1.9 MB | 65/272 kBProgress (5): 2.6/4.0 MB | 5.0/14 MB | 1.2/3.8 MB | 0.9/1.9 MB | 65/272 kBProgress (5): 2.6/4.0 MB | 5.0/14 MB | 1.2/3.8 MB | 0.9/1.9 MB | 65/272 kBProgress (5): 2.6/4.0 MB | 5.0/14 MB | 1.2/3.8 MB | 0.9/1.9 MB | 65/272 kBProgress (5): 2.6/4.0 MB | 5.0/14 MB | 1.2/3.8 MB | 0.9/1.9 MB | 81/272 kBProgress (5): 2.6/4.0 MB | 5.0/14 MB | 1.2/3.8 MB | 0.9/1.9 MB | 81/272 kBProgress (5): 2.6/4.0 MB | 5.0/14 MB | 1.2/3.8 MB | 0.9/1.9 MB | 81/272 kBProgress (5): 2.6/4.0 MB | 5.0/14 MB | 1.3/3.8 MB | 0.9/1.9 MB | 81/272 kBProgress (5): 2.6/4.0 MB | 5.0/14 MB | 1.3/3.8 MB | 0.9/1.9 MB | 98/272 kBProgress (5): 2.6/4.0 MB | 5.0/14 MB | 1.3/3.8 MB | 0.9/1.9 MB | 98/272 kBProgress (5): 2.6/4.0 MB | 5.0/14 MB | 1.3/3.8 MB | 0.9/1.9 MB | 98/272 kBProgress (5): 2.6/4.0 MB | 5.0/14 MB | 1.3/3.8 MB | 0.9/1.9 MB | 98/272 kBProgress (5): 2.6/4.0 MB | 5.0/14 MB | 1.3/3.8 MB | 0.9/1.9 MB | 98/272 kBProgress (5): 2.6/4.0 MB | 5.0/14 MB | 1.3/3.8 MB | 0.9/1.9 MB | 114/272 kBProgress (5): 2.6/4.0 MB | 5.0/14 MB | 1.3/3.8 MB | 0.9/1.9 MB | 114/272 kBProgress (5): 2.6/4.0 MB | 5.0/14 MB | 1.3/3.8 MB | 0.9/1.9 MB | 114/272 kBProgress (5): 2.6/4.0 MB | 5.0/14 MB | 1.3/3.8 MB | 0.9/1.9 MB | 131/272 kBProgress (5): 2.6/4.0 MB | 5.1/14 MB | 1.3/3.8 MB | 0.9/1.9 MB | 131/272 kBProgress (5): 2.6/4.0 MB | 5.1/14 MB | 1.3/3.8 MB | 0.9/1.9 MB | 131/272 kBProgress (5): 2.6/4.0 MB | 5.1/14 MB | 1.3/3.8 MB | 0.9/1.9 MB | 131/272 kBProgress (5): 2.6/4.0 MB | 5.1/14 MB | 1.3/3.8 MB | 0.9/1.9 MB | 131/272 kBProgress (5): 2.6/4.0 MB | 5.1/14 MB | 1.3/3.8 MB | 0.9/1.9 MB | 131/272 kBProgress (5): 2.7/4.0 MB | 5.1/14 MB | 1.3/3.8 MB | 0.9/1.9 MB | 131/272 kBProgress (5): 2.7/4.0 MB | 5.1/14 MB | 1.3/3.8 MB | 0.9/1.9 MB | 147/272 kBProgress (5): 2.7/4.0 MB | 5.1/14 MB | 1.3/3.8 MB | 0.9/1.9 MB | 147/272 kBProgress (5): 2.7/4.0 MB | 5.1/14 MB | 1.3/3.8 MB | 0.9/1.9 MB | 147/272 kBProgress (5): 2.7/4.0 MB | 5.1/14 MB | 1.3/3.8 MB | 0.9/1.9 MB | 147/272 kBProgress (5): 2.7/4.0 MB | 5.1/14 MB | 1.3/3.8 MB | 0.9/1.9 MB | 147/272 kBProgress (5): 2.7/4.0 MB | 5.1/14 MB | 1.3/3.8 MB | 0.9/1.9 MB | 147/272 kBProgress (5): 2.7/4.0 MB | 5.1/14 MB | 1.3/3.8 MB | 0.9/1.9 MB | 147/272 kBProgress (5): 2.7/4.0 MB | 5.1/14 MB | 1.3/3.8 MB | 0.9/1.9 MB | 147/272 kBProgress (5): 2.7/4.0 MB | 5.1/14 MB | 1.3/3.8 MB | 0.9/1.9 MB | 147/272 kBProgress (5): 2.7/4.0 MB | 5.2/14 MB | 1.3/3.8 MB | 0.9/1.9 MB | 147/272 kBProgress (5): 2.7/4.0 MB | 5.2/14 MB | 1.3/3.8 MB | 0.9/1.9 MB | 163/272 kBProgress (5): 2.7/4.0 MB | 5.2/14 MB | 1.3/3.8 MB | 0.9/1.9 MB | 163/272 kBProgress (5): 2.7/4.0 MB | 5.2/14 MB | 1.3/3.8 MB | 0.9/1.9 MB | 163/272 kBProgress (5): 2.7/4.0 MB | 5.2/14 MB | 1.3/3.8 MB | 0.9/1.9 MB | 163/272 kBProgress (5): 2.7/4.0 MB | 5.2/14 MB | 1.3/3.8 MB | 0.9/1.9 MB | 163/272 kBProgress (5): 2.7/4.0 MB | 5.2/14 MB | 1.3/3.8 MB | 0.9/1.9 MB | 163/272 kBProgress (5): 2.7/4.0 MB | 5.2/14 MB | 1.3/3.8 MB | 0.9/1.9 MB | 180/272 kBProgress (5): 2.7/4.0 MB | 5.2/14 MB | 1.4/3.8 MB | 0.9/1.9 MB | 180/272 kBProgress (5): 2.7/4.0 MB | 5.2/14 MB | 1.4/3.8 MB | 0.9/1.9 MB | 180/272 kBProgress (5): 2.7/4.0 MB | 5.2/14 MB | 1.4/3.8 MB | 0.9/1.9 MB | 180/272 kBProgress (5): 2.7/4.0 MB | 5.2/14 MB | 1.4/3.8 MB | 0.9/1.9 MB | 180/272 kBProgress (5): 2.7/4.0 MB | 5.2/14 MB | 1.4/3.8 MB | 0.9/1.9 MB | 180/272 kBProgress (5): 2.7/4.0 MB | 5.2/14 MB | 1.4/3.8 MB | 0.9/1.9 MB | 196/272 kBProgress (5): 2.7/4.0 MB | 5.2/14 MB | 1.4/3.8 MB | 0.9/1.9 MB | 196/272 kBProgress (5): 2.7/4.0 MB | 5.2/14 MB | 1.4/3.8 MB | 1.0/1.9 MB | 196/272 kBProgress (5): 2.7/4.0 MB | 5.3/14 MB | 1.4/3.8 MB | 1.0/1.9 MB | 196/272 kBProgress (5): 2.7/4.0 MB | 5.3/14 MB | 1.4/3.8 MB | 1.0/1.9 MB | 196/272 kBProgress (5): 2.7/4.0 MB | 5.3/14 MB | 1.4/3.8 MB | 1.0/1.9 MB | 196/272 kBProgress (5): 2.7/4.0 MB | 5.3/14 MB | 1.4/3.8 MB | 1.0/1.9 MB | 213/272 kBProgress (5): 2.7/4.0 MB | 5.3/14 MB | 1.4/3.8 MB | 1.0/1.9 MB | 213/272 kBProgress (5): 2.7/4.0 MB | 5.3/14 MB | 1.4/3.8 MB | 1.0/1.9 MB | 213/272 kBProgress (5): 2.7/4.0 MB | 5.3/14 MB | 1.4/3.8 MB | 1.0/1.9 MB | 213/272 kBProgress (5): 2.7/4.0 MB | 5.3/14 MB | 1.4/3.8 MB | 1.0/1.9 MB | 213/272 kBProgress (5): 2.7/4.0 MB | 5.3/14 MB | 1.4/3.8 MB | 1.0/1.9 MB | 213/272 kBProgress (5): 2.7/4.0 MB | 5.3/14 MB | 1.4/3.8 MB | 1.0/1.9 MB | 229/272 kBProgress (5): 2.7/4.0 MB | 5.3/14 MB | 1.4/3.8 MB | 1.0/1.9 MB | 229/272 kBProgress (5): 2.7/4.0 MB | 5.3/14 MB | 1.4/3.8 MB | 1.0/1.9 MB | 229/272 kBProgress (5): 2.7/4.0 MB | 5.3/14 MB | 1.4/3.8 MB | 1.0/1.9 MB | 229/272 kBProgress (5): 2.7/4.0 MB | 5.3/14 MB | 1.4/3.8 MB | 1.0/1.9 MB | 229/272 kBProgress (5): 2.7/4.0 MB | 5.3/14 MB | 1.4/3.8 MB | 1.0/1.9 MB | 229/272 kBProgress (5): 2.7/4.0 MB | 5.3/14 MB | 1.4/3.8 MB | 1.0/1.9 MB | 245/272 kBProgress (5): 2.7/4.0 MB | 5.4/14 MB | 1.4/3.8 MB | 1.0/1.9 MB | 245/272 kBProgress (5): 2.7/4.0 MB | 5.4/14 MB | 1.4/3.8 MB | 1.0/1.9 MB | 245/272 kBProgress (5): 2.8/4.0 MB | 5.4/14 MB | 1.4/3.8 MB | 1.0/1.9 MB | 245/272 kBProgress (5): 2.8/4.0 MB | 5.4/14 MB | 1.4/3.8 MB | 1.0/1.9 MB | 245/272 kBProgress (5): 2.8/4.0 MB | 5.4/14 MB | 1.4/3.8 MB | 1.0/1.9 MB | 245/272 kBProgress (5): 2.8/4.0 MB | 5.4/14 MB | 1.4/3.8 MB | 1.0/1.9 MB | 245/272 kBProgress (5): 2.8/4.0 MB | 5.4/14 MB | 1.4/3.8 MB | 1.0/1.9 MB | 262/272 kBProgress (5): 2.8/4.0 MB | 5.4/14 MB | 1.4/3.8 MB | 1.0/1.9 MB | 262/272 kBProgress (5): 2.8/4.0 MB | 5.4/14 MB | 1.5/3.8 MB | 1.0/1.9 MB | 262/272 kBProgress (5): 2.8/4.0 MB | 5.4/14 MB | 1.5/3.8 MB | 1.0/1.9 MB | 262/272 kBProgress (5): 2.8/4.0 MB | 5.4/14 MB | 1.5/3.8 MB | 1.0/1.9 MB | 272 kB    Progress (5): 2.8/4.0 MB | 5.4/14 MB | 1.5/3.8 MB | 1.0/1.9 MB | 272 kBProgress (5): 2.8/4.0 MB | 5.4/14 MB | 1.5/3.8 MB | 1.0/1.9 MB | 272 kBProgress (5): 2.8/4.0 MB | 5.4/14 MB | 1.5/3.8 MB | 1.0/1.9 MB | 272 kB                                                                       Downloaded from central: https://repo.maven.apache.org/maven2/org/apache/lucene/lucene-highlighter/9.7.0/lucene-highlighter-9.7.0.jar (272 kB at 13 kB/s)
Downloading from central: https://repo.maven.apache.org/maven2/org/apache/lucene/lucene-join/9.7.0/lucene-join-9.7.0.jar
Progress (4): 2.8/4.0 MB | 5.4/14 MB | 1.5/3.8 MB | 1.0/1.9 MBProgress (4): 2.8/4.0 MB | 5.5/14 MB | 1.5/3.8 MB | 1.0/1.9 MBProgress (4): 2.8/4.0 MB | 5.5/14 MB | 1.5/3.8 MB | 1.0/1.9 MBProgress (4): 2.8/4.0 MB | 5.5/14 MB | 1.5/3.8 MB | 1.0/1.9 MBProgress (4): 2.8/4.0 MB | 5.5/14 MB | 1.5/3.8 MB | 1.0/1.9 MBProgress (4): 2.8/4.0 MB | 5.5/14 MB | 1.5/3.8 MB | 1.0/1.9 MBProgress (4): 2.8/4.0 MB | 5.5/14 MB | 1.5/3.8 MB | 1.0/1.9 MBProgress (4): 2.8/4.0 MB | 5.5/14 MB | 1.5/3.8 MB | 1.0/1.9 MBProgress (4): 2.8/4.0 MB | 5.5/14 MB | 1.5/3.8 MB | 1.0/1.9 MBProgress (4): 2.8/4.0 MB | 5.5/14 MB | 1.5/3.8 MB | 1.0/1.9 MBProgress (4): 2.8/4.0 MB | 5.5/14 MB | 1.5/3.8 MB | 1.0/1.9 MBProgress (4): 2.8/4.0 MB | 5.5/14 MB | 1.5/3.8 MB | 1.1/1.9 MBProgress (4): 2.8/4.0 MB | 5.5/14 MB | 1.5/3.8 MB | 1.1/1.9 MBProgress (4): 2.8/4.0 MB | 5.5/14 MB | 1.5/3.8 MB | 1.1/1.9 MBProgress (4): 2.8/4.0 MB | 5.5/14 MB | 1.5/3.8 MB | 1.1/1.9 MBProgress (4): 2.8/4.0 MB | 5.6/14 MB | 1.5/3.8 MB | 1.1/1.9 MBProgress (4): 2.8/4.0 MB | 5.6/14 MB | 1.5/3.8 MB | 1.1/1.9 MBProgress (4): 2.8/4.0 MB | 5.6/14 MB | 1.5/3.8 MB | 1.1/1.9 MBProgress (4): 2.8/4.0 MB | 5.6/14 MB | 1.5/3.8 MB | 1.1/1.9 MBProgress (4): 2.8/4.0 MB | 5.6/14 MB | 1.5/3.8 MB | 1.1/1.9 MBProgress (4): 2.8/4.0 MB | 5.6/14 MB | 1.5/3.8 MB | 1.1/1.9 MBProgress (5): 2.8/4.0 MB | 5.6/14 MB | 1.5/3.8 MB | 1.1/1.9 MB | 7.7/155 kBProgress (5): 2.8/4.0 MB | 5.6/14 MB | 1.5/3.8 MB | 1.1/1.9 MB | 16/155 kB Progress (5): 2.8/4.0 MB | 5.6/14 MB | 1.5/3.8 MB | 1.1/1.9 MB | 16/155 kBProgress (5): 2.8/4.0 MB | 5.6/14 MB | 1.6/3.8 MB | 1.1/1.9 MB | 16/155 kBProgress (5): 2.8/4.0 MB | 5.6/14 MB | 1.6/3.8 MB | 1.1/1.9 MB | 16/155 kBProgress (5): 2.9/4.0 MB | 5.6/14 MB | 1.6/3.8 MB | 1.1/1.9 MB | 16/155 kBProgress (5): 2.9/4.0 MB | 5.6/14 MB | 1.6/3.8 MB | 1.1/1.9 MB | 16/155 kBProgress (5): 2.9/4.0 MB | 5.6/14 MB | 1.6/3.8 MB | 1.1/1.9 MB | 32/155 kBProgress (5): 2.9/4.0 MB | 5.6/14 MB | 1.6/3.8 MB | 1.1/1.9 MB | 32/155 kBProgress (5): 2.9/4.0 MB | 5.6/14 MB | 1.6/3.8 MB | 1.1/1.9 MB | 32/155 kBProgress (5): 2.9/4.0 MB | 5.7/14 MB | 1.6/3.8 MB | 1.1/1.9 MB | 32/155 kBProgress (5): 2.9/4.0 MB | 5.7/14 MB | 1.6/3.8 MB | 1.1/1.9 MB | 32/155 kBProgress (5): 2.9/4.0 MB | 5.7/14 MB | 1.6/3.8 MB | 1.1/1.9 MB | 32/155 kBProgress (5): 2.9/4.0 MB | 5.7/14 MB | 1.6/3.8 MB | 1.1/1.9 MB | 49/155 kBProgress (5): 2.9/4.0 MB | 5.7/14 MB | 1.6/3.8 MB | 1.1/1.9 MB | 49/155 kBProgress (5): 2.9/4.0 MB | 5.7/14 MB | 1.6/3.8 MB | 1.1/1.9 MB | 49/155 kBProgress (5): 2.9/4.0 MB | 5.7/14 MB | 1.6/3.8 MB | 1.1/1.9 MB | 49/155 kBProgress (5): 2.9/4.0 MB | 5.7/14 MB | 1.6/3.8 MB | 1.1/1.9 MB | 49/155 kBProgress (5): 2.9/4.0 MB | 5.7/14 MB | 1.6/3.8 MB | 1.1/1.9 MB | 49/155 kBProgress (5): 2.9/4.0 MB | 5.7/14 MB | 1.6/3.8 MB | 1.1/1.9 MB | 49/155 kBProgress (5): 2.9/4.0 MB | 5.7/14 MB | 1.6/3.8 MB | 1.1/1.9 MB | 49/155 kBProgress (5): 2.9/4.0 MB | 5.7/14 MB | 1.6/3.8 MB | 1.1/1.9 MB | 65/155 kBProgress (5): 2.9/4.0 MB | 5.7/14 MB | 1.6/3.8 MB | 1.1/1.9 MB | 81/155 kBProgress (5): 2.9/4.0 MB | 5.7/14 MB | 1.6/3.8 MB | 1.1/1.9 MB | 81/155 kBProgress (5): 2.9/4.0 MB | 5.7/14 MB | 1.6/3.8 MB | 1.1/1.9 MB | 98/155 kBProgress (5): 2.9/4.0 MB | 5.7/14 MB | 1.6/3.8 MB | 1.1/1.9 MB | 98/155 kBProgress (5): 2.9/4.0 MB | 5.7/14 MB | 1.6/3.8 MB | 1.1/1.9 MB | 98/155 kBProgress (5): 2.9/4.0 MB | 5.8/14 MB | 1.6/3.8 MB | 1.1/1.9 MB | 98/155 kBProgress (5): 2.9/4.0 MB | 5.8/14 MB | 1.6/3.8 MB | 1.1/1.9 MB | 98/155 kBProgress (5): 2.9/4.0 MB | 5.8/14 MB | 1.6/3.8 MB | 1.1/1.9 MB | 98/155 kBProgress (5): 2.9/4.0 MB | 5.8/14 MB | 1.6/3.8 MB | 1.1/1.9 MB | 98/155 kBProgress (5): 2.9/4.0 MB | 5.8/14 MB | 1.6/3.8 MB | 1.1/1.9 MB | 98/155 kBProgress (5): 2.9/4.0 MB | 5.8/14 MB | 1.6/3.8 MB | 1.1/1.9 MB | 114/155 kBProgress (5): 2.9/4.0 MB | 5.8/14 MB | 1.6/3.8 MB | 1.1/1.9 MB | 114/155 kBProgress (5): 2.9/4.0 MB | 5.8/14 MB | 1.6/3.8 MB | 1.1/1.9 MB | 114/155 kBProgress (5): 2.9/4.0 MB | 5.8/14 MB | 1.7/3.8 MB | 1.1/1.9 MB | 114/155 kBProgress (5): 2.9/4.0 MB | 5.8/14 MB | 1.7/3.8 MB | 1.1/1.9 MB | 114/155 kBProgress (5): 2.9/4.0 MB | 5.8/14 MB | 1.7/3.8 MB | 1.2/1.9 MB | 114/155 kBProgress (5): 2.9/4.0 MB | 5.8/14 MB | 1.7/3.8 MB | 1.2/1.9 MB | 114/155 kBProgress (5): 2.9/4.0 MB | 5.8/14 MB | 1.7/3.8 MB | 1.2/1.9 MB | 131/155 kBProgress (5): 2.9/4.0 MB | 5.8/14 MB | 1.7/3.8 MB | 1.2/1.9 MB | 131/155 kBProgress (5): 2.9/4.0 MB | 5.8/14 MB | 1.7/3.8 MB | 1.2/1.9 MB | 131/155 kBProgress (5): 2.9/4.0 MB | 5.8/14 MB | 1.7/3.8 MB | 1.2/1.9 MB | 131/155 kBProgress (5): 2.9/4.0 MB | 5.9/14 MB | 1.7/3.8 MB | 1.2/1.9 MB | 131/155 kBProgress (5): 2.9/4.0 MB | 5.9/14 MB | 1.7/3.8 MB | 1.2/1.9 MB | 131/155 kBProgress (5): 2.9/4.0 MB | 5.9/14 MB | 1.7/3.8 MB | 1.2/1.9 MB | 147/155 kBProgress (5): 2.9/4.0 MB | 5.9/14 MB | 1.7/3.8 MB | 1.2/1.9 MB | 147/155 kBProgress (5): 2.9/4.0 MB | 5.9/14 MB | 1.7/3.8 MB | 1.2/1.9 MB | 147/155 kBProgress (5): 2.9/4.0 MB | 5.9/14 MB | 1.7/3.8 MB | 1.2/1.9 MB | 147/155 kBProgress (5): 2.9/4.0 MB | 5.9/14 MB | 1.7/3.8 MB | 1.2/1.9 MB | 147/155 kBProgress (5): 2.9/4.0 MB | 5.9/14 MB | 1.7/3.8 MB | 1.2/1.9 MB | 155 kB    Progress (5): 2.9/4.0 MB | 5.9/14 MB | 1.7/3.8 MB | 1.2/1.9 MB | 155 kB                                                                       Downloaded from central: https://repo.maven.apache.org/maven2/org/apache/lucene/lucene-join/9.7.0/lucene-join-9.7.0.jar (155 kB at 7.3 kB/s)
Downloading from central: https://repo.maven.apache.org/maven2/org/apache/lucene/lucene-memory/9.7.0/lucene-memory-9.7.0.jar
Progress (4): 2.9/4.0 MB | 5.9/14 MB | 1.7/3.8 MB | 1.2/1.9 MBProgress (4): 2.9/4.0 MB | 5.9/14 MB | 1.7/3.8 MB | 1.2/1.9 MBProgress (4): 2.9/4.0 MB | 5.9/14 MB | 1.7/3.8 MB | 1.2/1.9 MBProgress (4): 2.9/4.0 MB | 5.9/14 MB | 1.7/3.8 MB | 1.2/1.9 MBProgress (4): 2.9/4.0 MB | 5.9/14 MB | 1.7/3.8 MB | 1.2/1.9 MBProgress (4): 2.9/4.0 MB | 5.9/14 MB | 1.7/3.8 MB | 1.2/1.9 MBProgress (4): 3.0/4.0 MB | 5.9/14 MB | 1.7/3.8 MB | 1.2/1.9 MBProgress (4): 3.0/4.0 MB | 6.0/14 MB | 1.7/3.8 MB | 1.2/1.9 MBProgress (4): 3.0/4.0 MB | 6.0/14 MB | 1.7/3.8 MB | 1.2/1.9 MBProgress (4): 3.0/4.0 MB | 6.0/14 MB | 1.7/3.8 MB | 1.2/1.9 MBProgress (4): 3.0/4.0 MB | 6.0/14 MB | 1.7/3.8 MB | 1.2/1.9 MBProgress (4): 3.0/4.0 MB | 6.0/14 MB | 1.7/3.8 MB | 1.2/1.9 MBProgress (4): 3.0/4.0 MB | 6.0/14 MB | 1.7/3.8 MB | 1.2/1.9 MBProgress (4): 3.0/4.0 MB | 6.0/14 MB | 1.8/3.8 MB | 1.2/1.9 MBProgress (4): 3.0/4.0 MB | 6.0/14 MB | 1.8/3.8 MB | 1.2/1.9 MBProgress (4): 3.0/4.0 MB | 6.0/14 MB | 1.8/3.8 MB | 1.2/1.9 MBProgress (4): 3.0/4.0 MB | 6.0/14 MB | 1.8/3.8 MB | 1.2/1.9 MBProgress (4): 3.0/4.0 MB | 6.0/14 MB | 1.8/3.8 MB | 1.2/1.9 MBProgress (4): 3.0/4.0 MB | 6.0/14 MB | 1.8/3.8 MB | 1.2/1.9 MBProgress (4): 3.0/4.0 MB | 6.0/14 MB | 1.8/3.8 MB | 1.2/1.9 MBProgress (4): 3.0/4.0 MB | 6.1/14 MB | 1.8/3.8 MB | 1.2/1.9 MBProgress (4): 3.0/4.0 MB | 6.1/14 MB | 1.8/3.8 MB | 1.2/1.9 MBProgress (4): 3.0/4.0 MB | 6.1/14 MB | 1.8/3.8 MB | 1.2/1.9 MBProgress (4): 3.0/4.0 MB | 6.1/14 MB | 1.8/3.8 MB | 1.2/1.9 MBProgress (4): 3.0/4.0 MB | 6.1/14 MB | 1.8/3.8 MB | 1.2/1.9 MBProgress (4): 3.0/4.0 MB | 6.1/14 MB | 1.8/3.8 MB | 1.2/1.9 MBProgress (4): 3.0/4.0 MB | 6.1/14 MB | 1.8/3.8 MB | 1.2/1.9 MBProgress (5): 3.0/4.0 MB | 6.1/14 MB | 1.8/3.8 MB | 1.2/1.9 MB | 7.7/54 kBProgress (5): 3.0/4.0 MB | 6.1/14 MB | 1.8/3.8 MB | 1.2/1.9 MB | 8.2/54 kBProgress (5): 3.0/4.0 MB | 6.1/14 MB | 1.8/3.8 MB | 1.2/1.9 MB | 8.2/54 kBProgress (5): 3.0/4.0 MB | 6.1/14 MB | 1.8/3.8 MB | 1.2/1.9 MB | 8.2/54 kBProgress (5): 3.0/4.0 MB | 6.1/14 MB | 1.8/3.8 MB | 1.2/1.9 MB | 8.2/54 kBProgress (5): 3.0/4.0 MB | 6.1/14 MB | 1.8/3.8 MB | 1.3/1.9 MB | 8.2/54 kBProgress (5): 3.0/4.0 MB | 6.2/14 MB | 1.8/3.8 MB | 1.3/1.9 MB | 8.2/54 kBProgress (5): 3.0/4.0 MB | 6.2/14 MB | 1.8/3.8 MB | 1.3/1.9 MB | 8.2/54 kBProgress (5): 3.0/4.0 MB | 6.2/14 MB | 1.8/3.8 MB | 1.3/1.9 MB | 8.2/54 kBProgress (5): 3.0/4.0 MB | 6.2/14 MB | 1.8/3.8 MB | 1.3/1.9 MB | 25/54 kB Progress (5): 3.0/4.0 MB | 6.2/14 MB | 1.8/3.8 MB | 1.3/1.9 MB | 25/54 kBProgress (5): 3.0/4.0 MB | 6.2/14 MB | 1.8/3.8 MB | 1.3/1.9 MB | 25/54 kBProgress (5): 3.0/4.0 MB | 6.2/14 MB | 1.8/3.8 MB | 1.3/1.9 MB | 25/54 kBProgress (5): 3.0/4.0 MB | 6.2/14 MB | 1.8/3.8 MB | 1.3/1.9 MB | 25/54 kBProgress (5): 3.0/4.0 MB | 6.2/14 MB | 1.8/3.8 MB | 1.3/1.9 MB | 25/54 kBProgress (5): 3.0/4.0 MB | 6.2/14 MB | 1.8/3.8 MB | 1.3/1.9 MB | 25/54 kBProgress (5): 3.0/4.0 MB | 6.2/14 MB | 1.8/3.8 MB | 1.3/1.9 MB | 41/54 kBProgress (5): 3.0/4.0 MB | 6.2/14 MB | 1.8/3.8 MB | 1.3/1.9 MB | 41/54 kBProgress (5): 3.1/4.0 MB | 6.2/14 MB | 1.8/3.8 MB | 1.3/1.9 MB | 41/54 kBProgress (5): 3.1/4.0 MB | 6.2/14 MB | 1.9/3.8 MB | 1.3/1.9 MB | 41/54 kBProgress (5): 3.1/4.0 MB | 6.2/14 MB | 1.9/3.8 MB | 1.3/1.9 MB | 54 kB   Progress (5): 3.1/4.0 MB | 6.2/14 MB | 1.9/3.8 MB | 1.3/1.9 MB | 54 kB                                                                      Downloaded from central: https://repo.maven.apache.org/maven2/org/apache/lucene/lucene-memory/9.7.0/lucene-memory-9.7.0.jar (54 kB at 2.5 kB/s)
Downloading from central: https://repo.maven.apache.org/maven2/org/apache/lucene/lucene-misc/9.7.0/lucene-misc-9.7.0.jar
Progress (4): 3.1/4.0 MB | 6.2/14 MB | 1.9/3.8 MB | 1.3/1.9 MBProgress (4): 3.1/4.0 MB | 6.3/14 MB | 1.9/3.8 MB | 1.3/1.9 MBProgress (4): 3.1/4.0 MB | 6.3/14 MB | 1.9/3.8 MB | 1.3/1.9 MBProgress (4): 3.1/4.0 MB | 6.3/14 MB | 1.9/3.8 MB | 1.3/1.9 MBProgress (4): 3.1/4.0 MB | 6.3/14 MB | 1.9/3.8 MB | 1.3/1.9 MBProgress (4): 3.1/4.0 MB | 6.3/14 MB | 1.9/3.8 MB | 1.3/1.9 MBProgress (4): 3.1/4.0 MB | 6.3/14 MB | 1.9/3.8 MB | 1.3/1.9 MBProgress (4): 3.1/4.0 MB | 6.3/14 MB | 1.9/3.8 MB | 1.3/1.9 MBProgress (4): 3.1/4.0 MB | 6.3/14 MB | 1.9/3.8 MB | 1.3/1.9 MBProgress (4): 3.1/4.0 MB | 6.3/14 MB | 1.9/3.8 MB | 1.3/1.9 MBProgress (4): 3.1/4.0 MB | 6.3/14 MB | 1.9/3.8 MB | 1.3/1.9 MBProgress (4): 3.1/4.0 MB | 6.3/14 MB | 1.9/3.8 MB | 1.3/1.9 MBProgress (4): 3.1/4.0 MB | 6.3/14 MB | 1.9/3.8 MB | 1.3/1.9 MBProgress (4): 3.1/4.0 MB | 6.3/14 MB | 1.9/3.8 MB | 1.3/1.9 MBProgress (4): 3.1/4.0 MB | 6.3/14 MB | 1.9/3.8 MB | 1.3/1.9 MBProgress (4): 3.1/4.0 MB | 6.4/14 MB | 1.9/3.8 MB | 1.3/1.9 MBProgress (4): 3.1/4.0 MB | 6.4/14 MB | 1.9/3.8 MB | 1.3/1.9 MBProgress (4): 3.1/4.0 MB | 6.4/14 MB | 1.9/3.8 MB | 1.3/1.9 MBProgress (4): 3.1/4.0 MB | 6.4/14 MB | 1.9/3.8 MB | 1.3/1.9 MBProgress (4): 3.1/4.0 MB | 6.4/14 MB | 1.9/3.8 MB | 1.3/1.9 MBProgress (4): 3.1/4.0 MB | 6.4/14 MB | 1.9/3.8 MB | 1.3/1.9 MBProgress (4): 3.1/4.0 MB | 6.4/14 MB | 1.9/3.8 MB | 1.3/1.9 MBProgress (4): 3.1/4.0 MB | 6.4/14 MB | 1.9/3.8 MB | 1.3/1.9 MBProgress (4): 3.1/4.0 MB | 6.4/14 MB | 1.9/3.8 MB | 1.3/1.9 MBProgress (4): 3.1/4.0 MB | 6.4/14 MB | 1.9/3.8 MB | 1.3/1.9 MBProgress (4): 3.1/4.0 MB | 6.4/14 MB | 1.9/3.8 MB | 1.3/1.9 MBProgress (4): 3.1/4.0 MB | 6.5/14 MB | 1.9/3.8 MB | 1.3/1.9 MBProgress (4): 3.1/4.0 MB | 6.5/14 MB | 1.9/3.8 MB | 1.3/1.9 MBProgress (4): 3.1/4.0 MB | 6.5/14 MB | 1.9/3.8 MB | 1.4/1.9 MBProgress (4): 3.1/4.0 MB | 6.5/14 MB | 1.9/3.8 MB | 1.4/1.9 MBProgress (4): 3.1/4.0 MB | 6.5/14 MB | 2.0/3.8 MB | 1.4/1.9 MBProgress (4): 3.1/4.0 MB | 6.5/14 MB | 2.0/3.8 MB | 1.4/1.9 MBProgress (5): 3.1/4.0 MB | 6.5/14 MB | 2.0/3.8 MB | 1.4/1.9 MB | 7.7/97 kBProgress (5): 3.1/4.0 MB | 6.5/14 MB | 2.0/3.8 MB | 1.4/1.9 MB | 8.2/97 kBProgress (5): 3.1/4.0 MB | 6.5/14 MB | 2.0/3.8 MB | 1.4/1.9 MB | 8.2/97 kBProgress (5): 3.1/4.0 MB | 6.5/14 MB | 2.0/3.8 MB | 1.4/1.9 MB | 8.2/97 kBProgress (5): 3.1/4.0 MB | 6.5/14 MB | 2.0/3.8 MB | 1.4/1.9 MB | 8.2/97 kBProgress (5): 3.1/4.0 MB | 6.5/14 MB | 2.0/3.8 MB | 1.4/1.9 MB | 8.2/97 kBProgress (5): 3.2/4.0 MB | 6.5/14 MB | 2.0/3.8 MB | 1.4/1.9 MB | 8.2/97 kBProgress (5): 3.2/4.0 MB | 6.5/14 MB | 2.0/3.8 MB | 1.4/1.9 MB | 8.2/97 kBProgress (5): 3.2/4.0 MB | 6.5/14 MB | 2.0/3.8 MB | 1.4/1.9 MB | 25/97 kB Progress (5): 3.2/4.0 MB | 6.6/14 MB | 2.0/3.8 MB | 1.4/1.9 MB | 25/97 kBProgress (5): 3.2/4.0 MB | 6.6/14 MB | 2.0/3.8 MB | 1.4/1.9 MB | 25/97 kBProgress (5): 3.2/4.0 MB | 6.6/14 MB | 2.0/3.8 MB | 1.4/1.9 MB | 25/97 kBProgress (5): 3.2/4.0 MB | 6.6/14 MB | 2.0/3.8 MB | 1.4/1.9 MB | 25/97 kBProgress (5): 3.2/4.0 MB | 6.6/14 MB | 2.0/3.8 MB | 1.4/1.9 MB | 25/97 kBProgress (5): 3.2/4.0 MB | 6.6/14 MB | 2.0/3.8 MB | 1.4/1.9 MB | 41/97 kBProgress (5): 3.2/4.0 MB | 6.6/14 MB | 2.0/3.8 MB | 1.4/1.9 MB | 41/97 kBProgress (5): 3.2/4.0 MB | 6.6/14 MB | 2.0/3.8 MB | 1.4/1.9 MB | 41/97 kBProgress (5): 3.2/4.0 MB | 6.6/14 MB | 2.0/3.8 MB | 1.4/1.9 MB | 41/97 kBProgress (5): 3.2/4.0 MB | 6.6/14 MB | 2.0/3.8 MB | 1.4/1.9 MB | 41/97 kBProgress (5): 3.2/4.0 MB | 6.6/14 MB | 2.0/3.8 MB | 1.4/1.9 MB | 57/97 kBProgress (5): 3.2/4.0 MB | 6.6/14 MB | 2.0/3.8 MB | 1.4/1.9 MB | 57/97 kBProgress (5): 3.2/4.0 MB | 6.6/14 MB | 2.0/3.8 MB | 1.4/1.9 MB | 57/97 kBProgress (5): 3.2/4.0 MB | 6.6/14 MB | 2.0/3.8 MB | 1.4/1.9 MB | 57/97 kBProgress (5): 3.2/4.0 MB | 6.6/14 MB | 2.0/3.8 MB | 1.4/1.9 MB | 57/97 kBProgress (5): 3.2/4.0 MB | 6.7/14 MB | 2.0/3.8 MB | 1.4/1.9 MB | 57/97 kBProgress (5): 3.2/4.0 MB | 6.7/14 MB | 2.0/3.8 MB | 1.4/1.9 MB | 74/97 kBProgress (5): 3.2/4.0 MB | 6.7/14 MB | 2.0/3.8 MB | 1.4/1.9 MB | 74/97 kBProgress (5): 3.2/4.0 MB | 6.7/14 MB | 2.0/3.8 MB | 1.4/1.9 MB | 74/97 kBProgress (5): 3.2/4.0 MB | 6.7/14 MB | 2.0/3.8 MB | 1.4/1.9 MB | 74/97 kBProgress (5): 3.2/4.0 MB | 6.7/14 MB | 2.0/3.8 MB | 1.4/1.9 MB | 74/97 kBProgress (5): 3.2/4.0 MB | 6.7/14 MB | 2.0/3.8 MB | 1.4/1.9 MB | 90/97 kBProgress (5): 3.2/4.0 MB | 6.7/14 MB | 2.0/3.8 MB | 1.4/1.9 MB | 90/97 kBProgress (5): 3.2/4.0 MB | 6.7/14 MB | 2.0/3.8 MB | 1.4/1.9 MB | 90/97 kBProgress (5): 3.2/4.0 MB | 6.7/14 MB | 2.1/3.8 MB | 1.4/1.9 MB | 90/97 kBProgress (5): 3.2/4.0 MB | 6.7/14 MB | 2.1/3.8 MB | 1.4/1.9 MB | 90/97 kBProgress (5): 3.2/4.0 MB | 6.7/14 MB | 2.1/3.8 MB | 1.4/1.9 MB | 97 kB                                                                         Downloaded from central: https://repo.maven.apache.org/maven2/org/apache/lucene/lucene-misc/9.7.0/lucene-misc-9.7.0.jar (97 kB at 4.5 kB/s)
Downloading from central: https://repo.maven.apache.org/maven2/org/apache/lucene/lucene-queries/9.7.0/lucene-queries-9.7.0.jar
Progress (4): 3.2/4.0 MB | 6.7/14 MB | 2.1/3.8 MB | 1.4/1.9 MBProgress (4): 3.2/4.0 MB | 6.7/14 MB | 2.1/3.8 MB | 1.4/1.9 MBProgress (4): 3.2/4.0 MB | 6.7/14 MB | 2.1/3.8 MB | 1.4/1.9 MBProgress (4): 3.2/4.0 MB | 6.7/14 MB | 2.1/3.8 MB | 1.4/1.9 MBProgress (4): 3.2/4.0 MB | 6.7/14 MB | 2.1/3.8 MB | 1.4/1.9 MBProgress (4): 3.2/4.0 MB | 6.8/14 MB | 2.1/3.8 MB | 1.4/1.9 MBProgress (4): 3.2/4.0 MB | 6.8/14 MB | 2.1/3.8 MB | 1.4/1.9 MBProgress (4): 3.2/4.0 MB | 6.8/14 MB | 2.1/3.8 MB | 1.4/1.9 MBProgress (4): 3.2/4.0 MB | 6.8/14 MB | 2.1/3.8 MB | 1.4/1.9 MBProgress (4): 3.2/4.0 MB | 6.8/14 MB | 2.1/3.8 MB | 1.4/1.9 MBProgress (4): 3.2/4.0 MB | 6.8/14 MB | 2.1/3.8 MB | 1.4/1.9 MBProgress (4): 3.2/4.0 MB | 6.8/14 MB | 2.1/3.8 MB | 1.4/1.9 MBProgress (4): 3.2/4.0 MB | 6.8/14 MB | 2.1/3.8 MB | 1.4/1.9 MBProgress (4): 3.2/4.0 MB | 6.8/14 MB | 2.1/3.8 MB | 1.4/1.9 MBProgress (4): 3.2/4.0 MB | 6.8/14 MB | 2.1/3.8 MB | 1.4/1.9 MBProgress (5): 3.2/4.0 MB | 6.8/14 MB | 2.1/3.8 MB | 1.4/1.9 MB | 7.7/512 kBProgress (5): 3.2/4.0 MB | 6.8/14 MB | 2.1/3.8 MB | 1.4/1.9 MB | 16/512 kB Progress (5): 3.3/4.0 MB | 6.8/14 MB | 2.1/3.8 MB | 1.4/1.9 MB | 16/512 kBProgress (5): 3.3/4.0 MB | 6.8/14 MB | 2.1/3.8 MB | 1.4/1.9 MB | 16/512 kBProgress (5): 3.3/4.0 MB | 6.8/14 MB | 2.1/3.8 MB | 1.5/1.9 MB | 16/512 kBProgress (5): 3.3/4.0 MB | 6.9/14 MB | 2.1/3.8 MB | 1.5/1.9 MB | 16/512 kBProgress (5): 3.3/4.0 MB | 6.9/14 MB | 2.1/3.8 MB | 1.5/1.9 MB | 16/512 kBProgress (5): 3.3/4.0 MB | 6.9/14 MB | 2.1/3.8 MB | 1.5/1.9 MB | 32/512 kBProgress (5): 3.3/4.0 MB | 6.9/14 MB | 2.1/3.8 MB | 1.5/1.9 MB | 32/512 kBProgress (5): 3.3/4.0 MB | 6.9/14 MB | 2.1/3.8 MB | 1.5/1.9 MB | 32/512 kBProgress (5): 3.3/4.0 MB | 6.9/14 MB | 2.1/3.8 MB | 1.5/1.9 MB | 32/512 kBProgress (5): 3.3/4.0 MB | 6.9/14 MB | 2.2/3.8 MB | 1.5/1.9 MB | 32/512 kBProgress (5): 3.3/4.0 MB | 6.9/14 MB | 2.2/3.8 MB | 1.5/1.9 MB | 49/512 kBProgress (5): 3.3/4.0 MB | 6.9/14 MB | 2.2/3.8 MB | 1.5/1.9 MB | 49/512 kBProgress (5): 3.3/4.0 MB | 6.9/14 MB | 2.2/3.8 MB | 1.5/1.9 MB | 49/512 kBProgress (5): 3.3/4.0 MB | 6.9/14 MB | 2.2/3.8 MB | 1.5/1.9 MB | 49/512 kBProgress (5): 3.3/4.0 MB | 6.9/14 MB | 2.2/3.8 MB | 1.5/1.9 MB | 49/512 kBProgress (5): 3.3/4.0 MB | 6.9/14 MB | 2.2/3.8 MB | 1.5/1.9 MB | 49/512 kBProgress (5): 3.3/4.0 MB | 6.9/14 MB | 2.2/3.8 MB | 1.5/1.9 MB | 49/512 kBProgress (5): 3.3/4.0 MB | 6.9/14 MB | 2.2/3.8 MB | 1.5/1.9 MB | 49/512 kBProgress (5): 3.3/4.0 MB | 6.9/14 MB | 2.2/3.8 MB | 1.5/1.9 MB | 65/512 kBProgress (5): 3.3/4.0 MB | 7.0/14 MB | 2.2/3.8 MB | 1.5/1.9 MB | 65/512 kBProgress (5): 3.3/4.0 MB | 7.0/14 MB | 2.2/3.8 MB | 1.5/1.9 MB | 65/512 kBProgress (5): 3.3/4.0 MB | 7.0/14 MB | 2.2/3.8 MB | 1.5/1.9 MB | 65/512 kBProgress (5): 3.3/4.0 MB | 7.0/14 MB | 2.2/3.8 MB | 1.5/1.9 MB | 65/512 kBProgress (5): 3.3/4.0 MB | 7.0/14 MB | 2.2/3.8 MB | 1.5/1.9 MB | 81/512 kBProgress (5): 3.3/4.0 MB | 7.0/14 MB | 2.2/3.8 MB | 1.5/1.9 MB | 98/512 kBProgress (5): 3.3/4.0 MB | 7.0/14 MB | 2.2/3.8 MB | 1.5/1.9 MB | 98/512 kBProgress (5): 3.3/4.0 MB | 7.0/14 MB | 2.2/3.8 MB | 1.5/1.9 MB | 98/512 kBProgress (5): 3.3/4.0 MB | 7.0/14 MB | 2.2/3.8 MB | 1.5/1.9 MB | 98/512 kBProgress (5): 3.3/4.0 MB | 7.0/14 MB | 2.2/3.8 MB | 1.5/1.9 MB | 98/512 kBProgress (5): 3.3/4.0 MB | 7.0/14 MB | 2.2/3.8 MB | 1.5/1.9 MB | 98/512 kBProgress (5): 3.3/4.0 MB | 7.0/14 MB | 2.2/3.8 MB | 1.5/1.9 MB | 98/512 kBProgress (5): 3.3/4.0 MB | 7.0/14 MB | 2.2/3.8 MB | 1.5/1.9 MB | 114/512 kBProgress (5): 3.3/4.0 MB | 7.0/14 MB | 2.2/3.8 MB | 1.5/1.9 MB | 114/512 kBProgress (5): 3.3/4.0 MB | 7.0/14 MB | 2.2/3.8 MB | 1.5/1.9 MB | 114/512 kBProgress (5): 3.3/4.0 MB | 7.0/14 MB | 2.2/3.8 MB | 1.5/1.9 MB | 114/512 kBProgress (5): 3.3/4.0 MB | 7.0/14 MB | 2.2/3.8 MB | 1.5/1.9 MB | 131/512 kBProgress (5): 3.3/4.0 MB | 7.0/14 MB | 2.2/3.8 MB | 1.5/1.9 MB | 131/512 kBProgress (5): 3.3/4.0 MB | 7.0/14 MB | 2.2/3.8 MB | 1.5/1.9 MB | 131/512 kBProgress (5): 3.3/4.0 MB | 7.1/14 MB | 2.2/3.8 MB | 1.5/1.9 MB | 131/512 kBProgress (5): 3.3/4.0 MB | 7.1/14 MB | 2.2/3.8 MB | 1.5/1.9 MB | 131/512 kBProgress (5): 3.3/4.0 MB | 7.1/14 MB | 2.2/3.8 MB | 1.5/1.9 MB | 131/512 kBProgress (5): 3.3/4.0 MB | 7.1/14 MB | 2.2/3.8 MB | 1.5/1.9 MB | 147/512 kBProgress (5): 3.3/4.0 MB | 7.1/14 MB | 2.2/3.8 MB | 1.5/1.9 MB | 147/512 kBProgress (5): 3.4/4.0 MB | 7.1/14 MB | 2.2/3.8 MB | 1.5/1.9 MB | 147/512 kBProgress (5): 3.4/4.0 MB | 7.1/14 MB | 2.2/3.8 MB | 1.6/1.9 MB | 147/512 kBProgress (5): 3.4/4.0 MB | 7.1/14 MB | 2.2/3.8 MB | 1.6/1.9 MB | 147/512 kBProgress (5): 3.4/4.0 MB | 7.1/14 MB | 2.3/3.8 MB | 1.6/1.9 MB | 147/512 kBProgress (5): 3.4/4.0 MB | 7.1/14 MB | 2.3/3.8 MB | 1.6/1.9 MB | 147/512 kBProgress (5): 3.4/4.0 MB | 7.1/14 MB | 2.3/3.8 MB | 1.6/1.9 MB | 163/512 kBProgress (5): 3.4/4.0 MB | 7.1/14 MB | 2.3/3.8 MB | 1.6/1.9 MB | 163/512 kBProgress (5): 3.4/4.0 MB | 7.1/14 MB | 2.3/3.8 MB | 1.6/1.9 MB | 163/512 kBProgress (5): 3.4/4.0 MB | 7.2/14 MB | 2.3/3.8 MB | 1.6/1.9 MB | 163/512 kBProgress (5): 3.4/4.0 MB | 7.2/14 MB | 2.3/3.8 MB | 1.6/1.9 MB | 180/512 kBProgress (5): 3.4/4.0 MB | 7.2/14 MB | 2.3/3.8 MB | 1.6/1.9 MB | 180/512 kBProgress (5): 3.4/4.0 MB | 7.2/14 MB | 2.3/3.8 MB | 1.6/1.9 MB | 180/512 kBProgress (5): 3.4/4.0 MB | 7.2/14 MB | 2.3/3.8 MB | 1.6/1.9 MB | 180/512 kBProgress (5): 3.4/4.0 MB | 7.2/14 MB | 2.3/3.8 MB | 1.6/1.9 MB | 180/512 kBProgress (5): 3.4/4.0 MB | 7.2/14 MB | 2.3/3.8 MB | 1.6/1.9 MB | 180/512 kBProgress (5): 3.4/4.0 MB | 7.2/14 MB | 2.3/3.8 MB | 1.6/1.9 MB | 180/512 kBProgress (5): 3.4/4.0 MB | 7.2/14 MB | 2.3/3.8 MB | 1.6/1.9 MB | 180/512 kBProgress (5): 3.4/4.0 MB | 7.2/14 MB | 2.3/3.8 MB | 1.6/1.9 MB | 180/512 kBProgress (5): 3.4/4.0 MB | 7.2/14 MB | 2.3/3.8 MB | 1.6/1.9 MB | 196/512 kBProgress (5): 3.4/4.0 MB | 7.2/14 MB | 2.3/3.8 MB | 1.6/1.9 MB | 196/512 kBProgress (5): 3.4/4.0 MB | 7.2/14 MB | 2.3/3.8 MB | 1.6/1.9 MB | 196/512 kBProgress (5): 3.4/4.0 MB | 7.2/14 MB | 2.3/3.8 MB | 1.6/1.9 MB | 196/512 kBProgress (5): 3.4/4.0 MB | 7.3/14 MB | 2.3/3.8 MB | 1.6/1.9 MB | 196/512 kBProgress (5): 3.4/4.0 MB | 7.3/14 MB | 2.3/3.8 MB | 1.6/1.9 MB | 196/512 kBProgress (5): 3.4/4.0 MB | 7.3/14 MB | 2.3/3.8 MB | 1.6/1.9 MB | 213/512 kBProgress (5): 3.4/4.0 MB | 7.3/14 MB | 2.3/3.8 MB | 1.6/1.9 MB | 213/512 kBProgress (5): 3.4/4.0 MB | 7.3/14 MB | 2.3/3.8 MB | 1.6/1.9 MB | 213/512 kBProgress (5): 3.4/4.0 MB | 7.3/14 MB | 2.3/3.8 MB | 1.6/1.9 MB | 213/512 kBProgress (5): 3.4/4.0 MB | 7.3/14 MB | 2.3/3.8 MB | 1.6/1.9 MB | 213/512 kBProgress (5): 3.4/4.0 MB | 7.3/14 MB | 2.3/3.8 MB | 1.6/1.9 MB | 229/512 kBProgress (5): 3.4/4.0 MB | 7.3/14 MB | 2.3/3.8 MB | 1.6/1.9 MB | 229/512 kBProgress (5): 3.4/4.0 MB | 7.3/14 MB | 2.3/3.8 MB | 1.6/1.9 MB | 229/512 kBProgress (5): 3.4/4.0 MB | 7.3/14 MB | 2.3/3.8 MB | 1.6/1.9 MB | 229/512 kBProgress (5): 3.4/4.0 MB | 7.3/14 MB | 2.3/3.8 MB | 1.6/1.9 MB | 229/512 kBProgress (5): 3.4/4.0 MB | 7.3/14 MB | 2.3/3.8 MB | 1.6/1.9 MB | 229/512 kBProgress (5): 3.4/4.0 MB | 7.3/14 MB | 2.3/3.8 MB | 1.6/1.9 MB | 229/512 kBProgress (5): 3.4/4.0 MB | 7.3/14 MB | 2.4/3.8 MB | 1.6/1.9 MB | 229/512 kBProgress (5): 3.4/4.0 MB | 7.3/14 MB | 2.4/3.8 MB | 1.6/1.9 MB | 229/512 kBProgress (5): 3.4/4.0 MB | 7.4/14 MB | 2.4/3.8 MB | 1.6/1.9 MB | 229/512 kBProgress (5): 3.4/4.0 MB | 7.4/14 MB | 2.4/3.8 MB | 1.6/1.9 MB | 229/512 kBProgress (5): 3.4/4.0 MB | 7.4/14 MB | 2.4/3.8 MB | 1.6/1.9 MB | 229/512 kBProgress (5): 3.4/4.0 MB | 7.4/14 MB | 2.4/3.8 MB | 1.6/1.9 MB | 229/512 kBProgress (5): 3.4/4.0 MB | 7.4/14 MB | 2.4/3.8 MB | 1.6/1.9 MB | 229/512 kBProgress (5): 3.5/4.0 MB | 7.4/14 MB | 2.4/3.8 MB | 1.6/1.9 MB | 229/512 kBProgress (5): 3.5/4.0 MB | 7.4/14 MB | 2.4/3.8 MB | 1.6/1.9 MB | 229/512 kBProgress (5): 3.5/4.0 MB | 7.4/14 MB | 2.4/3.8 MB | 1.6/1.9 MB | 229/512 kBProgress (5): 3.5/4.0 MB | 7.4/14 MB | 2.4/3.8 MB | 1.6/1.9 MB | 229/512 kBProgress (5): 3.5/4.0 MB | 7.4/14 MB | 2.4/3.8 MB | 1.6/1.9 MB | 229/512 kBProgress (5): 3.5/4.0 MB | 7.4/14 MB | 2.4/3.8 MB | 1.7/1.9 MB | 229/512 kBProgress (5): 3.5/4.0 MB | 7.5/14 MB | 2.4/3.8 MB | 1.7/1.9 MB | 229/512 kBProgress (5): 3.5/4.0 MB | 7.5/14 MB | 2.4/3.8 MB | 1.7/1.9 MB | 229/512 kBProgress (5): 3.5/4.0 MB | 7.5/14 MB | 2.4/3.8 MB | 1.7/1.9 MB | 229/512 kBProgress (5): 3.5/4.0 MB | 7.5/14 MB | 2.4/3.8 MB | 1.7/1.9 MB | 229/512 kBProgress (5): 3.5/4.0 MB | 7.5/14 MB | 2.4/3.8 MB | 1.7/1.9 MB | 229/512 kBProgress (5): 3.5/4.0 MB | 7.5/14 MB | 2.4/3.8 MB | 1.7/1.9 MB | 229/512 kBProgress (5): 3.5/4.0 MB | 7.5/14 MB | 2.4/3.8 MB | 1.7/1.9 MB | 229/512 kBProgress (5): 3.5/4.0 MB | 7.5/14 MB | 2.4/3.8 MB | 1.7/1.9 MB | 229/512 kBProgress (5): 3.5/4.0 MB | 7.5/14 MB | 2.4/3.8 MB | 1.7/1.9 MB | 229/512 kBProgress (5): 3.5/4.0 MB | 7.5/14 MB | 2.4/3.8 MB | 1.7/1.9 MB | 229/512 kBProgress (5): 3.5/4.0 MB | 7.5/14 MB | 2.4/3.8 MB | 1.7/1.9 MB | 229/512 kBProgress (5): 3.5/4.0 MB | 7.5/14 MB | 2.4/3.8 MB | 1.7/1.9 MB | 229/512 kBProgress (5): 3.5/4.0 MB | 7.6/14 MB | 2.4/3.8 MB | 1.7/1.9 MB | 229/512 kBProgress (5): 3.5/4.0 MB | 7.6/14 MB | 2.4/3.8 MB | 1.7/1.9 MB | 229/512 kBProgress (5): 3.5/4.0 MB | 7.6/14 MB | 2.4/3.8 MB | 1.7/1.9 MB | 229/512 kBProgress (5): 3.5/4.0 MB | 7.6/14 MB | 2.5/3.8 MB | 1.7/1.9 MB | 229/512 kBProgress (5): 3.5/4.0 MB | 7.6/14 MB | 2.5/3.8 MB | 1.7/1.9 MB | 245/512 kBProgress (5): 3.5/4.0 MB | 7.6/14 MB | 2.5/3.8 MB | 1.7/1.9 MB | 245/512 kBProgress (5): 3.5/4.0 MB | 7.6/14 MB | 2.5/3.8 MB | 1.7/1.9 MB | 245/512 kBProgress (5): 3.5/4.0 MB | 7.6/14 MB | 2.5/3.8 MB | 1.7/1.9 MB | 245/512 kBProgress (5): 3.5/4.0 MB | 7.6/14 MB | 2.5/3.8 MB | 1.7/1.9 MB | 245/512 kBProgress (5): 3.5/4.0 MB | 7.6/14 MB | 2.5/3.8 MB | 1.7/1.9 MB | 245/512 kBProgress (5): 3.5/4.0 MB | 7.6/14 MB | 2.5/3.8 MB | 1.7/1.9 MB | 245/512 kBProgress (5): 3.5/4.0 MB | 7.6/14 MB | 2.5/3.8 MB | 1.7/1.9 MB | 245/512 kBProgress (5): 3.5/4.0 MB | 7.6/14 MB | 2.5/3.8 MB | 1.7/1.9 MB | 245/512 kBProgress (5): 3.5/4.0 MB | 7.7/14 MB | 2.5/3.8 MB | 1.7/1.9 MB | 245/512 kBProgress (5): 3.5/4.0 MB | 7.7/14 MB | 2.5/3.8 MB | 1.7/1.9 MB | 245/512 kBProgress (5): 3.5/4.0 MB | 7.7/14 MB | 2.5/3.8 MB | 1.7/1.9 MB | 245/512 kBProgress (5): 3.5/4.0 MB | 7.7/14 MB | 2.5/3.8 MB | 1.7/1.9 MB | 245/512 kBProgress (5): 3.5/4.0 MB | 7.7/14 MB | 2.5/3.8 MB | 1.7/1.9 MB | 245/512 kBProgress (5): 3.5/4.0 MB | 7.7/14 MB | 2.5/3.8 MB | 1.7/1.9 MB | 245/512 kBProgress (5): 3.5/4.0 MB | 7.7/14 MB | 2.5/3.8 MB | 1.7/1.9 MB | 245/512 kBProgress (5): 3.5/4.0 MB | 7.7/14 MB | 2.5/3.8 MB | 1.7/1.9 MB | 245/512 kBProgress (5): 3.5/4.0 MB | 7.7/14 MB | 2.5/3.8 MB | 1.7/1.9 MB | 245/512 kBProgress (5): 3.5/4.0 MB | 7.7/14 MB | 2.5/3.8 MB | 1.7/1.9 MB | 245/512 kBProgress (5): 3.6/4.0 MB | 7.7/14 MB | 2.5/3.8 MB | 1.7/1.9 MB | 245/512 kBProgress (5): 3.6/4.0 MB | 7.7/14 MB | 2.5/3.8 MB | 1.7/1.9 MB | 245/512 kBProgress (5): 3.6/4.0 MB | 7.7/14 MB | 2.5/3.8 MB | 1.7/1.9 MB | 245/512 kBProgress (5): 3.6/4.0 MB | 7.7/14 MB | 2.5/3.8 MB | 1.7/1.9 MB | 245/512 kBProgress (5): 3.6/4.0 MB | 7.7/14 MB | 2.5/3.8 MB | 1.7/1.9 MB | 245/512 kBProgress (5): 3.6/4.0 MB | 7.7/14 MB | 2.5/3.8 MB | 1.7/1.9 MB | 245/512 kBProgress (5): 3.6/4.0 MB | 7.7/14 MB | 2.6/3.8 MB | 1.7/1.9 MB | 245/512 kBProgress (5): 3.6/4.0 MB | 7.8/14 MB | 2.6/3.8 MB | 1.7/1.9 MB | 245/512 kBProgress (5): 3.6/4.0 MB | 7.8/14 MB | 2.6/3.8 MB | 1.7/1.9 MB | 245/512 kBProgress (5): 3.6/4.0 MB | 7.8/14 MB | 2.6/3.8 MB | 1.7/1.9 MB | 245/512 kBProgress (5): 3.6/4.0 MB | 7.8/14 MB | 2.6/3.8 MB | 1.7/1.9 MB | 245/512 kBProgress (5): 3.6/4.0 MB | 7.8/14 MB | 2.6/3.8 MB | 1.7/1.9 MB | 245/512 kBProgress (5): 3.6/4.0 MB | 7.8/14 MB | 2.6/3.8 MB | 1.7/1.9 MB | 245/512 kBProgress (5): 3.6/4.0 MB | 7.8/14 MB | 2.6/3.8 MB | 1.7/1.9 MB | 245/512 kBProgress (5): 3.6/4.0 MB | 7.8/14 MB | 2.6/3.8 MB | 1.7/1.9 MB | 245/512 kBProgress (5): 3.6/4.0 MB | 7.8/14 MB | 2.6/3.8 MB | 1.8/1.9 MB | 245/512 kBProgress (5): 3.6/4.0 MB | 7.8/14 MB | 2.6/3.8 MB | 1.8/1.9 MB | 245/512 kBProgress (5): 3.6/4.0 MB | 7.8/14 MB | 2.6/3.8 MB | 1.8/1.9 MB | 245/512 kBProgress (5): 3.6/4.0 MB | 7.9/14 MB | 2.6/3.8 MB | 1.8/1.9 MB | 245/512 kBProgress (5): 3.6/4.0 MB | 7.9/14 MB | 2.6/3.8 MB | 1.8/1.9 MB | 245/512 kBProgress (5): 3.6/4.0 MB | 7.9/14 MB | 2.6/3.8 MB | 1.8/1.9 MB | 245/512 kBProgress (5): 3.6/4.0 MB | 7.9/14 MB | 2.6/3.8 MB | 1.8/1.9 MB | 245/512 kBProgress (5): 3.6/4.0 MB | 7.9/14 MB | 2.6/3.8 MB | 1.8/1.9 MB | 245/512 kBProgress (5): 3.6/4.0 MB | 7.9/14 MB | 2.6/3.8 MB | 1.8/1.9 MB | 245/512 kBProgress (5): 3.6/4.0 MB | 7.9/14 MB | 2.6/3.8 MB | 1.8/1.9 MB | 245/512 kBProgress (5): 3.6/4.0 MB | 7.9/14 MB | 2.6/3.8 MB | 1.8/1.9 MB | 245/512 kBProgress (5): 3.6/4.0 MB | 7.9/14 MB | 2.6/3.8 MB | 1.8/1.9 MB | 262/512 kBProgress (5): 3.6/4.0 MB | 7.9/14 MB | 2.6/3.8 MB | 1.8/1.9 MB | 262/512 kBProgress (5): 3.6/4.0 MB | 7.9/14 MB | 2.6/3.8 MB | 1.8/1.9 MB | 262/512 kBProgress (5): 3.6/4.0 MB | 7.9/14 MB | 2.6/3.8 MB | 1.8/1.9 MB | 262/512 kBProgress (5): 3.6/4.0 MB | 7.9/14 MB | 2.6/3.8 MB | 1.8/1.9 MB | 262/512 kBProgress (5): 3.6/4.0 MB | 7.9/14 MB | 2.6/3.8 MB | 1.8/1.9 MB | 262/512 kBProgress (5): 3.6/4.0 MB | 7.9/14 MB | 2.6/3.8 MB | 1.8/1.9 MB | 278/512 kBProgress (5): 3.6/4.0 MB | 7.9/14 MB | 2.6/3.8 MB | 1.8/1.9 MB | 278/512 kBProgress (5): 3.6/4.0 MB | 7.9/14 MB | 2.6/3.8 MB | 1.8/1.9 MB | 278/512 kBProgress (5): 3.6/4.0 MB | 8.0/14 MB | 2.6/3.8 MB | 1.8/1.9 MB | 278/512 kBProgress (5): 3.6/4.0 MB | 8.0/14 MB | 2.6/3.8 MB | 1.8/1.9 MB | 294/512 kBProgress (5): 3.7/4.0 MB | 8.0/14 MB | 2.6/3.8 MB | 1.8/1.9 MB | 294/512 kBProgress (5): 3.7/4.0 MB | 8.0/14 MB | 2.6/3.8 MB | 1.8/1.9 MB | 294/512 kBProgress (5): 3.7/4.0 MB | 8.0/14 MB | 2.7/3.8 MB | 1.8/1.9 MB | 294/512 kBProgress (5): 3.7/4.0 MB | 8.0/14 MB | 2.7/3.8 MB | 1.8/1.9 MB | 294/512 kBProgress (5): 3.7/4.0 MB | 8.0/14 MB | 2.7/3.8 MB | 1.8/1.9 MB | 294/512 kBProgress (5): 3.7/4.0 MB | 8.0/14 MB | 2.7/3.8 MB | 1.8/1.9 MB | 311/512 kBProgress (5): 3.7/4.0 MB | 8.0/14 MB | 2.7/3.8 MB | 1.8/1.9 MB | 311/512 kBProgress (5): 3.7/4.0 MB | 8.0/14 MB | 2.7/3.8 MB | 1.8/1.9 MB | 311/512 kBProgress (5): 3.7/4.0 MB | 8.0/14 MB | 2.7/3.8 MB | 1.8/1.9 MB | 311/512 kBProgress (5): 3.7/4.0 MB | 8.0/14 MB | 2.7/3.8 MB | 1.8/1.9 MB | 311/512 kBProgress (5): 3.7/4.0 MB | 8.0/14 MB | 2.7/3.8 MB | 1.8/1.9 MB | 311/512 kBProgress (5): 3.7/4.0 MB | 8.1/14 MB | 2.7/3.8 MB | 1.8/1.9 MB | 311/512 kBProgress (5): 3.7/4.0 MB | 8.1/14 MB | 2.7/3.8 MB | 1.8/1.9 MB | 311/512 kBProgress (5): 3.7/4.0 MB | 8.1/14 MB | 2.7/3.8 MB | 1.8/1.9 MB | 311/512 kBProgress (5): 3.7/4.0 MB | 8.1/14 MB | 2.7/3.8 MB | 1.8/1.9 MB | 327/512 kBProgress (5): 3.7/4.0 MB | 8.1/14 MB | 2.7/3.8 MB | 1.8/1.9 MB | 327/512 kBProgress (5): 3.7/4.0 MB | 8.1/14 MB | 2.7/3.8 MB | 1.8/1.9 MB | 344/512 kBProgress (5): 3.7/4.0 MB | 8.1/14 MB | 2.7/3.8 MB | 1.8/1.9 MB | 344/512 kBProgress (5): 3.7/4.0 MB | 8.1/14 MB | 2.7/3.8 MB | 1.8/1.9 MB | 344/512 kBProgress (5): 3.7/4.0 MB | 8.1/14 MB | 2.7/3.8 MB | 1.8/1.9 MB | 344/512 kBProgress (5): 3.7/4.0 MB | 8.1/14 MB | 2.7/3.8 MB | 1.8/1.9 MB | 344/512 kBProgress (5): 3.7/4.0 MB | 8.1/14 MB | 2.7/3.8 MB | 1.8/1.9 MB | 344/512 kBProgress (5): 3.7/4.0 MB | 8.1/14 MB | 2.7/3.8 MB | 1.8/1.9 MB | 344/512 kBProgress (5): 3.7/4.0 MB | 8.1/14 MB | 2.7/3.8 MB | 1.8/1.9 MB | 344/512 kBProgress (5): 3.7/4.0 MB | 8.1/14 MB | 2.7/3.8 MB | 1.8/1.9 MB | 360/512 kBProgress (5): 3.7/4.0 MB | 8.1/14 MB | 2.7/3.8 MB | 1.9/1.9 MB | 360/512 kBProgress (5): 3.7/4.0 MB | 8.1/14 MB | 2.7/3.8 MB | 1.9/1.9 MB | 360/512 kBProgress (5): 3.7/4.0 MB | 8.2/14 MB | 2.7/3.8 MB | 1.9/1.9 MB | 360/512 kBProgress (5): 3.7/4.0 MB | 8.2/14 MB | 2.7/3.8 MB | 1.9/1.9 MB | 360/512 kBProgress (5): 3.7/4.0 MB | 8.2/14 MB | 2.7/3.8 MB | 1.9/1.9 MB | 376/512 kBProgress (5): 3.7/4.0 MB | 8.2/14 MB | 2.7/3.8 MB | 1.9/1.9 MB | 376/512 kBProgress (5): 3.7/4.0 MB | 8.2/14 MB | 2.7/3.8 MB | 1.9/1.9 MB | 376/512 kBProgress (5): 3.7/4.0 MB | 8.2/14 MB | 2.7/3.8 MB | 1.9/1.9 MB | 376/512 kBProgress (5): 3.7/4.0 MB | 8.2/14 MB | 2.7/3.8 MB | 1.9/1.9 MB | 376/512 kBProgress (5): 3.7/4.0 MB | 8.2/14 MB | 2.7/3.8 MB | 1.9/1.9 MB | 376/512 kBProgress (5): 3.7/4.0 MB | 8.2/14 MB | 2.7/3.8 MB | 1.9/1.9 MB | 376/512 kBProgress (5): 3.7/4.0 MB | 8.2/14 MB | 2.8/3.8 MB | 1.9/1.9 MB | 376/512 kBProgress (5): 3.7/4.0 MB | 8.2/14 MB | 2.8/3.8 MB | 1.9/1.9 MB | 376/512 kBProgress (5): 3.7/4.0 MB | 8.2/14 MB | 2.8/3.8 MB | 1.9/1.9 MB | 393/512 kBProgress (5): 3.7/4.0 MB | 8.3/14 MB | 2.8/3.8 MB | 1.9/1.9 MB | 393/512 kBProgress (5): 3.7/4.0 MB | 8.3/14 MB | 2.8/3.8 MB | 1.9/1.9 MB | 393/512 kBProgress (5): 3.7/4.0 MB | 8.3/14 MB | 2.8/3.8 MB | 1.9/1.9 MB | 393/512 kBProgress (5): 3.7/4.0 MB | 8.3/14 MB | 2.8/3.8 MB | 1.9/1.9 MB | 393/512 kBProgress (5): 3.7/4.0 MB | 8.3/14 MB | 2.8/3.8 MB | 1.9/1.9 MB | 393/512 kBProgress (5): 3.7/4.0 MB | 8.3/14 MB | 2.8/3.8 MB | 1.9/1.9 MB | 393/512 kBProgress (5): 3.7/4.0 MB | 8.3/14 MB | 2.8/3.8 MB | 1.9/1.9 MB | 409/512 kBProgress (5): 3.8/4.0 MB | 8.3/14 MB | 2.8/3.8 MB | 1.9/1.9 MB | 409/512 kBProgress (5): 3.8/4.0 MB | 8.3/14 MB | 2.8/3.8 MB | 1.9/1.9 MB | 409/512 kBProgress (5): 3.8/4.0 MB | 8.3/14 MB | 2.8/3.8 MB | 1.9/1.9 MB | 409/512 kBProgress (5): 3.8/4.0 MB | 8.3/14 MB | 2.8/3.8 MB | 1.9/1.9 MB | 409/512 kBProgress (5): 3.8/4.0 MB | 8.3/14 MB | 2.8/3.8 MB | 1.9/1.9 MB | 409/512 kBProgress (5): 3.8/4.0 MB | 8.3/14 MB | 2.8/3.8 MB | 1.9/1.9 MB | 426/512 kBProgress (5): 3.8/4.0 MB | 8.3/14 MB | 2.8/3.8 MB | 1.9 MB | 426/512 kB                                                                           Downloaded from central: https://repo.maven.apache.org/maven2/org/apache/lucene/lucene-analysis-common/9.7.0/lucene-analysis-common-9.7.0.jar (1.9 MB at 85 kB/s)
Downloading from central: https://repo.maven.apache.org/maven2/org/apache/lucene/lucene-queryparser/9.7.0/lucene-queryparser-9.7.0.jar
Progress (4): 3.8/4.0 MB | 8.4/14 MB | 2.8/3.8 MB | 426/512 kBProgress (4): 3.8/4.0 MB | 8.4/14 MB | 2.8/3.8 MB | 426/512 kBProgress (4): 3.8/4.0 MB | 8.4/14 MB | 2.8/3.8 MB | 426/512 kBProgress (4): 3.8/4.0 MB | 8.4/14 MB | 2.8/3.8 MB | 426/512 kBProgress (4): 3.8/4.0 MB | 8.4/14 MB | 2.8/3.8 MB | 442/512 kBProgress (4): 3.8/4.0 MB | 8.4/14 MB | 2.8/3.8 MB | 442/512 kBProgress (4): 3.8/4.0 MB | 8.4/14 MB | 2.8/3.8 MB | 442/512 kBProgress (4): 3.8/4.0 MB | 8.4/14 MB | 2.8/3.8 MB | 442/512 kBProgress (4): 3.8/4.0 MB | 8.4/14 MB | 2.8/3.8 MB | 442/512 kBProgress (4): 3.8/4.0 MB | 8.4/14 MB | 2.8/3.8 MB | 442/512 kBProgress (4): 3.8/4.0 MB | 8.4/14 MB | 2.8/3.8 MB | 442/512 kBProgress (4): 3.8/4.0 MB | 8.4/14 MB | 2.8/3.8 MB | 442/512 kBProgress (4): 3.8/4.0 MB | 8.4/14 MB | 2.9/3.8 MB | 442/512 kBProgress (4): 3.8/4.0 MB | 8.4/14 MB | 2.9/3.8 MB | 442/512 kBProgress (4): 3.8/4.0 MB | 8.4/14 MB | 2.9/3.8 MB | 458/512 kBProgress (4): 3.8/4.0 MB | 8.5/14 MB | 2.9/3.8 MB | 458/512 kBProgress (4): 3.8/4.0 MB | 8.5/14 MB | 2.9/3.8 MB | 458/512 kBProgress (4): 3.8/4.0 MB | 8.5/14 MB | 2.9/3.8 MB | 458/512 kBProgress (4): 3.8/4.0 MB | 8.5/14 MB | 2.9/3.8 MB | 475/512 kBProgress (4): 3.8/4.0 MB | 8.5/14 MB | 2.9/3.8 MB | 475/512 kBProgress (4): 3.8/4.0 MB | 8.5/14 MB | 2.9/3.8 MB | 475/512 kBProgress (4): 3.8/4.0 MB | 8.5/14 MB | 2.9/3.8 MB | 475/512 kBProgress (4): 3.8/4.0 MB | 8.5/14 MB | 2.9/3.8 MB | 475/512 kBProgress (4): 3.8/4.0 MB | 8.5/14 MB | 2.9/3.8 MB | 475/512 kBProgress (4): 3.8/4.0 MB | 8.5/14 MB | 2.9/3.8 MB | 491/512 kBProgress (4): 3.8/4.0 MB | 8.5/14 MB | 2.9/3.8 MB | 491/512 kBProgress (4): 3.8/4.0 MB | 8.5/14 MB | 2.9/3.8 MB | 491/512 kBProgress (4): 3.8/4.0 MB | 8.5/14 MB | 2.9/3.8 MB | 491/512 kBProgress (4): 3.8/4.0 MB | 8.6/14 MB | 2.9/3.8 MB | 491/512 kBProgress (5): 3.8/4.0 MB | 8.6/14 MB | 2.9/3.8 MB | 491/512 kB | 7.7/423 kBProgress (5): 3.8/4.0 MB | 8.6/14 MB | 2.9/3.8 MB | 491/512 kB | 16/423 kB Progress (5): 3.8/4.0 MB | 8.6/14 MB | 2.9/3.8 MB | 491/512 kB | 16/423 kBProgress (5): 3.8/4.0 MB | 8.6/14 MB | 2.9/3.8 MB | 507/512 kB | 16/423 kBProgress (5): 3.8/4.0 MB | 8.6/14 MB | 2.9/3.8 MB | 512 kB | 16/423 kB    Progress (5): 3.8/4.0 MB | 8.6/14 MB | 2.9/3.8 MB | 512 kB | 16/423 kB                                                                      Downloaded from central: https://repo.maven.apache.org/maven2/org/apache/lucene/lucene-queries/9.7.0/lucene-queries-9.7.0.jar (512 kB at 23 kB/s)
Downloading from central: https://repo.maven.apache.org/maven2/org/apache/lucene/lucene-sandbox/9.7.0/lucene-sandbox-9.7.0.jar
Progress (4): 3.8/4.0 MB | 8.6/14 MB | 2.9/3.8 MB | 16/423 kBProgress (4): 3.8/4.0 MB | 8.6/14 MB | 2.9/3.8 MB | 16/423 kBProgress (4): 3.8/4.0 MB | 8.6/14 MB | 2.9/3.8 MB | 16/423 kBProgress (4): 3.8/4.0 MB | 8.6/14 MB | 2.9/3.8 MB | 32/423 kBProgress (4): 3.8/4.0 MB | 8.6/14 MB | 2.9/3.8 MB | 32/423 kBProgress (4): 3.8/4.0 MB | 8.6/14 MB | 2.9/3.8 MB | 32/423 kBProgress (4): 3.8/4.0 MB | 8.6/14 MB | 2.9/3.8 MB | 32/423 kBProgress (4): 3.9/4.0 MB | 8.6/14 MB | 2.9/3.8 MB | 32/423 kBProgress (4): 3.9/4.0 MB | 8.7/14 MB | 2.9/3.8 MB | 32/423 kBProgress (4): 3.9/4.0 MB | 8.7/14 MB | 2.9/3.8 MB | 49/423 kBProgress (4): 3.9/4.0 MB | 8.7/14 MB | 2.9/3.8 MB | 49/423 kBProgress (4): 3.9/4.0 MB | 8.7/14 MB | 2.9/3.8 MB | 49/423 kBProgress (4): 3.9/4.0 MB | 8.7/14 MB | 2.9/3.8 MB | 49/423 kBProgress (4): 3.9/4.0 MB | 8.7/14 MB | 2.9/3.8 MB | 49/423 kBProgress (4): 3.9/4.0 MB | 8.7/14 MB | 2.9/3.8 MB | 49/423 kBProgress (4): 3.9/4.0 MB | 8.7/14 MB | 2.9/3.8 MB | 65/423 kBProgress (4): 3.9/4.0 MB | 8.7/14 MB | 2.9/3.8 MB | 65/423 kBProgress (4): 3.9/4.0 MB | 8.7/14 MB | 3.0/3.8 MB | 65/423 kBProgress (4): 3.9/4.0 MB | 8.7/14 MB | 3.0/3.8 MB | 65/423 kBProgress (4): 3.9/4.0 MB | 8.7/14 MB | 3.0/3.8 MB | 65/423 kBProgress (4): 3.9/4.0 MB | 8.7/14 MB | 3.0/3.8 MB | 65/423 kBProgress (4): 3.9/4.0 MB | 8.7/14 MB | 3.0/3.8 MB | 81/423 kBProgress (4): 3.9/4.0 MB | 8.7/14 MB | 3.0/3.8 MB | 81/423 kBProgress (4): 3.9/4.0 MB | 8.8/14 MB | 3.0/3.8 MB | 81/423 kBProgress (4): 3.9/4.0 MB | 8.8/14 MB | 3.0/3.8 MB | 81/423 kBProgress (4): 3.9/4.0 MB | 8.8/14 MB | 3.0/3.8 MB | 81/423 kBProgress (4): 3.9/4.0 MB | 8.8/14 MB | 3.0/3.8 MB | 81/423 kBProgress (4): 3.9/4.0 MB | 8.8/14 MB | 3.0/3.8 MB | 81/423 kBProgress (4): 3.9/4.0 MB | 8.8/14 MB | 3.0/3.8 MB | 81/423 kBProgress (4): 3.9/4.0 MB | 8.8/14 MB | 3.0/3.8 MB | 98/423 kBProgress (5): 3.9/4.0 MB | 8.8/14 MB | 3.0/3.8 MB | 98/423 kB | 7.7/233 kBProgress (5): 3.9/4.0 MB | 8.8/14 MB | 3.0/3.8 MB | 98/423 kB | 12/233 kB Progress (5): 3.9/4.0 MB | 8.8/14 MB | 3.0/3.8 MB | 98/423 kB | 12/233 kBProgress (5): 3.9/4.0 MB | 8.8/14 MB | 3.0/3.8 MB | 98/423 kB | 12/233 kBProgress (5): 3.9/4.0 MB | 8.8/14 MB | 3.0/3.8 MB | 98/423 kB | 12/233 kBProgress (5): 3.9/4.0 MB | 8.8/14 MB | 3.0/3.8 MB | 98/423 kB | 12/233 kBProgress (5): 3.9/4.0 MB | 8.8/14 MB | 3.0/3.8 MB | 98/423 kB | 28/233 kBProgress (5): 3.9/4.0 MB | 8.9/14 MB | 3.0/3.8 MB | 98/423 kB | 28/233 kBProgress (5): 3.9/4.0 MB | 8.9/14 MB | 3.0/3.8 MB | 98/423 kB | 28/233 kBProgress (5): 3.9/4.0 MB | 8.9/14 MB | 3.0/3.8 MB | 98/423 kB | 28/233 kBProgress (5): 3.9/4.0 MB | 8.9/14 MB | 3.0/3.8 MB | 114/423 kB | 28/233 kBProgress (5): 3.9/4.0 MB | 8.9/14 MB | 3.0/3.8 MB | 114/423 kB | 28/233 kBProgress (5): 3.9/4.0 MB | 8.9/14 MB | 3.0/3.8 MB | 114/423 kB | 28/233 kBProgress (5): 3.9/4.0 MB | 8.9/14 MB | 3.0/3.8 MB | 114/423 kB | 44/233 kBProgress (5): 3.9/4.0 MB | 8.9/14 MB | 3.0/3.8 MB | 114/423 kB | 44/233 kBProgress (5): 3.9/4.0 MB | 8.9/14 MB | 3.0/3.8 MB | 114/423 kB | 44/233 kBProgress (5): 4.0/4.0 MB | 8.9/14 MB | 3.0/3.8 MB | 114/423 kB | 44/233 kBProgress (5): 4.0/4.0 MB | 8.9/14 MB | 3.0/3.8 MB | 131/423 kB | 44/233 kBProgress (5): 4.0/4.0 MB | 8.9/14 MB | 3.0/3.8 MB | 131/423 kB | 44/233 kBProgress (5): 4.0/4.0 MB | 8.9/14 MB | 3.0/3.8 MB | 131/423 kB | 61/233 kBProgress (5): 4.0/4.0 MB | 8.9/14 MB | 3.0/3.8 MB | 131/423 kB | 61/233 kBProgress (5): 4.0/4.0 MB | 9.0/14 MB | 3.0/3.8 MB | 131/423 kB | 61/233 kBProgress (5): 4.0/4.0 MB | 9.0/14 MB | 3.1/3.8 MB | 131/423 kB | 61/233 kBProgress (5): 4.0/4.0 MB | 9.0/14 MB | 3.1/3.8 MB | 131/423 kB | 61/233 kBProgress (5): 4.0/4.0 MB | 9.0/14 MB | 3.1/3.8 MB | 131/423 kB | 61/233 kBProgress (5): 4.0/4.0 MB | 9.0/14 MB | 3.1/3.8 MB | 131/423 kB | 77/233 kBProgress (5): 4.0/4.0 MB | 9.0/14 MB | 3.1/3.8 MB | 147/423 kB | 77/233 kBProgress (5): 4.0/4.0 MB | 9.0/14 MB | 3.1/3.8 MB | 147/423 kB | 77/233 kBProgress (5): 4.0/4.0 MB | 9.0/14 MB | 3.1/3.8 MB | 147/423 kB | 77/233 kBProgress (5): 4.0/4.0 MB | 9.0/14 MB | 3.1/3.8 MB | 147/423 kB | 77/233 kBProgress (5): 4.0/4.0 MB | 9.0/14 MB | 3.1/3.8 MB | 147/423 kB | 77/233 kBProgress (5): 4.0/4.0 MB | 9.0/14 MB | 3.1/3.8 MB | 147/423 kB | 77/233 kBProgress (5): 4.0/4.0 MB | 9.0/14 MB | 3.1/3.8 MB | 147/423 kB | 93/233 kBProgress (5): 4.0/4.0 MB | 9.0/14 MB | 3.1/3.8 MB | 147/423 kB | 93/233 kBProgress (5): 4.0/4.0 MB | 9.0/14 MB | 3.1/3.8 MB | 163/423 kB | 93/233 kBProgress (5): 4.0/4.0 MB | 9.1/14 MB | 3.1/3.8 MB | 163/423 kB | 93/233 kBProgress (5): 4.0/4.0 MB | 9.1/14 MB | 3.1/3.8 MB | 163/423 kB | 93/233 kBProgress (5): 4.0/4.0 MB | 9.1/14 MB | 3.1/3.8 MB | 163/423 kB | 93/233 kBProgress (5): 4.0/4.0 MB | 9.1/14 MB | 3.1/3.8 MB | 163/423 kB | 110/233 kBProgress (5): 4.0/4.0 MB | 9.1/14 MB | 3.1/3.8 MB | 163/423 kB | 110/233 kBProgress (5): 4.0/4.0 MB | 9.1/14 MB | 3.1/3.8 MB | 180/423 kB | 110/233 kBProgress (5): 4.0 MB | 9.1/14 MB | 3.1/3.8 MB | 180/423 kB | 110/233 kB                                                                           Downloaded from central: https://repo.maven.apache.org/maven2/org/webjars/swagger-ui/5.10.3/swagger-ui-5.10.3.jar (4.0 MB at 175 kB/s)
Downloading from central: https://repo.maven.apache.org/maven2/org/apache/lucene/lucene-spatial-extras/9.7.0/lucene-spatial-extras-9.7.0.jar
Progress (4): 9.1/14 MB | 3.1/3.8 MB | 180/423 kB | 110/233 kBProgress (4): 9.1/14 MB | 3.1/3.8 MB | 180/423 kB | 110/233 kBProgress (4): 9.1/14 MB | 3.1/3.8 MB | 180/423 kB | 110/233 kBProgress (4): 9.1/14 MB | 3.1/3.8 MB | 180/423 kB | 110/233 kBProgress (4): 9.1/14 MB | 3.1/3.8 MB | 180/423 kB | 110/233 kBProgress (4): 9.1/14 MB | 3.1/3.8 MB | 180/423 kB | 126/233 kBProgress (4): 9.1/14 MB | 3.1/3.8 MB | 196/423 kB | 126/233 kBProgress (4): 9.1/14 MB | 3.1/3.8 MB | 196/423 kB | 126/233 kBProgress (4): 9.2/14 MB | 3.1/3.8 MB | 196/423 kB | 126/233 kBProgress (4): 9.2/14 MB | 3.1/3.8 MB | 196/423 kB | 143/233 kBProgress (4): 9.2/14 MB | 3.1/3.8 MB | 196/423 kB | 143/233 kBProgress (4): 9.2/14 MB | 3.1/3.8 MB | 196/423 kB | 143/233 kBProgress (4): 9.2/14 MB | 3.1/3.8 MB | 196/423 kB | 143/233 kBProgress (4): 9.2/14 MB | 3.1/3.8 MB | 213/423 kB | 143/233 kBProgress (4): 9.2/14 MB | 3.1/3.8 MB | 213/423 kB | 143/233 kBProgress (4): 9.2/14 MB | 3.1/3.8 MB | 213/423 kB | 159/233 kBProgress (4): 9.2/14 MB | 3.1/3.8 MB | 213/423 kB | 159/233 kBProgress (4): 9.2/14 MB | 3.2/3.8 MB | 213/423 kB | 159/233 kBProgress (4): 9.2/14 MB | 3.2/3.8 MB | 229/423 kB | 159/233 kBProgress (4): 9.2/14 MB | 3.2/3.8 MB | 229/423 kB | 159/233 kBProgress (4): 9.3/14 MB | 3.2/3.8 MB | 229/423 kB | 159/233 kBProgress (4): 9.3/14 MB | 3.2/3.8 MB | 229/423 kB | 175/233 kBProgress (4): 9.3/14 MB | 3.2/3.8 MB | 229/423 kB | 175/233 kBProgress (4): 9.3/14 MB | 3.2/3.8 MB | 245/423 kB | 175/233 kBProgress (4): 9.3/14 MB | 3.2/3.8 MB | 245/423 kB | 175/233 kBProgress (4): 9.3/14 MB | 3.2/3.8 MB | 245/423 kB | 175/233 kBProgress (4): 9.3/14 MB | 3.2/3.8 MB | 245/423 kB | 175/233 kBProgress (4): 9.3/14 MB | 3.2/3.8 MB | 245/423 kB | 192/233 kBProgress (4): 9.3/14 MB | 3.2/3.8 MB | 245/423 kB | 192/233 kBProgress (4): 9.3/14 MB | 3.2/3.8 MB | 245/423 kB | 192/233 kBProgress (4): 9.3/14 MB | 3.2/3.8 MB | 245/423 kB | 192/233 kBProgress (4): 9.3/14 MB | 3.2/3.8 MB | 245/423 kB | 208/233 kBProgress (4): 9.4/14 MB | 3.2/3.8 MB | 245/423 kB | 208/233 kBProgress (4): 9.4/14 MB | 3.2/3.8 MB | 245/423 kB | 208/233 kBProgress (4): 9.4/14 MB | 3.2/3.8 MB | 245/423 kB | 208/233 kBProgress (4): 9.4/14 MB | 3.2/3.8 MB | 262/423 kB | 208/233 kBProgress (5): 9.4/14 MB | 3.2/3.8 MB | 262/423 kB | 208/233 kB | 3.4/240 kBProgress (5): 9.4/14 MB | 3.2/3.8 MB | 262/423 kB | 208/233 kB | 3.4/240 kBProgress (5): 9.4/14 MB | 3.2/3.8 MB | 262/423 kB | 208/233 kB | 3.4/240 kBProgress (5): 9.4/14 MB | 3.2/3.8 MB | 262/423 kB | 208/233 kB | 3.4/240 kBProgress (5): 9.4/14 MB | 3.2/3.8 MB | 278/423 kB | 208/233 kB | 3.4/240 kBProgress (5): 9.4/14 MB | 3.2/3.8 MB | 278/423 kB | 208/233 kB | 3.4/240 kBProgress (5): 9.4/14 MB | 3.2/3.8 MB | 278/423 kB | 208/233 kB | 3.4/240 kBProgress (5): 9.4/14 MB | 3.2/3.8 MB | 278/423 kB | 225/233 kB | 3.4/240 kBProgress (5): 9.4/14 MB | 3.2/3.8 MB | 278/423 kB | 233 kB | 3.4/240 kB    Progress (5): 9.4/14 MB | 3.2/3.8 MB | 278/423 kB | 233 kB | 20/240 kB                                                                       Downloaded from central: https://repo.maven.apache.org/maven2/org/apache/lucene/lucene-sandbox/9.7.0/lucene-sandbox-9.7.0.jar (233 kB at 10 kB/s)
Downloading from central: https://repo.maven.apache.org/maven2/org/apache/lucene/lucene-spatial3d/9.7.0/lucene-spatial3d-9.7.0.jar
Progress (4): 9.4/14 MB | 3.2/3.8 MB | 278/423 kB | 20/240 kBProgress (4): 9.5/14 MB | 3.2/3.8 MB | 278/423 kB | 20/240 kBProgress (4): 9.5/14 MB | 3.2/3.8 MB | 278/423 kB | 36/240 kBProgress (4): 9.5/14 MB | 3.2/3.8 MB | 278/423 kB | 36/240 kBProgress (4): 9.5/14 MB | 3.2/3.8 MB | 294/423 kB | 36/240 kBProgress (4): 9.5/14 MB | 3.2/3.8 MB | 294/423 kB | 36/240 kBProgress (4): 9.5/14 MB | 3.2/3.8 MB | 294/423 kB | 53/240 kBProgress (4): 9.5/14 MB | 3.3/3.8 MB | 294/423 kB | 53/240 kBProgress (4): 9.5/14 MB | 3.3/3.8 MB | 294/423 kB | 53/240 kBProgress (4): 9.5/14 MB | 3.3/3.8 MB | 294/423 kB | 61/240 kBProgress (4): 9.5/14 MB | 3.3/3.8 MB | 311/423 kB | 61/240 kBProgress (4): 9.5/14 MB | 3.3/3.8 MB | 311/423 kB | 61/240 kBProgress (4): 9.5/14 MB | 3.3/3.8 MB | 311/423 kB | 77/240 kBProgress (4): 9.5/14 MB | 3.3/3.8 MB | 311/423 kB | 77/240 kBProgress (4): 9.5/14 MB | 3.3/3.8 MB | 311/423 kB | 93/240 kBProgress (4): 9.5/14 MB | 3.3/3.8 MB | 311/423 kB | 110/240 kBProgress (4): 9.5/14 MB | 3.3/3.8 MB | 311/423 kB | 110/240 kBProgress (4): 9.5/14 MB | 3.3/3.8 MB | 327/423 kB | 110/240 kBProgress (4): 9.5/14 MB | 3.3/3.8 MB | 327/423 kB | 110/240 kBProgress (4): 9.5/14 MB | 3.3/3.8 MB | 327/423 kB | 110/240 kBProgress (4): 9.6/14 MB | 3.3/3.8 MB | 327/423 kB | 110/240 kBProgress (4): 9.6/14 MB | 3.3/3.8 MB | 327/423 kB | 110/240 kBProgress (4): 9.6/14 MB | 3.3/3.8 MB | 344/423 kB | 110/240 kBProgress (4): 9.6/14 MB | 3.3/3.8 MB | 344/423 kB | 110/240 kBProgress (4): 9.6/14 MB | 3.3/3.8 MB | 344/423 kB | 126/240 kBProgress (4): 9.6/14 MB | 3.3/3.8 MB | 344/423 kB | 126/240 kBProgress (4): 9.6/14 MB | 3.3/3.8 MB | 344/423 kB | 126/240 kBProgress (4): 9.6/14 MB | 3.3/3.8 MB | 344/423 kB | 126/240 kBProgress (5): 9.6/14 MB | 3.3/3.8 MB | 344/423 kB | 126/240 kB | 7.7/324 kBProgress (5): 9.6/14 MB | 3.3/3.8 MB | 344/423 kB | 126/240 kB | 8.2/324 kBProgress (5): 9.6/14 MB | 3.3/3.8 MB | 344/423 kB | 143/240 kB | 8.2/324 kBProgress (5): 9.6/14 MB | 3.3/3.8 MB | 360/423 kB | 143/240 kB | 8.2/324 kBProgress (5): 9.6/14 MB | 3.3/3.8 MB | 360/423 kB | 143/240 kB | 8.2/324 kBProgress (5): 9.6/14 MB | 3.3/3.8 MB | 360/423 kB | 143/240 kB | 8.2/324 kBProgress (5): 9.6/14 MB | 3.3/3.8 MB | 360/423 kB | 143/240 kB | 8.2/324 kBProgress (5): 9.6/14 MB | 3.3/3.8 MB | 360/423 kB | 143/240 kB | 25/324 kB Progress (5): 9.7/14 MB | 3.3/3.8 MB | 360/423 kB | 143/240 kB | 25/324 kBProgress (5): 9.7/14 MB | 3.3/3.8 MB | 376/423 kB | 143/240 kB | 25/324 kBProgress (5): 9.7/14 MB | 3.3/3.8 MB | 376/423 kB | 159/240 kB | 25/324 kBProgress (5): 9.7/14 MB | 3.3/3.8 MB | 376/423 kB | 159/240 kB | 25/324 kBProgress (5): 9.7/14 MB | 3.4/3.8 MB | 376/423 kB | 159/240 kB | 25/324 kBProgress (5): 9.7/14 MB | 3.4/3.8 MB | 376/423 kB | 159/240 kB | 41/324 kBProgress (5): 9.7/14 MB | 3.4/3.8 MB | 376/423 kB | 175/240 kB | 41/324 kBProgress (5): 9.7/14 MB | 3.4/3.8 MB | 376/423 kB | 175/240 kB | 41/324 kBProgress (5): 9.7/14 MB | 3.4/3.8 MB | 376/423 kB | 175/240 kB | 41/324 kBProgress (5): 9.7/14 MB | 3.4/3.8 MB | 393/423 kB | 175/240 kB | 41/324 kBProgress (5): 9.7/14 MB | 3.4/3.8 MB | 393/423 kB | 175/240 kB | 41/324 kBProgress (5): 9.7/14 MB | 3.4/3.8 MB | 393/423 kB | 175/240 kB | 57/324 kBProgress (5): 9.7/14 MB | 3.4/3.8 MB | 393/423 kB | 175/240 kB | 57/324 kBProgress (5): 9.7/14 MB | 3.4/3.8 MB | 393/423 kB | 175/240 kB | 66/324 kBProgress (5): 9.7/14 MB | 3.4/3.8 MB | 393/423 kB | 192/240 kB | 66/324 kBProgress (5): 9.7/14 MB | 3.4/3.8 MB | 393/423 kB | 192/240 kB | 66/324 kBProgress (5): 9.7/14 MB | 3.4/3.8 MB | 393/423 kB | 192/240 kB | 66/324 kBProgress (5): 9.8/14 MB | 3.4/3.8 MB | 393/423 kB | 192/240 kB | 66/324 kBProgress (5): 9.8/14 MB | 3.4/3.8 MB | 393/423 kB | 192/240 kB | 66/324 kBProgress (5): 9.8/14 MB | 3.4/3.8 MB | 409/423 kB | 192/240 kB | 66/324 kBProgress (5): 9.8/14 MB | 3.4/3.8 MB | 409/423 kB | 208/240 kB | 66/324 kBProgress (5): 9.8/14 MB | 3.4/3.8 MB | 409/423 kB | 208/240 kB | 82/324 kBProgress (5): 9.8/14 MB | 3.4/3.8 MB | 409/423 kB | 208/240 kB | 82/324 kBProgress (5): 9.8/14 MB | 3.4/3.8 MB | 409/423 kB | 208/240 kB | 82/324 kBProgress (5): 9.8/14 MB | 3.4/3.8 MB | 409/423 kB | 208/240 kB | 82/324 kBProgress (5): 9.8/14 MB | 3.4/3.8 MB | 409/423 kB | 225/240 kB | 82/324 kBProgress (5): 9.8/14 MB | 3.4/3.8 MB | 409/423 kB | 225/240 kB | 98/324 kBProgress (5): 9.8/14 MB | 3.4/3.8 MB | 409/423 kB | 225/240 kB | 98/324 kBProgress (5): 9.8/14 MB | 3.4/3.8 MB | 409/423 kB | 225/240 kB | 98/324 kBProgress (5): 9.8/14 MB | 3.4/3.8 MB | 409/423 kB | 225/240 kB | 106/324 kBProgress (5): 9.8/14 MB | 3.4/3.8 MB | 409/423 kB | 225/240 kB | 106/324 kBProgress (5): 9.8/14 MB | 3.4/3.8 MB | 409/423 kB | 225/240 kB | 115/324 kBProgress (5): 9.8/14 MB | 3.4/3.8 MB | 409/423 kB | 225/240 kB | 115/324 kBProgress (5): 9.8/14 MB | 3.4/3.8 MB | 423 kB | 225/240 kB | 115/324 kB                                                                           Downloaded from central: https://repo.maven.apache.org/maven2/org/apache/lucene/lucene-queryparser/9.7.0/lucene-queryparser-9.7.0.jar (423 kB at 18 kB/s)
Downloading from central: https://repo.maven.apache.org/maven2/org/apache/lucene/lucene-suggest/9.7.0/lucene-suggest-9.7.0.jar
Progress (4): 9.8/14 MB | 3.4/3.8 MB | 240 kB | 115/324 kBProgress (4): 9.9/14 MB | 3.4/3.8 MB | 240 kB | 115/324 kB                                                          Downloaded from central: https://repo.maven.apache.org/maven2/org/apache/lucene/lucene-spatial-extras/9.7.0/lucene-spatial-extras-9.7.0.jar (240 kB at 10 kB/s)
Downloading from central: https://repo.maven.apache.org/maven2/org/opensearch/opensearch-cli/2.11.0/opensearch-cli-2.11.0.jar
Progress (3): 9.9/14 MB | 3.4/3.8 MB | 115/324 kBProgress (3): 9.9/14 MB | 3.4/3.8 MB | 131/324 kBProgress (3): 9.9/14 MB | 3.5/3.8 MB | 131/324 kBProgress (3): 9.9/14 MB | 3.5/3.8 MB | 131/324 kBProgress (3): 9.9/14 MB | 3.5/3.8 MB | 131/324 kBProgress (3): 9.9/14 MB | 3.5/3.8 MB | 131/324 kBProgress (3): 9.9/14 MB | 3.5/3.8 MB | 147/324 kBProgress (3): 9.9/14 MB | 3.5/3.8 MB | 147/324 kBProgress (3): 9.9/14 MB | 3.5/3.8 MB | 147/324 kBProgress (3): 10.0/14 MB | 3.5/3.8 MB | 147/324 kBProgress (3): 10.0/14 MB | 3.5/3.8 MB | 164/324 kBProgress (3): 10.0/14 MB | 3.5/3.8 MB | 164/324 kBProgress (3): 10.0/14 MB | 3.5/3.8 MB | 164/324 kBProgress (3): 10.0/14 MB | 3.5/3.8 MB | 164/324 kBProgress (3): 10.0/14 MB | 3.5/3.8 MB | 172/324 kBProgress (3): 10/14 MB | 3.5/3.8 MB | 172/324 kB  Progress (3): 10/14 MB | 3.5/3.8 MB | 172/324 kBProgress (3): 10/14 MB | 3.5/3.8 MB | 172/324 kBProgress (3): 10/14 MB | 3.5/3.8 MB | 172/324 kBProgress (3): 10/14 MB | 3.5/3.8 MB | 188/324 kBProgress (3): 10/14 MB | 3.5/3.8 MB | 188/324 kBProgress (3): 10/14 MB | 3.5/3.8 MB | 197/324 kBProgress (3): 10/14 MB | 3.5/3.8 MB | 197/324 kBProgress (3): 10/14 MB | 3.5/3.8 MB | 197/324 kBProgress (3): 10/14 MB | 3.5/3.8 MB | 205/324 kBProgress (3): 10/14 MB | 3.5/3.8 MB | 205/324 kBProgress (3): 10/14 MB | 3.5/3.8 MB | 205/324 kBProgress (4): 10/14 MB | 3.5/3.8 MB | 205/324 kB | 7.7/240 kBProgress (5): 10/14 MB | 3.5/3.8 MB | 205/324 kB | 7.7/240 kB | 7.7/18 kBProgress (5): 10/14 MB | 3.5/3.8 MB | 205/324 kB | 7.7/240 kB | 8.2/18 kBProgress (5): 10/14 MB | 3.5/3.8 MB | 205/324 kB | 16/240 kB | 8.2/18 kB Progress (5): 10/14 MB | 3.5/3.8 MB | 205/324 kB | 16/240 kB | 18 kB    Progress (5): 10/14 MB | 3.5/3.8 MB | 205/324 kB | 16/240 kB | 18 kB                                                                    Downloaded from central: https://repo.maven.apache.org/maven2/org/opensearch/opensearch-cli/2.11.0/opensearch-cli-2.11.0.jar (18 kB at 778 B/s)
Downloading from central: https://repo.maven.apache.org/maven2/net/sf/jopt-simple/jopt-simple/5.0.4/jopt-simple-5.0.4.jar
Progress (4): 10/14 MB | 3.5/3.8 MB | 221/324 kB | 16/240 kBProgress (4): 10/14 MB | 3.5/3.8 MB | 221/324 kB | 16/240 kBProgress (4): 10/14 MB | 3.5/3.8 MB | 221/324 kB | 16/240 kBProgress (4): 10/14 MB | 3.6/3.8 MB | 221/324 kB | 16/240 kBProgress (4): 10/14 MB | 3.6/3.8 MB | 221/324 kB | 16/240 kBProgress (4): 10/14 MB | 3.6/3.8 MB | 221/324 kB | 16/240 kBProgress (4): 10/14 MB | 3.6/3.8 MB | 221/324 kB | 16/240 kBProgress (4): 10/14 MB | 3.6/3.8 MB | 221/324 kB | 32/240 kBProgress (4): 10/14 MB | 3.6/3.8 MB | 221/324 kB | 32/240 kBProgress (4): 10/14 MB | 3.6/3.8 MB | 221/324 kB | 49/240 kBProgress (4): 10/14 MB | 3.6/3.8 MB | 221/324 kB | 65/240 kBProgress (4): 10/14 MB | 3.6/3.8 MB | 221/324 kB | 81/240 kBProgress (4): 10/14 MB | 3.6/3.8 MB | 238/324 kB | 81/240 kBProgress (4): 10/14 MB | 3.6/3.8 MB | 238/324 kB | 81/240 kBProgress (4): 10/14 MB | 3.6/3.8 MB | 238/324 kB | 98/240 kBProgress (4): 10/14 MB | 3.6/3.8 MB | 238/324 kB | 98/240 kBProgress (4): 10/14 MB | 3.6/3.8 MB | 254/324 kB | 98/240 kBProgress (4): 10/14 MB | 3.6/3.8 MB | 254/324 kB | 98/240 kBProgress (5): 10/14 MB | 3.6/3.8 MB | 254/324 kB | 98/240 kB | 7.7/78 kBProgress (5): 10/14 MB | 3.6/3.8 MB | 254/324 kB | 98/240 kB | 8.2/78 kBProgress (5): 10/14 MB | 3.6/3.8 MB | 254/324 kB | 98/240 kB | 8.2/78 kBProgress (5): 10/14 MB | 3.6/3.8 MB | 254/324 kB | 98/240 kB | 8.2/78 kBProgress (5): 10/14 MB | 3.6/3.8 MB | 254/324 kB | 114/240 kB | 8.2/78 kBProgress (5): 10/14 MB | 3.6/3.8 MB | 270/324 kB | 114/240 kB | 8.2/78 kBProgress (5): 10/14 MB | 3.6/3.8 MB | 270/324 kB | 114/240 kB | 8.2/78 kBProgress (5): 10/14 MB | 3.6/3.8 MB | 270/324 kB | 114/240 kB | 8.2/78 kBProgress (5): 10/14 MB | 3.6/3.8 MB | 270/324 kB | 114/240 kB | 25/78 kB Progress (5): 10/14 MB | 3.6/3.8 MB | 270/324 kB | 114/240 kB | 25/78 kBProgress (5): 10/14 MB | 3.6/3.8 MB | 270/324 kB | 131/240 kB | 25/78 kBProgress (5): 10/14 MB | 3.6/3.8 MB | 287/324 kB | 131/240 kB | 25/78 kBProgress (5): 10/14 MB | 3.6/3.8 MB | 287/324 kB | 131/240 kB | 25/78 kBProgress (5): 10/14 MB | 3.6/3.8 MB | 287/324 kB | 131/240 kB | 41/78 kBProgress (5): 10/14 MB | 3.6/3.8 MB | 287/324 kB | 131/240 kB | 41/78 kBProgress (5): 10/14 MB | 3.6/3.8 MB | 287/324 kB | 131/240 kB | 41/78 kBProgress (5): 10/14 MB | 3.6/3.8 MB | 287/324 kB | 131/240 kB | 41/78 kBProgress (5): 10/14 MB | 3.6/3.8 MB | 303/324 kB | 131/240 kB | 41/78 kBProgress (5): 10/14 MB | 3.6/3.8 MB | 303/324 kB | 131/240 kB | 41/78 kBProgress (5): 10/14 MB | 3.6/3.8 MB | 319/324 kB | 131/240 kB | 41/78 kBProgress (5): 10/14 MB | 3.6/3.8 MB | 319/324 kB | 131/240 kB | 41/78 kBProgress (5): 10/14 MB | 3.6/3.8 MB | 324 kB | 131/240 kB | 41/78 kB    Progress (5): 10/14 MB | 3.6/3.8 MB | 324 kB | 147/240 kB | 41/78 kB                                                                    Downloaded from central: https://repo.maven.apache.org/maven2/org/apache/lucene/lucene-spatial3d/9.7.0/lucene-spatial3d-9.7.0.jar (324 kB at 14 kB/s)
Downloading from central: https://repo.maven.apache.org/maven2/joda-time/joda-time/2.12.2/joda-time-2.12.2.jar
Progress (4): 10/14 MB | 3.7/3.8 MB | 147/240 kB | 41/78 kBProgress (4): 10/14 MB | 3.7/3.8 MB | 147/240 kB | 57/78 kBProgress (4): 10/14 MB | 3.7/3.8 MB | 147/240 kB | 57/78 kBProgress (4): 10/14 MB | 3.7/3.8 MB | 147/240 kB | 57/78 kBProgress (4): 10/14 MB | 3.7/3.8 MB | 147/240 kB | 74/78 kBProgress (4): 10/14 MB | 3.7/3.8 MB | 147/240 kB | 74/78 kBProgress (4): 10/14 MB | 3.7/3.8 MB | 147/240 kB | 74/78 kBProgress (4): 10/14 MB | 3.7/3.8 MB | 163/240 kB | 74/78 kBProgress (4): 10/14 MB | 3.7/3.8 MB | 163/240 kB | 78 kB                                                           Downloaded from central: https://repo.maven.apache.org/maven2/net/sf/jopt-simple/jopt-simple/5.0.4/jopt-simple-5.0.4.jar (78 kB at 3.3 kB/s)
Downloading from central: https://repo.maven.apache.org/maven2/com/tdunning/t-digest/3.2/t-digest-3.2.jar
Progress (3): 10/14 MB | 3.7/3.8 MB | 163/240 kBProgress (3): 10/14 MB | 3.7/3.8 MB | 163/240 kBProgress (3): 10/14 MB | 3.7/3.8 MB | 163/240 kBProgress (3): 10/14 MB | 3.7/3.8 MB | 163/240 kBProgress (3): 10/14 MB | 3.7/3.8 MB | 180/240 kBProgress (3): 10/14 MB | 3.7/3.8 MB | 180/240 kBProgress (3): 10/14 MB | 3.7/3.8 MB | 180/240 kBProgress (3): 10/14 MB | 3.7/3.8 MB | 180/240 kBProgress (3): 10/14 MB | 3.7/3.8 MB | 180/240 kBProgress (3): 10/14 MB | 3.7/3.8 MB | 196/240 kBProgress (3): 11/14 MB | 3.7/3.8 MB | 196/240 kBProgress (3): 11/14 MB | 3.7/3.8 MB | 196/240 kBProgress (3): 11/14 MB | 3.7/3.8 MB | 196/240 kBProgress (3): 11/14 MB | 3.7/3.8 MB | 196/240 kBProgress (3): 11/14 MB | 3.8/3.8 MB | 196/240 kBProgress (3): 11/14 MB | 3.8/3.8 MB | 213/240 kBProgress (3): 11/14 MB | 3.8/3.8 MB | 213/240 kBProgress (3): 11/14 MB | 3.8/3.8 MB | 213/240 kBProgress (4): 11/14 MB | 3.8/3.8 MB | 213/240 kB | 7.7/51 kBProgress (4): 11/14 MB | 3.8/3.8 MB | 213/240 kB | 12/51 kB Progress (5): 11/14 MB | 3.8/3.8 MB | 213/240 kB | 12/51 kB | 7.7/637 kBProgress (5): 11/14 MB | 3.8/3.8 MB | 213/240 kB | 12/51 kB | 12/637 kB Progress (5): 11/14 MB | 3.8/3.8 MB | 229/240 kB | 12/51 kB | 12/637 kBProgress (5): 11/14 MB | 3.8/3.8 MB | 229/240 kB | 28/51 kB | 12/637 kBProgress (5): 11/14 MB | 3.8/3.8 MB | 229/240 kB | 28/51 kB | 12/637 kBProgress (5): 11/14 MB | 3.8/3.8 MB | 229/240 kB | 28/51 kB | 12/637 kBProgress (5): 11/14 MB | 3.8/3.8 MB | 229/240 kB | 28/51 kB | 12/637 kBProgress (5): 11/14 MB | 3.8/3.8 MB | 229/240 kB | 28/51 kB | 28/637 kBProgress (5): 11/14 MB | 3.8 MB | 229/240 kB | 28/51 kB | 28/637 kB    Progress (5): 11/14 MB | 3.8 MB | 229/240 kB | 28/51 kB | 28/637 kB                                                                   Downloaded from central: https://repo.maven.apache.org/maven2/org/apache/lucene/lucene-core/9.7.0/lucene-core-9.7.0.jar (3.8 MB at 159 kB/s)
Downloading from central: https://repo.maven.apache.org/maven2/org/hdrhistogram/HdrHistogram/2.1.12/HdrHistogram-2.1.12.jar
Progress (4): 11/14 MB | 229/240 kB | 28/51 kB | 28/637 kBProgress (4): 11/14 MB | 240 kB | 28/51 kB | 28/637 kB                                                          Downloaded from central: https://repo.maven.apache.org/maven2/org/apache/lucene/lucene-suggest/9.7.0/lucene-suggest-9.7.0.jar (240 kB at 10 kB/s)
Downloading from central: https://repo.maven.apache.org/maven2/net/java/dev/jna/jna/5.13.0/jna-5.13.0.jar
Progress (3): 11/14 MB | 28/51 kB | 28/637 kBProgress (3): 11/14 MB | 44/51 kB | 28/637 kBProgress (3): 11/14 MB | 44/51 kB | 44/637 kBProgress (3): 11/14 MB | 51 kB | 44/637 kB   Progress (3): 11/14 MB | 51 kB | 44/637 kBProgress (3): 11/14 MB | 51 kB | 44/637 kB                                          Downloaded from central: https://repo.maven.apache.org/maven2/com/tdunning/t-digest/3.2/t-digest-3.2.jar (51 kB at 2.2 kB/s)
Downloading from central: https://repo.maven.apache.org/maven2/com/jcraft/jzlib/1.1.3/jzlib-1.1.3.jar
Progress (2): 11/14 MB | 44/637 kBProgress (2): 11/14 MB | 61/637 kBProgress (2): 11/14 MB | 61/637 kBProgress (2): 11/14 MB | 61/637 kBProgress (2): 11/14 MB | 61/637 kBProgress (2): 11/14 MB | 61/637 kBProgress (2): 11/14 MB | 77/637 kBProgress (2): 11/14 MB | 77/637 kBProgress (3): 11/14 MB | 77/637 kB | 0/1.9 MBProgress (3): 11/14 MB | 77/637 kB | 0/1.9 MBProgress (4): 11/14 MB | 77/637 kB | 0/1.9 MB | 7.7/174 kBProgress (4): 11/14 MB | 77/637 kB | 0/1.9 MB | 16/174 kB Progress (4): 11/14 MB | 77/637 kB | 0/1.9 MB | 16/174 kBProgress (4): 11/14 MB | 93/637 kB | 0/1.9 MB | 16/174 kBProgress (5): 11/14 MB | 93/637 kB | 0/1.9 MB | 16/174 kB | 7.7/72 kBProgress (5): 11/14 MB | 93/637 kB | 0/1.9 MB | 16/174 kB | 16/72 kB Progress (5): 11/14 MB | 93/637 kB | 0/1.9 MB | 16/174 kB | 16/72 kBProgress (5): 11/14 MB | 93/637 kB | 0/1.9 MB | 16/174 kB | 16/72 kBProgress (5): 11/14 MB | 93/637 kB | 0/1.9 MB | 16/174 kB | 16/72 kBProgress (5): 11/14 MB | 93/637 kB | 0/1.9 MB | 32/174 kB | 16/72 kBProgress (5): 11/14 MB | 93/637 kB | 0/1.9 MB | 32/174 kB | 16/72 kBProgress (5): 11/14 MB | 110/637 kB | 0/1.9 MB | 32/174 kB | 16/72 kBProgress (5): 11/14 MB | 110/637 kB | 0/1.9 MB | 32/174 kB | 32/72 kBProgress (5): 11/14 MB | 110/637 kB | 0/1.9 MB | 32/174 kB | 32/72 kBProgress (5): 11/14 MB | 110/637 kB | 0/1.9 MB | 32/174 kB | 32/72 kBProgress (5): 11/14 MB | 110/637 kB | 0/1.9 MB | 32/174 kB | 32/72 kBProgress (5): 11/14 MB | 126/637 kB | 0/1.9 MB | 32/174 kB | 32/72 kBProgress (5): 11/14 MB | 126/637 kB | 0/1.9 MB | 49/174 kB | 32/72 kBProgress (5): 11/14 MB | 126/637 kB | 0/1.9 MB | 49/174 kB | 32/72 kBProgress (5): 11/14 MB | 126/637 kB | 0/1.9 MB | 49/174 kB | 49/72 kBProgress (5): 11/14 MB | 126/637 kB | 0/1.9 MB | 49/174 kB | 49/72 kBProgress (5): 11/14 MB | 126/637 kB | 0/1.9 MB | 49/174 kB | 49/72 kBProgress (5): 11/14 MB | 126/637 kB | 0/1.9 MB | 65/174 kB | 49/72 kBProgress (5): 11/14 MB | 143/637 kB | 0/1.9 MB | 65/174 kB | 49/72 kBProgress (5): 11/14 MB | 143/637 kB | 0/1.9 MB | 65/174 kB | 49/72 kBProgress (5): 11/14 MB | 143/637 kB | 0/1.9 MB | 65/174 kB | 65/72 kBProgress (5): 11/14 MB | 143/637 kB | 0/1.9 MB | 65/174 kB | 65/72 kBProgress (5): 11/14 MB | 143/637 kB | 0.1/1.9 MB | 65/174 kB | 65/72 kBProgress (5): 11/14 MB | 143/637 kB | 0.1/1.9 MB | 65/174 kB | 65/72 kBProgress (5): 11/14 MB | 143/637 kB | 0.1/1.9 MB | 65/174 kB | 72 kB   Progress (5): 11/14 MB | 159/637 kB | 0.1/1.9 MB | 65/174 kB | 72 kB                                                                    Downloaded from central: https://repo.maven.apache.org/maven2/com/jcraft/jzlib/1.1.3/jzlib-1.1.3.jar (72 kB at 3.0 kB/s)
Downloading from central: https://repo.maven.apache.org/maven2/com/google/protobuf/protobuf-java/3.22.3/protobuf-java-3.22.3.jar
Progress (4): 11/14 MB | 159/637 kB | 0.1/1.9 MB | 81/174 kBProgress (4): 11/14 MB | 159/637 kB | 0.1/1.9 MB | 81/174 kBProgress (4): 11/14 MB | 159/637 kB | 0.1/1.9 MB | 81/174 kBProgress (4): 11/14 MB | 159/637 kB | 0.1/1.9 MB | 81/174 kBProgress (4): 11/14 MB | 159/637 kB | 0.1/1.9 MB | 81/174 kBProgress (4): 11/14 MB | 175/637 kB | 0.1/1.9 MB | 81/174 kBProgress (4): 11/14 MB | 175/637 kB | 0.1/1.9 MB | 98/174 kBProgress (4): 11/14 MB | 175/637 kB | 0.1/1.9 MB | 98/174 kBProgress (4): 11/14 MB | 175/637 kB | 0.1/1.9 MB | 98/174 kBProgress (4): 11/14 MB | 192/637 kB | 0.1/1.9 MB | 98/174 kBProgress (4): 11/14 MB | 192/637 kB | 0.1/1.9 MB | 98/174 kBProgress (4): 11/14 MB | 192/637 kB | 0.1/1.9 MB | 98/174 kBProgress (4): 11/14 MB | 192/637 kB | 0.1/1.9 MB | 114/174 kBProgress (4): 11/14 MB | 192/637 kB | 0.1/1.9 MB | 114/174 kBProgress (4): 11/14 MB | 192/637 kB | 0.1/1.9 MB | 114/174 kBProgress (5): 11/14 MB | 192/637 kB | 0.1/1.9 MB | 114/174 kB | 0/1.7 MBProgress (5): 11/14 MB | 192/637 kB | 0.1/1.9 MB | 114/174 kB | 0/1.7 MBProgress (5): 11/14 MB | 192/637 kB | 0.1/1.9 MB | 114/174 kB | 0/1.7 MBProgress (5): 11/14 MB | 192/637 kB | 0.1/1.9 MB | 131/174 kB | 0/1.7 MBProgress (5): 11/14 MB | 208/637 kB | 0.1/1.9 MB | 131/174 kB | 0/1.7 MBProgress (5): 11/14 MB | 208/637 kB | 0.1/1.9 MB | 131/174 kB | 0/1.7 MBProgress (5): 11/14 MB | 208/637 kB | 0.1/1.9 MB | 131/174 kB | 0/1.7 MBProgress (5): 11/14 MB | 208/637 kB | 0.1/1.9 MB | 131/174 kB | 0/1.7 MBProgress (5): 11/14 MB | 225/637 kB | 0.1/1.9 MB | 131/174 kB | 0/1.7 MBProgress (5): 11/14 MB | 225/637 kB | 0.1/1.9 MB | 131/174 kB | 0/1.7 MBProgress (5): 11/14 MB | 225/637 kB | 0.1/1.9 MB | 147/174 kB | 0/1.7 MBProgress (5): 11/14 MB | 225/637 kB | 0.1/1.9 MB | 147/174 kB | 0/1.7 MBProgress (5): 11/14 MB | 225/637 kB | 0.1/1.9 MB | 147/174 kB | 0/1.7 MBProgress (5): 11/14 MB | 225/637 kB | 0.1/1.9 MB | 147/174 kB | 0/1.7 MBProgress (5): 11/14 MB | 225/637 kB | 0.1/1.9 MB | 147/174 kB | 0/1.7 MBProgress (5): 11/14 MB | 241/637 kB | 0.1/1.9 MB | 147/174 kB | 0/1.7 MBProgress (5): 11/14 MB | 241/637 kB | 0.1/1.9 MB | 147/174 kB | 0/1.7 MBProgress (5): 11/14 MB | 241/637 kB | 0.1/1.9 MB | 147/174 kB | 0/1.7 MBProgress (5): 11/14 MB | 241/637 kB | 0.1/1.9 MB | 163/174 kB | 0/1.7 MBProgress (5): 11/14 MB | 241/637 kB | 0.1/1.9 MB | 163/174 kB | 0.1/1.7 MBProgress (5): 11/14 MB | 241/637 kB | 0.1/1.9 MB | 163/174 kB | 0.1/1.7 MBProgress (5): 11/14 MB | 241/637 kB | 0.1/1.9 MB | 163/174 kB | 0.1/1.7 MBProgress (5): 11/14 MB | 241/637 kB | 0.1/1.9 MB | 163/174 kB | 0.1/1.7 MBProgress (5): 11/14 MB | 241/637 kB | 0.1/1.9 MB | 163/174 kB | 0.1/1.7 MBProgress (5): 11/14 MB | 257/637 kB | 0.1/1.9 MB | 163/174 kB | 0.1/1.7 MBProgress (5): 11/14 MB | 257/637 kB | 0.1/1.9 MB | 163/174 kB | 0.1/1.7 MBProgress (5): 11/14 MB | 257/637 kB | 0.1/1.9 MB | 174 kB | 0.1/1.7 MB                                                                          Downloaded from central: https://repo.maven.apache.org/maven2/org/hdrhistogram/HdrHistogram/2.1.12/HdrHistogram-2.1.12.jar (174 kB at 7.2 kB/s)
Downloading from central: https://repo.maven.apache.org/maven2/org/opensearch/client/opensearch-rest-client/2.11.0/opensearch-rest-client-2.11.0.jar
Progress (4): 11/14 MB | 257/637 kB | 0.1/1.9 MB | 0.1/1.7 MBProgress (4): 11/14 MB | 257/637 kB | 0.1/1.9 MB | 0.1/1.7 MBProgress (4): 11/14 MB | 274/637 kB | 0.1/1.9 MB | 0.1/1.7 MBProgress (4): 11/14 MB | 274/637 kB | 0.2/1.9 MB | 0.1/1.7 MBProgress (4): 11/14 MB | 274/637 kB | 0.2/1.9 MB | 0.1/1.7 MBProgress (4): 11/14 MB | 274/637 kB | 0.2/1.9 MB | 0.1/1.7 MBProgress (4): 11/14 MB | 274/637 kB | 0.2/1.9 MB | 0.1/1.7 MBProgress (4): 11/14 MB | 274/637 kB | 0.2/1.9 MB | 0.1/1.7 MBProgress (4): 11/14 MB | 290/637 kB | 0.2/1.9 MB | 0.1/1.7 MBProgress (4): 11/14 MB | 290/637 kB | 0.2/1.9 MB | 0.1/1.7 MBProgress (4): 11/14 MB | 290/637 kB | 0.2/1.9 MB | 0.1/1.7 MBProgress (4): 11/14 MB | 290/637 kB | 0.2/1.9 MB | 0.1/1.7 MBProgress (4): 11/14 MB | 290/637 kB | 0.2/1.9 MB | 0.1/1.7 MBProgress (4): 11/14 MB | 290/637 kB | 0.2/1.9 MB | 0.1/1.7 MBProgress (4): 11/14 MB | 306/637 kB | 0.2/1.9 MB | 0.1/1.7 MBProgress (4): 11/14 MB | 306/637 kB | 0.2/1.9 MB | 0.1/1.7 MBProgress (4): 11/14 MB | 306/637 kB | 0.2/1.9 MB | 0.1/1.7 MBProgress (4): 11/14 MB | 306/637 kB | 0.2/1.9 MB | 0.1/1.7 MBProgress (4): 11/14 MB | 323/637 kB | 0.2/1.9 MB | 0.1/1.7 MBProgress (4): 11/14 MB | 323/637 kB | 0.2/1.9 MB | 0.1/1.7 MBProgress (4): 11/14 MB | 323/637 kB | 0.2/1.9 MB | 0.1/1.7 MBProgress (4): 11/14 MB | 323/637 kB | 0.2/1.9 MB | 0.1/1.7 MBProgress (4): 11/14 MB | 323/637 kB | 0.2/1.9 MB | 0.1/1.7 MBProgress (5): 11/14 MB | 323/637 kB | 0.2/1.9 MB | 0.1/1.7 MB | 7.7/68 kBProgress (5): 11/14 MB | 323/637 kB | 0.2/1.9 MB | 0.1/1.7 MB | 16/68 kB Progress (5): 11/14 MB | 323/637 kB | 0.2/1.9 MB | 0.1/1.7 MB | 16/68 kBProgress (5): 11/14 MB | 323/637 kB | 0.2/1.9 MB | 0.1/1.7 MB | 16/68 kBProgress (5): 11/14 MB | 323/637 kB | 0.2/1.9 MB | 0.1/1.7 MB | 16/68 kBProgress (5): 11/14 MB | 323/637 kB | 0.2/1.9 MB | 0.1/1.7 MB | 16/68 kBProgress (5): 11/14 MB | 339/637 kB | 0.2/1.9 MB | 0.1/1.7 MB | 16/68 kBProgress (5): 12/14 MB | 339/637 kB | 0.2/1.9 MB | 0.1/1.7 MB | 16/68 kBProgress (5): 12/14 MB | 339/637 kB | 0.2/1.9 MB | 0.1/1.7 MB | 16/68 kBProgress (5): 12/14 MB | 339/637 kB | 0.2/1.9 MB | 0.1/1.7 MB | 32/68 kBProgress (5): 12/14 MB | 339/637 kB | 0.2/1.9 MB | 0.1/1.7 MB | 32/68 kBProgress (5): 12/14 MB | 339/637 kB | 0.2/1.9 MB | 0.1/1.7 MB | 32/68 kBProgress (5): 12/14 MB | 356/637 kB | 0.2/1.9 MB | 0.1/1.7 MB | 32/68 kBProgress (5): 12/14 MB | 356/637 kB | 0.2/1.9 MB | 0.1/1.7 MB | 32/68 kBProgress (5): 12/14 MB | 356/637 kB | 0.2/1.9 MB | 0.1/1.7 MB | 49/68 kBProgress (5): 12/14 MB | 356/637 kB | 0.2/1.9 MB | 0.2/1.7 MB | 49/68 kBProgress (5): 12/14 MB | 356/637 kB | 0.2/1.9 MB | 0.2/1.7 MB | 49/68 kBProgress (5): 12/14 MB | 356/637 kB | 0.2/1.9 MB | 0.2/1.7 MB | 49/68 kBProgress (5): 12/14 MB | 372/637 kB | 0.2/1.9 MB | 0.2/1.7 MB | 49/68 kBProgress (5): 12/14 MB | 372/637 kB | 0.2/1.9 MB | 0.2/1.7 MB | 65/68 kBProgress (5): 12/14 MB | 372/637 kB | 0.2/1.9 MB | 0.2/1.7 MB | 65/68 kBProgress (5): 12/14 MB | 372/637 kB | 0.2/1.9 MB | 0.2/1.7 MB | 65/68 kBProgress (5): 12/14 MB | 372/637 kB | 0.2/1.9 MB | 0.2/1.7 MB | 68 kB   Progress (5): 12/14 MB | 372/637 kB | 0.2/1.9 MB | 0.2/1.7 MB | 68 kBProgress (5): 12/14 MB | 372/637 kB | 0.2/1.9 MB | 0.2/1.7 MB | 68 kB                                                                     Downloaded from central: https://repo.maven.apache.org/maven2/org/opensearch/client/opensearch-rest-client/2.11.0/opensearch-rest-client-2.11.0.jar (68 kB at 2.8 kB/s)
Downloading from central: https://repo.maven.apache.org/maven2/org/apache/httpcomponents/httpclient/4.5.14/httpclient-4.5.14.jar
Progress (4): 12/14 MB | 372/637 kB | 0.2/1.9 MB | 0.2/1.7 MBProgress (4): 12/14 MB | 388/637 kB | 0.2/1.9 MB | 0.2/1.7 MBProgress (4): 12/14 MB | 388/637 kB | 0.2/1.9 MB | 0.2/1.7 MBProgress (4): 12/14 MB | 388/637 kB | 0.3/1.9 MB | 0.2/1.7 MBProgress (4): 12/14 MB | 388/637 kB | 0.3/1.9 MB | 0.2/1.7 MBProgress (4): 12/14 MB | 388/637 kB | 0.3/1.9 MB | 0.2/1.7 MBProgress (4): 12/14 MB | 388/637 kB | 0.3/1.9 MB | 0.2/1.7 MBProgress (4): 12/14 MB | 405/637 kB | 0.3/1.9 MB | 0.2/1.7 MBProgress (4): 12/14 MB | 405/637 kB | 0.3/1.9 MB | 0.2/1.7 MBProgress (4): 12/14 MB | 405/637 kB | 0.3/1.9 MB | 0.2/1.7 MBProgress (4): 12/14 MB | 405/637 kB | 0.3/1.9 MB | 0.2/1.7 MBProgress (4): 12/14 MB | 405/637 kB | 0.3/1.9 MB | 0.2/1.7 MBProgress (4): 12/14 MB | 405/637 kB | 0.3/1.9 MB | 0.2/1.7 MBProgress (4): 12/14 MB | 405/637 kB | 0.3/1.9 MB | 0.2/1.7 MBProgress (4): 12/14 MB | 421/637 kB | 0.3/1.9 MB | 0.2/1.7 MBProgress (4): 12/14 MB | 421/637 kB | 0.3/1.9 MB | 0.2/1.7 MBProgress (4): 12/14 MB | 421/637 kB | 0.3/1.9 MB | 0.2/1.7 MBProgress (4): 12/14 MB | 421/637 kB | 0.3/1.9 MB | 0.2/1.7 MBProgress (4): 12/14 MB | 421/637 kB | 0.3/1.9 MB | 0.2/1.7 MBProgress (4): 12/14 MB | 421/637 kB | 0.3/1.9 MB | 0.2/1.7 MBProgress (4): 12/14 MB | 421/637 kB | 0.3/1.9 MB | 0.2/1.7 MBProgress (4): 12/14 MB | 438/637 kB | 0.3/1.9 MB | 0.2/1.7 MBProgress (4): 12/14 MB | 438/637 kB | 0.3/1.9 MB | 0.2/1.7 MBProgress (5): 12/14 MB | 438/637 kB | 0.3/1.9 MB | 0.2/1.7 MB | 7.7/786 kBProgress (5): 12/14 MB | 438/637 kB | 0.3/1.9 MB | 0.2/1.7 MB | 8.2/786 kBProgress (5): 12/14 MB | 438/637 kB | 0.3/1.9 MB | 0.2/1.7 MB | 8.2/786 kBProgress (5): 12/14 MB | 438/637 kB | 0.3/1.9 MB | 0.2/1.7 MB | 8.2/786 kBProgress (5): 12/14 MB | 454/637 kB | 0.3/1.9 MB | 0.2/1.7 MB | 8.2/786 kBProgress (5): 12/14 MB | 454/637 kB | 0.3/1.9 MB | 0.2/1.7 MB | 8.2/786 kBProgress (5): 12/14 MB | 454/637 kB | 0.3/1.9 MB | 0.2/1.7 MB | 25/786 kB Progress (5): 12/14 MB | 454/637 kB | 0.3/1.9 MB | 0.2/1.7 MB | 25/786 kBProgress (5): 12/14 MB | 454/637 kB | 0.3/1.9 MB | 0.2/1.7 MB | 25/786 kBProgress (5): 12/14 MB | 454/637 kB | 0.3/1.9 MB | 0.2/1.7 MB | 25/786 kBProgress (5): 12/14 MB | 454/637 kB | 0.3/1.9 MB | 0.3/1.7 MB | 25/786 kBProgress (5): 12/14 MB | 454/637 kB | 0.3/1.9 MB | 0.3/1.7 MB | 25/786 kBProgress (5): 12/14 MB | 470/637 kB | 0.3/1.9 MB | 0.3/1.7 MB | 25/786 kBProgress (5): 12/14 MB | 470/637 kB | 0.3/1.9 MB | 0.3/1.7 MB | 25/786 kBProgress (5): 12/14 MB | 470/637 kB | 0.3/1.9 MB | 0.3/1.7 MB | 41/786 kBProgress (5): 12/14 MB | 470/637 kB | 0.3/1.9 MB | 0.3/1.7 MB | 41/786 kBProgress (5): 12/14 MB | 470/637 kB | 0.3/1.9 MB | 0.3/1.7 MB | 41/786 kBProgress (5): 12/14 MB | 470/637 kB | 0.3/1.9 MB | 0.3/1.7 MB | 41/786 kBProgress (5): 12/14 MB | 487/637 kB | 0.3/1.9 MB | 0.3/1.7 MB | 41/786 kBProgress (5): 12/14 MB | 487/637 kB | 0.3/1.9 MB | 0.3/1.7 MB | 41/786 kBProgress (5): 12/14 MB | 487/637 kB | 0.3/1.9 MB | 0.3/1.7 MB | 41/786 kBProgress (5): 12/14 MB | 487/637 kB | 0.3/1.9 MB | 0.3/1.7 MB | 57/786 kBProgress (5): 12/14 MB | 487/637 kB | 0.3/1.9 MB | 0.3/1.7 MB | 57/786 kBProgress (5): 12/14 MB | 487/637 kB | 0.4/1.9 MB | 0.3/1.7 MB | 57/786 kBProgress (5): 12/14 MB | 487/637 kB | 0.4/1.9 MB | 0.3/1.7 MB | 57/786 kBProgress (5): 12/14 MB | 503/637 kB | 0.4/1.9 MB | 0.3/1.7 MB | 57/786 kBProgress (5): 12/14 MB | 503/637 kB | 0.4/1.9 MB | 0.3/1.7 MB | 57/786 kBProgress (5): 12/14 MB | 503/637 kB | 0.4/1.9 MB | 0.3/1.7 MB | 57/786 kBProgress (5): 12/14 MB | 503/637 kB | 0.4/1.9 MB | 0.3/1.7 MB | 74/786 kBProgress (5): 12/14 MB | 503/637 kB | 0.4/1.9 MB | 0.3/1.7 MB | 74/786 kBProgress (5): 12/14 MB | 503/637 kB | 0.4/1.9 MB | 0.3/1.7 MB | 74/786 kBProgress (5): 12/14 MB | 519/637 kB | 0.4/1.9 MB | 0.3/1.7 MB | 74/786 kBProgress (5): 12/14 MB | 519/637 kB | 0.4/1.9 MB | 0.3/1.7 MB | 74/786 kBProgress (5): 12/14 MB | 519/637 kB | 0.4/1.9 MB | 0.3/1.7 MB | 74/786 kBProgress (5): 12/14 MB | 519/637 kB | 0.4/1.9 MB | 0.3/1.7 MB | 90/786 kBProgress (5): 12/14 MB | 519/637 kB | 0.4/1.9 MB | 0.3/1.7 MB | 90/786 kBProgress (5): 12/14 MB | 519/637 kB | 0.4/1.9 MB | 0.3/1.7 MB | 90/786 kBProgress (5): 12/14 MB | 519/637 kB | 0.4/1.9 MB | 0.3/1.7 MB | 90/786 kBProgress (5): 12/14 MB | 536/637 kB | 0.4/1.9 MB | 0.3/1.7 MB | 90/786 kBProgress (5): 12/14 MB | 536/637 kB | 0.4/1.9 MB | 0.3/1.7 MB | 90/786 kBProgress (5): 12/14 MB | 536/637 kB | 0.4/1.9 MB | 0.3/1.7 MB | 106/786 kBProgress (5): 12/14 MB | 536/637 kB | 0.4/1.9 MB | 0.3/1.7 MB | 106/786 kBProgress (5): 12/14 MB | 536/637 kB | 0.4/1.9 MB | 0.3/1.7 MB | 106/786 kBProgress (5): 12/14 MB | 552/637 kB | 0.4/1.9 MB | 0.3/1.7 MB | 106/786 kBProgress (5): 12/14 MB | 552/637 kB | 0.4/1.9 MB | 0.3/1.7 MB | 106/786 kBProgress (5): 12/14 MB | 552/637 kB | 0.4/1.9 MB | 0.3/1.7 MB | 106/786 kBProgress (5): 12/14 MB | 552/637 kB | 0.4/1.9 MB | 0.3/1.7 MB | 123/786 kBProgress (5): 12/14 MB | 552/637 kB | 0.4/1.9 MB | 0.3/1.7 MB | 123/786 kBProgress (5): 12/14 MB | 552/637 kB | 0.4/1.9 MB | 0.3/1.7 MB | 123/786 kBProgress (5): 12/14 MB | 552/637 kB | 0.4/1.9 MB | 0.3/1.7 MB | 123/786 kBProgress (5): 12/14 MB | 552/637 kB | 0.4/1.9 MB | 0.3/1.7 MB | 139/786 kBProgress (5): 12/14 MB | 569/637 kB | 0.4/1.9 MB | 0.3/1.7 MB | 139/786 kBProgress (5): 12/14 MB | 569/637 kB | 0.4/1.9 MB | 0.3/1.7 MB | 139/786 kBProgress (5): 12/14 MB | 569/637 kB | 0.4/1.9 MB | 0.3/1.7 MB | 139/786 kBProgress (5): 12/14 MB | 569/637 kB | 0.4/1.9 MB | 0.3/1.7 MB | 139/786 kBProgress (5): 12/14 MB | 569/637 kB | 0.4/1.9 MB | 0.4/1.7 MB | 139/786 kBProgress (5): 12/14 MB | 569/637 kB | 0.4/1.9 MB | 0.4/1.7 MB | 139/786 kBProgress (5): 12/14 MB | 569/637 kB | 0.4/1.9 MB | 0.4/1.7 MB | 139/786 kBProgress (5): 12/14 MB | 585/637 kB | 0.4/1.9 MB | 0.4/1.7 MB | 139/786 kBProgress (5): 12/14 MB | 601/637 kB | 0.4/1.9 MB | 0.4/1.7 MB | 139/786 kBProgress (5): 12/14 MB | 601/637 kB | 0.4/1.9 MB | 0.4/1.7 MB | 139/786 kBProgress (5): 12/14 MB | 601/637 kB | 0.4/1.9 MB | 0.4/1.7 MB | 139/786 kBProgress (5): 12/14 MB | 601/637 kB | 0.4/1.9 MB | 0.4/1.7 MB | 156/786 kBProgress (5): 12/14 MB | 601/637 kB | 0.5/1.9 MB | 0.4/1.7 MB | 156/786 kBProgress (5): 12/14 MB | 601/637 kB | 0.5/1.9 MB | 0.4/1.7 MB | 156/786 kBProgress (5): 12/14 MB | 601/637 kB | 0.5/1.9 MB | 0.4/1.7 MB | 156/786 kBProgress (5): 12/14 MB | 601/637 kB | 0.5/1.9 MB | 0.4/1.7 MB | 156/786 kBProgress (5): 12/14 MB | 601/637 kB | 0.5/1.9 MB | 0.4/1.7 MB | 172/786 kBProgress (5): 12/14 MB | 601/637 kB | 0.5/1.9 MB | 0.4/1.7 MB | 188/786 kBProgress (5): 12/14 MB | 601/637 kB | 0.5/1.9 MB | 0.4/1.7 MB | 188/786 kBProgress (5): 12/14 MB | 601/637 kB | 0.5/1.9 MB | 0.4/1.7 MB | 188/786 kBProgress (5): 12/14 MB | 601/637 kB | 0.5/1.9 MB | 0.4/1.7 MB | 188/786 kBProgress (5): 12/14 MB | 618/637 kB | 0.5/1.9 MB | 0.4/1.7 MB | 188/786 kBProgress (5): 12/14 MB | 618/637 kB | 0.5/1.9 MB | 0.4/1.7 MB | 188/786 kBProgress (5): 12/14 MB | 618/637 kB | 0.5/1.9 MB | 0.4/1.7 MB | 188/786 kBProgress (5): 12/14 MB | 634/637 kB | 0.5/1.9 MB | 0.4/1.7 MB | 188/786 kBProgress (5): 12/14 MB | 634/637 kB | 0.5/1.9 MB | 0.4/1.7 MB | 188/786 kBProgress (5): 12/14 MB | 634/637 kB | 0.5/1.9 MB | 0.4/1.7 MB | 188/786 kBProgress (5): 12/14 MB | 637 kB | 0.5/1.9 MB | 0.4/1.7 MB | 188/786 kB    Progress (5): 12/14 MB | 637 kB | 0.5/1.9 MB | 0.4/1.7 MB | 188/786 kBProgress (5): 12/14 MB | 637 kB | 0.5/1.9 MB | 0.4/1.7 MB | 188/786 kB                                                                      Downloaded from central: https://repo.maven.apache.org/maven2/joda-time/joda-time/2.12.2/joda-time-2.12.2.jar (637 kB at 26 kB/s)
Downloading from central: https://repo.maven.apache.org/maven2/org/apache/httpcomponents/httpcore/4.4.16/httpcore-4.4.16.jar
Progress (4): 12/14 MB | 0.5/1.9 MB | 0.4/1.7 MB | 188/786 kBProgress (4): 12/14 MB | 0.5/1.9 MB | 0.4/1.7 MB | 188/786 kBProgress (4): 12/14 MB | 0.5/1.9 MB | 0.4/1.7 MB | 188/786 kBProgress (4): 12/14 MB | 0.5/1.9 MB | 0.4/1.7 MB | 188/786 kBProgress (4): 12/14 MB | 0.5/1.9 MB | 0.4/1.7 MB | 188/786 kBProgress (4): 12/14 MB | 0.5/1.9 MB | 0.4/1.7 MB | 188/786 kBProgress (4): 12/14 MB | 0.5/1.9 MB | 0.4/1.7 MB | 188/786 kBProgress (4): 12/14 MB | 0.5/1.9 MB | 0.4/1.7 MB | 188/786 kBProgress (4): 12/14 MB | 0.5/1.9 MB | 0.4/1.7 MB | 188/786 kBProgress (4): 12/14 MB | 0.5/1.9 MB | 0.4/1.7 MB | 188/786 kBProgress (4): 12/14 MB | 0.5/1.9 MB | 0.4/1.7 MB | 188/786 kBProgress (4): 12/14 MB | 0.5/1.9 MB | 0.4/1.7 MB | 188/786 kBProgress (4): 12/14 MB | 0.5/1.9 MB | 0.4/1.7 MB | 188/786 kBProgress (4): 12/14 MB | 0.5/1.9 MB | 0.4/1.7 MB | 205/786 kBProgress (4): 12/14 MB | 0.5/1.9 MB | 0.5/1.7 MB | 205/786 kBProgress (4): 13/14 MB | 0.5/1.9 MB | 0.5/1.7 MB | 205/786 kBProgress (4): 13/14 MB | 0.5/1.9 MB | 0.5/1.7 MB | 205/786 kBProgress (4): 13/14 MB | 0.5/1.9 MB | 0.5/1.7 MB | 205/786 kBProgress (5): 13/14 MB | 0.5/1.9 MB | 0.5/1.7 MB | 205/786 kB | 7.7/328 kBProgress (5): 13/14 MB | 0.5/1.9 MB | 0.5/1.7 MB | 205/786 kB | 16/328 kB Progress (5): 13/14 MB | 0.5/1.9 MB | 0.5/1.7 MB | 205/786 kB | 16/328 kBProgress (5): 13/14 MB | 0.5/1.9 MB | 0.5/1.7 MB | 205/786 kB | 16/328 kBProgress (5): 13/14 MB | 0.6/1.9 MB | 0.5/1.7 MB | 205/786 kB | 16/328 kBProgress (5): 13/14 MB | 0.6/1.9 MB | 0.5/1.7 MB | 205/786 kB | 16/328 kBProgress (5): 13/14 MB | 0.6/1.9 MB | 0.5/1.7 MB | 205/786 kB | 32/328 kBProgress (5): 13/14 MB | 0.6/1.9 MB | 0.5/1.7 MB | 205/786 kB | 32/328 kBProgress (5): 13/14 MB | 0.6/1.9 MB | 0.5/1.7 MB | 205/786 kB | 32/328 kBProgress (5): 13/14 MB | 0.6/1.9 MB | 0.5/1.7 MB | 205/786 kB | 32/328 kBProgress (5): 13/14 MB | 0.6/1.9 MB | 0.5/1.7 MB | 205/786 kB | 32/328 kBProgress (5): 13/14 MB | 0.6/1.9 MB | 0.5/1.7 MB | 205/786 kB | 32/328 kBProgress (5): 13/14 MB | 0.6/1.9 MB | 0.5/1.7 MB | 205/786 kB | 49/328 kBProgress (5): 13/14 MB | 0.6/1.9 MB | 0.5/1.7 MB | 205/786 kB | 49/328 kBProgress (5): 13/14 MB | 0.6/1.9 MB | 0.5/1.7 MB | 205/786 kB | 49/328 kBProgress (5): 13/14 MB | 0.6/1.9 MB | 0.5/1.7 MB | 205/786 kB | 49/328 kBProgress (5): 13/14 MB | 0.6/1.9 MB | 0.5/1.7 MB | 205/786 kB | 49/328 kBProgress (5): 13/14 MB | 0.6/1.9 MB | 0.5/1.7 MB | 205/786 kB | 49/328 kBProgress (5): 13/14 MB | 0.6/1.9 MB | 0.5/1.7 MB | 205/786 kB | 49/328 kBProgress (5): 13/14 MB | 0.6/1.9 MB | 0.5/1.7 MB | 205/786 kB | 65/328 kBProgress (5): 13/14 MB | 0.6/1.9 MB | 0.5/1.7 MB | 205/786 kB | 65/328 kBProgress (5): 13/14 MB | 0.6/1.9 MB | 0.5/1.7 MB | 205/786 kB | 65/328 kBProgress (5): 13/14 MB | 0.6/1.9 MB | 0.5/1.7 MB | 205/786 kB | 65/328 kBProgress (5): 13/14 MB | 0.6/1.9 MB | 0.5/1.7 MB | 205/786 kB | 65/328 kBProgress (5): 13/14 MB | 0.6/1.9 MB | 0.5/1.7 MB | 205/786 kB | 65/328 kBProgress (5): 13/14 MB | 0.6/1.9 MB | 0.5/1.7 MB | 205/786 kB | 65/328 kBProgress (5): 13/14 MB | 0.6/1.9 MB | 0.5/1.7 MB | 205/786 kB | 81/328 kBProgress (5): 13/14 MB | 0.6/1.9 MB | 0.5/1.7 MB | 205/786 kB | 81/328 kBProgress (5): 13/14 MB | 0.6/1.9 MB | 0.5/1.7 MB | 205/786 kB | 81/328 kBProgress (5): 13/14 MB | 0.6/1.9 MB | 0.5/1.7 MB | 205/786 kB | 81/328 kBProgress (5): 13/14 MB | 0.6/1.9 MB | 0.5/1.7 MB | 205/786 kB | 81/328 kBProgress (5): 13/14 MB | 0.6/1.9 MB | 0.5/1.7 MB | 205/786 kB | 81/328 kBProgress (5): 13/14 MB | 0.6/1.9 MB | 0.5/1.7 MB | 205/786 kB | 81/328 kBProgress (5): 13/14 MB | 0.6/1.9 MB | 0.5/1.7 MB | 205/786 kB | 98/328 kBProgress (5): 13/14 MB | 0.6/1.9 MB | 0.5/1.7 MB | 205/786 kB | 98/328 kBProgress (5): 13/14 MB | 0.6/1.9 MB | 0.5/1.7 MB | 205/786 kB | 98/328 kBProgress (5): 13/14 MB | 0.6/1.9 MB | 0.5/1.7 MB | 205/786 kB | 98/328 kBProgress (5): 13/14 MB | 0.6/1.9 MB | 0.5/1.7 MB | 205/786 kB | 98/328 kBProgress (5): 13/14 MB | 0.7/1.9 MB | 0.5/1.7 MB | 205/786 kB | 98/328 kBProgress (5): 13/14 MB | 0.7/1.9 MB | 0.5/1.7 MB | 205/786 kB | 114/328 kBProgress (5): 13/14 MB | 0.7/1.9 MB | 0.6/1.7 MB | 205/786 kB | 114/328 kBProgress (5): 13/14 MB | 0.7/1.9 MB | 0.6/1.7 MB | 205/786 kB | 114/328 kBProgress (5): 13/14 MB | 0.7/1.9 MB | 0.6/1.7 MB | 205/786 kB | 114/328 kBProgress (5): 13/14 MB | 0.7/1.9 MB | 0.6/1.7 MB | 221/786 kB | 114/328 kBProgress (5): 13/14 MB | 0.7/1.9 MB | 0.6/1.7 MB | 221/786 kB | 114/328 kBProgress (5): 13/14 MB | 0.7/1.9 MB | 0.6/1.7 MB | 221/786 kB | 131/328 kBProgress (5): 13/14 MB | 0.7/1.9 MB | 0.6/1.7 MB | 221/786 kB | 131/328 kBProgress (5): 13/14 MB | 0.7/1.9 MB | 0.6/1.7 MB | 221/786 kB | 131/328 kBProgress (5): 13/14 MB | 0.7/1.9 MB | 0.6/1.7 MB | 221/786 kB | 131/328 kBProgress (5): 13/14 MB | 0.7/1.9 MB | 0.6/1.7 MB | 221/786 kB | 131/328 kBProgress (5): 13/14 MB | 0.7/1.9 MB | 0.6/1.7 MB | 221/786 kB | 131/328 kBProgress (5): 13/14 MB | 0.7/1.9 MB | 0.6/1.7 MB | 221/786 kB | 131/328 kBProgress (5): 13/14 MB | 0.7/1.9 MB | 0.6/1.7 MB | 221/786 kB | 147/328 kBProgress (5): 13/14 MB | 0.7/1.9 MB | 0.6/1.7 MB | 221/786 kB | 147/328 kBProgress (5): 13/14 MB | 0.7/1.9 MB | 0.6/1.7 MB | 221/786 kB | 147/328 kBProgress (5): 13/14 MB | 0.7/1.9 MB | 0.6/1.7 MB | 221/786 kB | 147/328 kBProgress (5): 13/14 MB | 0.7/1.9 MB | 0.6/1.7 MB | 221/786 kB | 147/328 kBProgress (5): 13/14 MB | 0.7/1.9 MB | 0.6/1.7 MB | 221/786 kB | 147/328 kBProgress (5): 13/14 MB | 0.7/1.9 MB | 0.6/1.7 MB | 221/786 kB | 147/328 kBProgress (5): 13/14 MB | 0.7/1.9 MB | 0.6/1.7 MB | 221/786 kB | 163/328 kBProgress (5): 13/14 MB | 0.7/1.9 MB | 0.6/1.7 MB | 221/786 kB | 163/328 kBProgress (5): 13/14 MB | 0.7/1.9 MB | 0.6/1.7 MB | 221/786 kB | 163/328 kBProgress (5): 13/14 MB | 0.7/1.9 MB | 0.6/1.7 MB | 221/786 kB | 163/328 kBProgress (5): 13/14 MB | 0.7/1.9 MB | 0.6/1.7 MB | 221/786 kB | 163/328 kBProgress (5): 13/14 MB | 0.7/1.9 MB | 0.6/1.7 MB | 221/786 kB | 163/328 kBProgress (5): 13/14 MB | 0.7/1.9 MB | 0.6/1.7 MB | 238/786 kB | 163/328 kBProgress (5): 13/14 MB | 0.7/1.9 MB | 0.6/1.7 MB | 238/786 kB | 180/328 kBProgress (5): 13/14 MB | 0.7/1.9 MB | 0.6/1.7 MB | 238/786 kB | 180/328 kBProgress (5): 13/14 MB | 0.7/1.9 MB | 0.6/1.7 MB | 238/786 kB | 196/328 kBProgress (5): 13/14 MB | 0.7/1.9 MB | 0.6/1.7 MB | 238/786 kB | 196/328 kBProgress (5): 13/14 MB | 0.7/1.9 MB | 0.6/1.7 MB | 238/786 kB | 196/328 kBProgress (5): 13/14 MB | 0.7/1.9 MB | 0.6/1.7 MB | 238/786 kB | 196/328 kBProgress (5): 13/14 MB | 0.8/1.9 MB | 0.6/1.7 MB | 238/786 kB | 196/328 kBProgress (5): 13/14 MB | 0.8/1.9 MB | 0.6/1.7 MB | 254/786 kB | 196/328 kBProgress (5): 13/14 MB | 0.8/1.9 MB | 0.7/1.7 MB | 254/786 kB | 196/328 kBProgress (5): 13/14 MB | 0.8/1.9 MB | 0.7/1.7 MB | 254/786 kB | 213/328 kBProgress (5): 13/14 MB | 0.8/1.9 MB | 0.7/1.7 MB | 254/786 kB | 213/328 kBProgress (5): 13/14 MB | 0.8/1.9 MB | 0.7/1.7 MB | 254/786 kB | 213/328 kBProgress (5): 13/14 MB | 0.8/1.9 MB | 0.7/1.7 MB | 254/786 kB | 213/328 kBProgress (5): 13/14 MB | 0.8/1.9 MB | 0.7/1.7 MB | 270/786 kB | 213/328 kBProgress (5): 13/14 MB | 0.8/1.9 MB | 0.7/1.7 MB | 270/786 kB | 213/328 kBProgress (5): 13/14 MB | 0.8/1.9 MB | 0.7/1.7 MB | 270/786 kB | 213/328 kBProgress (5): 13/14 MB | 0.8/1.9 MB | 0.7/1.7 MB | 270/786 kB | 213/328 kBProgress (5): 13/14 MB | 0.8/1.9 MB | 0.7/1.7 MB | 270/786 kB | 213/328 kBProgress (5): 13/14 MB | 0.8/1.9 MB | 0.7/1.7 MB | 270/786 kB | 229/328 kBProgress (5): 13/14 MB | 0.8/1.9 MB | 0.7/1.7 MB | 270/786 kB | 229/328 kBProgress (5): 13/14 MB | 0.8/1.9 MB | 0.7/1.7 MB | 270/786 kB | 245/328 kBProgress (5): 13/14 MB | 0.8/1.9 MB | 0.7/1.7 MB | 270/786 kB | 245/328 kBProgress (5): 13/14 MB | 0.8/1.9 MB | 0.7/1.7 MB | 270/786 kB | 245/328 kBProgress (5): 13/14 MB | 0.8/1.9 MB | 0.7/1.7 MB | 270/786 kB | 245/328 kBProgress (5): 13/14 MB | 0.8/1.9 MB | 0.7/1.7 MB | 270/786 kB | 245/328 kBProgress (5): 13/14 MB | 0.8/1.9 MB | 0.7/1.7 MB | 287/786 kB | 245/328 kBProgress (5): 13/14 MB | 0.8/1.9 MB | 0.7/1.7 MB | 287/786 kB | 262/328 kBProgress (5): 13/14 MB | 0.8/1.9 MB | 0.7/1.7 MB | 287/786 kB | 262/328 kBProgress (5): 13/14 MB | 0.8/1.9 MB | 0.7/1.7 MB | 287/786 kB | 262/328 kBProgress (5): 13/14 MB | 0.8/1.9 MB | 0.7/1.7 MB | 287/786 kB | 262/328 kBProgress (5): 13/14 MB | 0.8/1.9 MB | 0.7/1.7 MB | 287/786 kB | 262/328 kBProgress (5): 13/14 MB | 0.8/1.9 MB | 0.7/1.7 MB | 287/786 kB | 262/328 kBProgress (5): 13/14 MB | 0.8/1.9 MB | 0.7/1.7 MB | 287/786 kB | 278/328 kBProgress (5): 13/14 MB | 0.8/1.9 MB | 0.7/1.7 MB | 287/786 kB | 278/328 kBProgress (5): 13/14 MB | 0.8/1.9 MB | 0.7/1.7 MB | 287/786 kB | 278/328 kBProgress (5): 13/14 MB | 0.8/1.9 MB | 0.7/1.7 MB | 303/786 kB | 278/328 kBProgress (5): 13/14 MB | 0.8/1.9 MB | 0.7/1.7 MB | 303/786 kB | 278/328 kBProgress (5): 13/14 MB | 0.8/1.9 MB | 0.7/1.7 MB | 303/786 kB | 278/328 kBProgress (5): 13/14 MB | 0.8/1.9 MB | 0.7/1.7 MB | 303/786 kB | 278/328 kBProgress (5): 13/14 MB | 0.9/1.9 MB | 0.7/1.7 MB | 303/786 kB | 278/328 kBProgress (5): 13/14 MB | 0.9/1.9 MB | 0.7/1.7 MB | 303/786 kB | 278/328 kBProgress (5): 13/14 MB | 0.9/1.9 MB | 0.7/1.7 MB | 319/786 kB | 278/328 kBProgress (5): 13/14 MB | 0.9/1.9 MB | 0.7/1.7 MB | 319/786 kB | 294/328 kBProgress (5): 13/14 MB | 0.9/1.9 MB | 0.7/1.7 MB | 319/786 kB | 294/328 kBProgress (5): 13/14 MB | 0.9/1.9 MB | 0.7/1.7 MB | 319/786 kB | 294/328 kBProgress (5): 13/14 MB | 0.9/1.9 MB | 0.7/1.7 MB | 319/786 kB | 294/328 kBProgress (5): 13/14 MB | 0.9/1.9 MB | 0.7/1.7 MB | 319/786 kB | 294/328 kBProgress (5): 13/14 MB | 0.9/1.9 MB | 0.7/1.7 MB | 319/786 kB | 294/328 kBProgress (5): 13/14 MB | 0.9/1.9 MB | 0.7/1.7 MB | 319/786 kB | 311/328 kBProgress (5): 13/14 MB | 0.9/1.9 MB | 0.7/1.7 MB | 319/786 kB | 311/328 kBProgress (5): 13/14 MB | 0.9/1.9 MB | 0.7/1.7 MB | 336/786 kB | 311/328 kBProgress (5): 13/14 MB | 0.9/1.9 MB | 0.8/1.7 MB | 336/786 kB | 311/328 kBProgress (5): 13/14 MB | 0.9/1.9 MB | 0.8/1.7 MB | 336/786 kB | 311/328 kBProgress (5): 13/14 MB | 0.9/1.9 MB | 0.8/1.7 MB | 336/786 kB | 311/328 kBProgress (5): 13/14 MB | 0.9/1.9 MB | 0.8/1.7 MB | 336/786 kB | 311/328 kBProgress (5): 13/14 MB | 0.9/1.9 MB | 0.8/1.7 MB | 336/786 kB | 311/328 kBProgress (5): 13/14 MB | 0.9/1.9 MB | 0.8/1.7 MB | 336/786 kB | 327/328 kBProgress (5): 13/14 MB | 0.9/1.9 MB | 0.8/1.7 MB | 336/786 kB | 328 kB    Progress (5): 13/14 MB | 0.9/1.9 MB | 0.8/1.7 MB | 352/786 kB | 328 kB                                                                      Downloaded from central: https://repo.maven.apache.org/maven2/org/apache/httpcomponents/httpcore/4.4.16/httpcore-4.4.16.jar (328 kB at 13 kB/s)
Downloading from central: https://repo.maven.apache.org/maven2/org/apache/httpcomponents/httpasyncclient/4.1.5/httpasyncclient-4.1.5.jar
Progress (4): 13/14 MB | 0.9/1.9 MB | 0.8/1.7 MB | 352/786 kBProgress (4): 13/14 MB | 0.9/1.9 MB | 0.8/1.7 MB | 352/786 kBProgress (4): 13/14 MB | 0.9/1.9 MB | 0.8/1.7 MB | 352/786 kBProgress (4): 13/14 MB | 0.9/1.9 MB | 0.8/1.7 MB | 352/786 kBProgress (4): 13/14 MB | 0.9/1.9 MB | 0.8/1.7 MB | 352/786 kBProgress (4): 13/14 MB | 0.9/1.9 MB | 0.8/1.7 MB | 369/786 kBProgress (4): 13/14 MB | 0.9/1.9 MB | 0.8/1.7 MB | 369/786 kBProgress (4): 13/14 MB | 0.9/1.9 MB | 0.8/1.7 MB | 369/786 kBProgress (4): 13/14 MB | 0.9/1.9 MB | 0.8/1.7 MB | 369/786 kBProgress (4): 13/14 MB | 0.9/1.9 MB | 0.8/1.7 MB | 369/786 kBProgress (4): 14/14 MB | 0.9/1.9 MB | 0.8/1.7 MB | 369/786 kBProgress (4): 14/14 MB | 0.9/1.9 MB | 0.8/1.7 MB | 369/786 kBProgress (4): 14/14 MB | 0.9/1.9 MB | 0.8/1.7 MB | 369/786 kBProgress (4): 14/14 MB | 0.9/1.9 MB | 0.8/1.7 MB | 369/786 kBProgress (4): 14/14 MB | 0.9/1.9 MB | 0.8/1.7 MB | 385/786 kBProgress (4): 14/14 MB | 0.9/1.9 MB | 0.8/1.7 MB | 385/786 kBProgress (4): 14/14 MB | 0.9/1.9 MB | 0.8/1.7 MB | 385/786 kBProgress (4): 14/14 MB | 0.9/1.9 MB | 0.8/1.7 MB | 385/786 kBProgress (4): 14/14 MB | 0.9/1.9 MB | 0.8/1.7 MB | 385/786 kBProgress (4): 14/14 MB | 0.9/1.9 MB | 0.8/1.7 MB | 385/786 kBProgress (4): 14/14 MB | 0.9/1.9 MB | 0.8/1.7 MB | 385/786 kBProgress (4): 14/14 MB | 0.9/1.9 MB | 0.8/1.7 MB | 385/786 kBProgress (4): 14/14 MB | 1.0/1.9 MB | 0.8/1.7 MB | 385/786 kBProgress (4): 14/14 MB | 1.0/1.9 MB | 0.8/1.7 MB | 401/786 kBProgress (4): 14/14 MB | 1.0/1.9 MB | 0.8/1.7 MB | 401/786 kBProgress (4): 14/14 MB | 1.0/1.9 MB | 0.8/1.7 MB | 401/786 kBProgress (4): 14/14 MB | 1.0/1.9 MB | 0.8/1.7 MB | 401/786 kBProgress (4): 14/14 MB | 1.0/1.9 MB | 0.8/1.7 MB | 401/786 kBProgress (4): 14/14 MB | 1.0/1.9 MB | 0.9/1.7 MB | 401/786 kBProgress (4): 14/14 MB | 1.0/1.9 MB | 0.9/1.7 MB | 401/786 kBProgress (4): 14/14 MB | 1.0/1.9 MB | 0.9/1.7 MB | 418/786 kBProgress (4): 14/14 MB | 1.0/1.9 MB | 0.9/1.7 MB | 418/786 kBProgress (4): 14/14 MB | 1.0/1.9 MB | 0.9/1.7 MB | 418/786 kBProgress (5): 14/14 MB | 1.0/1.9 MB | 0.9/1.7 MB | 418/786 kB | 7.7/182 kBProgress (5): 14/14 MB | 1.0/1.9 MB | 0.9/1.7 MB | 418/786 kB | 16/182 kB Progress (5): 14/14 MB | 1.0/1.9 MB | 0.9/1.7 MB | 418/786 kB | 16/182 kBProgress (5): 14/14 MB | 1.0/1.9 MB | 0.9/1.7 MB | 418/786 kB | 16/182 kBProgress (5): 14/14 MB | 1.0/1.9 MB | 0.9/1.7 MB | 418/786 kB | 16/182 kBProgress (5): 14/14 MB | 1.0/1.9 MB | 0.9/1.7 MB | 418/786 kB | 16/182 kBProgress (5): 14/14 MB | 1.0/1.9 MB | 0.9/1.7 MB | 434/786 kB | 16/182 kBProgress (5): 14/14 MB | 1.0/1.9 MB | 0.9/1.7 MB | 434/786 kB | 32/182 kBProgress (5): 14/14 MB | 1.0/1.9 MB | 0.9/1.7 MB | 434/786 kB | 32/182 kBProgress (5): 14/14 MB | 1.0/1.9 MB | 0.9/1.7 MB | 434/786 kB | 32/182 kBProgress (5): 14/14 MB | 1.0/1.9 MB | 0.9/1.7 MB | 434/786 kB | 32/182 kBProgress (5): 14/14 MB | 1.0/1.9 MB | 0.9/1.7 MB | 434/786 kB | 32/182 kBProgress (5): 14/14 MB | 1.0/1.9 MB | 0.9/1.7 MB | 434/786 kB | 49/182 kBProgress (5): 14/14 MB | 1.0/1.9 MB | 0.9/1.7 MB | 434/786 kB | 49/182 kBProgress (5): 14/14 MB | 1.0/1.9 MB | 0.9/1.7 MB | 434/786 kB | 49/182 kBProgress (5): 14/14 MB | 1.0/1.9 MB | 0.9/1.7 MB | 451/786 kB | 49/182 kBProgress (5): 14/14 MB | 1.0/1.9 MB | 0.9/1.7 MB | 451/786 kB | 49/182 kBProgress (5): 14/14 MB | 1.0/1.9 MB | 0.9/1.7 MB | 451/786 kB | 49/182 kBProgress (5): 14/14 MB | 1.0/1.9 MB | 0.9/1.7 MB | 467/786 kB | 49/182 kBProgress (5): 14/14 MB | 1.0/1.9 MB | 0.9/1.7 MB | 467/786 kB | 65/182 kBProgress (5): 14/14 MB | 1.0/1.9 MB | 0.9/1.7 MB | 467/786 kB | 65/182 kBProgress (5): 14/14 MB | 1.0/1.9 MB | 0.9/1.7 MB | 467/786 kB | 65/182 kBProgress (5): 14/14 MB | 1.0/1.9 MB | 0.9/1.7 MB | 467/786 kB | 65/182 kBProgress (5): 14/14 MB | 1.0/1.9 MB | 0.9/1.7 MB | 467/786 kB | 65/182 kBProgress (5): 14/14 MB | 1.0/1.9 MB | 0.9/1.7 MB | 467/786 kB | 65/182 kBProgress (5): 14/14 MB | 1.0/1.9 MB | 0.9/1.7 MB | 467/786 kB | 65/182 kBProgress (5): 14/14 MB | 1.1/1.9 MB | 0.9/1.7 MB | 467/786 kB | 65/182 kBProgress (5): 14/14 MB | 1.1/1.9 MB | 0.9/1.7 MB | 467/786 kB | 65/182 kBProgress (5): 14/14 MB | 1.1/1.9 MB | 0.9/1.7 MB | 467/786 kB | 81/182 kBProgress (5): 14/14 MB | 1.1/1.9 MB | 0.9/1.7 MB | 467/786 kB | 81/182 kBProgress (5): 14/14 MB | 1.1/1.9 MB | 0.9/1.7 MB | 483/786 kB | 81/182 kBProgress (5): 14/14 MB | 1.1/1.9 MB | 0.9/1.7 MB | 483/786 kB | 81/182 kBProgress (5): 14/14 MB | 1.1/1.9 MB | 0.9/1.7 MB | 483/786 kB | 81/182 kBProgress (5): 14/14 MB | 1.1/1.9 MB | 0.9/1.7 MB | 483/786 kB | 81/182 kBProgress (5): 14/14 MB | 1.1/1.9 MB | 0.9/1.7 MB | 483/786 kB | 81/182 kBProgress (5): 14/14 MB | 1.1/1.9 MB | 0.9/1.7 MB | 483/786 kB | 98/182 kBProgress (5): 14/14 MB | 1.1/1.9 MB | 0.9/1.7 MB | 483/786 kB | 98/182 kBProgress (5): 14/14 MB | 1.1/1.9 MB | 0.9/1.7 MB | 500/786 kB | 98/182 kBProgress (5): 14/14 MB | 1.1/1.9 MB | 0.9/1.7 MB | 500/786 kB | 98/182 kBProgress (5): 14/14 MB | 1.1/1.9 MB | 0.9/1.7 MB | 500/786 kB | 98/182 kBProgress (5): 14/14 MB | 1.1/1.9 MB | 1.0/1.7 MB | 500/786 kB | 98/182 kBProgress (5): 14/14 MB | 1.1/1.9 MB | 1.0/1.7 MB | 500/786 kB | 98/182 kBProgress (5): 14/14 MB | 1.1/1.9 MB | 1.0/1.7 MB | 500/786 kB | 114/182 kBProgress (5): 14/14 MB | 1.1/1.9 MB | 1.0/1.7 MB | 500/786 kB | 114/182 kBProgress (5): 14/14 MB | 1.1/1.9 MB | 1.0/1.7 MB | 516/786 kB | 114/182 kBProgress (5): 14/14 MB | 1.1/1.9 MB | 1.0/1.7 MB | 516/786 kB | 114/182 kBProgress (5): 14/14 MB | 1.1/1.9 MB | 1.0/1.7 MB | 516/786 kB | 114/182 kBProgress (5): 14/14 MB | 1.1/1.9 MB | 1.0/1.7 MB | 516/786 kB | 114/182 kBProgress (5): 14/14 MB | 1.1/1.9 MB | 1.0/1.7 MB | 516/786 kB | 114/182 kBProgress (5): 14/14 MB | 1.1/1.9 MB | 1.0/1.7 MB | 516/786 kB | 131/182 kBProgress (5): 14/14 MB | 1.1/1.9 MB | 1.0/1.7 MB | 516/786 kB | 131/182 kBProgress (5): 14/14 MB | 1.1/1.9 MB | 1.0/1.7 MB | 532/786 kB | 131/182 kBProgress (5): 14/14 MB | 1.1/1.9 MB | 1.0/1.7 MB | 532/786 kB | 131/182 kBProgress (5): 14/14 MB | 1.1/1.9 MB | 1.0/1.7 MB | 532/786 kB | 131/182 kBProgress (5): 14/14 MB | 1.1/1.9 MB | 1.0/1.7 MB | 532/786 kB | 147/182 kBProgress (5): 14/14 MB | 1.1/1.9 MB | 1.0/1.7 MB | 532/786 kB | 147/182 kBProgress (5): 14/14 MB | 1.1/1.9 MB | 1.0/1.7 MB | 549/786 kB | 147/182 kBProgress (5): 14/14 MB | 1.1/1.9 MB | 1.0/1.7 MB | 549/786 kB | 147/182 kBProgress (5): 14/14 MB | 1.1/1.9 MB | 1.0/1.7 MB | 549/786 kB | 147/182 kBProgress (5): 14/14 MB | 1.1/1.9 MB | 1.0/1.7 MB | 549/786 kB | 147/182 kBProgress (5): 14/14 MB | 1.1/1.9 MB | 1.0/1.7 MB | 549/786 kB | 147/182 kBProgress (5): 14/14 MB | 1.1/1.9 MB | 1.0/1.7 MB | 549/786 kB | 163/182 kBProgress (5): 14/14 MB | 1.1/1.9 MB | 1.0/1.7 MB | 565/786 kB | 163/182 kBProgress (5): 14/14 MB | 1.1/1.9 MB | 1.0/1.7 MB | 565/786 kB | 163/182 kBProgress (5): 14/14 MB | 1.1/1.9 MB | 1.0/1.7 MB | 565/786 kB | 180/182 kBProgress (5): 14/14 MB | 1.1/1.9 MB | 1.0/1.7 MB | 565/786 kB | 182 kB    Progress (5): 14/14 MB | 1.1/1.9 MB | 1.0/1.7 MB | 565/786 kB | 182 kB                                                                      Downloaded from central: https://repo.maven.apache.org/maven2/org/apache/httpcomponents/httpasyncclient/4.1.5/httpasyncclient-4.1.5.jar (182 kB at 7.2 kB/s)
Downloading from central: https://repo.maven.apache.org/maven2/org/apache/httpcomponents/httpcore-nio/4.4.16/httpcore-nio-4.4.16.jar
Progress (4): 14/14 MB | 1.1/1.9 MB | 1.0/1.7 MB | 582/786 kBProgress (4): 14/14 MB | 1.1/1.9 MB | 1.0/1.7 MB | 582/786 kBProgress (4): 14/14 MB | 1.1/1.9 MB | 1.0/1.7 MB | 582/786 kBProgress (4): 14/14 MB | 1.1/1.9 MB | 1.0/1.7 MB | 598/786 kBProgress (4): 14/14 MB | 1.1/1.9 MB | 1.0/1.7 MB | 598/786 kBProgress (4): 14/14 MB | 1.1/1.9 MB | 1.0/1.7 MB | 598/786 kBProgress (4): 14/14 MB | 1.1/1.9 MB | 1.0/1.7 MB | 598/786 kBProgress (4): 14/14 MB | 1.1/1.9 MB | 1.0/1.7 MB | 598/786 kBProgress (4): 14/14 MB | 1.1/1.9 MB | 1.0/1.7 MB | 614/786 kBProgress (4): 14/14 MB | 1.1/1.9 MB | 1.0/1.7 MB | 614/786 kBProgress (4): 14/14 MB | 1.1/1.9 MB | 1.1/1.7 MB | 614/786 kBProgress (4): 14/14 MB | 1.1/1.9 MB | 1.1/1.7 MB | 614/786 kBProgress (4): 14/14 MB | 1.1/1.9 MB | 1.1/1.7 MB | 614/786 kBProgress (4): 14 MB | 1.1/1.9 MB | 1.1/1.7 MB | 614/786 kB   Progress (5): 14 MB | 1.1/1.9 MB | 1.1/1.7 MB | 614/786 kB | 7.7/369 kBProgress (5): 14 MB | 1.1/1.9 MB | 1.1/1.7 MB | 614/786 kB | 12/369 kB                                                                       Downloaded from central: https://repo.maven.apache.org/maven2/org/opensearch/opensearch/2.11.0/opensearch-2.11.0.jar (14 MB at 569 kB/s)
Downloading from central: https://repo.maven.apache.org/maven2/commons-codec/commons-codec/1.16.0/commons-codec-1.16.0.jar
Progress (4): 1.1/1.9 MB | 1.1/1.7 MB | 631/786 kB | 12/369 kBProgress (4): 1.1/1.9 MB | 1.1/1.7 MB | 631/786 kB | 12/369 kBProgress (4): 1.1/1.9 MB | 1.1/1.7 MB | 631/786 kB | 12/369 kBProgress (4): 1.1/1.9 MB | 1.1/1.7 MB | 631/786 kB | 28/369 kBProgress (4): 1.1/1.9 MB | 1.1/1.7 MB | 631/786 kB | 28/369 kBProgress (4): 1.1/1.9 MB | 1.1/1.7 MB | 647/786 kB | 28/369 kBProgress (4): 1.1/1.9 MB | 1.1/1.7 MB | 647/786 kB | 28/369 kBProgress (4): 1.1/1.9 MB | 1.1/1.7 MB | 647/786 kB | 44/369 kBProgress (5): 1.1/1.9 MB | 1.1/1.7 MB | 647/786 kB | 44/369 kB | 3.4/361 kBProgress (5): 1.1/1.9 MB | 1.1/1.7 MB | 647/786 kB | 44/369 kB | 20/361 kB Progress (5): 1.1/1.9 MB | 1.1/1.7 MB | 664/786 kB | 44/369 kB | 20/361 kBProgress (5): 1.1/1.9 MB | 1.1/1.7 MB | 664/786 kB | 44/369 kB | 20/361 kBProgress (5): 1.1/1.9 MB | 1.1/1.7 MB | 664/786 kB | 61/369 kB | 20/361 kBProgress (5): 1.1/1.9 MB | 1.1/1.7 MB | 664/786 kB | 61/369 kB | 28/361 kBProgress (5): 1.1/1.9 MB | 1.1/1.7 MB | 664/786 kB | 61/369 kB | 44/361 kBProgress (5): 1.1/1.9 MB | 1.1/1.7 MB | 664/786 kB | 61/369 kB | 61/361 kBProgress (5): 1.1/1.9 MB | 1.1/1.7 MB | 664/786 kB | 61/369 kB | 77/361 kBProgress (5): 1.1/1.9 MB | 1.1/1.7 MB | 664/786 kB | 61/369 kB | 93/361 kBProgress (5): 1.1/1.9 MB | 1.1/1.7 MB | 664/786 kB | 74/369 kB | 93/361 kBProgress (5): 1.1/1.9 MB | 1.1/1.7 MB | 680/786 kB | 74/369 kB | 93/361 kBProgress (5): 1.1/1.9 MB | 1.1/1.7 MB | 680/786 kB | 74/369 kB | 93/361 kBProgress (5): 1.1/1.9 MB | 1.1/1.7 MB | 680/786 kB | 74/369 kB | 110/361 kBProgress (5): 1.1/1.9 MB | 1.2/1.7 MB | 680/786 kB | 74/369 kB | 110/361 kBProgress (5): 1.1/1.9 MB | 1.2/1.7 MB | 680/786 kB | 74/369 kB | 126/361 kBProgress (5): 1.1/1.9 MB | 1.2/1.7 MB | 680/786 kB | 74/369 kB | 134/361 kBProgress (5): 1.1/1.9 MB | 1.2/1.7 MB | 680/786 kB | 90/369 kB | 134/361 kBProgress (5): 1.1/1.9 MB | 1.2/1.7 MB | 680/786 kB | 90/369 kB | 143/361 kBProgress (5): 1.1/1.9 MB | 1.2/1.7 MB | 680/786 kB | 90/369 kB | 151/361 kBProgress (5): 1.1/1.9 MB | 1.2/1.7 MB | 696/786 kB | 90/369 kB | 151/361 kBProgress (5): 1.1/1.9 MB | 1.2/1.7 MB | 696/786 kB | 90/369 kB | 151/361 kBProgress (5): 1.1/1.9 MB | 1.2/1.7 MB | 696/786 kB | 90/369 kB | 167/361 kBProgress (5): 1.1/1.9 MB | 1.2/1.7 MB | 696/786 kB | 90/369 kB | 184/361 kBProgress (5): 1.1/1.9 MB | 1.2/1.7 MB | 696/786 kB | 106/369 kB | 184/361 kBProgress (5): 1.1/1.9 MB | 1.2/1.7 MB | 696/786 kB | 106/369 kB | 200/361 kBProgress (5): 1.1/1.9 MB | 1.2/1.7 MB | 696/786 kB | 115/369 kB | 200/361 kBProgress (5): 1.1/1.9 MB | 1.2/1.7 MB | 696/786 kB | 115/369 kB | 200/361 kBProgress (5): 1.1/1.9 MB | 1.2/1.7 MB | 696/786 kB | 115/369 kB | 216/361 kBProgress (5): 1.1/1.9 MB | 1.2/1.7 MB | 713/786 kB | 115/369 kB | 216/361 kBProgress (5): 1.1/1.9 MB | 1.2/1.7 MB | 713/786 kB | 115/369 kB | 233/361 kBProgress (5): 1.1/1.9 MB | 1.2/1.7 MB | 713/786 kB | 115/369 kB | 249/361 kBProgress (5): 1.1/1.9 MB | 1.2/1.7 MB | 713/786 kB | 131/369 kB | 249/361 kBProgress (5): 1.1/1.9 MB | 1.2/1.7 MB | 713/786 kB | 131/369 kB | 266/361 kBProgress (5): 1.1/1.9 MB | 1.2/1.7 MB | 713/786 kB | 131/369 kB | 266/361 kBProgress (5): 1.1/1.9 MB | 1.2/1.7 MB | 713/786 kB | 131/369 kB | 274/361 kBProgress (5): 1.1/1.9 MB | 1.2/1.7 MB | 713/786 kB | 131/369 kB | 290/361 kBProgress (5): 1.1/1.9 MB | 1.2/1.7 MB | 713/786 kB | 139/369 kB | 290/361 kBProgress (5): 1.1/1.9 MB | 1.2/1.7 MB | 729/786 kB | 139/369 kB | 290/361 kBProgress (5): 1.1/1.9 MB | 1.2/1.7 MB | 729/786 kB | 139/369 kB | 306/361 kBProgress (5): 1.1/1.9 MB | 1.2/1.7 MB | 729/786 kB | 139/369 kB | 323/361 kBProgress (5): 1.1/1.9 MB | 1.2/1.7 MB | 729/786 kB | 156/369 kB | 323/361 kBProgress (5): 1.1/1.9 MB | 1.2/1.7 MB | 745/786 kB | 156/369 kB | 323/361 kBProgress (5): 1.1/1.9 MB | 1.2/1.7 MB | 762/786 kB | 156/369 kB | 323/361 kBProgress (5): 1.1/1.9 MB | 1.2/1.7 MB | 778/786 kB | 156/369 kB | 323/361 kBProgress (5): 1.1/1.9 MB | 1.2/1.7 MB | 786 kB | 156/369 kB | 323/361 kB                                                                            Downloaded from central: https://repo.maven.apache.org/maven2/org/apache/httpcomponents/httpclient/4.5.14/httpclient-4.5.14.jar (786 kB at 31 kB/s)
Downloading from central: https://repo.maven.apache.org/maven2/commons-logging/commons-logging/1.2/commons-logging-1.2.jar
Progress (4): 1.1/1.9 MB | 1.2/1.7 MB | 156/369 kB | 323/361 kBProgress (4): 1.1/1.9 MB | 1.2/1.7 MB | 156/369 kB | 323/361 kBProgress (4): 1.1/1.9 MB | 1.2/1.7 MB | 172/369 kB | 323/361 kBProgress (4): 1.1/1.9 MB | 1.2/1.7 MB | 172/369 kB | 339/361 kBProgress (4): 1.1/1.9 MB | 1.2/1.7 MB | 172/369 kB | 339/361 kBProgress (4): 1.1/1.9 MB | 1.2/1.7 MB | 172/369 kB | 356/361 kBProgress (4): 1.1/1.9 MB | 1.2/1.7 MB | 172/369 kB | 361 kB                                                               Downloaded from central: https://repo.maven.apache.org/maven2/commons-codec/commons-codec/1.16.0/commons-codec-1.16.0.jar (361 kB at 14 kB/s)
Downloading from central: https://repo.maven.apache.org/maven2/org/opensearch/plugin/mapper-extras-client/2.11.0/mapper-extras-client-2.11.0.jar
Progress (3): 1.1/1.9 MB | 1.2/1.7 MB | 172/369 kBProgress (3): 1.1/1.9 MB | 1.2/1.7 MB | 188/369 kBProgress (3): 1.2/1.9 MB | 1.2/1.7 MB | 188/369 kBProgress (3): 1.2/1.9 MB | 1.3/1.7 MB | 188/369 kBProgress (3): 1.2/1.9 MB | 1.3/1.7 MB | 205/369 kBProgress (3): 1.2/1.9 MB | 1.3/1.7 MB | 205/369 kBProgress (3): 1.2/1.9 MB | 1.3/1.7 MB | 205/369 kBProgress (4): 1.2/1.9 MB | 1.3/1.7 MB | 205/369 kB | 7.7/62 kBProgress (4): 1.2/1.9 MB | 1.3/1.7 MB | 205/369 kB | 16/62 kB Progress (4): 1.2/1.9 MB | 1.3/1.7 MB | 221/369 kB | 16/62 kBProgress (5): 1.2/1.9 MB | 1.3/1.7 MB | 221/369 kB | 16/62 kB | 7.7/84 kBProgress (5): 1.2/1.9 MB | 1.3/1.7 MB | 221/369 kB | 16/62 kB | 16/84 kB Progress (5): 1.2/1.9 MB | 1.3/1.7 MB | 221/369 kB | 16/62 kB | 16/84 kBProgress (5): 1.2/1.9 MB | 1.3/1.7 MB | 221/369 kB | 16/62 kB | 16/84 kBProgress (5): 1.2/1.9 MB | 1.3/1.7 MB | 221/369 kB | 32/62 kB | 16/84 kBProgress (5): 1.2/1.9 MB | 1.3/1.7 MB | 221/369 kB | 32/62 kB | 32/84 kBProgress (5): 1.2/1.9 MB | 1.3/1.7 MB | 221/369 kB | 32/62 kB | 49/84 kBProgress (5): 1.2/1.9 MB | 1.3/1.7 MB | 238/369 kB | 32/62 kB | 49/84 kBProgress (5): 1.2/1.9 MB | 1.3/1.7 MB | 238/369 kB | 32/62 kB | 49/84 kBProgress (5): 1.2/1.9 MB | 1.3/1.7 MB | 238/369 kB | 32/62 kB | 65/84 kBProgress (5): 1.2/1.9 MB | 1.3/1.7 MB | 238/369 kB | 32/62 kB | 65/84 kBProgress (5): 1.2/1.9 MB | 1.3/1.7 MB | 238/369 kB | 49/62 kB | 65/84 kBProgress (5): 1.2/1.9 MB | 1.3/1.7 MB | 238/369 kB | 49/62 kB | 81/84 kBProgress (5): 1.2/1.9 MB | 1.3/1.7 MB | 238/369 kB | 49/62 kB | 84 kB                                                                        Downloaded from central: https://repo.maven.apache.org/maven2/org/opensearch/plugin/mapper-extras-client/2.11.0/mapper-extras-client-2.11.0.jar (84 kB at 3.3 kB/s)
Downloading from central: https://repo.maven.apache.org/maven2/org/opensearch/plugin/parent-join-client/2.11.0/parent-join-client-2.11.0.jar
Progress (4): 1.2/1.9 MB | 1.3/1.7 MB | 254/369 kB | 49/62 kBProgress (4): 1.2/1.9 MB | 1.3/1.7 MB | 254/369 kB | 49/62 kBProgress (4): 1.2/1.9 MB | 1.3/1.7 MB | 254/369 kB | 49/62 kBProgress (4): 1.2/1.9 MB | 1.3/1.7 MB | 254/369 kB | 62 kB                                                             Downloaded from central: https://repo.maven.apache.org/maven2/commons-logging/commons-logging/1.2/commons-logging-1.2.jar (62 kB at 2.4 kB/s)
Downloading from central: https://repo.maven.apache.org/maven2/org/opensearch/plugin/aggs-matrix-stats-client/2.11.0/aggs-matrix-stats-client-2.11.0.jar
Progress (3): 1.2/1.9 MB | 1.3/1.7 MB | 254/369 kBProgress (3): 1.2/1.9 MB | 1.3/1.7 MB | 254/369 kBProgress (3): 1.2/1.9 MB | 1.3/1.7 MB | 270/369 kBProgress (3): 1.2/1.9 MB | 1.4/1.7 MB | 270/369 kBProgress (3): 1.3/1.9 MB | 1.4/1.7 MB | 270/369 kBProgress (3): 1.3/1.9 MB | 1.4/1.7 MB | 287/369 kBProgress (3): 1.3/1.9 MB | 1.4/1.7 MB | 287/369 kBProgress (3): 1.3/1.9 MB | 1.4/1.7 MB | 303/369 kBProgress (3): 1.3/1.9 MB | 1.4/1.7 MB | 303/369 kBProgress (4): 1.3/1.9 MB | 1.4/1.7 MB | 303/369 kB | 3.3/87 kBProgress (4): 1.3/1.9 MB | 1.4/1.7 MB | 303/369 kB | 20/87 kB Progress (4): 1.3/1.9 MB | 1.4/1.7 MB | 303/369 kB | 20/87 kBProgress (4): 1.3/1.9 MB | 1.4/1.7 MB | 303/369 kB | 20/87 kBProgress (4): 1.3/1.9 MB | 1.4/1.7 MB | 303/369 kB | 36/87 kBProgress (4): 1.3/1.9 MB | 1.4/1.7 MB | 303/369 kB | 52/87 kBProgress (4): 1.3/1.9 MB | 1.4/1.7 MB | 319/369 kB | 52/87 kBProgress (4): 1.3/1.9 MB | 1.4/1.7 MB | 319/369 kB | 61/87 kBProgress (4): 1.3/1.9 MB | 1.4/1.7 MB | 319/369 kB | 61/87 kBProgress (4): 1.3/1.9 MB | 1.4/1.7 MB | 319/369 kB | 61/87 kBProgress (4): 1.3/1.9 MB | 1.4/1.7 MB | 319/369 kB | 77/87 kBProgress (4): 1.3/1.9 MB | 1.4/1.7 MB | 319/369 kB | 87 kB                                                             Downloaded from central: https://repo.maven.apache.org/maven2/org/opensearch/plugin/parent-join-client/2.11.0/parent-join-client-2.11.0.jar (87 kB at 3.4 kB/s)
Downloading from central: https://repo.maven.apache.org/maven2/org/opensearch/plugin/rank-eval-client/2.11.0/rank-eval-client-2.11.0.jar
Progress (3): 1.3/1.9 MB | 1.4/1.7 MB | 336/369 kBProgress (3): 1.3/1.9 MB | 1.4/1.7 MB | 336/369 kBProgress (3): 1.3/1.9 MB | 1.4/1.7 MB | 336/369 kBProgress (4): 1.3/1.9 MB | 1.4/1.7 MB | 336/369 kB | 7.7/57 kBProgress (4): 1.3/1.9 MB | 1.4/1.7 MB | 336/369 kB | 16/57 kB Progress (4): 1.3/1.9 MB | 1.4/1.7 MB | 352/369 kB | 16/57 kBProgress (4): 1.3/1.9 MB | 1.4/1.7 MB | 352/369 kB | 16/57 kBProgress (4): 1.3/1.9 MB | 1.4/1.7 MB | 352/369 kB | 16/57 kBProgress (4): 1.3/1.9 MB | 1.4/1.7 MB | 352/369 kB | 32/57 kBProgress (4): 1.3/1.9 MB | 1.4/1.7 MB | 352/369 kB | 32/57 kBProgress (4): 1.3/1.9 MB | 1.4/1.7 MB | 369/369 kB | 32/57 kBProgress (4): 1.3/1.9 MB | 1.4/1.7 MB | 369 kB | 32/57 kB                                                             Downloaded from central: https://repo.maven.apache.org/maven2/org/apache/httpcomponents/httpcore-nio/4.4.16/httpcore-nio-4.4.16.jar (369 kB at 14 kB/s)
Downloading from central: https://repo.maven.apache.org/maven2/org/opensearch/plugin/lang-mustache-client/2.11.0/lang-mustache-client-2.11.0.jar
Progress (3): 1.4/1.9 MB | 1.4/1.7 MB | 32/57 kBProgress (3): 1.4/1.9 MB | 1.4/1.7 MB | 49/57 kBProgress (3): 1.4/1.9 MB | 1.5/1.7 MB | 49/57 kBProgress (4): 1.4/1.9 MB | 1.5/1.7 MB | 49/57 kB | 7.7/83 kBProgress (4): 1.4/1.9 MB | 1.5/1.7 MB | 49/57 kB | 16/83 kB Progress (4): 1.4/1.9 MB | 1.5/1.7 MB | 49/57 kB | 25/83 kBProgress (4): 1.4/1.9 MB | 1.5/1.7 MB | 49/57 kB | 25/83 kBProgress (4): 1.4/1.9 MB | 1.5/1.7 MB | 57 kB | 25/83 kB   Progress (4): 1.4/1.9 MB | 1.5/1.7 MB | 57 kB | 41/83 kB                                                        Downloaded from central: https://repo.maven.apache.org/maven2/org/opensearch/plugin/aggs-matrix-stats-client/2.11.0/aggs-matrix-stats-client-2.11.0.jar (57 kB at 2.3 kB/s)
Downloading from central: https://repo.maven.apache.org/maven2/com/github/spullara/mustache/java/compiler/0.9.10/compiler-0.9.10.jar
Progress (3): 1.4/1.9 MB | 1.5/1.7 MB | 41/83 kBProgress (3): 1.4/1.9 MB | 1.5/1.7 MB | 57/83 kBProgress (3): 1.4/1.9 MB | 1.5/1.7 MB | 74/83 kBProgress (3): 1.4/1.9 MB | 1.5/1.7 MB | 74/83 kBProgress (3): 1.4/1.9 MB | 1.5/1.7 MB | 83 kB                                                Downloaded from central: https://repo.maven.apache.org/maven2/org/opensearch/plugin/rank-eval-client/2.11.0/rank-eval-client-2.11.0.jar (83 kB at 3.2 kB/s)
Downloading from central: https://repo.maven.apache.org/maven2/org/springframework/boot/spring-boot-starter-test/3.2.1/spring-boot-starter-test-3.2.1.jar
Progress (2): 1.4/1.9 MB | 1.5/1.7 MBProgress (2): 1.4/1.9 MB | 1.5/1.7 MBProgress (2): 1.4/1.9 MB | 1.5/1.7 MBProgress (2): 1.4/1.9 MB | 1.5/1.7 MBProgress (2): 1.4/1.9 MB | 1.5/1.7 MBProgress (2): 1.4/1.9 MB | 1.5/1.7 MBProgress (3): 1.4/1.9 MB | 1.5/1.7 MB | 7.7/63 kBProgress (3): 1.4/1.9 MB | 1.5/1.7 MB | 16/63 kB Progress (3): 1.4/1.9 MB | 1.5/1.7 MB | 16/63 kBProgress (4): 1.4/1.9 MB | 1.5/1.7 MB | 16/63 kB | 4.8 kB                                                         Downloaded from central: https://repo.maven.apache.org/maven2/org/springframework/boot/spring-boot-starter-test/3.2.1/spring-boot-starter-test-3.2.1.jar (4.8 kB at 187 B/s)
Downloading from central: https://repo.maven.apache.org/maven2/org/springframework/boot/spring-boot-test/3.2.1/spring-boot-test-3.2.1.jar
Progress (3): 1.4/1.9 MB | 1.6/1.7 MB | 16/63 kBProgress (3): 1.4/1.9 MB | 1.6/1.7 MB | 32/63 kBProgress (3): 1.5/1.9 MB | 1.6/1.7 MB | 32/63 kBProgress (3): 1.5/1.9 MB | 1.6/1.7 MB | 32/63 kBProgress (3): 1.5/1.9 MB | 1.6/1.7 MB | 49/63 kBProgress (3): 1.5/1.9 MB | 1.6/1.7 MB | 49/63 kBProgress (3): 1.5/1.9 MB | 1.6/1.7 MB | 49/63 kBProgress (4): 1.5/1.9 MB | 1.6/1.7 MB | 49/63 kB | 7.7/112 kBProgress (4): 1.5/1.9 MB | 1.6/1.7 MB | 49/63 kB | 16/112 kB Progress (4): 1.5/1.9 MB | 1.6/1.7 MB | 49/63 kB | 16/112 kBProgress (4): 1.5/1.9 MB | 1.6/1.7 MB | 49/63 kB | 16/112 kBProgress (4): 1.5/1.9 MB | 1.6/1.7 MB | 63 kB | 16/112 kB                                                            Downloaded from central: https://repo.maven.apache.org/maven2/org/opensearch/plugin/lang-mustache-client/2.11.0/lang-mustache-client-2.11.0.jar (63 kB at 2.5 kB/s)
Downloading from central: https://repo.maven.apache.org/maven2/org/springframework/boot/spring-boot-test-autoconfigure/3.2.1/spring-boot-test-autoconfigure-3.2.1.jar
Progress (3): 1.5/1.9 MB | 1.6/1.7 MB | 16/112 kBProgress (3): 1.5/1.9 MB | 1.6/1.7 MB | 32/112 kBProgress (3): 1.5/1.9 MB | 1.6/1.7 MB | 32/112 kBProgress (4): 1.5/1.9 MB | 1.6/1.7 MB | 32/112 kB | 7.7/245 kBProgress (4): 1.5/1.9 MB | 1.6/1.7 MB | 32/112 kB | 12/245 kB Progress (4): 1.5/1.9 MB | 1.6/1.7 MB | 32/112 kB | 28/245 kBProgress (4): 1.5/1.9 MB | 1.6/1.7 MB | 32/112 kB | 28/245 kBProgress (4): 1.5/1.9 MB | 1.6/1.7 MB | 32/112 kB | 44/245 kBProgress (4): 1.5/1.9 MB | 1.6/1.7 MB | 32/112 kB | 44/245 kBProgress (4): 1.5/1.9 MB | 1.6/1.7 MB | 49/112 kB | 44/245 kBProgress (4): 1.5/1.9 MB | 1.6/1.7 MB | 49/112 kB | 61/245 kBProgress (4): 1.5/1.9 MB | 1.6/1.7 MB | 49/112 kB | 61/245 kBProgress (4): 1.5/1.9 MB | 1.6/1.7 MB | 49/112 kB | 77/245 kBProgress (4): 1.5/1.9 MB | 1.7/1.7 MB | 49/112 kB | 77/245 kBProgress (4): 1.5/1.9 MB | 1.7/1.7 MB | 49/112 kB | 93/245 kBProgress (4): 1.5/1.9 MB | 1.7/1.7 MB | 49/112 kB | 110/245 kBProgress (4): 1.5/1.9 MB | 1.7/1.7 MB | 65/112 kB | 110/245 kBProgress (4): 1.6/1.9 MB | 1.7/1.7 MB | 65/112 kB | 110/245 kBProgress (4): 1.6/1.9 MB | 1.7 MB | 65/112 kB | 110/245 kB                                                              Downloaded from central: https://repo.maven.apache.org/maven2/com/google/protobuf/protobuf-java/3.22.3/protobuf-java-3.22.3.jar (1.7 MB at 65 kB/s)
Downloading from central: https://repo.maven.apache.org/maven2/com/jayway/jsonpath/json-path/2.8.0/json-path-2.8.0.jar
Progress (3): 1.6/1.9 MB | 65/112 kB | 126/245 kBProgress (3): 1.6/1.9 MB | 65/112 kB | 131/245 kBProgress (4): 1.6/1.9 MB | 65/112 kB | 131/245 kB | 3.4/219 kBProgress (4): 1.6/1.9 MB | 65/112 kB | 131/245 kB | 3.4/219 kBProgress (4): 1.6/1.9 MB | 65/112 kB | 147/245 kB | 3.4/219 kBProgress (4): 1.6/1.9 MB | 65/112 kB | 164/245 kB | 3.4/219 kBProgress (4): 1.6/1.9 MB | 81/112 kB | 164/245 kB | 3.4/219 kBProgress (4): 1.6/1.9 MB | 81/112 kB | 164/245 kB | 20/219 kB Progress (4): 1.6/1.9 MB | 81/112 kB | 164/245 kB | 20/219 kBProgress (4): 1.6/1.9 MB | 81/112 kB | 180/245 kB | 20/219 kBProgress (4): 1.6/1.9 MB | 81/112 kB | 197/245 kB | 20/219 kBProgress (4): 1.6/1.9 MB | 81/112 kB | 197/245 kB | 20/219 kBProgress (4): 1.6/1.9 MB | 98/112 kB | 197/245 kB | 20/219 kBProgress (4): 1.6/1.9 MB | 98/112 kB | 197/245 kB | 36/219 kBProgress (4): 1.6/1.9 MB | 98/112 kB | 213/245 kB | 36/219 kBProgress (4): 1.6/1.9 MB | 98/112 kB | 229/245 kB | 36/219 kBProgress (4): 1.6/1.9 MB | 98/112 kB | 229/245 kB | 53/219 kBProgress (4): 1.6/1.9 MB | 98/112 kB | 229/245 kB | 53/219 kBProgress (4): 1.6/1.9 MB | 112 kB | 229/245 kB | 53/219 kB                                                             Downloaded from central: https://repo.maven.apache.org/maven2/com/github/spullara/mustache/java/compiler/0.9.10/compiler-0.9.10.jar (112 kB at 4.3 kB/s)
Downloading from central: https://repo.maven.apache.org/maven2/jakarta/xml/bind/jakarta.xml.bind-api/4.0.1/jakarta.xml.bind-api-4.0.1.jar
Progress (3): 1.6/1.9 MB | 245 kB | 53/219 kBProgress (3): 1.6/1.9 MB | 245 kB | 69/219 kB                                             Downloaded from central: https://repo.maven.apache.org/maven2/org/springframework/boot/spring-boot-test/3.2.1/spring-boot-test-3.2.1.jar (245 kB at 9.6 kB/s)
Downloading from central: https://repo.maven.apache.org/maven2/net/minidev/json-smart/2.5.0/json-smart-2.5.0.jar
Progress (2): 1.6/1.9 MB | 69/219 kBProgress (3): 1.6/1.9 MB | 69/219 kB | 7.7/278 kBProgress (3): 1.6/1.9 MB | 69/219 kB | 16/278 kB Progress (3): 1.7/1.9 MB | 69/219 kB | 16/278 kBProgress (3): 1.7/1.9 MB | 69/219 kB | 32/278 kBProgress (3): 1.7/1.9 MB | 85/219 kB | 32/278 kBProgress (3): 1.7/1.9 MB | 85/219 kB | 49/278 kBProgress (3): 1.7/1.9 MB | 85/219 kB | 49/278 kBProgress (3): 1.7/1.9 MB | 93/219 kB | 49/278 kBProgress (3): 1.7/1.9 MB | 93/219 kB | 49/278 kBProgress (3): 1.7/1.9 MB | 93/219 kB | 65/278 kBProgress (3): 1.7/1.9 MB | 110/219 kB | 65/278 kBProgress (3): 1.7/1.9 MB | 110/219 kB | 81/278 kBProgress (3): 1.7/1.9 MB | 110/219 kB | 98/278 kBProgress (3): 1.7/1.9 MB | 110/219 kB | 98/278 kBProgress (3): 1.7/1.9 MB | 110/219 kB | 98/278 kBProgress (3): 1.7/1.9 MB | 126/219 kB | 98/278 kBProgress (3): 1.7/1.9 MB | 134/219 kB | 98/278 kBProgress (3): 1.7/1.9 MB | 143/219 kB | 98/278 kBProgress (3): 1.7/1.9 MB | 143/219 kB | 114/278 kBProgress (3): 1.7/1.9 MB | 143/219 kB | 114/278 kBProgress (3): 1.7/1.9 MB | 151/219 kB | 114/278 kBProgress (3): 1.7/1.9 MB | 151/219 kB | 131/278 kBProgress (3): 1.8/1.9 MB | 151/219 kB | 131/278 kBProgress (3): 1.8/1.9 MB | 167/219 kB | 131/278 kBProgress (3): 1.8/1.9 MB | 167/219 kB | 147/278 kBProgress (3): 1.8/1.9 MB | 167/219 kB | 147/278 kBProgress (3): 1.8/1.9 MB | 184/219 kB | 147/278 kBProgress (3): 1.8/1.9 MB | 184/219 kB | 163/278 kBProgress (3): 1.8/1.9 MB | 184/219 kB | 163/278 kBProgress (4): 1.8/1.9 MB | 184/219 kB | 163/278 kB | 7.7/130 kBProgress (4): 1.8/1.9 MB | 184/219 kB | 163/278 kB | 16/130 kB Progress (4): 1.8/1.9 MB | 184/219 kB | 180/278 kB | 16/130 kBProgress (4): 1.8/1.9 MB | 184/219 kB | 180/278 kB | 32/130 kBProgress (4): 1.8/1.9 MB | 200/219 kB | 180/278 kB | 32/130 kBProgress (4): 1.8/1.9 MB | 200/219 kB | 180/278 kB | 32/130 kBProgress (4): 1.8/1.9 MB | 200/219 kB | 180/278 kB | 49/130 kBProgress (5): 1.8/1.9 MB | 200/219 kB | 180/278 kB | 49/130 kB | 7.7/120 kBProgress (5): 1.8/1.9 MB | 200/219 kB | 180/278 kB | 49/130 kB | 12/120 kB Progress (5): 1.8/1.9 MB | 200/219 kB | 196/278 kB | 49/130 kB | 12/120 kBProgress (5): 1.8/1.9 MB | 200/219 kB | 196/278 kB | 49/130 kB | 12/120 kBProgress (5): 1.8/1.9 MB | 200/219 kB | 196/278 kB | 65/130 kB | 12/120 kBProgress (5): 1.8/1.9 MB | 216/219 kB | 196/278 kB | 65/130 kB | 12/120 kBProgress (5): 1.8/1.9 MB | 219 kB | 196/278 kB | 65/130 kB | 12/120 kB                                                                          Downloaded from central: https://repo.maven.apache.org/maven2/org/springframework/boot/spring-boot-test-autoconfigure/3.2.1/spring-boot-test-autoconfigure-3.2.1.jar (219 kB at 8.5 kB/s)
Downloading from central: https://repo.maven.apache.org/maven2/net/minidev/accessors-smart/2.5.0/accessors-smart-2.5.0.jar
Progress (4): 1.8/1.9 MB | 196/278 kB | 81/130 kB | 12/120 kBProgress (4): 1.8/1.9 MB | 212/278 kB | 81/130 kB | 12/120 kBProgress (4): 1.8/1.9 MB | 212/278 kB | 81/130 kB | 28/120 kBProgress (4): 1.8/1.9 MB | 212/278 kB | 98/130 kB | 28/120 kBProgress (4): 1.8/1.9 MB | 212/278 kB | 98/130 kB | 28/120 kBProgress (4): 1.8/1.9 MB | 229/278 kB | 98/130 kB | 28/120 kBProgress (4): 1.8/1.9 MB | 229/278 kB | 114/130 kB | 28/120 kBProgress (4): 1.8/1.9 MB | 229/278 kB | 130 kB | 28/120 kB    Progress (4): 1.9/1.9 MB | 229/278 kB | 130 kB | 28/120 kB                                                          Downloaded from central: https://repo.maven.apache.org/maven2/jakarta/xml/bind/jakarta.xml.bind-api/4.0.1/jakarta.xml.bind-api-4.0.1.jar (130 kB at 5.0 kB/s)
Downloading from central: https://repo.maven.apache.org/maven2/org/ow2/asm/asm/9.3/asm-9.3.jar
Progress (3): 1.9/1.9 MB | 229/278 kB | 44/120 kBProgress (3): 1.9/1.9 MB | 245/278 kB | 44/120 kBProgress (3): 1.9/1.9 MB | 262/278 kB | 44/120 kBProgress (3): 1.9/1.9 MB | 262/278 kB | 44/120 kBProgress (3): 1.9/1.9 MB | 262/278 kB | 61/120 kBProgress (3): 1.9 MB | 262/278 kB | 61/120 kB    Progress (3): 1.9 MB | 278 kB | 61/120 kB                                             Downloaded from central: https://repo.maven.apache.org/maven2/com/jayway/jsonpath/json-path/2.8.0/json-path-2.8.0.jar (278 kB at 11 kB/s)
Downloading from central: https://repo.maven.apache.org/maven2/org/assertj/assertj-core/3.24.2/assertj-core-3.24.2.jar
Downloaded from central: https://repo.maven.apache.org/maven2/net/java/dev/jna/jna/5.13.0/jna-5.13.0.jar (1.9 MB at 73 kB/s)
Downloading from central: https://repo.maven.apache.org/maven2/org/awaitility/awaitility/4.2.0/awaitility-4.2.0.jar
Progress (1): 77/120 kBProgress (2): 77/120 kB | 7.7/30 kBProgress (2): 77/120 kB | 16/30 kB Progress (2): 93/120 kB | 16/30 kBProgress (2): 93/120 kB | 25/30 kBProgress (3): 93/120 kB | 25/30 kB | 7.7/122 kBProgress (3): 93/120 kB | 25/30 kB | 8.2/122 kBProgress (3): 93/120 kB | 30 kB | 8.2/122 kB                                               Downloaded from central: https://repo.maven.apache.org/maven2/net/minidev/accessors-smart/2.5.0/accessors-smart-2.5.0.jar (30 kB at 1.2 kB/s)
Progress (2): 93/120 kB | 25/122 kB                                   Downloading from central: https://repo.maven.apache.org/maven2/org/hamcrest/hamcrest/2.2/hamcrest-2.2.jar
Progress (2): 110/120 kB | 25/122 kBProgress (2): 110/120 kB | 41/122 kBProgress (2): 110/120 kB | 57/122 kBProgress (2): 110/120 kB | 74/122 kBProgress (2): 120 kB | 74/122 kB                                    Downloaded from central: https://repo.maven.apache.org/maven2/net/minidev/json-smart/2.5.0/json-smart-2.5.0.jar (120 kB at 4.7 kB/s)
Downloading from central: https://repo.maven.apache.org/maven2/org/junit/jupiter/junit-jupiter/5.10.1/junit-jupiter-5.10.1.jar
Progress (2): 74/122 kB | 0/1.3 MBProgress (2): 74/122 kB | 0/1.3 MBProgress (2): 90/122 kB | 0/1.3 MBProgress (3): 90/122 kB | 0/1.3 MB | 7.7/96 kBProgress (3): 90/122 kB | 0/1.3 MB | 16/96 kB Progress (3): 106/122 kB | 0/1.3 MB | 16/96 kBProgress (3): 106/122 kB | 0/1.3 MB | 16/96 kBProgress (3): 106/122 kB | 0/1.3 MB | 25/96 kBProgress (3): 122 kB | 0/1.3 MB | 25/96 kB                                              Downloaded from central: https://repo.maven.apache.org/maven2/org/ow2/asm/asm/9.3/asm-9.3.jar (122 kB at 4.7 kB/s)
Downloading from central: https://repo.maven.apache.org/maven2/org/junit/jupiter/junit-jupiter-api/5.10.1/junit-jupiter-api-5.10.1.jar
Progress (2): 0/1.3 MB | 25/96 kBProgress (2): 0/1.3 MB | 41/96 kBProgress (2): 0.1/1.3 MB | 41/96 kBProgress (2): 0.1/1.3 MB | 57/96 kBProgress (2): 0.1/1.3 MB | 57/96 kBProgress (3): 0.1/1.3 MB | 57/96 kB | 6.4 kBProgress (4): 0.1/1.3 MB | 57/96 kB | 6.4 kB | 7.7/123 kBProgress (4): 0.1/1.3 MB | 57/96 kB | 6.4 kB | 16/123 kB                                                         Downloaded from central: https://repo.maven.apache.org/maven2/org/junit/jupiter/junit-jupiter/5.10.1/junit-jupiter-5.10.1.jar (6.4 kB at 245 B/s)
Downloading from central: https://repo.maven.apache.org/maven2/org/opentest4j/opentest4j/1.3.0/opentest4j-1.3.0.jar
Progress (3): 0.1/1.3 MB | 74/96 kB | 16/123 kBProgress (3): 0.1/1.3 MB | 74/96 kB | 16/123 kBProgress (3): 0.1/1.3 MB | 74/96 kB | 32/123 kBProgress (4): 0.1/1.3 MB | 74/96 kB | 32/123 kB | 7.7/211 kBProgress (4): 0.1/1.3 MB | 74/96 kB | 32/123 kB | 16/211 kB Progress (4): 0.1/1.3 MB | 90/96 kB | 32/123 kB | 16/211 kBProgress (4): 0.1/1.3 MB | 96 kB | 32/123 kB | 16/211 kB   Progress (4): 0.1/1.3 MB | 96 kB | 32/123 kB | 16/211 kB                                                        Downloaded from central: https://repo.maven.apache.org/maven2/org/awaitility/awaitility/4.2.0/awaitility-4.2.0.jar (96 kB at 3.7 kB/s)
Downloading from central: https://repo.maven.apache.org/maven2/org/junit/platform/junit-platform-commons/1.10.1/junit-platform-commons-1.10.1.jar
Progress (3): 0.1/1.3 MB | 49/123 kB | 16/211 kBProgress (3): 0.1/1.3 MB | 49/123 kB | 32/211 kBProgress (3): 0.1/1.3 MB | 49/123 kB | 32/211 kBProgress (3): 0.1/1.3 MB | 49/123 kB | 49/211 kBProgress (3): 0.1/1.3 MB | 49/123 kB | 65/211 kBProgress (3): 0.1/1.3 MB | 49/123 kB | 65/211 kBProgress (3): 0.1/1.3 MB | 65/123 kB | 65/211 kBProgress (3): 0.1/1.3 MB | 65/123 kB | 81/211 kBProgress (3): 0.1/1.3 MB | 81/123 kB | 81/211 kBProgress (4): 0.1/1.3 MB | 81/123 kB | 81/211 kB | 7.7/14 kBProgress (4): 0.1/1.3 MB | 81/123 kB | 81/211 kB | 8.2/14 kBProgress (4): 0.1/1.3 MB | 81/123 kB | 98/211 kB | 8.2/14 kBProgress (4): 0.1/1.3 MB | 81/123 kB | 114/211 kB | 8.2/14 kBProgress (4): 0.1/1.3 MB | 81/123 kB | 131/211 kB | 8.2/14 kBProgress (4): 0.2/1.3 MB | 81/123 kB | 131/211 kB | 8.2/14 kBProgress (4): 0.2/1.3 MB | 81/123 kB | 131/211 kB | 8.2/14 kBProgress (4): 0.2/1.3 MB | 81/123 kB | 131/211 kB | 8.2/14 kBProgress (4): 0.2/1.3 MB | 81/123 kB | 131/211 kB | 14 kB    Progress (4): 0.2/1.3 MB | 98/123 kB | 131/211 kB | 14 kBProgress (4): 0.2/1.3 MB | 98/123 kB | 147/211 kB | 14 kB                                                         Downloaded from central: https://repo.maven.apache.org/maven2/org/opentest4j/opentest4j/1.3.0/opentest4j-1.3.0.jar (14 kB at 551 B/s)
Downloading from central: https://repo.maven.apache.org/maven2/org/apiguardian/apiguardian-api/1.1.2/apiguardian-api-1.1.2.jar
Progress (3): 0.2/1.3 MB | 98/123 kB | 163/211 kBProgress (3): 0.2/1.3 MB | 98/123 kB | 180/211 kBProgress (3): 0.2/1.3 MB | 98/123 kB | 180/211 kBProgress (3): 0.2/1.3 MB | 114/123 kB | 180/211 kBProgress (3): 0.2/1.3 MB | 114/123 kB | 196/211 kBProgress (3): 0.2/1.3 MB | 114/123 kB | 196/211 kBProgress (3): 0.2/1.3 MB | 114/123 kB | 211 kB    Progress (3): 0.2/1.3 MB | 123 kB | 211 kB    Progress (4): 0.2/1.3 MB | 123 kB | 211 kB | 7.7/106 kBProgress (4): 0.2/1.3 MB | 123 kB | 211 kB | 16/106 kB                                                       Downloaded from central: https://repo.maven.apache.org/maven2/org/junit/jupiter/junit-jupiter-api/5.10.1/junit-jupiter-api-5.10.1.jar (211 kB at 8.1 kB/s)
Downloading from central: https://repo.maven.apache.org/maven2/org/junit/jupiter/junit-jupiter-params/5.10.1/junit-jupiter-params-5.10.1.jar
Downloaded from central: https://repo.maven.apache.org/maven2/org/hamcrest/hamcrest/2.2/hamcrest-2.2.jar (123 kB at 4.7 kB/s)
Downloading from central: https://repo.maven.apache.org/maven2/org/junit/jupiter/junit-jupiter-engine/5.10.1/junit-jupiter-engine-5.10.1.jar
Progress (2): 0.2/1.3 MB | 16/106 kBProgress (2): 0.2/1.3 MB | 32/106 kBProgress (2): 0.3/1.3 MB | 32/106 kBProgress (2): 0.3/1.3 MB | 32/106 kBProgress (2): 0.3/1.3 MB | 49/106 kBProgress (2): 0.3/1.3 MB | 65/106 kBProgress (2): 0.3/1.3 MB | 81/106 kBProgress (2): 0.3/1.3 MB | 81/106 kBProgress (3): 0.3/1.3 MB | 81/106 kB | 6.8 kB                                             Downloaded from central: https://repo.maven.apache.org/maven2/org/apiguardian/apiguardian-api/1.1.2/apiguardian-api-1.1.2.jar (6.8 kB at 261 B/s)
Downloading from central: https://repo.maven.apache.org/maven2/org/junit/platform/junit-platform-engine/1.10.1/junit-platform-engine-1.10.1.jar
Progress (2): 0.3/1.3 MB | 98/106 kBProgress (2): 0.3/1.3 MB | 106 kB                                    Downloaded from central: https://repo.maven.apache.org/maven2/org/junit/platform/junit-platform-commons/1.10.1/junit-platform-commons-1.10.1.jar (106 kB at 4.1 kB/s)
Downloading from central: https://repo.maven.apache.org/maven2/org/mockito/mockito-core/5.7.0/mockito-core-5.7.0.jar
Progress (1): 0.3/1.3 MBProgress (1): 0.3/1.3 MBProgress (1): 0.3/1.3 MBProgress (2): 0.3/1.3 MB | 7.7/245 kBProgress (2): 0.3/1.3 MB | 8.2/245 kBProgress (2): 0.4/1.3 MB | 8.2/245 kBProgress (2): 0.4/1.3 MB | 25/245 kB Progress (2): 0.4/1.3 MB | 41/245 kBProgress (2): 0.4/1.3 MB | 57/245 kBProgress (2): 0.4/1.3 MB | 74/245 kBProgress (2): 0.4/1.3 MB | 74/245 kBProgress (3): 0.4/1.3 MB | 74/245 kB | 7.7/586 kBProgress (3): 0.4/1.3 MB | 74/245 kB | 16/586 kB Progress (3): 0.4/1.3 MB | 74/245 kB | 16/586 kBProgress (3): 0.4/1.3 MB | 74/245 kB | 32/586 kBProgress (3): 0.4/1.3 MB | 74/245 kB | 32/586 kBProgress (3): 0.4/1.3 MB | 90/245 kB | 32/586 kBProgress (3): 0.4/1.3 MB | 90/245 kB | 49/586 kBProgress (3): 0.4/1.3 MB | 90/245 kB | 49/586 kBProgress (3): 0.4/1.3 MB | 106/245 kB | 49/586 kBProgress (3): 0.4/1.3 MB | 123/245 kB | 49/586 kBProgress (3): 0.4/1.3 MB | 139/245 kB | 49/586 kBProgress (4): 0.4/1.3 MB | 139/245 kB | 49/586 kB | 7.7/700 kBProgress (4): 0.4/1.3 MB | 139/245 kB | 49/586 kB | 7.7/700 kBProgress (4): 0.4/1.3 MB | 139/245 kB | 49/586 kB | 16/700 kB Progress (5): 0.4/1.3 MB | 139/245 kB | 49/586 kB | 16/700 kB | 7.7/205 kBProgress (5): 0.4/1.3 MB | 139/245 kB | 49/586 kB | 16/700 kB | 8.2/205 kBProgress (5): 0.4/1.3 MB | 156/245 kB | 49/586 kB | 16/700 kB | 8.2/205 kBProgress (5): 0.4/1.3 MB | 156/245 kB | 65/586 kB | 16/700 kB | 8.2/205 kBProgress (5): 0.5/1.3 MB | 156/245 kB | 65/586 kB | 16/700 kB | 8.2/205 kBProgress (5): 0.5/1.3 MB | 172/245 kB | 65/586 kB | 16/700 kB | 8.2/205 kBProgress (5): 0.5/1.3 MB | 172/245 kB | 65/586 kB | 32/700 kB | 8.2/205 kBProgress (5): 0.5/1.3 MB | 180/245 kB | 65/586 kB | 32/700 kB | 8.2/205 kBProgress (5): 0.5/1.3 MB | 180/245 kB | 65/586 kB | 32/700 kB | 25/205 kB Progress (5): 0.5/1.3 MB | 197/245 kB | 65/586 kB | 32/700 kB | 25/205 kBProgress (5): 0.5/1.3 MB | 197/245 kB | 65/586 kB | 32/700 kB | 25/205 kBProgress (5): 0.5/1.3 MB | 197/245 kB | 81/586 kB | 32/700 kB | 25/205 kBProgress (5): 0.5/1.3 MB | 197/245 kB | 81/586 kB | 49/700 kB | 25/205 kBProgress (5): 0.5/1.3 MB | 213/245 kB | 81/586 kB | 49/700 kB | 25/205 kBProgress (5): 0.5/1.3 MB | 213/245 kB | 81/586 kB | 49/700 kB | 25/205 kBProgress (5): 0.5/1.3 MB | 229/245 kB | 81/586 kB | 49/700 kB | 25/205 kBProgress (5): 0.5/1.3 MB | 229/245 kB | 81/586 kB | 65/700 kB | 25/205 kBProgress (5): 0.5/1.3 MB | 229/245 kB | 98/586 kB | 65/700 kB | 25/205 kBProgress (5): 0.5/1.3 MB | 245 kB | 98/586 kB | 65/700 kB | 25/205 kB    Progress (5): 0.5/1.3 MB | 245 kB | 98/586 kB | 65/700 kB | 41/205 kBProgress (5): 0.5/1.3 MB | 245 kB | 98/586 kB | 65/700 kB | 41/205 kB                                                                     Downloaded from central: https://repo.maven.apache.org/maven2/org/junit/jupiter/junit-jupiter-engine/5.10.1/junit-jupiter-engine-5.10.1.jar (245 kB at 9.3 kB/s)
Downloading from central: https://repo.maven.apache.org/maven2/net/bytebuddy/byte-buddy-agent/1.14.10/byte-buddy-agent-1.14.10.jar
Progress (4): 0.5/1.3 MB | 98/586 kB | 65/700 kB | 41/205 kBProgress (4): 0.5/1.3 MB | 98/586 kB | 81/700 kB | 41/205 kBProgress (4): 0.5/1.3 MB | 98/586 kB | 81/700 kB | 57/205 kBProgress (4): 0.5/1.3 MB | 114/586 kB | 81/700 kB | 57/205 kBProgress (4): 0.5/1.3 MB | 114/586 kB | 98/700 kB | 57/205 kBProgress (4): 0.5/1.3 MB | 114/586 kB | 98/700 kB | 57/205 kBProgress (4): 0.5/1.3 MB | 131/586 kB | 98/700 kB | 57/205 kBProgress (4): 0.5/1.3 MB | 131/586 kB | 98/700 kB | 74/205 kBProgress (4): 0.6/1.3 MB | 131/586 kB | 98/700 kB | 74/205 kBProgress (4): 0.6/1.3 MB | 131/586 kB | 114/700 kB | 74/205 kBProgress (4): 0.6/1.3 MB | 147/586 kB | 114/700 kB | 74/205 kBProgress (4): 0.6/1.3 MB | 147/586 kB | 114/700 kB | 74/205 kBProgress (4): 0.6/1.3 MB | 147/586 kB | 131/700 kB | 74/205 kBProgress (4): 0.6/1.3 MB | 147/586 kB | 131/700 kB | 90/205 kBProgress (4): 0.6/1.3 MB | 147/586 kB | 131/700 kB | 90/205 kBProgress (4): 0.6/1.3 MB | 147/586 kB | 131/700 kB | 90/205 kBProgress (4): 0.6/1.3 MB | 147/586 kB | 147/700 kB | 90/205 kBProgress (4): 0.6/1.3 MB | 163/586 kB | 147/700 kB | 90/205 kBProgress (4): 0.6/1.3 MB | 163/586 kB | 147/700 kB | 106/205 kBProgress (4): 0.6/1.3 MB | 180/586 kB | 147/700 kB | 106/205 kBProgress (4): 0.6/1.3 MB | 180/586 kB | 163/700 kB | 106/205 kBProgress (4): 0.6/1.3 MB | 180/586 kB | 163/700 kB | 106/205 kBProgress (4): 0.6/1.3 MB | 180/586 kB | 163/700 kB | 123/205 kBProgress (4): 0.6/1.3 MB | 196/586 kB | 163/700 kB | 123/205 kBProgress (4): 0.6/1.3 MB | 196/586 kB | 180/700 kB | 123/205 kBProgress (4): 0.6/1.3 MB | 196/586 kB | 196/700 kB | 123/205 kBProgress (4): 0.6/1.3 MB | 196/586 kB | 196/700 kB | 123/205 kBProgress (4): 0.6/1.3 MB | 213/586 kB | 196/700 kB | 123/205 kBProgress (4): 0.7/1.3 MB | 213/586 kB | 196/700 kB | 123/205 kBProgress (4): 0.7/1.3 MB | 213/586 kB | 196/700 kB | 139/205 kBProgress (4): 0.7/1.3 MB | 213/586 kB | 196/700 kB | 147/205 kBProgress (4): 0.7/1.3 MB | 213/586 kB | 213/700 kB | 147/205 kBProgress (5): 0.7/1.3 MB | 213/586 kB | 213/700 kB | 147/205 kB | 3.4/257 kBProgress (5): 0.7/1.3 MB | 213/586 kB | 213/700 kB | 156/205 kB | 3.4/257 kBProgress (5): 0.7/1.3 MB | 213/586 kB | 229/700 kB | 156/205 kB | 3.4/257 kBProgress (5): 0.7/1.3 MB | 213/586 kB | 229/700 kB | 156/205 kB | 3.4/257 kBProgress (5): 0.7/1.3 MB | 213/586 kB | 229/700 kB | 156/205 kB | 20/257 kB Progress (5): 0.7/1.3 MB | 213/586 kB | 245/700 kB | 156/205 kB | 20/257 kBProgress (5): 0.7/1.3 MB | 213/586 kB | 245/700 kB | 172/205 kB | 20/257 kBProgress (5): 0.7/1.3 MB | 213/586 kB | 245/700 kB | 172/205 kB | 20/257 kBProgress (5): 0.7/1.3 MB | 213/586 kB | 245/700 kB | 172/205 kB | 20/257 kBProgress (5): 0.7/1.3 MB | 213/586 kB | 245/700 kB | 172/205 kB | 36/257 kBProgress (5): 0.7/1.3 MB | 213/586 kB | 245/700 kB | 172/205 kB | 53/257 kBProgress (5): 0.7/1.3 MB | 213/586 kB | 262/700 kB | 172/205 kB | 53/257 kBProgress (5): 0.7/1.3 MB | 213/586 kB | 262/700 kB | 172/205 kB | 61/257 kBProgress (5): 0.7/1.3 MB | 213/586 kB | 262/700 kB | 172/205 kB | 61/257 kBProgress (5): 0.7/1.3 MB | 229/586 kB | 262/700 kB | 172/205 kB | 61/257 kBProgress (5): 0.7/1.3 MB | 229/586 kB | 278/700 kB | 172/205 kB | 61/257 kBProgress (5): 0.7/1.3 MB | 229/586 kB | 278/700 kB | 172/205 kB | 77/257 kBProgress (5): 0.7/1.3 MB | 229/586 kB | 278/700 kB | 188/205 kB | 77/257 kBProgress (5): 0.7/1.3 MB | 229/586 kB | 278/700 kB | 188/205 kB | 77/257 kBProgress (5): 0.7/1.3 MB | 229/586 kB | 278/700 kB | 188/205 kB | 93/257 kBProgress (5): 0.7/1.3 MB | 245/586 kB | 278/700 kB | 188/205 kB | 93/257 kBProgress (5): 0.7/1.3 MB | 245/586 kB | 294/700 kB | 188/205 kB | 93/257 kBProgress (5): 0.7/1.3 MB | 245/586 kB | 294/700 kB | 205/205 kB | 93/257 kBProgress (5): 0.7/1.3 MB | 245/586 kB | 294/700 kB | 205 kB | 93/257 kB    Progress (5): 0.7/1.3 MB | 245/586 kB | 294/700 kB | 205 kB | 110/257 kB                                                                        Downloaded from central: https://repo.maven.apache.org/maven2/org/junit/platform/junit-platform-engine/1.10.1/junit-platform-engine-1.10.1.jar (205 kB at 7.8 kB/s)
Downloading from central: https://repo.maven.apache.org/maven2/org/objenesis/objenesis/3.3/objenesis-3.3.jar
Progress (4): 0.7/1.3 MB | 245/586 kB | 294/700 kB | 126/257 kBProgress (4): 0.8/1.3 MB | 245/586 kB | 294/700 kB | 126/257 kBProgress (4): 0.8/1.3 MB | 245/586 kB | 311/700 kB | 126/257 kBProgress (4): 0.8/1.3 MB | 262/586 kB | 311/700 kB | 126/257 kBProgress (4): 0.8/1.3 MB | 262/586 kB | 327/700 kB | 126/257 kBProgress (4): 0.8/1.3 MB | 262/586 kB | 344/700 kB | 126/257 kBProgress (4): 0.8/1.3 MB | 262/586 kB | 344/700 kB | 126/257 kBProgress (4): 0.8/1.3 MB | 262/586 kB | 344/700 kB | 126/257 kBProgress (4): 0.8/1.3 MB | 262/586 kB | 360/700 kB | 126/257 kBProgress (4): 0.8/1.3 MB | 262/586 kB | 360/700 kB | 126/257 kBProgress (4): 0.8/1.3 MB | 278/586 kB | 360/700 kB | 126/257 kBProgress (4): 0.8/1.3 MB | 278/586 kB | 360/700 kB | 134/257 kBProgress (4): 0.8/1.3 MB | 278/586 kB | 360/700 kB | 134/257 kBProgress (4): 0.8/1.3 MB | 278/586 kB | 376/700 kB | 134/257 kBProgress (4): 0.8/1.3 MB | 278/586 kB | 376/700 kB | 151/257 kBProgress (4): 0.8/1.3 MB | 278/586 kB | 376/700 kB | 167/257 kBProgress (4): 0.8/1.3 MB | 278/586 kB | 393/700 kB | 167/257 kBProgress (4): 0.8/1.3 MB | 278/586 kB | 409/700 kB | 167/257 kBProgress (4): 0.8/1.3 MB | 294/586 kB | 409/700 kB | 167/257 kBProgress (4): 0.8/1.3 MB | 311/586 kB | 409/700 kB | 167/257 kBProgress (4): 0.8/1.3 MB | 311/586 kB | 409/700 kB | 184/257 kBProgress (4): 0.8/1.3 MB | 311/586 kB | 409/700 kB | 184/257 kBProgress (4): 0.9/1.3 MB | 311/586 kB | 409/700 kB | 184/257 kBProgress (4): 0.9/1.3 MB | 311/586 kB | 409/700 kB | 184/257 kBProgress (4): 0.9/1.3 MB | 311/586 kB | 409/700 kB | 200/257 kBProgress (4): 0.9/1.3 MB | 311/586 kB | 409/700 kB | 216/257 kBProgress (4): 0.9/1.3 MB | 311/586 kB | 409/700 kB | 233/257 kBProgress (4): 0.9/1.3 MB | 327/586 kB | 409/700 kB | 233/257 kBProgress (4): 0.9/1.3 MB | 344/586 kB | 409/700 kB | 233/257 kBProgress (4): 0.9/1.3 MB | 344/586 kB | 426/700 kB | 233/257 kBProgress (4): 0.9/1.3 MB | 344/586 kB | 442/700 kB | 233/257 kBProgress (4): 0.9/1.3 MB | 344/586 kB | 458/700 kB | 233/257 kBProgress (4): 0.9/1.3 MB | 344/586 kB | 475/700 kB | 233/257 kBProgress (4): 0.9/1.3 MB | 344/586 kB | 475/700 kB | 233/257 kBProgress (4): 0.9/1.3 MB | 344/586 kB | 475/700 kB | 249/257 kBProgress (4): 0.9/1.3 MB | 344/586 kB | 475/700 kB | 249/257 kBProgress (4): 0.9/1.3 MB | 344/586 kB | 475/700 kB | 249/257 kBProgress (4): 0.9/1.3 MB | 344/586 kB | 475/700 kB | 249/257 kBProgress (4): 0.9/1.3 MB | 344/586 kB | 475/700 kB | 257 kB                                                               Downloaded from central: https://repo.maven.apache.org/maven2/net/bytebuddy/byte-buddy-agent/1.14.10/byte-buddy-agent-1.14.10.jar (257 kB at 9.7 kB/s)
Downloading from central: https://repo.maven.apache.org/maven2/org/mockito/mockito-junit-jupiter/5.7.0/mockito-junit-jupiter-5.7.0.jar
Progress (4): 0.9/1.3 MB | 344/586 kB | 475/700 kB | 7.7/49 kBProgress (4): 0.9/1.3 MB | 344/586 kB | 475/700 kB | 16/49 kB Progress (4): 0.9/1.3 MB | 344/586 kB | 491/700 kB | 16/49 kBProgress (4): 0.9/1.3 MB | 344/586 kB | 491/700 kB | 16/49 kBProgress (4): 0.9/1.3 MB | 344/586 kB | 491/700 kB | 32/49 kBProgress (4): 0.9/1.3 MB | 344/586 kB | 507/700 kB | 32/49 kBProgress (4): 0.9/1.3 MB | 360/586 kB | 507/700 kB | 32/49 kBProgress (4): 1.0/1.3 MB | 360/586 kB | 507/700 kB | 32/49 kBProgress (4): 1.0/1.3 MB | 360/586 kB | 507/700 kB | 32/49 kBProgress (4): 1.0/1.3 MB | 360/586 kB | 524/700 kB | 32/49 kBProgress (4): 1.0/1.3 MB | 360/586 kB | 524/700 kB | 49/49 kBProgress (4): 1.0/1.3 MB | 360/586 kB | 524/700 kB | 49 kB   Progress (4): 1.0/1.3 MB | 376/586 kB | 524/700 kB | 49 kB                                                          Downloaded from central: https://repo.maven.apache.org/maven2/org/objenesis/objenesis/3.3/objenesis-3.3.jar (49 kB at 1.9 kB/s)
Downloading from central: https://repo.maven.apache.org/maven2/org/skyscreamer/jsonassert/1.5.1/jsonassert-1.5.1.jar
Progress (3): 1.0/1.3 MB | 376/586 kB | 540/700 kBProgress (3): 1.0/1.3 MB | 376/586 kB | 540/700 kBProgress (3): 1.0/1.3 MB | 376/586 kB | 557/700 kBProgress (3): 1.0/1.3 MB | 376/586 kB | 557/700 kBProgress (3): 1.0/1.3 MB | 393/586 kB | 557/700 kBProgress (3): 1.0/1.3 MB | 393/586 kB | 557/700 kBProgress (3): 1.0/1.3 MB | 393/586 kB | 573/700 kBProgress (3): 1.0/1.3 MB | 409/586 kB | 573/700 kBProgress (3): 1.0/1.3 MB | 409/586 kB | 573/700 kBProgress (3): 1.0/1.3 MB | 409/586 kB | 589/700 kBProgress (3): 1.0/1.3 MB | 409/586 kB | 606/700 kBProgress (3): 1.1/1.3 MB | 409/586 kB | 606/700 kBProgress (3): 1.1/1.3 MB | 409/586 kB | 606/700 kBProgress (4): 1.1/1.3 MB | 409/586 kB | 606/700 kB | 7.7/8.8 kBProgress (4): 1.1/1.3 MB | 409/586 kB | 606/700 kB | 7.7/8.8 kBProgress (4): 1.1/1.3 MB | 409/586 kB | 606/700 kB | 8.8 kB    Progress (4): 1.1/1.3 MB | 409/586 kB | 622/700 kB | 8.8 kB                                                           Downloaded from central: https://repo.maven.apache.org/maven2/org/mockito/mockito-junit-jupiter/5.7.0/mockito-junit-jupiter-5.7.0.jar (8.8 kB at 333 B/s)
Downloading from central: https://repo.maven.apache.org/maven2/com/vaadin/external/google/android-json/0.0.20131108.vaadin1/android-json-0.0.20131108.vaadin1.jar
Progress (3): 1.1/1.3 MB | 426/586 kB | 622/700 kBProgress (3): 1.1/1.3 MB | 426/586 kB | 639/700 kBProgress (3): 1.1/1.3 MB | 426/586 kB | 639/700 kBProgress (3): 1.1/1.3 MB | 426/586 kB | 639/700 kBProgress (3): 1.1/1.3 MB | 442/586 kB | 639/700 kBProgress (3): 1.1/1.3 MB | 442/586 kB | 655/700 kBProgress (3): 1.1/1.3 MB | 458/586 kB | 655/700 kBProgress (3): 1.1/1.3 MB | 458/586 kB | 655/700 kBProgress (3): 1.1/1.3 MB | 458/586 kB | 671/700 kBProgress (3): 1.1/1.3 MB | 458/586 kB | 688/700 kBProgress (3): 1.1/1.3 MB | 458/586 kB | 688/700 kBProgress (3): 1.1/1.3 MB | 475/586 kB | 688/700 kBProgress (3): 1.1/1.3 MB | 475/586 kB | 700 kB                                                  Downloaded from central: https://repo.maven.apache.org/maven2/org/mockito/mockito-core/5.7.0/mockito-core-5.7.0.jar (700 kB at 26 kB/s)
Downloading from central: https://repo.maven.apache.org/maven2/org/springframework/spring-core/6.1.2/spring-core-6.1.2.jar
Progress (2): 1.2/1.3 MB | 475/586 kBProgress (3): 1.2/1.3 MB | 475/586 kB | 7.7/31 kBProgress (3): 1.2/1.3 MB | 475/586 kB | 16/31 kB Progress (3): 1.2/1.3 MB | 491/586 kB | 16/31 kBProgress (3): 1.2/1.3 MB | 491/586 kB | 31 kB   Progress (4): 1.2/1.3 MB | 491/586 kB | 31 kB | 7.7/18 kBProgress (4): 1.2/1.3 MB | 491/586 kB | 31 kB | 12/18 kB Progress (4): 1.2/1.3 MB | 491/586 kB | 31 kB | 12/18 kB                                                        Downloaded from central: https://repo.maven.apache.org/maven2/org/skyscreamer/jsonassert/1.5.1/jsonassert-1.5.1.jar (31 kB at 1.1 kB/s)
Downloading from central: https://repo.maven.apache.org/maven2/org/springframework/spring-jcl/6.1.2/spring-jcl-6.1.2.jar
Progress (3): 1.2/1.3 MB | 491/586 kB | 12/18 kBProgress (3): 1.2/1.3 MB | 507/586 kB | 12/18 kBProgress (3): 1.2/1.3 MB | 507/586 kB | 18 kB                                                Downloaded from central: https://repo.maven.apache.org/maven2/com/vaadin/external/google/android-json/0.0.20131108.vaadin1/android-json-0.0.20131108.vaadin1.jar (18 kB at 687 B/s)
Downloading from central: https://repo.maven.apache.org/maven2/org/springframework/spring-test/6.1.2/spring-test-6.1.2.jar
Progress (2): 1.2/1.3 MB | 507/586 kBProgress (2): 1.2/1.3 MB | 524/586 kBProgress (2): 1.2/1.3 MB | 524/586 kBProgress (2): 1.2/1.3 MB | 524/586 kBProgress (2): 1.2/1.3 MB | 540/586 kBProgress (2): 1.2/1.3 MB | 557/586 kBProgress (2): 1.3/1.3 MB | 557/586 kBProgress (2): 1.3/1.3 MB | 557/586 kBProgress (3): 1.3/1.3 MB | 557/586 kB | 0/1.9 MBProgress (3): 1.3/1.3 MB | 573/586 kB | 0/1.9 MBProgress (3): 1.3/1.3 MB | 573/586 kB | 0/1.9 MBProgress (3): 1.3/1.3 MB | 573/586 kB | 0/1.9 MBProgress (3): 1.3/1.3 MB | 573/586 kB | 0/1.9 MBProgress (3): 1.3/1.3 MB | 586 kB | 0/1.9 MB                                                Downloaded from central: https://repo.maven.apache.org/maven2/org/junit/jupiter/junit-jupiter-params/5.10.1/junit-jupiter-params-5.10.1.jar (586 kB at 22 kB/s)
Downloading from central: https://repo.maven.apache.org/maven2/org/xmlunit/xmlunit-core/2.9.1/xmlunit-core-2.9.1.jar
Progress (2): 1.3/1.3 MB | 0/1.9 MBProgress (2): 1.3/1.3 MB | 0/1.9 MBProgress (2): 1.3/1.3 MB | 0/1.9 MBProgress (3): 1.3/1.3 MB | 0/1.9 MB | 7.7/854 kBProgress (3): 1.3/1.3 MB | 0/1.9 MB | 16/854 kB Progress (3): 1.3/1.3 MB | 0.1/1.9 MB | 16/854 kBProgress (3): 1.3/1.3 MB | 0.1/1.9 MB | 32/854 kBProgress (3): 1.3 MB | 0.1/1.9 MB | 32/854 kB                                                 Downloaded from central: https://repo.maven.apache.org/maven2/org/assertj/assertj-core/3.24.2/assertj-core-3.24.2.jar (1.3 MB at 50 kB/s)
Downloading from central: https://repo.maven.apache.org/maven2/org/springframework/security/spring-security-test/6.2.1/spring-security-test-6.2.1.jar
Progress (3): 0.1/1.9 MB | 32/854 kB | 7.7/25 kBProgress (3): 0.1/1.9 MB | 32/854 kB | 16/25 kB Progress (3): 0.1/1.9 MB | 32/854 kB | 25 kB   Progress (3): 0.1/1.9 MB | 32/854 kB | 25 kBProgress (3): 0.1/1.9 MB | 32/854 kB | 25 kB                                            Downloaded from central: https://repo.maven.apache.org/maven2/org/springframework/spring-jcl/6.1.2/spring-jcl-6.1.2.jar (25 kB at 920 B/s)
Downloading from central: https://repo.maven.apache.org/maven2/org/testcontainers/junit-jupiter/1.19.3/junit-jupiter-1.19.3.jar
Progress (2): 0.1/1.9 MB | 49/854 kBProgress (2): 0.1/1.9 MB | 65/854 kBProgress (2): 0.1/1.9 MB | 81/854 kBProgress (2): 0.1/1.9 MB | 98/854 kBProgress (2): 0.1/1.9 MB | 98/854 kBProgress (2): 0.1/1.9 MB | 98/854 kBProgress (2): 0.1/1.9 MB | 98/854 kBProgress (2): 0.1/1.9 MB | 114/854 kBProgress (2): 0.2/1.9 MB | 114/854 kBProgress (2): 0.2/1.9 MB | 114/854 kBProgress (2): 0.2/1.9 MB | 131/854 kBProgress (2): 0.2/1.9 MB | 147/854 kBProgress (2): 0.2/1.9 MB | 147/854 kBProgress (3): 0.2/1.9 MB | 147/854 kB | 7.7/132 kBProgress (3): 0.2/1.9 MB | 147/854 kB | 16/132 kB Progress (4): 0.2/1.9 MB | 147/854 kB | 16/132 kB | 7.7/175 kBProgress (4): 0.2/1.9 MB | 147/854 kB | 16/132 kB | 12/175 kB Progress (5): 0.2/1.9 MB | 147/854 kB | 16/132 kB | 12/175 kB | 7.7/12 kBProgress (5): 0.2/1.9 MB | 147/854 kB | 16/132 kB | 12/175 kB | 8.2/12 kBProgress (5): 0.2/1.9 MB | 147/854 kB | 32/132 kB | 12/175 kB | 8.2/12 kBProgress (5): 0.2/1.9 MB | 147/854 kB | 32/132 kB | 28/175 kB | 8.2/12 kBProgress (5): 0.2/1.9 MB | 147/854 kB | 32/132 kB | 28/175 kB | 8.2/12 kBProgress (5): 0.2/1.9 MB | 147/854 kB | 32/132 kB | 28/175 kB | 12 kB                                                                         Downloaded from central: https://repo.maven.apache.org/maven2/org/testcontainers/junit-jupiter/1.19.3/junit-jupiter-1.19.3.jar (12 kB at 443 B/s)
Downloading from central: https://repo.maven.apache.org/maven2/org/testcontainers/testcontainers/1.19.3/testcontainers-1.19.3.jar
Progress (4): 0.2/1.9 MB | 147/854 kB | 49/132 kB | 28/175 kBProgress (4): 0.2/1.9 MB | 147/854 kB | 49/132 kB | 28/175 kBProgress (4): 0.2/1.9 MB | 147/854 kB | 49/132 kB | 44/175 kBProgress (4): 0.2/1.9 MB | 147/854 kB | 65/132 kB | 44/175 kBProgress (4): 0.2/1.9 MB | 163/854 kB | 65/132 kB | 44/175 kBProgress (4): 0.2/1.9 MB | 163/854 kB | 65/132 kB | 44/175 kBProgress (4): 0.2/1.9 MB | 163/854 kB | 65/132 kB | 61/175 kBProgress (4): 0.2/1.9 MB | 163/854 kB | 81/132 kB | 61/175 kBProgress (4): 0.3/1.9 MB | 163/854 kB | 81/132 kB | 61/175 kBProgress (4): 0.3/1.9 MB | 163/854 kB | 98/132 kB | 61/175 kBProgress (4): 0.3/1.9 MB | 163/854 kB | 98/132 kB | 77/175 kBProgress (4): 0.3/1.9 MB | 163/854 kB | 114/132 kB | 77/175 kBProgress (4): 0.3/1.9 MB | 163/854 kB | 114/132 kB | 77/175 kBProgress (4): 0.3/1.9 MB | 163/854 kB | 114/132 kB | 93/175 kBProgress (4): 0.3/1.9 MB | 163/854 kB | 131/132 kB | 93/175 kBProgress (4): 0.3/1.9 MB | 163/854 kB | 132 kB | 93/175 kB                                                              Downloaded from central: https://repo.maven.apache.org/maven2/org/springframework/security/spring-security-test/6.2.1/spring-security-test-6.2.1.jar (132 kB at 4.9 kB/s)
Downloading from central: https://repo.maven.apache.org/maven2/junit/junit/4.13.2/junit-4.13.2.jar
Progress (4): 0.3/1.9 MB | 163/854 kB | 93/175 kB | 0/18 MBProgress (4): 0.3/1.9 MB | 163/854 kB | 93/175 kB | 0/18 MBProgress (4): 0.3/1.9 MB | 163/854 kB | 93/175 kB | 0/18 MBProgress (4): 0.3/1.9 MB | 163/854 kB | 110/175 kB | 0/18 MBProgress (4): 0.3/1.9 MB | 163/854 kB | 110/175 kB | 0/18 MBProgress (4): 0.3/1.9 MB | 163/854 kB | 110/175 kB | 0/18 MBProgress (4): 0.3/1.9 MB | 163/854 kB | 126/175 kB | 0/18 MBProgress (4): 0.3/1.9 MB | 163/854 kB | 126/175 kB | 0/18 MBProgress (4): 0.3/1.9 MB | 163/854 kB | 126/175 kB | 0/18 MBProgress (4): 0.3/1.9 MB | 163/854 kB | 143/175 kB | 0/18 MBProgress (4): 0.3/1.9 MB | 163/854 kB | 143/175 kB | 0/18 MBProgress (4): 0.3/1.9 MB | 163/854 kB | 159/175 kB | 0/18 MBProgress (4): 0.4/1.9 MB | 163/854 kB | 159/175 kB | 0/18 MBProgress (4): 0.4/1.9 MB | 163/854 kB | 159/175 kB | 0.1/18 MBProgress (4): 0.4/1.9 MB | 163/854 kB | 159/175 kB | 0.1/18 MBProgress (4): 0.4/1.9 MB | 163/854 kB | 175 kB | 0.1/18 MB                                                              Downloaded from central: https://repo.maven.apache.org/maven2/org/xmlunit/xmlunit-core/2.9.1/xmlunit-core-2.9.1.jar (175 kB at 6.5 kB/s)
Downloading from central: https://repo.maven.apache.org/maven2/org/hamcrest/hamcrest-core/2.2/hamcrest-core-2.2.jar
Progress (3): 0.4/1.9 MB | 163/854 kB | 0.1/18 MBProgress (3): 0.4/1.9 MB | 163/854 kB | 0.1/18 MBProgress (3): 0.4/1.9 MB | 163/854 kB | 0.1/18 MBProgress (3): 0.4/1.9 MB | 163/854 kB | 0.1/18 MBProgress (3): 0.4/1.9 MB | 163/854 kB | 0.1/18 MBProgress (3): 0.4/1.9 MB | 163/854 kB | 0.1/18 MBProgress (3): 0.4/1.9 MB | 180/854 kB | 0.1/18 MBProgress (3): 0.5/1.9 MB | 180/854 kB | 0.1/18 MBProgress (3): 0.5/1.9 MB | 180/854 kB | 0.1/18 MBProgress (4): 0.5/1.9 MB | 180/854 kB | 0.1/18 MB | 1.5 kB                                                          Downloaded from central: https://repo.maven.apache.org/maven2/org/hamcrest/hamcrest-core/2.2/hamcrest-core-2.2.jar (1.5 kB at 55 B/s)
Downloading from central: https://repo.maven.apache.org/maven2/org/apache/commons/commons-compress/1.24.0/commons-compress-1.24.0.jar
Progress (3): 0.5/1.9 MB | 180/854 kB | 0.1/18 MBProgress (4): 0.5/1.9 MB | 180/854 kB | 0.1/18 MB | 7.7/385 kBProgress (4): 0.5/1.9 MB | 180/854 kB | 0.1/18 MB | 16/385 kB Progress (4): 0.5/1.9 MB | 180/854 kB | 0.1/18 MB | 16/385 kBProgress (4): 0.5/1.9 MB | 180/854 kB | 0.1/18 MB | 32/385 kBProgress (4): 0.5/1.9 MB | 180/854 kB | 0.1/18 MB | 32/385 kBProgress (4): 0.5/1.9 MB | 180/854 kB | 0.1/18 MB | 32/385 kBProgress (4): 0.5/1.9 MB | 180/854 kB | 0.1/18 MB | 49/385 kBProgress (4): 0.5/1.9 MB | 196/854 kB | 0.1/18 MB | 49/385 kBProgress (4): 0.5/1.9 MB | 196/854 kB | 0.1/18 MB | 65/385 kBProgress (4): 0.5/1.9 MB | 196/854 kB | 0.1/18 MB | 65/385 kBProgress (4): 0.5/1.9 MB | 196/854 kB | 0.1/18 MB | 65/385 kBProgress (4): 0.5/1.9 MB | 196/854 kB | 0.1/18 MB | 81/385 kBProgress (4): 0.5/1.9 MB | 196/854 kB | 0.1/18 MB | 81/385 kBProgress (4): 0.5/1.9 MB | 196/854 kB | 0.1/18 MB | 98/385 kBProgress (4): 0.5/1.9 MB | 196/854 kB | 0.1/18 MB | 98/385 kBProgress (5): 0.5/1.9 MB | 196/854 kB | 0.1/18 MB | 98/385 kB | 0/1.1 MBProgress (5): 0.5/1.9 MB | 196/854 kB | 0.1/18 MB | 98/385 kB | 0/1.1 MBProgress (5): 0.5/1.9 MB | 196/854 kB | 0.1/18 MB | 114/385 kB | 0/1.1 MBProgress (5): 0.5/1.9 MB | 196/854 kB | 0.1/18 MB | 114/385 kB | 0/1.1 MBProgress (5): 0.5/1.9 MB | 196/854 kB | 0.1/18 MB | 131/385 kB | 0/1.1 MBProgress (5): 0.6/1.9 MB | 196/854 kB | 0.1/18 MB | 131/385 kB | 0/1.1 MBProgress (5): 0.6/1.9 MB | 196/854 kB | 0.2/18 MB | 131/385 kB | 0/1.1 MBProgress (5): 0.6/1.9 MB | 196/854 kB | 0.2/18 MB | 131/385 kB | 0/1.1 MBProgress (5): 0.6/1.9 MB | 196/854 kB | 0.2/18 MB | 147/385 kB | 0/1.1 MBProgress (5): 0.6/1.9 MB | 196/854 kB | 0.2/18 MB | 147/385 kB | 0/1.1 MBProgress (5): 0.6/1.9 MB | 196/854 kB | 0.2/18 MB | 147/385 kB | 0/1.1 MBProgress (5): 0.6/1.9 MB | 196/854 kB | 0.2/18 MB | 147/385 kB | 0/1.1 MBProgress (5): 0.6/1.9 MB | 196/854 kB | 0.2/18 MB | 147/385 kB | 0/1.1 MBProgress (5): 0.6/1.9 MB | 196/854 kB | 0.2/18 MB | 147/385 kB | 0/1.1 MBProgress (5): 0.6/1.9 MB | 196/854 kB | 0.2/18 MB | 147/385 kB | 0.1/1.1 MBProgress (5): 0.6/1.9 MB | 196/854 kB | 0.2/18 MB | 147/385 kB | 0.1/1.1 MBProgress (5): 0.6/1.9 MB | 196/854 kB | 0.2/18 MB | 147/385 kB | 0.1/1.1 MBProgress (5): 0.6/1.9 MB | 196/854 kB | 0.2/18 MB | 147/385 kB | 0.1/1.1 MBProgress (5): 0.6/1.9 MB | 196/854 kB | 0.2/18 MB | 163/385 kB | 0.1/1.1 MBProgress (5): 0.6/1.9 MB | 196/854 kB | 0.2/18 MB | 163/385 kB | 0.1/1.1 MBProgress (5): 0.6/1.9 MB | 196/854 kB | 0.2/18 MB | 163/385 kB | 0.1/1.1 MBProgress (5): 0.6/1.9 MB | 196/854 kB | 0.2/18 MB | 163/385 kB | 0.1/1.1 MBProgress (5): 0.6/1.9 MB | 213/854 kB | 0.2/18 MB | 163/385 kB | 0.1/1.1 MBProgress (5): 0.6/1.9 MB | 213/854 kB | 0.2/18 MB | 180/385 kB | 0.1/1.1 MBProgress (5): 0.7/1.9 MB | 213/854 kB | 0.2/18 MB | 180/385 kB | 0.1/1.1 MBProgress (5): 0.7/1.9 MB | 229/854 kB | 0.2/18 MB | 180/385 kB | 0.1/1.1 MBProgress (5): 0.7/1.9 MB | 229/854 kB | 0.2/18 MB | 180/385 kB | 0.1/1.1 MBProgress (5): 0.7/1.9 MB | 245/854 kB | 0.2/18 MB | 180/385 kB | 0.1/1.1 MBProgress (5): 0.7/1.9 MB | 245/854 kB | 0.2/18 MB | 196/385 kB | 0.1/1.1 MBProgress (5): 0.7/1.9 MB | 262/854 kB | 0.2/18 MB | 196/385 kB | 0.1/1.1 MBProgress (5): 0.7/1.9 MB | 262/854 kB | 0.2/18 MB | 196/385 kB | 0.1/1.1 MBProgress (5): 0.7/1.9 MB | 262/854 kB | 0.2/18 MB | 196/385 kB | 0.1/1.1 MBProgress (5): 0.7/1.9 MB | 262/854 kB | 0.2/18 MB | 196/385 kB | 0.1/1.1 MBProgress (5): 0.7/1.9 MB | 262/854 kB | 0.2/18 MB | 213/385 kB | 0.1/1.1 MBProgress (5): 0.7/1.9 MB | 262/854 kB | 0.2/18 MB | 213/385 kB | 0.1/1.1 MBProgress (5): 0.7/1.9 MB | 262/854 kB | 0.2/18 MB | 229/385 kB | 0.1/1.1 MBProgress (5): 0.7/1.9 MB | 262/854 kB | 0.2/18 MB | 229/385 kB | 0.1/1.1 MBProgress (5): 0.7/1.9 MB | 278/854 kB | 0.2/18 MB | 229/385 kB | 0.1/1.1 MBProgress (5): 0.7/1.9 MB | 278/854 kB | 0.2/18 MB | 229/385 kB | 0.1/1.1 MBProgress (5): 0.7/1.9 MB | 278/854 kB | 0.2/18 MB | 229/385 kB | 0.1/1.1 MBProgress (5): 0.7/1.9 MB | 278/854 kB | 0.2/18 MB | 245/385 kB | 0.1/1.1 MBProgress (5): 0.7/1.9 MB | 278/854 kB | 0.3/18 MB | 245/385 kB | 0.1/1.1 MBProgress (5): 0.7/1.9 MB | 278/854 kB | 0.3/18 MB | 262/385 kB | 0.1/1.1 MBProgress (5): 0.7/1.9 MB | 278/854 kB | 0.3/18 MB | 262/385 kB | 0.2/1.1 MBProgress (5): 0.7/1.9 MB | 278/854 kB | 0.3/18 MB | 262/385 kB | 0.2/1.1 MBProgress (5): 0.7/1.9 MB | 294/854 kB | 0.3/18 MB | 262/385 kB | 0.2/1.1 MBProgress (5): 0.7/1.9 MB | 294/854 kB | 0.3/18 MB | 278/385 kB | 0.2/1.1 MBProgress (5): 0.7/1.9 MB | 294/854 kB | 0.3/18 MB | 278/385 kB | 0.2/1.1 MBProgress (5): 0.7/1.9 MB | 294/854 kB | 0.3/18 MB | 278/385 kB | 0.2/1.1 MBProgress (5): 0.7/1.9 MB | 311/854 kB | 0.3/18 MB | 278/385 kB | 0.2/1.1 MBProgress (5): 0.7/1.9 MB | 327/854 kB | 0.3/18 MB | 278/385 kB | 0.2/1.1 MBProgress (5): 0.8/1.9 MB | 327/854 kB | 0.3/18 MB | 278/385 kB | 0.2/1.1 MBProgress (5): 0.8/1.9 MB | 327/854 kB | 0.3/18 MB | 294/385 kB | 0.2/1.1 MBProgress (5): 0.8/1.9 MB | 327/854 kB | 0.3/18 MB | 294/385 kB | 0.2/1.1 MBProgress (5): 0.8/1.9 MB | 327/854 kB | 0.3/18 MB | 294/385 kB | 0.2/1.1 MBProgress (5): 0.8/1.9 MB | 327/854 kB | 0.3/18 MB | 311/385 kB | 0.2/1.1 MBProgress (5): 0.8/1.9 MB | 327/854 kB | 0.3/18 MB | 311/385 kB | 0.2/1.1 MBProgress (5): 0.8/1.9 MB | 327/854 kB | 0.3/18 MB | 311/385 kB | 0.2/1.1 MBProgress (5): 0.8/1.9 MB | 327/854 kB | 0.3/18 MB | 327/385 kB | 0.2/1.1 MBProgress (5): 0.8/1.9 MB | 327/854 kB | 0.3/18 MB | 327/385 kB | 0.2/1.1 MBProgress (5): 0.8/1.9 MB | 327/854 kB | 0.3/18 MB | 327/385 kB | 0.2/1.1 MBProgress (5): 0.8/1.9 MB | 327/854 kB | 0.3/18 MB | 327/385 kB | 0.2/1.1 MBProgress (5): 0.8/1.9 MB | 327/854 kB | 0.3/18 MB | 344/385 kB | 0.2/1.1 MBProgress (5): 0.8/1.9 MB | 344/854 kB | 0.3/18 MB | 344/385 kB | 0.2/1.1 MBProgress (5): 0.8/1.9 MB | 344/854 kB | 0.3/18 MB | 344/385 kB | 0.2/1.1 MBProgress (5): 0.8/1.9 MB | 344/854 kB | 0.3/18 MB | 344/385 kB | 0.2/1.1 MBProgress (5): 0.8/1.9 MB | 344/854 kB | 0.3/18 MB | 344/385 kB | 0.2/1.1 MBProgress (5): 0.8/1.9 MB | 344/854 kB | 0.3/18 MB | 344/385 kB | 0.2/1.1 MBProgress (5): 0.8/1.9 MB | 344/854 kB | 0.3/18 MB | 344/385 kB | 0.2/1.1 MBProgress (5): 0.9/1.9 MB | 344/854 kB | 0.3/18 MB | 344/385 kB | 0.2/1.1 MBProgress (5): 0.9/1.9 MB | 344/854 kB | 0.3/18 MB | 344/385 kB | 0.2/1.1 MBProgress (5): 0.9/1.9 MB | 344/854 kB | 0.3/18 MB | 344/385 kB | 0.2/1.1 MBProgress (5): 0.9/1.9 MB | 344/854 kB | 0.3/18 MB | 360/385 kB | 0.2/1.1 MBProgress (5): 0.9/1.9 MB | 344/854 kB | 0.3/18 MB | 360/385 kB | 0.2/1.1 MBProgress (5): 0.9/1.9 MB | 344/854 kB | 0.3/18 MB | 376/385 kB | 0.2/1.1 MBProgress (5): 0.9/1.9 MB | 360/854 kB | 0.3/18 MB | 376/385 kB | 0.2/1.1 MBProgress (5): 0.9/1.9 MB | 360/854 kB | 0.3/18 MB | 376/385 kB | 0.3/1.1 MBProgress (5): 0.9/1.9 MB | 360/854 kB | 0.3/18 MB | 376/385 kB | 0.3/1.1 MBProgress (5): 0.9/1.9 MB | 360/854 kB | 0.3/18 MB | 385 kB | 0.3/1.1 MB                                                                           Downloaded from central: https://repo.maven.apache.org/maven2/junit/junit/4.13.2/junit-4.13.2.jar (385 kB at 14 kB/s)
Downloading from central: https://repo.maven.apache.org/maven2/org/rnorth/duct-tape/duct-tape/1.0.8/duct-tape-1.0.8.jar
Progress (4): 0.9/1.9 MB | 360/854 kB | 0.4/18 MB | 0.3/1.1 MBProgress (4): 0.9/1.9 MB | 360/854 kB | 0.4/18 MB | 0.3/1.1 MBProgress (4): 0.9/1.9 MB | 360/854 kB | 0.4/18 MB | 0.3/1.1 MBProgress (4): 0.9/1.9 MB | 360/854 kB | 0.4/18 MB | 0.3/1.1 MBProgress (4): 0.9/1.9 MB | 360/854 kB | 0.4/18 MB | 0.3/1.1 MBProgress (4): 0.9/1.9 MB | 360/854 kB | 0.4/18 MB | 0.3/1.1 MBProgress (4): 0.9/1.9 MB | 376/854 kB | 0.4/18 MB | 0.3/1.1 MBProgress (4): 0.9/1.9 MB | 376/854 kB | 0.4/18 MB | 0.3/1.1 MBProgress (4): 0.9/1.9 MB | 376/854 kB | 0.4/18 MB | 0.3/1.1 MBProgress (4): 0.9/1.9 MB | 376/854 kB | 0.4/18 MB | 0.3/1.1 MBProgress (4): 0.9/1.9 MB | 393/854 kB | 0.4/18 MB | 0.3/1.1 MBProgress (4): 1.0/1.9 MB | 393/854 kB | 0.4/18 MB | 0.3/1.1 MBProgress (4): 1.0/1.9 MB | 393/854 kB | 0.4/18 MB | 0.3/1.1 MBProgress (4): 1.0/1.9 MB | 393/854 kB | 0.4/18 MB | 0.3/1.1 MBProgress (4): 1.0/1.9 MB | 409/854 kB | 0.4/18 MB | 0.3/1.1 MBProgress (4): 1.0/1.9 MB | 426/854 kB | 0.4/18 MB | 0.3/1.1 MBProgress (4): 1.0/1.9 MB | 426/854 kB | 0.4/18 MB | 0.3/1.1 MBProgress (4): 1.0/1.9 MB | 426/854 kB | 0.4/18 MB | 0.3/1.1 MBProgress (4): 1.0/1.9 MB | 426/854 kB | 0.4/18 MB | 0.3/1.1 MBProgress (4): 1.0/1.9 MB | 426/854 kB | 0.4/18 MB | 0.3/1.1 MBProgress (4): 1.0/1.9 MB | 426/854 kB | 0.4/18 MB | 0.3/1.1 MBProgress (4): 1.0/1.9 MB | 426/854 kB | 0.4/18 MB | 0.3/1.1 MBProgress (4): 1.0/1.9 MB | 442/854 kB | 0.4/18 MB | 0.3/1.1 MBProgress (4): 1.0/1.9 MB | 442/854 kB | 0.4/18 MB | 0.4/1.1 MBProgress (4): 1.0/1.9 MB | 442/854 kB | 0.4/18 MB | 0.4/1.1 MBProgress (4): 1.0/1.9 MB | 442/854 kB | 0.5/18 MB | 0.4/1.1 MBProgress (4): 1.0/1.9 MB | 442/854 kB | 0.5/18 MB | 0.4/1.1 MBProgress (4): 1.0/1.9 MB | 442/854 kB | 0.5/18 MB | 0.4/1.1 MBProgress (4): 1.1/1.9 MB | 442/854 kB | 0.5/18 MB | 0.4/1.1 MBProgress (4): 1.1/1.9 MB | 442/854 kB | 0.5/18 MB | 0.4/1.1 MBProgress (4): 1.1/1.9 MB | 442/854 kB | 0.5/18 MB | 0.4/1.1 MBProgress (5): 1.1/1.9 MB | 442/854 kB | 0.5/18 MB | 0.4/1.1 MB | 7.7/25 kBProgress (5): 1.1/1.9 MB | 442/854 kB | 0.5/18 MB | 0.4/1.1 MB | 16/25 kB Progress (5): 1.1/1.9 MB | 442/854 kB | 0.5/18 MB | 0.4/1.1 MB | 25 kB                                                                         Downloaded from central: https://repo.maven.apache.org/maven2/org/rnorth/duct-tape/duct-tape/1.0.8/duct-tape-1.0.8.jar (25 kB at 932 B/s)
Downloading from central: https://repo.maven.apache.org/maven2/org/jetbrains/annotations/17.0.0/annotations-17.0.0.jar
Progress (4): 1.1/1.9 MB | 442/854 kB | 0.5/18 MB | 0.4/1.1 MBProgress (4): 1.1/1.9 MB | 442/854 kB | 0.5/18 MB | 0.4/1.1 MBProgress (4): 1.1/1.9 MB | 442/854 kB | 0.5/18 MB | 0.4/1.1 MBProgress (4): 1.1/1.9 MB | 442/854 kB | 0.5/18 MB | 0.4/1.1 MBProgress (4): 1.1/1.9 MB | 458/854 kB | 0.5/18 MB | 0.4/1.1 MBProgress (4): 1.1/1.9 MB | 458/854 kB | 0.5/18 MB | 0.4/1.1 MBProgress (4): 1.1/1.9 MB | 458/854 kB | 0.5/18 MB | 0.4/1.1 MBProgress (4): 1.1/1.9 MB | 458/854 kB | 0.5/18 MB | 0.4/1.1 MBProgress (4): 1.1/1.9 MB | 458/854 kB | 0.5/18 MB | 0.4/1.1 MBProgress (4): 1.1/1.9 MB | 458/854 kB | 0.5/18 MB | 0.4/1.1 MBProgress (4): 1.1/1.9 MB | 475/854 kB | 0.5/18 MB | 0.4/1.1 MBProgress (4): 1.2/1.9 MB | 475/854 kB | 0.5/18 MB | 0.4/1.1 MBProgress (4): 1.2/1.9 MB | 475/854 kB | 0.5/18 MB | 0.4/1.1 MBProgress (4): 1.2/1.9 MB | 475/854 kB | 0.5/18 MB | 0.4/1.1 MBProgress (4): 1.2/1.9 MB | 475/854 kB | 0.5/18 MB | 0.4/1.1 MBProgress (4): 1.2/1.9 MB | 475/854 kB | 0.5/18 MB | 0.5/1.1 MBProgress (4): 1.2/1.9 MB | 491/854 kB | 0.5/18 MB | 0.5/1.1 MBProgress (4): 1.2/1.9 MB | 491/854 kB | 0.5/18 MB | 0.5/1.1 MBProgress (4): 1.2/1.9 MB | 491/854 kB | 0.5/18 MB | 0.5/1.1 MBProgress (4): 1.2/1.9 MB | 491/854 kB | 0.5/18 MB | 0.5/1.1 MBProgress (4): 1.2/1.9 MB | 491/854 kB | 0.5/18 MB | 0.5/1.1 MBProgress (4): 1.2/1.9 MB | 507/854 kB | 0.5/18 MB | 0.5/1.1 MBProgress (4): 1.2/1.9 MB | 507/854 kB | 0.5/18 MB | 0.5/1.1 MBProgress (4): 1.2/1.9 MB | 507/854 kB | 0.6/18 MB | 0.5/1.1 MBProgress (4): 1.2/1.9 MB | 507/854 kB | 0.6/18 MB | 0.5/1.1 MBProgress (4): 1.2/1.9 MB | 507/854 kB | 0.6/18 MB | 0.5/1.1 MBProgress (5): 1.2/1.9 MB | 507/854 kB | 0.6/18 MB | 0.5/1.1 MB | 3.4/19 kBProgress (5): 1.2/1.9 MB | 507/854 kB | 0.6/18 MB | 0.5/1.1 MB | 3.4/19 kBProgress (5): 1.3/1.9 MB | 507/854 kB | 0.6/18 MB | 0.5/1.1 MB | 3.4/19 kBProgress (5): 1.3/1.9 MB | 507/854 kB | 0.6/18 MB | 0.5/1.1 MB | 3.4/19 kBProgress (5): 1.3/1.9 MB | 507/854 kB | 0.6/18 MB | 0.5/1.1 MB | 19 kB    Progress (5): 1.3/1.9 MB | 524/854 kB | 0.6/18 MB | 0.5/1.1 MB | 19 kB                                                                      Downloaded from central: https://repo.maven.apache.org/maven2/org/jetbrains/annotations/17.0.0/annotations-17.0.0.jar (19 kB at 695 B/s)
Downloading from central: https://repo.maven.apache.org/maven2/com/github/docker-java/docker-java-api/3.3.4/docker-java-api-3.3.4.jar
Progress (4): 1.3/1.9 MB | 524/854 kB | 0.6/18 MB | 0.5/1.1 MBProgress (4): 1.3/1.9 MB | 524/854 kB | 0.6/18 MB | 0.5/1.1 MBProgress (4): 1.3/1.9 MB | 524/854 kB | 0.6/18 MB | 0.5/1.1 MBProgress (4): 1.3/1.9 MB | 524/854 kB | 0.6/18 MB | 0.5/1.1 MBProgress (4): 1.3/1.9 MB | 524/854 kB | 0.6/18 MB | 0.5/1.1 MBProgress (4): 1.3/1.9 MB | 524/854 kB | 0.6/18 MB | 0.5/1.1 MBProgress (4): 1.3/1.9 MB | 540/854 kB | 0.6/18 MB | 0.5/1.1 MBProgress (4): 1.3/1.9 MB | 540/854 kB | 0.6/18 MB | 0.5/1.1 MBProgress (4): 1.3/1.9 MB | 540/854 kB | 0.6/18 MB | 0.6/1.1 MBProgress (4): 1.3/1.9 MB | 540/854 kB | 0.6/18 MB | 0.6/1.1 MBProgress (4): 1.3/1.9 MB | 540/854 kB | 0.6/18 MB | 0.6/1.1 MBProgress (4): 1.3/1.9 MB | 557/854 kB | 0.6/18 MB | 0.6/1.1 MBProgress (4): 1.3/1.9 MB | 557/854 kB | 0.6/18 MB | 0.6/1.1 MBProgress (4): 1.3/1.9 MB | 557/854 kB | 0.6/18 MB | 0.6/1.1 MBProgress (4): 1.3/1.9 MB | 573/854 kB | 0.6/18 MB | 0.6/1.1 MBProgress (4): 1.4/1.9 MB | 573/854 kB | 0.6/18 MB | 0.6/1.1 MBProgress (4): 1.4/1.9 MB | 573/854 kB | 0.6/18 MB | 0.6/1.1 MBProgress (4): 1.4/1.9 MB | 573/854 kB | 0.6/18 MB | 0.6/1.1 MBProgress (4): 1.4/1.9 MB | 573/854 kB | 0.6/18 MB | 0.6/1.1 MBProgress (4): 1.4/1.9 MB | 573/854 kB | 0.6/18 MB | 0.6/1.1 MBProgress (5): 1.4/1.9 MB | 573/854 kB | 0.6/18 MB | 0.6/1.1 MB | 7.7/471 kBProgress (5): 1.4/1.9 MB | 573/854 kB | 0.6/18 MB | 0.6/1.1 MB | 16/471 kB Progress (5): 1.4/1.9 MB | 573/854 kB | 0.6/18 MB | 0.6/1.1 MB | 16/471 kBProgress (5): 1.4/1.9 MB | 573/854 kB | 0.6/18 MB | 0.6/1.1 MB | 16/471 kBProgress (5): 1.4/1.9 MB | 573/854 kB | 0.7/18 MB | 0.6/1.1 MB | 16/471 kBProgress (5): 1.4/1.9 MB | 573/854 kB | 0.7/18 MB | 0.6/1.1 MB | 16/471 kBProgress (5): 1.4/1.9 MB | 589/854 kB | 0.7/18 MB | 0.6/1.1 MB | 16/471 kBProgress (5): 1.4/1.9 MB | 589/854 kB | 0.7/18 MB | 0.6/1.1 MB | 32/471 kBProgress (5): 1.4/1.9 MB | 589/854 kB | 0.7/18 MB | 0.6/1.1 MB | 32/471 kBProgress (5): 1.4/1.9 MB | 589/854 kB | 0.7/18 MB | 0.6/1.1 MB | 32/471 kBProgress (5): 1.4/1.9 MB | 589/854 kB | 0.7/18 MB | 0.6/1.1 MB | 49/471 kBProgress (5): 1.4/1.9 MB | 606/854 kB | 0.7/18 MB | 0.6/1.1 MB | 49/471 kBProgress (5): 1.4/1.9 MB | 606/854 kB | 0.7/18 MB | 0.7/1.1 MB | 49/471 kBProgress (5): 1.4/1.9 MB | 606/854 kB | 0.7/18 MB | 0.7/1.1 MB | 49/471 kBProgress (5): 1.4/1.9 MB | 606/854 kB | 0.7/18 MB | 0.7/1.1 MB | 49/471 kBProgress (5): 1.4/1.9 MB | 606/854 kB | 0.7/18 MB | 0.7/1.1 MB | 65/471 kBProgress (5): 1.4/1.9 MB | 606/854 kB | 0.7/18 MB | 0.7/1.1 MB | 65/471 kBProgress (5): 1.4/1.9 MB | 622/854 kB | 0.7/18 MB | 0.7/1.1 MB | 65/471 kBProgress (5): 1.4/1.9 MB | 622/854 kB | 0.7/18 MB | 0.7/1.1 MB | 65/471 kBProgress (5): 1.4/1.9 MB | 622/854 kB | 0.7/18 MB | 0.7/1.1 MB | 65/471 kBProgress (5): 1.4/1.9 MB | 622/854 kB | 0.7/18 MB | 0.7/1.1 MB | 81/471 kBProgress (5): 1.4/1.9 MB | 622/854 kB | 0.7/18 MB | 0.7/1.1 MB | 81/471 kBProgress (5): 1.4/1.9 MB | 622/854 kB | 0.7/18 MB | 0.7/1.1 MB | 98/471 kBProgress (5): 1.4/1.9 MB | 622/854 kB | 0.7/18 MB | 0.7/1.1 MB | 98/471 kBProgress (5): 1.4/1.9 MB | 622/854 kB | 0.7/18 MB | 0.7/1.1 MB | 98/471 kBProgress (5): 1.4/1.9 MB | 622/854 kB | 0.7/18 MB | 0.7/1.1 MB | 114/471 kBProgress (5): 1.5/1.9 MB | 622/854 kB | 0.7/18 MB | 0.7/1.1 MB | 114/471 kBProgress (5): 1.5/1.9 MB | 639/854 kB | 0.7/18 MB | 0.7/1.1 MB | 114/471 kBProgress (5): 1.5/1.9 MB | 639/854 kB | 0.7/18 MB | 0.7/1.1 MB | 114/471 kBProgress (5): 1.5/1.9 MB | 639/854 kB | 0.7/18 MB | 0.7/1.1 MB | 114/471 kBProgress (5): 1.5/1.9 MB | 639/854 kB | 0.7/18 MB | 0.7/1.1 MB | 131/471 kBProgress (5): 1.5/1.9 MB | 639/854 kB | 0.7/18 MB | 0.7/1.1 MB | 131/471 kBProgress (5): 1.5/1.9 MB | 639/854 kB | 0.7/18 MB | 0.7/1.1 MB | 131/471 kBProgress (5): 1.5/1.9 MB | 639/854 kB | 0.7/18 MB | 0.7/1.1 MB | 147/471 kBProgress (5): 1.5/1.9 MB | 639/854 kB | 0.7/18 MB | 0.7/1.1 MB | 147/471 kBProgress (5): 1.5/1.9 MB | 639/854 kB | 0.7/18 MB | 0.7/1.1 MB | 147/471 kBProgress (5): 1.5/1.9 MB | 655/854 kB | 0.7/18 MB | 0.7/1.1 MB | 147/471 kBProgress (5): 1.5/1.9 MB | 655/854 kB | 0.7/18 MB | 0.7/1.1 MB | 147/471 kBProgress (5): 1.5/1.9 MB | 655/854 kB | 0.7/18 MB | 0.7/1.1 MB | 163/471 kBProgress (5): 1.5/1.9 MB | 655/854 kB | 0.7/18 MB | 0.7/1.1 MB | 163/471 kBProgress (5): 1.5/1.9 MB | 655/854 kB | 0.7/18 MB | 0.7/1.1 MB | 163/471 kBProgress (5): 1.5/1.9 MB | 655/854 kB | 0.7/18 MB | 0.7/1.1 MB | 180/471 kBProgress (5): 1.5/1.9 MB | 655/854 kB | 0.7/18 MB | 0.8/1.1 MB | 180/471 kBProgress (5): 1.6/1.9 MB | 655/854 kB | 0.7/18 MB | 0.8/1.1 MB | 180/471 kBProgress (5): 1.6/1.9 MB | 671/854 kB | 0.7/18 MB | 0.8/1.1 MB | 180/471 kBProgress (5): 1.6/1.9 MB | 671/854 kB | 0.7/18 MB | 0.8/1.1 MB | 196/471 kBProgress (5): 1.6/1.9 MB | 671/854 kB | 0.8/18 MB | 0.8/1.1 MB | 196/471 kBProgress (5): 1.6/1.9 MB | 671/854 kB | 0.8/18 MB | 0.8/1.1 MB | 196/471 kBProgress (5): 1.6/1.9 MB | 671/854 kB | 0.8/18 MB | 0.8/1.1 MB | 196/471 kBProgress (5): 1.6/1.9 MB | 671/854 kB | 0.8/18 MB | 0.8/1.1 MB | 213/471 kBProgress (5): 1.6/1.9 MB | 671/854 kB | 0.8/18 MB | 0.8/1.1 MB | 213/471 kBProgress (5): 1.6/1.9 MB | 688/854 kB | 0.8/18 MB | 0.8/1.1 MB | 213/471 kBProgress (5): 1.6/1.9 MB | 688/854 kB | 0.8/18 MB | 0.8/1.1 MB | 213/471 kBProgress (5): 1.6/1.9 MB | 688/854 kB | 0.8/18 MB | 0.8/1.1 MB | 213/471 kBProgress (5): 1.6/1.9 MB | 688/854 kB | 0.8/18 MB | 0.8/1.1 MB | 229/471 kBProgress (5): 1.6/1.9 MB | 688/854 kB | 0.8/18 MB | 0.8/1.1 MB | 229/471 kBProgress (5): 1.6/1.9 MB | 688/854 kB | 0.8/18 MB | 0.8/1.1 MB | 229/471 kBProgress (5): 1.6/1.9 MB | 704/854 kB | 0.8/18 MB | 0.8/1.1 MB | 229/471 kBProgress (5): 1.6/1.9 MB | 704/854 kB | 0.8/18 MB | 0.8/1.1 MB | 229/471 kBProgress (5): 1.6/1.9 MB | 704/854 kB | 0.8/18 MB | 0.8/1.1 MB | 229/471 kBProgress (5): 1.6/1.9 MB | 704/854 kB | 0.8/18 MB | 0.8/1.1 MB | 229/471 kBProgress (5): 1.6/1.9 MB | 720/854 kB | 0.8/18 MB | 0.8/1.1 MB | 229/471 kBProgress (5): 1.6/1.9 MB | 720/854 kB | 0.8/18 MB | 0.8/1.1 MB | 229/471 kBProgress (5): 1.6/1.9 MB | 737/854 kB | 0.8/18 MB | 0.8/1.1 MB | 229/471 kBProgress (5): 1.6/1.9 MB | 737/854 kB | 0.8/18 MB | 0.8/1.1 MB | 245/471 kBProgress (5): 1.6/1.9 MB | 737/854 kB | 0.8/18 MB | 0.8/1.1 MB | 245/471 kBProgress (5): 1.6/1.9 MB | 737/854 kB | 0.8/18 MB | 0.8/1.1 MB | 245/471 kBProgress (5): 1.6/1.9 MB | 737/854 kB | 0.8/18 MB | 0.8/1.1 MB | 245/471 kBProgress (5): 1.6/1.9 MB | 737/854 kB | 0.8/18 MB | 0.8/1.1 MB | 262/471 kBProgress (5): 1.7/1.9 MB | 737/854 kB | 0.8/18 MB | 0.8/1.1 MB | 262/471 kBProgress (5): 1.7/1.9 MB | 753/854 kB | 0.8/18 MB | 0.8/1.1 MB | 262/471 kBProgress (5): 1.7/1.9 MB | 753/854 kB | 0.8/18 MB | 0.8/1.1 MB | 262/471 kBProgress (5): 1.7/1.9 MB | 753/854 kB | 0.9/18 MB | 0.8/1.1 MB | 262/471 kBProgress (5): 1.7/1.9 MB | 753/854 kB | 0.9/18 MB | 0.8/1.1 MB | 278/471 kBProgress (5): 1.7/1.9 MB | 753/854 kB | 0.9/18 MB | 0.8/1.1 MB | 278/471 kBProgress (5): 1.7/1.9 MB | 753/854 kB | 0.9/18 MB | 0.9/1.1 MB | 278/471 kBProgress (5): 1.7/1.9 MB | 753/854 kB | 0.9/18 MB | 0.9/1.1 MB | 278/471 kBProgress (5): 1.7/1.9 MB | 753/854 kB | 0.9/18 MB | 0.9/1.1 MB | 294/471 kBProgress (5): 1.7/1.9 MB | 753/854 kB | 0.9/18 MB | 0.9/1.1 MB | 294/471 kBProgress (5): 1.7/1.9 MB | 753/854 kB | 0.9/18 MB | 0.9/1.1 MB | 294/471 kBProgress (5): 1.7/1.9 MB | 770/854 kB | 0.9/18 MB | 0.9/1.1 MB | 294/471 kBProgress (5): 1.7/1.9 MB | 770/854 kB | 0.9/18 MB | 0.9/1.1 MB | 294/471 kBProgress (5): 1.7/1.9 MB | 770/854 kB | 0.9/18 MB | 0.9/1.1 MB | 311/471 kBProgress (5): 1.7/1.9 MB | 770/854 kB | 0.9/18 MB | 0.9/1.1 MB | 311/471 kBProgress (5): 1.7/1.9 MB | 770/854 kB | 0.9/18 MB | 0.9/1.1 MB | 311/471 kBProgress (5): 1.7/1.9 MB | 770/854 kB | 0.9/18 MB | 0.9/1.1 MB | 311/471 kBProgress (5): 1.7/1.9 MB | 770/854 kB | 0.9/18 MB | 0.9/1.1 MB | 327/471 kBProgress (5): 1.7/1.9 MB | 786/854 kB | 0.9/18 MB | 0.9/1.1 MB | 327/471 kBProgress (5): 1.7/1.9 MB | 786/854 kB | 0.9/18 MB | 0.9/1.1 MB | 327/471 kBProgress (5): 1.7/1.9 MB | 786/854 kB | 0.9/18 MB | 0.9/1.1 MB | 327/471 kBProgress (5): 1.7/1.9 MB | 786/854 kB | 0.9/18 MB | 0.9/1.1 MB | 344/471 kBProgress (5): 1.8/1.9 MB | 786/854 kB | 0.9/18 MB | 0.9/1.1 MB | 344/471 kBProgress (5): 1.8/1.9 MB | 786/854 kB | 0.9/18 MB | 0.9/1.1 MB | 344/471 kBProgress (5): 1.8/1.9 MB | 802/854 kB | 0.9/18 MB | 0.9/1.1 MB | 344/471 kBProgress (5): 1.8/1.9 MB | 802/854 kB | 0.9/18 MB | 0.9/1.1 MB | 360/471 kBProgress (5): 1.8/1.9 MB | 802/854 kB | 0.9/18 MB | 0.9/1.1 MB | 360/471 kBProgress (5): 1.8/1.9 MB | 802/854 kB | 0.9/18 MB | 0.9/1.1 MB | 360/471 kBProgress (5): 1.8/1.9 MB | 819/854 kB | 0.9/18 MB | 0.9/1.1 MB | 360/471 kBProgress (5): 1.8/1.9 MB | 819/854 kB | 0.9/18 MB | 0.9/1.1 MB | 360/471 kBProgress (5): 1.8/1.9 MB | 819/854 kB | 0.9/18 MB | 0.9/1.1 MB | 360/471 kBProgress (5): 1.8/1.9 MB | 819/854 kB | 0.9/18 MB | 0.9/1.1 MB | 376/471 kBProgress (5): 1.8/1.9 MB | 819/854 kB | 0.9/18 MB | 0.9/1.1 MB | 376/471 kBProgress (5): 1.8/1.9 MB | 819/854 kB | 0.9/18 MB | 0.9/1.1 MB | 376/471 kBProgress (5): 1.8/1.9 MB | 819/854 kB | 0.9/18 MB | 0.9/1.1 MB | 393/471 kBProgress (5): 1.8/1.9 MB | 819/854 kB | 0.9/18 MB | 0.9/1.1 MB | 393/471 kBProgress (5): 1.8/1.9 MB | 819/854 kB | 0.9/18 MB | 0.9/1.1 MB | 393/471 kBProgress (5): 1.8/1.9 MB | 819/854 kB | 0.9/18 MB | 0.9/1.1 MB | 393/471 kBProgress (5): 1.8/1.9 MB | 835/854 kB | 0.9/18 MB | 0.9/1.1 MB | 393/471 kBProgress (5): 1.8/1.9 MB | 835/854 kB | 0.9/18 MB | 0.9/1.1 MB | 409/471 kBProgress (5): 1.8/1.9 MB | 835/854 kB | 0.9/18 MB | 0.9/1.1 MB | 409/471 kBProgress (5): 1.8/1.9 MB | 835/854 kB | 0.9/18 MB | 1.0/1.1 MB | 409/471 kBProgress (5): 1.8/1.9 MB | 835/854 kB | 1.0/18 MB | 1.0/1.1 MB | 409/471 kBProgress (5): 1.8/1.9 MB | 835/854 kB | 1.0/18 MB | 1.0/1.1 MB | 426/471 kBProgress (5): 1.9/1.9 MB | 835/854 kB | 1.0/18 MB | 1.0/1.1 MB | 426/471 kBProgress (5): 1.9/1.9 MB | 835/854 kB | 1.0/18 MB | 1.0/1.1 MB | 426/471 kBProgress (5): 1.9/1.9 MB | 851/854 kB | 1.0/18 MB | 1.0/1.1 MB | 426/471 kBProgress (5): 1.9/1.9 MB | 854 kB | 1.0/18 MB | 1.0/1.1 MB | 426/471 kB    Progress (5): 1.9 MB | 854 kB | 1.0/18 MB | 1.0/1.1 MB | 426/471 kB    Progress (5): 1.9 MB | 854 kB | 1.0/18 MB | 1.0/1.1 MB | 442/471 kBProgress (5): 1.9 MB | 854 kB | 1.0/18 MB | 1.0/1.1 MB | 442/471 kB                                                                   Downloaded from central: https://repo.maven.apache.org/maven2/org/springframework/spring-core/6.1.2/spring-core-6.1.2.jar (1.9 MB at 68 kB/s)
Downloaded from central: https://repo.maven.apache.org/maven2/org/springframework/spring-test/6.1.2/spring-test-6.1.2.jar (854 kB at 31 kB/s)
Downloading from central: https://repo.maven.apache.org/maven2/com/github/docker-java/docker-java-transport-zerodep/3.3.4/docker-java-transport-zerodep-3.3.4.jar
Downloading from central: https://repo.maven.apache.org/maven2/com/github/docker-java/docker-java-transport/3.3.4/docker-java-transport-3.3.4.jar
Progress (3): 1.0/18 MB | 1.0/1.1 MB | 442/471 kBProgress (3): 1.0/18 MB | 1.0/1.1 MB | 458/471 kBProgress (3): 1.0/18 MB | 1.0/1.1 MB | 458/471 kBProgress (3): 1.0/18 MB | 1.0/1.1 MB | 458/471 kBProgress (3): 1.0/18 MB | 1.0/1.1 MB | 471 kB                                                 Downloaded from central: https://repo.maven.apache.org/maven2/com/github/docker-java/docker-java-api/3.3.4/docker-java-api-3.3.4.jar (471 kB at 17 kB/s)
Downloading from central: https://repo.maven.apache.org/maven2/org/testcontainers/postgresql/1.19.3/postgresql-1.19.3.jar
Progress (2): 1.0/18 MB | 1.0/1.1 MBProgress (2): 1.0/18 MB | 1.0/1.1 MBProgress (2): 1.0/18 MB | 1.0/1.1 MBProgress (2): 1.0/18 MB | 1.1/1.1 MBProgress (2): 1.0/18 MB | 1.1/1.1 MBProgress (2): 1.0/18 MB | 1.1 MB                                    Downloaded from central: https://repo.maven.apache.org/maven2/org/apache/commons/commons-compress/1.24.0/commons-compress-1.24.0.jar (1.1 MB at 39 kB/s)
Downloading from central: https://repo.maven.apache.org/maven2/org/testcontainers/jdbc/1.19.3/jdbc-1.19.3.jar
Progress (1): 1.0/18 MBProgress (1): 1.0/18 MBProgress (1): 1.1/18 MBProgress (2): 1.1/18 MB | 3.4/9.7 kBProgress (2): 1.1/18 MB | 9.7 kB                                    Downloaded from central: https://repo.maven.apache.org/maven2/org/testcontainers/postgresql/1.19.3/postgresql-1.19.3.jar (9.7 kB at 350 B/s)
Downloading from central: https://repo.maven.apache.org/maven2/org/testcontainers/database-commons/1.19.3/database-commons-1.19.3.jar
Progress (2): 1.1/18 MB | 0/2.0 MBProgress (2): 1.1/18 MB | 0/2.0 MBProgress (3): 1.1/18 MB | 0/2.0 MB | 7.7/29 kBProgress (3): 1.1/18 MB | 0/2.0 MB | 8.2/29 kBProgress (3): 1.1/18 MB | 0/2.0 MB | 8.2/29 kBProgress (3): 1.1/18 MB | 0/2.0 MB | 25/29 kB Progress (3): 1.1/18 MB | 0/2.0 MB | 25/29 kBProgress (3): 1.1/18 MB | 0/2.0 MB | 29 kB                                             Downloaded from central: https://repo.maven.apache.org/maven2/org/testcontainers/jdbc/1.19.3/jdbc-1.19.3.jar (29 kB at 1.1 kB/s)
Downloading from central: https://repo.maven.apache.org/maven2/com/h2database/h2/2.2.224/h2-2.2.224.jar
Progress (2): 1.1/18 MB | 0/2.0 MBProgress (2): 1.1/18 MB | 0/2.0 MBProgress (2): 1.1/18 MB | 0/2.0 MBProgress (3): 1.1/18 MB | 0/2.0 MB | 7.7/15 kBProgress (3): 1.1/18 MB | 0/2.0 MB | 12/15 kB Progress (3): 1.1/18 MB | 0/2.0 MB | 15 kB                                             Downloaded from central: https://repo.maven.apache.org/maven2/org/testcontainers/database-commons/1.19.3/database-commons-1.19.3.jar (15 kB at 528 B/s)
Progress (2): 1.1/18 MB | 0/2.0 MBProgress (3): 1.1/18 MB | 0/2.0 MB | 16/38 kBProgress (3): 1.1/18 MB | 0.1/2.0 MB | 16/38 kBProgress (3): 1.1/18 MB | 0.1/2.0 MB | 33/38 kBProgress (3): 1.1/18 MB | 0.1/2.0 MB | 33/38 kBProgress (3): 1.1/18 MB | 0.1/2.0 MB | 38 kB                                               Downloaded from central: https://repo.maven.apache.org/maven2/com/github/docker-java/docker-java-transport/3.3.4/docker-java-transport-3.3.4.jar (38 kB at 1.4 kB/s)
Progress (2): 1.1/18 MB | 0.1/2.0 MBProgress (2): 1.2/18 MB | 0.1/2.0 MBProgress (3): 1.2/18 MB | 0.1/2.0 MB | 0/2.6 MBProgress (3): 1.2/18 MB | 0.1/2.0 MB | 0/2.6 MBProgress (3): 1.2/18 MB | 0.1/2.0 MB | 0/2.6 MBProgress (3): 1.2/18 MB | 0.1/2.0 MB | 0/2.6 MBProgress (3): 1.2/18 MB | 0.1/2.0 MB | 0/2.6 MBProgress (3): 1.2/18 MB | 0.1/2.0 MB | 0/2.6 MBProgress (3): 1.2/18 MB | 0.1/2.0 MB | 0/2.6 MBProgress (3): 1.2/18 MB | 0.1/2.0 MB | 0/2.6 MBProgress (3): 1.2/18 MB | 0.1/2.0 MB | 0/2.6 MBProgress (3): 1.2/18 MB | 0.1/2.0 MB | 0/2.6 MBProgress (3): 1.2/18 MB | 0.1/2.0 MB | 0.1/2.6 MBProgress (3): 1.2/18 MB | 0.1/2.0 MB | 0.1/2.6 MBProgress (3): 1.2/18 MB | 0.1/2.0 MB | 0.1/2.6 MBProgress (3): 1.2/18 MB | 0.1/2.0 MB | 0.1/2.6 MBProgress (3): 1.2/18 MB | 0.1/2.0 MB | 0.1/2.6 MBProgress (3): 1.2/18 MB | 0.2/2.0 MB | 0.1/2.6 MBProgress (3): 1.2/18 MB | 0.2/2.0 MB | 0.1/2.6 MBProgress (3): 1.3/18 MB | 0.2/2.0 MB | 0.1/2.6 MBProgress (3): 1.3/18 MB | 0.2/2.0 MB | 0.1/2.6 MBProgress (3): 1.3/18 MB | 0.2/2.0 MB | 0.1/2.6 MBProgress (3): 1.3/18 MB | 0.2/2.0 MB | 0.1/2.6 MBProgress (3): 1.3/18 MB | 0.2/2.0 MB | 0.1/2.6 MBProgress (3): 1.3/18 MB | 0.2/2.0 MB | 0.1/2.6 MBProgress (3): 1.3/18 MB | 0.2/2.0 MB | 0.1/2.6 MBProgress (3): 1.3/18 MB | 0.2/2.0 MB | 0.1/2.6 MBProgress (3): 1.3/18 MB | 0.2/2.0 MB | 0.1/2.6 MBProgress (3): 1.3/18 MB | 0.2/2.0 MB | 0.2/2.6 MBProgress (3): 1.3/18 MB | 0.2/2.0 MB | 0.2/2.6 MBProgress (3): 1.3/18 MB | 0.2/2.0 MB | 0.2/2.6 MBProgress (3): 1.3/18 MB | 0.2/2.0 MB | 0.2/2.6 MBProgress (3): 1.3/18 MB | 0.2/2.0 MB | 0.2/2.6 MBProgress (3): 1.3/18 MB | 0.2/2.0 MB | 0.2/2.6 MBProgress (3): 1.3/18 MB | 0.2/2.0 MB | 0.2/2.6 MBProgress (3): 1.3/18 MB | 0.2/2.0 MB | 0.2/2.6 MBProgress (3): 1.3/18 MB | 0.2/2.0 MB | 0.2/2.6 MBProgress (3): 1.4/18 MB | 0.2/2.0 MB | 0.2/2.6 MBProgress (3): 1.4/18 MB | 0.2/2.0 MB | 0.2/2.6 MBProgress (3): 1.4/18 MB | 0.3/2.0 MB | 0.2/2.6 MBProgress (3): 1.4/18 MB | 0.3/2.0 MB | 0.2/2.6 MBProgress (3): 1.4/18 MB | 0.3/2.0 MB | 0.2/2.6 MBProgress (3): 1.4/18 MB | 0.3/2.0 MB | 0.2/2.6 MBProgress (3): 1.4/18 MB | 0.3/2.0 MB | 0.2/2.6 MBProgress (3): 1.4/18 MB | 0.3/2.0 MB | 0.2/2.6 MBProgress (3): 1.4/18 MB | 0.3/2.0 MB | 0.2/2.6 MBProgress (3): 1.4/18 MB | 0.3/2.0 MB | 0.2/2.6 MBProgress (3): 1.4/18 MB | 0.3/2.0 MB | 0.3/2.6 MBProgress (3): 1.4/18 MB | 0.3/2.0 MB | 0.3/2.6 MBProgress (3): 1.4/18 MB | 0.3/2.0 MB | 0.3/2.6 MBProgress (3): 1.4/18 MB | 0.3/2.0 MB | 0.3/2.6 MBProgress (3): 1.4/18 MB | 0.3/2.0 MB | 0.3/2.6 MBProgress (3): 1.4/18 MB | 0.3/2.0 MB | 0.3/2.6 MBProgress (3): 1.4/18 MB | 0.3/2.0 MB | 0.3/2.6 MBProgress (3): 1.4/18 MB | 0.3/2.0 MB | 0.3/2.6 MBProgress (3): 1.5/18 MB | 0.3/2.0 MB | 0.3/2.6 MBProgress (3): 1.5/18 MB | 0.3/2.0 MB | 0.3/2.6 MBProgress (3): 1.5/18 MB | 0.4/2.0 MB | 0.3/2.6 MBProgress (3): 1.5/18 MB | 0.4/2.0 MB | 0.3/2.6 MBProgress (3): 1.5/18 MB | 0.4/2.0 MB | 0.3/2.6 MBProgress (3): 1.5/18 MB | 0.4/2.0 MB | 0.3/2.6 MBProgress (3): 1.5/18 MB | 0.4/2.0 MB | 0.3/2.6 MBProgress (3): 1.5/18 MB | 0.4/2.0 MB | 0.3/2.6 MBProgress (3): 1.5/18 MB | 0.4/2.0 MB | 0.3/2.6 MBProgress (3): 1.5/18 MB | 0.4/2.0 MB | 0.3/2.6 MBProgress (3): 1.5/18 MB | 0.4/2.0 MB | 0.4/2.6 MBProgress (3): 1.5/18 MB | 0.4/2.0 MB | 0.4/2.6 MBProgress (3): 1.5/18 MB | 0.4/2.0 MB | 0.4/2.6 MBProgress (3): 1.5/18 MB | 0.4/2.0 MB | 0.4/2.6 MBProgress (3): 1.5/18 MB | 0.4/2.0 MB | 0.4/2.6 MBProgress (3): 1.5/18 MB | 0.4/2.0 MB | 0.4/2.6 MBProgress (3): 1.5/18 MB | 0.4/2.0 MB | 0.4/2.6 MBProgress (3): 1.6/18 MB | 0.4/2.0 MB | 0.4/2.6 MBProgress (3): 1.6/18 MB | 0.4/2.0 MB | 0.4/2.6 MBProgress (3): 1.6/18 MB | 0.4/2.0 MB | 0.4/2.6 MBProgress (3): 1.6/18 MB | 0.4/2.0 MB | 0.4/2.6 MBProgress (3): 1.6/18 MB | 0.4/2.0 MB | 0.4/2.6 MBProgress (3): 1.6/18 MB | 0.5/2.0 MB | 0.4/2.6 MBProgress (3): 1.6/18 MB | 0.5/2.0 MB | 0.4/2.6 MBProgress (3): 1.6/18 MB | 0.5/2.0 MB | 0.4/2.6 MBProgress (3): 1.6/18 MB | 0.5/2.0 MB | 0.4/2.6 MBProgress (3): 1.6/18 MB | 0.5/2.0 MB | 0.5/2.6 MBProgress (3): 1.6/18 MB | 0.5/2.0 MB | 0.5/2.6 MBProgress (3): 1.6/18 MB | 0.5/2.0 MB | 0.5/2.6 MBProgress (3): 1.6/18 MB | 0.5/2.0 MB | 0.5/2.6 MBProgress (3): 1.6/18 MB | 0.5/2.0 MB | 0.5/2.6 MBProgress (3): 1.6/18 MB | 0.5/2.0 MB | 0.5/2.6 MBProgress (3): 1.6/18 MB | 0.5/2.0 MB | 0.5/2.6 MBProgress (3): 1.6/18 MB | 0.5/2.0 MB | 0.5/2.6 MBProgress (3): 1.6/18 MB | 0.5/2.0 MB | 0.5/2.6 MBProgress (3): 1.6/18 MB | 0.5/2.0 MB | 0.5/2.6 MBProgress (3): 1.7/18 MB | 0.5/2.0 MB | 0.5/2.6 MBProgress (3): 1.7/18 MB | 0.5/2.0 MB | 0.5/2.6 MBProgress (3): 1.7/18 MB | 0.5/2.0 MB | 0.5/2.6 MBProgress (3): 1.7/18 MB | 0.5/2.0 MB | 0.5/2.6 MBProgress (3): 1.7/18 MB | 0.5/2.0 MB | 0.5/2.6 MBProgress (3): 1.7/18 MB | 0.5/2.0 MB | 0.5/2.6 MBProgress (3): 1.7/18 MB | 0.5/2.0 MB | 0.5/2.6 MBProgress (3): 1.7/18 MB | 0.5/2.0 MB | 0.5/2.6 MBProgress (3): 1.7/18 MB | 0.6/2.0 MB | 0.5/2.6 MBProgress (3): 1.7/18 MB | 0.6/2.0 MB | 0.5/2.6 MBProgress (3): 1.7/18 MB | 0.6/2.0 MB | 0.5/2.6 MBProgress (3): 1.7/18 MB | 0.6/2.0 MB | 0.6/2.6 MBProgress (3): 1.7/18 MB | 0.6/2.0 MB | 0.6/2.6 MBProgress (3): 1.7/18 MB | 0.6/2.0 MB | 0.6/2.6 MBProgress (3): 1.7/18 MB | 0.6/2.0 MB | 0.6/2.6 MBProgress (3): 1.7/18 MB | 0.6/2.0 MB | 0.6/2.6 MBProgress (3): 1.7/18 MB | 0.6/2.0 MB | 0.6/2.6 MBProgress (3): 1.7/18 MB | 0.6/2.0 MB | 0.6/2.6 MBProgress (3): 1.8/18 MB | 0.6/2.0 MB | 0.6/2.6 MBProgress (3): 1.8/18 MB | 0.6/2.0 MB | 0.6/2.6 MBProgress (3): 1.8/18 MB | 0.6/2.0 MB | 0.6/2.6 MBProgress (3): 1.8/18 MB | 0.6/2.0 MB | 0.6/2.6 MBProgress (3): 1.8/18 MB | 0.6/2.0 MB | 0.6/2.6 MBProgress (3): 1.8/18 MB | 0.6/2.0 MB | 0.6/2.6 MBProgress (3): 1.8/18 MB | 0.6/2.0 MB | 0.6/2.6 MBProgress (3): 1.8/18 MB | 0.6/2.0 MB | 0.6/2.6 MBProgress (3): 1.8/18 MB | 0.7/2.0 MB | 0.6/2.6 MBProgress (3): 1.8/18 MB | 0.7/2.0 MB | 0.7/2.6 MBProgress (3): 1.8/18 MB | 0.7/2.0 MB | 0.7/2.6 MBProgress (3): 1.8/18 MB | 0.7/2.0 MB | 0.7/2.6 MBProgress (3): 1.8/18 MB | 0.7/2.0 MB | 0.7/2.6 MBProgress (3): 1.8/18 MB | 0.7/2.0 MB | 0.7/2.6 MBProgress (3): 1.8/18 MB | 0.7/2.0 MB | 0.7/2.6 MBProgress (3): 1.8/18 MB | 0.7/2.0 MB | 0.7/2.6 MBProgress (3): 1.8/18 MB | 0.7/2.0 MB | 0.7/2.6 MBProgress (3): 1.8/18 MB | 0.7/2.0 MB | 0.7/2.6 MBProgress (3): 1.9/18 MB | 0.7/2.0 MB | 0.7/2.6 MBProgress (3): 1.9/18 MB | 0.7/2.0 MB | 0.7/2.6 MBProgress (3): 1.9/18 MB | 0.7/2.0 MB | 0.7/2.6 MBProgress (3): 1.9/18 MB | 0.7/2.0 MB | 0.7/2.6 MBProgress (3): 1.9/18 MB | 0.7/2.0 MB | 0.7/2.6 MBProgress (3): 1.9/18 MB | 0.7/2.0 MB | 0.7/2.6 MBProgress (3): 1.9/18 MB | 0.7/2.0 MB | 0.7/2.6 MBProgress (3): 1.9/18 MB | 0.7/2.0 MB | 0.7/2.6 MBProgress (3): 1.9/18 MB | 0.7/2.0 MB | 0.7/2.6 MBProgress (3): 1.9/18 MB | 0.7/2.0 MB | 0.7/2.6 MBProgress (3): 1.9/18 MB | 0.8/2.0 MB | 0.7/2.6 MBProgress (3): 1.9/18 MB | 0.8/2.0 MB | 0.8/2.6 MBProgress (3): 1.9/18 MB | 0.8/2.0 MB | 0.8/2.6 MBProgress (3): 1.9/18 MB | 0.8/2.0 MB | 0.8/2.6 MBProgress (3): 1.9/18 MB | 0.8/2.0 MB | 0.8/2.6 MBProgress (3): 1.9/18 MB | 0.8/2.0 MB | 0.8/2.6 MBProgress (3): 1.9/18 MB | 0.8/2.0 MB | 0.8/2.6 MBProgress (3): 1.9/18 MB | 0.8/2.0 MB | 0.8/2.6 MBProgress (3): 2.0/18 MB | 0.8/2.0 MB | 0.8/2.6 MBProgress (3): 2.0/18 MB | 0.8/2.0 MB | 0.8/2.6 MBProgress (3): 2.0/18 MB | 0.8/2.0 MB | 0.8/2.6 MBProgress (3): 2.0/18 MB | 0.8/2.0 MB | 0.8/2.6 MBProgress (3): 2.0/18 MB | 0.8/2.0 MB | 0.8/2.6 MBProgress (3): 2.0/18 MB | 0.8/2.0 MB | 0.8/2.6 MBProgress (3): 2.0/18 MB | 0.8/2.0 MB | 0.8/2.6 MBProgress (3): 2.0/18 MB | 0.8/2.0 MB | 0.8/2.6 MBProgress (3): 2.0/18 MB | 0.8/2.0 MB | 0.8/2.6 MBProgress (3): 2.0/18 MB | 0.9/2.0 MB | 0.8/2.6 MBProgress (3): 2.0/18 MB | 0.9/2.0 MB | 0.8/2.6 MBProgress (3): 2.0/18 MB | 0.9/2.0 MB | 0.9/2.6 MBProgress (3): 2.0/18 MB | 0.9/2.0 MB | 0.9/2.6 MBProgress (3): 2.0/18 MB | 0.9/2.0 MB | 0.9/2.6 MBProgress (3): 2.0/18 MB | 0.9/2.0 MB | 0.9/2.6 MBProgress (3): 2.0/18 MB | 0.9/2.0 MB | 0.9/2.6 MBProgress (3): 2.0/18 MB | 0.9/2.0 MB | 0.9/2.6 MBProgress (3): 2.0/18 MB | 0.9/2.0 MB | 0.9/2.6 MBProgress (3): 2.0/18 MB | 0.9/2.0 MB | 0.9/2.6 MBProgress (3): 2.0/18 MB | 0.9/2.0 MB | 0.9/2.6 MBProgress (3): 2.0/18 MB | 0.9/2.0 MB | 0.9/2.6 MBProgress (3): 2.0/18 MB | 0.9/2.0 MB | 0.9/2.6 MBProgress (3): 2.1/18 MB | 0.9/2.0 MB | 0.9/2.6 MBProgress (3): 2.1/18 MB | 0.9/2.0 MB | 0.9/2.6 MBProgress (3): 2.1/18 MB | 0.9/2.0 MB | 0.9/2.6 MBProgress (3): 2.1/18 MB | 0.9/2.0 MB | 0.9/2.6 MBProgress (3): 2.1/18 MB | 0.9/2.0 MB | 1.0/2.6 MBProgress (3): 2.1/18 MB | 0.9/2.0 MB | 1.0/2.6 MBProgress (3): 2.1/18 MB | 0.9/2.0 MB | 1.0/2.6 MBProgress (3): 2.1/18 MB | 1.0/2.0 MB | 1.0/2.6 MBProgress (3): 2.1/18 MB | 1.0/2.0 MB | 1.0/2.6 MBProgress (3): 2.1/18 MB | 1.0/2.0 MB | 1.0/2.6 MBProgress (3): 2.1/18 MB | 1.0/2.0 MB | 1.0/2.6 MBProgress (3): 2.1/18 MB | 1.0/2.0 MB | 1.0/2.6 MBProgress (3): 2.1/18 MB | 1.0/2.0 MB | 1.0/2.6 MBProgress (3): 2.1/18 MB | 1.0/2.0 MB | 1.0/2.6 MBProgress (3): 2.1/18 MB | 1.0/2.0 MB | 1.0/2.6 MBProgress (3): 2.1/18 MB | 1.0/2.0 MB | 1.0/2.6 MBProgress (3): 2.1/18 MB | 1.0/2.0 MB | 1.0/2.6 MBProgress (3): 2.1/18 MB | 1.0/2.0 MB | 1.0/2.6 MBProgress (3): 2.2/18 MB | 1.0/2.0 MB | 1.0/2.6 MBProgress (3): 2.2/18 MB | 1.0/2.0 MB | 1.0/2.6 MBProgress (3): 2.2/18 MB | 1.0/2.0 MB | 1.0/2.6 MBProgress (3): 2.2/18 MB | 1.0/2.0 MB | 1.0/2.6 MBProgress (3): 2.2/18 MB | 1.0/2.0 MB | 1.1/2.6 MBProgress (3): 2.2/18 MB | 1.1/2.0 MB | 1.1/2.6 MBProgress (3): 2.2/18 MB | 1.1/2.0 MB | 1.1/2.6 MBProgress (3): 2.2/18 MB | 1.1/2.0 MB | 1.1/2.6 MBProgress (3): 2.2/18 MB | 1.1/2.0 MB | 1.1/2.6 MBProgress (3): 2.2/18 MB | 1.1/2.0 MB | 1.1/2.6 MBProgress (3): 2.2/18 MB | 1.1/2.0 MB | 1.1/2.6 MBProgress (3): 2.2/18 MB | 1.1/2.0 MB | 1.1/2.6 MBProgress (3): 2.2/18 MB | 1.1/2.0 MB | 1.1/2.6 MBProgress (3): 2.2/18 MB | 1.1/2.0 MB | 1.1/2.6 MBProgress (3): 2.2/18 MB | 1.1/2.0 MB | 1.1/2.6 MBProgress (3): 2.2/18 MB | 1.1/2.0 MB | 1.1/2.6 MBProgress (3): 2.2/18 MB | 1.1/2.0 MB | 1.1/2.6 MBProgress (3): 2.2/18 MB | 1.1/2.0 MB | 1.1/2.6 MBProgress (3): 2.2/18 MB | 1.1/2.0 MB | 1.1/2.6 MBProgress (3): 2.2/18 MB | 1.1/2.0 MB | 1.1/2.6 MBProgress (3): 2.2/18 MB | 1.1/2.0 MB | 1.2/2.6 MBProgress (3): 2.3/18 MB | 1.1/2.0 MB | 1.2/2.6 MBProgress (3): 2.3/18 MB | 1.1/2.0 MB | 1.2/2.6 MBProgress (3): 2.3/18 MB | 1.2/2.0 MB | 1.2/2.6 MBProgress (3): 2.3/18 MB | 1.2/2.0 MB | 1.2/2.6 MBProgress (3): 2.3/18 MB | 1.2/2.0 MB | 1.2/2.6 MBProgress (3): 2.3/18 MB | 1.2/2.0 MB | 1.2/2.6 MBProgress (3): 2.3/18 MB | 1.2/2.0 MB | 1.2/2.6 MBProgress (3): 2.3/18 MB | 1.2/2.0 MB | 1.2/2.6 MBProgress (3): 2.3/18 MB | 1.2/2.0 MB | 1.2/2.6 MBProgress (3): 2.3/18 MB | 1.2/2.0 MB | 1.2/2.6 MBProgress (3): 2.3/18 MB | 1.2/2.0 MB | 1.2/2.6 MBProgress (3): 2.3/18 MB | 1.2/2.0 MB | 1.2/2.6 MBProgress (3): 2.3/18 MB | 1.2/2.0 MB | 1.2/2.6 MBProgress (3): 2.3/18 MB | 1.2/2.0 MB | 1.2/2.6 MBProgress (3): 2.3/18 MB | 1.2/2.0 MB | 1.2/2.6 MBProgress (3): 2.3/18 MB | 1.2/2.0 MB | 1.3/2.6 MBProgress (3): 2.3/18 MB | 1.2/2.0 MB | 1.3/2.6 MBProgress (3): 2.3/18 MB | 1.2/2.0 MB | 1.3/2.6 MBProgress (3): 2.3/18 MB | 1.2/2.0 MB | 1.3/2.6 MBProgress (3): 2.3/18 MB | 1.3/2.0 MB | 1.3/2.6 MBProgress (3): 2.4/18 MB | 1.3/2.0 MB | 1.3/2.6 MBProgress (3): 2.4/18 MB | 1.3/2.0 MB | 1.3/2.6 MBProgress (3): 2.4/18 MB | 1.3/2.0 MB | 1.3/2.6 MBProgress (3): 2.4/18 MB | 1.3/2.0 MB | 1.3/2.6 MBProgress (3): 2.4/18 MB | 1.3/2.0 MB | 1.3/2.6 MBProgress (3): 2.4/18 MB | 1.3/2.0 MB | 1.3/2.6 MBProgress (3): 2.4/18 MB | 1.3/2.0 MB | 1.3/2.6 MBProgress (3): 2.4/18 MB | 1.3/2.0 MB | 1.3/2.6 MBProgress (3): 2.4/18 MB | 1.3/2.0 MB | 1.3/2.6 MBProgress (3): 2.4/18 MB | 1.3/2.0 MB | 1.3/2.6 MBProgress (3): 2.4/18 MB | 1.3/2.0 MB | 1.3/2.6 MBProgress (3): 2.4/18 MB | 1.3/2.0 MB | 1.3/2.6 MBProgress (3): 2.4/18 MB | 1.3/2.0 MB | 1.3/2.6 MBProgress (3): 2.4/18 MB | 1.3/2.0 MB | 1.3/2.6 MBProgress (3): 2.5/18 MB | 1.3/2.0 MB | 1.3/2.6 MBProgress (3): 2.5/18 MB | 1.3/2.0 MB | 1.4/2.6 MBProgress (3): 2.5/18 MB | 1.3/2.0 MB | 1.4/2.6 MBProgress (3): 2.5/18 MB | 1.3/2.0 MB | 1.4/2.6 MBProgress (3): 2.5/18 MB | 1.3/2.0 MB | 1.4/2.6 MBProgress (3): 2.5/18 MB | 1.4/2.0 MB | 1.4/2.6 MBProgress (3): 2.5/18 MB | 1.4/2.0 MB | 1.4/2.6 MBProgress (3): 2.5/18 MB | 1.4/2.0 MB | 1.4/2.6 MBProgress (3): 2.5/18 MB | 1.4/2.0 MB | 1.4/2.6 MBProgress (3): 2.5/18 MB | 1.4/2.0 MB | 1.4/2.6 MBProgress (3): 2.5/18 MB | 1.4/2.0 MB | 1.4/2.6 MBProgress (3): 2.5/18 MB | 1.4/2.0 MB | 1.4/2.6 MBProgress (3): 2.5/18 MB | 1.4/2.0 MB | 1.4/2.6 MBProgress (3): 2.5/18 MB | 1.4/2.0 MB | 1.4/2.6 MBProgress (3): 2.5/18 MB | 1.4/2.0 MB | 1.4/2.6 MBProgress (3): 2.5/18 MB | 1.4/2.0 MB | 1.4/2.6 MBProgress (3): 2.5/18 MB | 1.4/2.0 MB | 1.4/2.6 MBProgress (3): 2.5/18 MB | 1.4/2.0 MB | 1.4/2.6 MBProgress (3): 2.5/18 MB | 1.4/2.0 MB | 1.4/2.6 MBProgress (3): 2.6/18 MB | 1.4/2.0 MB | 1.4/2.6 MBProgress (3): 2.6/18 MB | 1.4/2.0 MB | 1.4/2.6 MBProgress (3): 2.6/18 MB | 1.4/2.0 MB | 1.5/2.6 MBProgress (3): 2.6/18 MB | 1.4/2.0 MB | 1.5/2.6 MBProgress (3): 2.6/18 MB | 1.4/2.0 MB | 1.5/2.6 MBProgress (3): 2.6/18 MB | 1.4/2.0 MB | 1.5/2.6 MBProgress (3): 2.6/18 MB | 1.4/2.0 MB | 1.5/2.6 MBProgress (3): 2.6/18 MB | 1.4/2.0 MB | 1.5/2.6 MBProgress (3): 2.6/18 MB | 1.5/2.0 MB | 1.5/2.6 MBProgress (3): 2.6/18 MB | 1.5/2.0 MB | 1.5/2.6 MBProgress (3): 2.6/18 MB | 1.5/2.0 MB | 1.5/2.6 MBProgress (3): 2.6/18 MB | 1.5/2.0 MB | 1.5/2.6 MBProgress (3): 2.6/18 MB | 1.5/2.0 MB | 1.5/2.6 MBProgress (3): 2.6/18 MB | 1.5/2.0 MB | 1.5/2.6 MBProgress (3): 2.6/18 MB | 1.5/2.0 MB | 1.5/2.6 MBProgress (3): 2.6/18 MB | 1.5/2.0 MB | 1.5/2.6 MBProgress (3): 2.6/18 MB | 1.5/2.0 MB | 1.6/2.6 MBProgress (3): 2.6/18 MB | 1.5/2.0 MB | 1.6/2.6 MBProgress (3): 2.6/18 MB | 1.5/2.0 MB | 1.6/2.6 MBProgress (3): 2.6/18 MB | 1.5/2.0 MB | 1.6/2.6 MBProgress (3): 2.7/18 MB | 1.5/2.0 MB | 1.6/2.6 MBProgress (3): 2.7/18 MB | 1.5/2.0 MB | 1.6/2.6 MBProgress (3): 2.7/18 MB | 1.5/2.0 MB | 1.6/2.6 MBProgress (3): 2.7/18 MB | 1.5/2.0 MB | 1.6/2.6 MBProgress (3): 2.7/18 MB | 1.5/2.0 MB | 1.6/2.6 MBProgress (3): 2.7/18 MB | 1.5/2.0 MB | 1.6/2.6 MBProgress (3): 2.7/18 MB | 1.6/2.0 MB | 1.6/2.6 MBProgress (3): 2.7/18 MB | 1.6/2.0 MB | 1.6/2.6 MBProgress (3): 2.7/18 MB | 1.6/2.0 MB | 1.6/2.6 MBProgress (3): 2.7/18 MB | 1.6/2.0 MB | 1.6/2.6 MBProgress (3): 2.7/18 MB | 1.6/2.0 MB | 1.6/2.6 MBProgress (3): 2.7/18 MB | 1.6/2.0 MB | 1.6/2.6 MBProgress (3): 2.7/18 MB | 1.6/2.0 MB | 1.6/2.6 MBProgress (3): 2.7/18 MB | 1.6/2.0 MB | 1.6/2.6 MBProgress (3): 2.7/18 MB | 1.6/2.0 MB | 1.7/2.6 MBProgress (3): 2.7/18 MB | 1.6/2.0 MB | 1.7/2.6 MBProgress (3): 2.7/18 MB | 1.6/2.0 MB | 1.7/2.6 MBProgress (3): 2.7/18 MB | 1.6/2.0 MB | 1.7/2.6 MBProgress (3): 2.7/18 MB | 1.6/2.0 MB | 1.7/2.6 MBProgress (3): 2.8/18 MB | 1.6/2.0 MB | 1.7/2.6 MBProgress (3): 2.8/18 MB | 1.6/2.0 MB | 1.7/2.6 MBProgress (3): 2.8/18 MB | 1.6/2.0 MB | 1.7/2.6 MBProgress (3): 2.8/18 MB | 1.6/2.0 MB | 1.7/2.6 MBProgress (3): 2.8/18 MB | 1.6/2.0 MB | 1.7/2.6 MBProgress (3): 2.8/18 MB | 1.7/2.0 MB | 1.7/2.6 MBProgress (3): 2.8/18 MB | 1.7/2.0 MB | 1.7/2.6 MBProgress (3): 2.8/18 MB | 1.7/2.0 MB | 1.7/2.6 MBProgress (3): 2.8/18 MB | 1.7/2.0 MB | 1.7/2.6 MBProgress (3): 2.8/18 MB | 1.7/2.0 MB | 1.7/2.6 MBProgress (3): 2.8/18 MB | 1.7/2.0 MB | 1.7/2.6 MBProgress (3): 2.8/18 MB | 1.7/2.0 MB | 1.8/2.6 MBProgress (3): 2.8/18 MB | 1.7/2.0 MB | 1.8/2.6 MBProgress (3): 2.8/18 MB | 1.7/2.0 MB | 1.8/2.6 MBProgress (3): 2.8/18 MB | 1.7/2.0 MB | 1.8/2.6 MBProgress (3): 2.8/18 MB | 1.7/2.0 MB | 1.8/2.6 MBProgress (3): 2.8/18 MB | 1.7/2.0 MB | 1.8/2.6 MBProgress (3): 2.8/18 MB | 1.7/2.0 MB | 1.8/2.6 MBProgress (3): 2.8/18 MB | 1.7/2.0 MB | 1.8/2.6 MBProgress (3): 2.8/18 MB | 1.7/2.0 MB | 1.8/2.6 MBProgress (3): 2.9/18 MB | 1.7/2.0 MB | 1.8/2.6 MBProgress (3): 2.9/18 MB | 1.7/2.0 MB | 1.8/2.6 MBProgress (3): 2.9/18 MB | 1.7/2.0 MB | 1.8/2.6 MBProgress (3): 2.9/18 MB | 1.7/2.0 MB | 1.8/2.6 MBProgress (3): 2.9/18 MB | 1.7/2.0 MB | 1.9/2.6 MBProgress (3): 2.9/18 MB | 1.7/2.0 MB | 1.9/2.6 MBProgress (3): 2.9/18 MB | 1.8/2.0 MB | 1.9/2.6 MBProgress (3): 2.9/18 MB | 1.8/2.0 MB | 1.9/2.6 MBProgress (3): 2.9/18 MB | 1.8/2.0 MB | 1.9/2.6 MBProgress (3): 2.9/18 MB | 1.8/2.0 MB | 1.9/2.6 MBProgress (3): 2.9/18 MB | 1.8/2.0 MB | 1.9/2.6 MBProgress (3): 2.9/18 MB | 1.8/2.0 MB | 1.9/2.6 MBProgress (3): 2.9/18 MB | 1.8/2.0 MB | 1.9/2.6 MBProgress (3): 2.9/18 MB | 1.8/2.0 MB | 1.9/2.6 MBProgress (3): 2.9/18 MB | 1.8/2.0 MB | 1.9/2.6 MBProgress (3): 2.9/18 MB | 1.8/2.0 MB | 1.9/2.6 MBProgress (3): 2.9/18 MB | 1.8/2.0 MB | 1.9/2.6 MBProgress (3): 2.9/18 MB | 1.8/2.0 MB | 1.9/2.6 MBProgress (3): 2.9/18 MB | 1.8/2.0 MB | 1.9/2.6 MBProgress (3): 2.9/18 MB | 1.8/2.0 MB | 1.9/2.6 MBProgress (3): 2.9/18 MB | 1.8/2.0 MB | 1.9/2.6 MBProgress (3): 2.9/18 MB | 1.8/2.0 MB | 1.9/2.6 MBProgress (3): 2.9/18 MB | 1.9/2.0 MB | 1.9/2.6 MBProgress (3): 2.9/18 MB | 1.9/2.0 MB | 2.0/2.6 MBProgress (3): 3.0/18 MB | 1.9/2.0 MB | 2.0/2.6 MBProgress (3): 3.0/18 MB | 1.9/2.0 MB | 2.0/2.6 MBProgress (3): 3.0/18 MB | 1.9/2.0 MB | 2.0/2.6 MBProgress (3): 3.0/18 MB | 1.9/2.0 MB | 2.0/2.6 MBProgress (3): 3.0/18 MB | 1.9/2.0 MB | 2.0/2.6 MBProgress (3): 3.0/18 MB | 1.9/2.0 MB | 2.0/2.6 MBProgress (3): 3.0/18 MB | 1.9/2.0 MB | 2.0/2.6 MBProgress (3): 3.0/18 MB | 1.9/2.0 MB | 2.0/2.6 MBProgress (3): 3.0/18 MB | 1.9/2.0 MB | 2.0/2.6 MBProgress (3): 3.0/18 MB | 1.9/2.0 MB | 2.0/2.6 MBProgress (3): 3.0/18 MB | 1.9/2.0 MB | 2.0/2.6 MBProgress (3): 3.0/18 MB | 1.9/2.0 MB | 2.0/2.6 MBProgress (3): 3.0/18 MB | 1.9/2.0 MB | 2.0/2.6 MBProgress (3): 3.0/18 MB | 1.9/2.0 MB | 2.0/2.6 MBProgress (3): 3.0/18 MB | 1.9/2.0 MB | 2.1/2.6 MBProgress (3): 3.0/18 MB | 1.9/2.0 MB | 2.1/2.6 MBProgress (3): 3.0/18 MB | 1.9/2.0 MB | 2.1/2.6 MBProgress (3): 3.0/18 MB | 1.9/2.0 MB | 2.1/2.6 MBProgress (3): 3.0/18 MB | 2.0/2.0 MB | 2.1/2.6 MBProgress (3): 3.0/18 MB | 2.0/2.0 MB | 2.1/2.6 MBProgress (3): 3.1/18 MB | 2.0/2.0 MB | 2.1/2.6 MBProgress (3): 3.1/18 MB | 2.0/2.0 MB | 2.1/2.6 MBProgress (3): 3.1/18 MB | 2.0/2.0 MB | 2.1/2.6 MBProgress (3): 3.1/18 MB | 2.0/2.0 MB | 2.1/2.6 MBProgress (3): 3.1/18 MB | 2.0/2.0 MB | 2.1/2.6 MBProgress (3): 3.1/18 MB | 2.0/2.0 MB | 2.1/2.6 MBProgress (3): 3.1/18 MB | 2.0/2.0 MB | 2.1/2.6 MBProgress (3): 3.1/18 MB | 2.0/2.0 MB | 2.1/2.6 MBProgress (3): 3.1/18 MB | 2.0/2.0 MB | 2.1/2.6 MBProgress (3): 3.1/18 MB | 2.0/2.0 MB | 2.2/2.6 MBProgress (3): 3.1/18 MB | 2.0/2.0 MB | 2.2/2.6 MBProgress (3): 3.1/18 MB | 2.0/2.0 MB | 2.2/2.6 MBProgress (3): 3.1/18 MB | 2.0/2.0 MB | 2.2/2.6 MBProgress (3): 3.1/18 MB | 2.0/2.0 MB | 2.2/2.6 MBProgress (3): 3.1/18 MB | 2.0 MB | 2.2/2.6 MB    Progress (3): 3.1/18 MB | 2.0 MB | 2.2/2.6 MB                                             Downloaded from central: https://repo.maven.apache.org/maven2/com/github/docker-java/docker-java-transport-zerodep/3.3.4/docker-java-transport-zerodep-3.3.4.jar (2.0 MB at 71 kB/s)
Progress (2): 3.2/18 MB | 2.2/2.6 MBProgress (2): 3.2/18 MB | 2.2/2.6 MBProgress (2): 3.2/18 MB | 2.2/2.6 MBProgress (2): 3.2/18 MB | 2.2/2.6 MBProgress (2): 3.2/18 MB | 2.2/2.6 MBProgress (2): 3.2/18 MB | 2.2/2.6 MBProgress (2): 3.2/18 MB | 2.2/2.6 MBProgress (2): 3.2/18 MB | 2.2/2.6 MBProgress (2): 3.2/18 MB | 2.2/2.6 MBProgress (2): 3.2/18 MB | 2.2/2.6 MBProgress (2): 3.2/18 MB | 2.3/2.6 MBProgress (2): 3.3/18 MB | 2.3/2.6 MBProgress (2): 3.3/18 MB | 2.3/2.6 MBProgress (2): 3.3/18 MB | 2.3/2.6 MBProgress (2): 3.3/18 MB | 2.3/2.6 MBProgress (2): 3.3/18 MB | 2.3/2.6 MBProgress (2): 3.3/18 MB | 2.3/2.6 MBProgress (2): 3.3/18 MB | 2.3/2.6 MBProgress (2): 3.3/18 MB | 2.3/2.6 MBProgress (2): 3.3/18 MB | 2.3/2.6 MBProgress (2): 3.3/18 MB | 2.3/2.6 MBProgress (2): 3.3/18 MB | 2.3/2.6 MBProgress (2): 3.3/18 MB | 2.4/2.6 MBProgress (2): 3.4/18 MB | 2.4/2.6 MBProgress (2): 3.4/18 MB | 2.4/2.6 MBProgress (2): 3.4/18 MB | 2.4/2.6 MBProgress (2): 3.4/18 MB | 2.4/2.6 MBProgress (2): 3.4/18 MB | 2.4/2.6 MBProgress (2): 3.4/18 MB | 2.4/2.6 MBProgress (2): 3.4/18 MB | 2.4/2.6 MBProgress (2): 3.4/18 MB | 2.4/2.6 MBProgress (2): 3.4/18 MB | 2.4/2.6 MBProgress (2): 3.4/18 MB | 2.4/2.6 MBProgress (2): 3.4/18 MB | 2.4/2.6 MBProgress (2): 3.4/18 MB | 2.5/2.6 MBProgress (2): 3.4/18 MB | 2.5/2.6 MBProgress (2): 3.4/18 MB | 2.5/2.6 MBProgress (2): 3.5/18 MB | 2.5/2.6 MBProgress (2): 3.5/18 MB | 2.5/2.6 MBProgress (2): 3.5/18 MB | 2.5/2.6 MBProgress (2): 3.5/18 MB | 2.5/2.6 MBProgress (2): 3.5/18 MB | 2.5/2.6 MBProgress (2): 3.5/18 MB | 2.5/2.6 MBProgress (2): 3.5/18 MB | 2.5/2.6 MBProgress (2): 3.5/18 MB | 2.5/2.6 MBProgress (2): 3.5/18 MB | 2.5/2.6 MBProgress (2): 3.5/18 MB | 2.6/2.6 MBProgress (2): 3.5/18 MB | 2.6/2.6 MBProgress (2): 3.6/18 MB | 2.6/2.6 MBProgress (2): 3.6/18 MB | 2.6/2.6 MBProgress (2): 3.6/18 MB | 2.6/2.6 MBProgress (2): 3.6/18 MB | 2.6/2.6 MBProgress (2): 3.6/18 MB | 2.6/2.6 MBProgress (2): 3.6/18 MB | 2.6 MB    Progress (2): 3.6/18 MB | 2.6 MB                                Downloaded from central: https://repo.maven.apache.org/maven2/com/h2database/h2/2.2.224/h2-2.2.224.jar (2.6 MB at 90 kB/s)
Progress (1): 3.6/18 MBProgress (1): 3.6/18 MBProgress (1): 3.6/18 MBProgress (1): 3.7/18 MBProgress (1): 3.7/18 MBProgress (1): 3.7/18 MBProgress (1): 3.7/18 MBProgress (1): 3.7/18 MBProgress (1): 3.7/18 MBProgress (1): 3.8/18 MBProgress (1): 3.8/18 MBProgress (1): 3.8/18 MBProgress (1): 3.8/18 MBProgress (1): 3.8/18 MBProgress (1): 3.8/18 MBProgress (1): 3.9/18 MBProgress (1): 3.9/18 MBProgress (1): 3.9/18 MBProgress (1): 3.9/18 MBProgress (1): 3.9/18 MBProgress (1): 3.9/18 MBProgress (1): 3.9/18 MBProgress (1): 4.0/18 MBProgress (1): 4.0/18 MBProgress (1): 4.0/18 MBProgress (1): 4.0/18 MBProgress (1): 4.0/18 MBProgress (1): 4.0/18 MBProgress (1): 4.1/18 MBProgress (1): 4.1/18 MBProgress (1): 4.1/18 MBProgress (1): 4.1/18 MBProgress (1): 4.1/18 MBProgress (1): 4.1/18 MBProgress (1): 4.2/18 MBProgress (1): 4.2/18 MBProgress (1): 4.2/18 MBProgress (1): 4.2/18 MBProgress (1): 4.2/18 MBProgress (1): 4.2/18 MBProgress (1): 4.3/18 MBProgress (1): 4.3/18 MBProgress (1): 4.3/18 MBProgress (1): 4.3/18 MBProgress (1): 4.3/18 MBProgress (1): 4.3/18 MBProgress (1): 4.4/18 MBProgress (1): 4.4/18 MBProgress (1): 4.4/18 MBProgress (1): 4.4/18 MBProgress (1): 4.4/18 MBProgress (1): 4.4/18 MBProgress (1): 4.5/18 MBProgress (1): 4.5/18 MBProgress (1): 4.5/18 MBProgress (1): 4.5/18 MBProgress (1): 4.5/18 MBProgress (1): 4.5/18 MBProgress (1): 4.6/18 MBProgress (1): 4.6/18 MBProgress (1): 4.6/18 MBProgress (1): 4.6/18 MBProgress (1): 4.6/18 MBProgress (1): 4.6/18 MBProgress (1): 4.7/18 MBProgress (1): 4.7/18 MBProgress (1): 4.7/18 MBProgress (1): 4.7/18 MBProgress (1): 4.7/18 MBProgress (1): 4.7/18 MBProgress (1): 4.8/18 MBProgress (1): 4.8/18 MBProgress (1): 4.8/18 MBProgress (1): 4.8/18 MBProgress (1): 4.8/18 MBProgress (1): 4.8/18 MBProgress (1): 4.8/18 MBProgress (1): 4.9/18 MBProgress (1): 4.9/18 MBProgress (1): 4.9/18 MBProgress (1): 4.9/18 MBProgress (1): 4.9/18 MBProgress (1): 4.9/18 MBProgress (1): 5.0/18 MBProgress (1): 5.0/18 MBProgress (1): 5.0/18 MBProgress (1): 5.0/18 MBProgress (1): 5.0/18 MBProgress (1): 5.0/18 MBProgress (1): 5.1/18 MBProgress (1): 5.1/18 MBProgress (1): 5.1/18 MBProgress (1): 5.1/18 MBProgress (1): 5.1/18 MBProgress (1): 5.1/18 MBProgress (1): 5.2/18 MBProgress (1): 5.2/18 MBProgress (1): 5.2/18 MBProgress (1): 5.2/18 MBProgress (1): 5.2/18 MBProgress (1): 5.2/18 MBProgress (1): 5.3/18 MBProgress (1): 5.3/18 MBProgress (1): 5.3/18 MBProgress (1): 5.3/18 MBProgress (1): 5.3/18 MBProgress (1): 5.3/18 MBProgress (1): 5.4/18 MBProgress (1): 5.4/18 MBProgress (1): 5.4/18 MBProgress (1): 5.4/18 MBProgress (1): 5.4/18 MBProgress (1): 5.4/18 MBProgress (1): 5.5/18 MBProgress (1): 5.5/18 MBProgress (1): 5.5/18 MBProgress (1): 5.5/18 MBProgress (1): 5.5/18 MBProgress (1): 5.5/18 MBProgress (1): 5.6/18 MBProgress (1): 5.6/18 MBProgress (1): 5.6/18 MBProgress (1): 5.6/18 MBProgress (1): 5.6/18 MBProgress (1): 5.6/18 MBProgress (1): 5.7/18 MBProgress (1): 5.7/18 MBProgress (1): 5.7/18 MBProgress (1): 5.7/18 MBProgress (1): 5.7/18 MBProgress (1): 5.7/18 MBProgress (1): 5.8/18 MBProgress (1): 5.8/18 MBProgress (1): 5.8/18 MBProgress (1): 5.8/18 MBProgress (1): 5.8/18 MBProgress (1): 5.8/18 MBProgress (1): 5.8/18 MBProgress (1): 5.9/18 MBProgress (1): 5.9/18 MBProgress (1): 5.9/18 MBProgress (1): 5.9/18 MBProgress (1): 5.9/18 MBProgress (1): 5.9/18 MBProgress (1): 6.0/18 MBProgress (1): 6.0/18 MBProgress (1): 6.0/18 MBProgress (1): 6.0/18 MBProgress (1): 6.0/18 MBProgress (1): 6.0/18 MBProgress (1): 6.1/18 MBProgress (1): 6.1/18 MBProgress (1): 6.1/18 MBProgress (1): 6.1/18 MBProgress (1): 6.1/18 MBProgress (1): 6.1/18 MBProgress (1): 6.2/18 MBProgress (1): 6.2/18 MBProgress (1): 6.2/18 MBProgress (1): 6.2/18 MBProgress (1): 6.2/18 MBProgress (1): 6.2/18 MBProgress (1): 6.3/18 MBProgress (1): 6.3/18 MBProgress (1): 6.3/18 MBProgress (1): 6.3/18 MBProgress (1): 6.3/18 MBProgress (1): 6.3/18 MBProgress (1): 6.4/18 MBProgress (1): 6.4/18 MBProgress (1): 6.4/18 MBProgress (1): 6.4/18 MBProgress (1): 6.4/18 MBProgress (1): 6.4/18 MBProgress (1): 6.5/18 MBProgress (1): 6.5/18 MBProgress (1): 6.5/18 MBProgress (1): 6.5/18 MBProgress (1): 6.5/18 MBProgress (1): 6.5/18 MBProgress (1): 6.6/18 MBProgress (1): 6.6/18 MBProgress (1): 6.6/18 MBProgress (1): 6.6/18 MBProgress (1): 6.6/18 MBProgress (1): 6.6/18 MBProgress (1): 6.7/18 MBProgress (1): 6.7/18 MBProgress (1): 6.7/18 MBProgress (1): 6.7/18 MBProgress (1): 6.7/18 MBProgress (1): 6.7/18 MBProgress (1): 6.8/18 MBProgress (1): 6.8/18 MBProgress (1): 6.8/18 MBProgress (1): 6.8/18 MBProgress (1): 6.8/18 MBProgress (1): 6.8/18 MBProgress (1): 6.8/18 MBProgress (1): 6.9/18 MBProgress (1): 6.9/18 MBProgress (1): 6.9/18 MBProgress (1): 6.9/18 MBProgress (1): 6.9/18 MBProgress (1): 6.9/18 MBProgress (1): 7.0/18 MBProgress (1): 7.0/18 MBProgress (1): 7.0/18 MBProgress (1): 7.0/18 MBProgress (1): 7.0/18 MBProgress (1): 7.0/18 MBProgress (1): 7.1/18 MBProgress (1): 7.1/18 MBProgress (1): 7.1/18 MBProgress (1): 7.1/18 MBProgress (1): 7.1/18 MBProgress (1): 7.1/18 MBProgress (1): 7.2/18 MBProgress (1): 7.2/18 MBProgress (1): 7.2/18 MBProgress (1): 7.2/18 MBProgress (1): 7.2/18 MBProgress (1): 7.2/18 MBProgress (1): 7.3/18 MBProgress (1): 7.3/18 MBProgress (1): 7.3/18 MBProgress (1): 7.3/18 MBProgress (1): 7.3/18 MBProgress (1): 7.3/18 MBProgress (1): 7.4/18 MBProgress (1): 7.4/18 MBProgress (1): 7.4/18 MBProgress (1): 7.4/18 MBProgress (1): 7.4/18 MBProgress (1): 7.4/18 MBProgress (1): 7.5/18 MBProgress (1): 7.5/18 MBProgress (1): 7.5/18 MBProgress (1): 7.5/18 MBProgress (1): 7.5/18 MBProgress (1): 7.5/18 MBProgress (1): 7.6/18 MBProgress (1): 7.6/18 MBProgress (1): 7.6/18 MBProgress (1): 7.6/18 MBProgress (1): 7.6/18 MBProgress (1): 7.6/18 MBProgress (1): 7.7/18 MBProgress (1): 7.7/18 MBProgress (1): 7.7/18 MBProgress (1): 7.7/18 MBProgress (1): 7.7/18 MBProgress (1): 7.7/18 MBProgress (1): 7.7/18 MBProgress (1): 7.8/18 MBProgress (1): 7.8/18 MBProgress (1): 7.8/18 MBProgress (1): 7.8/18 MBProgress (1): 7.8/18 MBProgress (1): 7.8/18 MBProgress (1): 7.9/18 MBProgress (1): 7.9/18 MBProgress (1): 7.9/18 MBProgress (1): 7.9/18 MBProgress (1): 7.9/18 MBProgress (1): 7.9/18 MBProgress (1): 8.0/18 MBProgress (1): 8.0/18 MBProgress (1): 8.0/18 MBProgress (1): 8.0/18 MBProgress (1): 8.0/18 MBProgress (1): 8.0/18 MBProgress (1): 8.0/18 MBProgress (1): 8.1/18 MBProgress (1): 8.1/18 MBProgress (1): 8.1/18 MBProgress (1): 8.1/18 MBProgress (1): 8.1/18 MBProgress (1): 8.1/18 MBProgress (1): 8.1/18 MBProgress (1): 8.2/18 MBProgress (1): 8.2/18 MBProgress (1): 8.2/18 MBProgress (1): 8.2/18 MBProgress (1): 8.2/18 MBProgress (1): 8.2/18 MBProgress (1): 8.3/18 MBProgress (1): 8.3/18 MBProgress (1): 8.3/18 MBProgress (1): 8.3/18 MBProgress (1): 8.3/18 MBProgress (1): 8.3/18 MBProgress (1): 8.4/18 MBProgress (1): 8.4/18 MBProgress (1): 8.4/18 MBProgress (1): 8.4/18 MBProgress (1): 8.4/18 MBProgress (1): 8.4/18 MBProgress (1): 8.5/18 MBProgress (1): 8.5/18 MBProgress (1): 8.5/18 MBProgress (1): 8.5/18 MBProgress (1): 8.5/18 MBProgress (1): 8.5/18 MBProgress (1): 8.5/18 MBProgress (1): 8.6/18 MBProgress (1): 8.6/18 MBProgress (1): 8.6/18 MBProgress (1): 8.6/18 MBProgress (1): 8.6/18 MBProgress (1): 8.6/18 MBProgress (1): 8.7/18 MBProgress (1): 8.7/18 MBProgress (1): 8.7/18 MBProgress (1): 8.7/18 MBProgress (1): 8.7/18 MBProgress (1): 8.7/18 MBProgress (1): 8.8/18 MBProgress (1): 8.8/18 MBProgress (1): 8.8/18 MBProgress (1): 8.8/18 MBProgress (1): 8.8/18 MBProgress (1): 8.8/18 MBProgress (1): 8.9/18 MBProgress (1): 8.9/18 MBProgress (1): 8.9/18 MBProgress (1): 8.9/18 MBProgress (1): 8.9/18 MBProgress (1): 8.9/18 MBProgress (1): 9.0/18 MBProgress (1): 9.0/18 MBProgress (1): 9.0/18 MBProgress (1): 9.0/18 MBProgress (1): 9.0/18 MBProgress (1): 9.0/18 MBProgress (1): 9.1/18 MBProgress (1): 9.1/18 MBProgress (1): 9.1/18 MBProgress (1): 9.1/18 MBProgress (1): 9.1/18 MBProgress (1): 9.1/18 MBProgress (1): 9.2/18 MBProgress (1): 9.2/18 MBProgress (1): 9.2/18 MBProgress (1): 9.2/18 MBProgress (1): 9.2/18 MBProgress (1): 9.2/18 MBProgress (1): 9.3/18 MBProgress (1): 9.3/18 MBProgress (1): 9.3/18 MBProgress (1): 9.3/18 MBProgress (1): 9.3/18 MBProgress (1): 9.3/18 MBProgress (1): 9.4/18 MBProgress (1): 9.4/18 MBProgress (1): 9.4/18 MBProgress (1): 9.4/18 MBProgress (1): 9.4/18 MBProgress (1): 9.4/18 MBProgress (1): 9.5/18 MBProgress (1): 9.5/18 MBProgress (1): 9.5/18 MBProgress (1): 9.5/18 MBProgress (1): 9.5/18 MBProgress (1): 9.5/18 MBProgress (1): 9.5/18 MBProgress (1): 9.6/18 MBProgress (1): 9.6/18 MBProgress (1): 9.6/18 MBProgress (1): 9.6/18 MBProgress (1): 9.6/18 MBProgress (1): 9.6/18 MBProgress (1): 9.7/18 MBProgress (1): 9.7/18 MBProgress (1): 9.7/18 MBProgress (1): 9.7/18 MBProgress (1): 9.7/18 MBProgress (1): 9.7/18 MBProgress (1): 9.8/18 MBProgress (1): 9.8/18 MBProgress (1): 9.8/18 MBProgress (1): 9.8/18 MBProgress (1): 9.8/18 MBProgress (1): 9.8/18 MBProgress (1): 9.9/18 MBProgress (1): 9.9/18 MBProgress (1): 9.9/18 MBProgress (1): 9.9/18 MBProgress (1): 9.9/18 MBProgress (1): 9.9/18 MBProgress (1): 10.0/18 MBProgress (1): 10.0/18 MBProgress (1): 10.0/18 MBProgress (1): 10/18 MB  Progress (1): 10/18 MBProgress (1): 10/18 MBProgress (1): 10/18 MBProgress (1): 10/18 MBProgress (1): 10/18 MBProgress (1): 10/18 MBProgress (1): 10/18 MBProgress (1): 10/18 MBProgress (1): 10/18 MBProgress (1): 10/18 MBProgress (1): 10/18 MBProgress (1): 10/18 MBProgress (1): 10/18 MBProgress (1): 10/18 MBProgress (1): 10/18 MBProgress (1): 10/18 MBProgress (1): 10/18 MBProgress (1): 10/18 MBProgress (1): 10/18 MBProgress (1): 10/18 MBProgress (1): 10/18 MBProgress (1): 10/18 MBProgress (1): 10/18 MBProgress (1): 10/18 MBProgress (1): 10/18 MBProgress (1): 10/18 MBProgress (1): 10/18 MBProgress (1): 10/18 MBProgress (1): 10/18 MBProgress (1): 10/18 MBProgress (1): 11/18 MBProgress (1): 11/18 MBProgress (1): 11/18 MBProgress (1): 11/18 MBProgress (1): 11/18 MBProgress (1): 11/18 MBProgress (1): 11/18 MBProgress (1): 11/18 MBProgress (1): 11/18 MBProgress (1): 11/18 MBProgress (1): 11/18 MBProgress (1): 11/18 MBProgress (1): 11/18 MBProgress (1): 11/18 MBProgress (1): 11/18 MBProgress (1): 11/18 MBProgress (1): 11/18 MBProgress (1): 11/18 MBProgress (1): 11/18 MBProgress (1): 11/18 MBProgress (1): 11/18 MBProgress (1): 11/18 MBProgress (1): 11/18 MBProgress (1): 11/18 MBProgress (1): 11/18 MBProgress (1): 11/18 MBProgress (1): 11/18 MBProgress (1): 11/18 MBProgress (1): 11/18 MBProgress (1): 11/18 MBProgress (1): 11/18 MBProgress (1): 11/18 MBProgress (1): 11/18 MBProgress (1): 11/18 MBProgress (1): 11/18 MBProgress (1): 11/18 MBProgress (1): 11/18 MBProgress (1): 11/18 MBProgress (1): 11/18 MBProgress (1): 11/18 MBProgress (1): 11/18 MBProgress (1): 11/18 MBProgress (1): 11/18 MBProgress (1): 11/18 MBProgress (1): 11/18 MBProgress (1): 11/18 MBProgress (1): 11/18 MBProgress (1): 11/18 MBProgress (1): 11/18 MBProgress (1): 11/18 MBProgress (1): 11/18 MBProgress (1): 11/18 MBProgress (1): 11/18 MBProgress (1): 11/18 MBProgress (1): 11/18 MBProgress (1): 11/18 MBProgress (1): 11/18 MBProgress (1): 11/18 MBProgress (1): 11/18 MBProgress (1): 11/18 MBProgress (1): 11/18 MBProgress (1): 12/18 MBProgress (1): 12/18 MBProgress (1): 12/18 MBProgress (1): 12/18 MBProgress (1): 12/18 MBProgress (1): 12/18 MBProgress (1): 12/18 MBProgress (1): 12/18 MBProgress (1): 12/18 MBProgress (1): 12/18 MBProgress (1): 12/18 MBProgress (1): 12/18 MBProgress (1): 12/18 MBProgress (1): 12/18 MBProgress (1): 12/18 MBProgress (1): 12/18 MBProgress (1): 12/18 MBProgress (1): 12/18 MBProgress (1): 12/18 MBProgress (1): 12/18 MBProgress (1): 12/18 MBProgress (1): 12/18 MBProgress (1): 12/18 MBProgress (1): 12/18 MBProgress (1): 12/18 MBProgress (1): 12/18 MBProgress (1): 12/18 MBProgress (1): 12/18 MBProgress (1): 12/18 MBProgress (1): 12/18 MBProgress (1): 12/18 MBProgress (1): 12/18 MBProgress (1): 12/18 MBProgress (1): 12/18 MBProgress (1): 12/18 MBProgress (1): 12/18 MBProgress (1): 12/18 MBProgress (1): 12/18 MBProgress (1): 12/18 MBProgress (1): 12/18 MBProgress (1): 12/18 MBProgress (1): 12/18 MBProgress (1): 12/18 MBProgress (1): 12/18 MBProgress (1): 12/18 MBProgress (1): 12/18 MBProgress (1): 12/18 MBProgress (1): 12/18 MBProgress (1): 12/18 MBProgress (1): 12/18 MBProgress (1): 12/18 MBProgress (1): 12/18 MBProgress (1): 12/18 MBProgress (1): 12/18 MBProgress (1): 12/18 MBProgress (1): 12/18 MBProgress (1): 12/18 MBProgress (1): 12/18 MBProgress (1): 12/18 MBProgress (1): 12/18 MBProgress (1): 12/18 MBProgress (1): 13/18 MBProgress (1): 13/18 MBProgress (1): 13/18 MBProgress (1): 13/18 MBProgress (1): 13/18 MBProgress (1): 13/18 MBProgress (1): 13/18 MBProgress (1): 13/18 MBProgress (1): 13/18 MBProgress (1): 13/18 MBProgress (1): 13/18 MBProgress (1): 13/18 MBProgress (1): 13/18 MBProgress (1): 13/18 MBProgress (1): 13/18 MBProgress (1): 13/18 MBProgress (1): 13/18 MBProgress (1): 13/18 MBProgress (1): 13/18 MBProgress (1): 13/18 MBProgress (1): 13/18 MBProgress (1): 13/18 MBProgress (1): 13/18 MBProgress (1): 13/18 MBProgress (1): 13/18 MBProgress (1): 13/18 MBProgress (1): 13/18 MBProgress (1): 13/18 MBProgress (1): 13/18 MBProgress (1): 13/18 MBProgress (1): 13/18 MBProgress (1): 13/18 MBProgress (1): 13/18 MBProgress (1): 13/18 MBProgress (1): 13/18 MBProgress (1): 13/18 MBProgress (1): 13/18 MBProgress (1): 13/18 MBProgress (1): 13/18 MBProgress (1): 13/18 MBProgress (1): 13/18 MBProgress (1): 13/18 MBProgress (1): 13/18 MBProgress (1): 13/18 MBProgress (1): 13/18 MBProgress (1): 13/18 MBProgress (1): 13/18 MBProgress (1): 13/18 MBProgress (1): 13/18 MBProgress (1): 13/18 MBProgress (1): 13/18 MBProgress (1): 13/18 MBProgress (1): 13/18 MBProgress (1): 13/18 MBProgress (1): 13/18 MBProgress (1): 13/18 MBProgress (1): 13/18 MBProgress (1): 13/18 MBProgress (1): 13/18 MBProgress (1): 13/18 MBProgress (1): 13/18 MBProgress (1): 14/18 MBProgress (1): 14/18 MBProgress (1): 14/18 MBProgress (1): 14/18 MBProgress (1): 14/18 MBProgress (1): 14/18 MBProgress (1): 14/18 MBProgress (1): 14/18 MBProgress (1): 14/18 MBProgress (1): 14/18 MBProgress (1): 14/18 MBProgress (1): 14/18 MBProgress (1): 14/18 MBProgress (1): 14/18 MBProgress (1): 14/18 MBProgress (1): 14/18 MBProgress (1): 14/18 MBProgress (1): 14/18 MBProgress (1): 14/18 MBProgress (1): 14/18 MBProgress (1): 14/18 MBProgress (1): 14/18 MBProgress (1): 14/18 MBProgress (1): 14/18 MBProgress (1): 14/18 MBProgress (1): 14/18 MBProgress (1): 14/18 MBProgress (1): 14/18 MBProgress (1): 14/18 MBProgress (1): 14/18 MBProgress (1): 14/18 MBProgress (1): 14/18 MBProgress (1): 14/18 MBProgress (1): 14/18 MBProgress (1): 14/18 MBProgress (1): 14/18 MBProgress (1): 14/18 MBProgress (1): 14/18 MBProgress (1): 14/18 MBProgress (1): 14/18 MBProgress (1): 14/18 MBProgress (1): 14/18 MBProgress (1): 14/18 MBProgress (1): 14/18 MBProgress (1): 14/18 MBProgress (1): 14/18 MBProgress (1): 14/18 MBProgress (1): 14/18 MBProgress (1): 14/18 MBProgress (1): 14/18 MBProgress (1): 14/18 MBProgress (1): 14/18 MBProgress (1): 14/18 MBProgress (1): 14/18 MBProgress (1): 14/18 MBProgress (1): 14/18 MBProgress (1): 14/18 MBProgress (1): 14/18 MBProgress (1): 14/18 MBProgress (1): 14/18 MBProgress (1): 14/18 MBProgress (1): 15/18 MBProgress (1): 15/18 MBProgress (1): 15/18 MBProgress (1): 15/18 MBProgress (1): 15/18 MBProgress (1): 15/18 MBProgress (1): 15/18 MBProgress (1): 15/18 MBProgress (1): 15/18 MBProgress (1): 15/18 MBProgress (1): 15/18 MBProgress (1): 15/18 MBProgress (1): 15/18 MBProgress (1): 15/18 MBProgress (1): 15/18 MBProgress (1): 15/18 MBProgress (1): 15/18 MBProgress (1): 15/18 MBProgress (1): 15/18 MBProgress (1): 15/18 MBProgress (1): 15/18 MBProgress (1): 15/18 MBProgress (1): 15/18 MBProgress (1): 15/18 MBProgress (1): 15/18 MBProgress (1): 15/18 MBProgress (1): 15/18 MBProgress (1): 15/18 MBProgress (1): 15/18 MBProgress (1): 15/18 MBProgress (1): 15/18 MBProgress (1): 15/18 MBProgress (1): 15/18 MBProgress (1): 15/18 MBProgress (1): 15/18 MBProgress (1): 15/18 MBProgress (1): 15/18 MBProgress (1): 15/18 MBProgress (1): 15/18 MBProgress (1): 15/18 MBProgress (1): 15/18 MBProgress (1): 15/18 MBProgress (1): 15/18 MBProgress (1): 15/18 MBProgress (1): 15/18 MBProgress (1): 15/18 MBProgress (1): 15/18 MBProgress (1): 15/18 MBProgress (1): 15/18 MBProgress (1): 15/18 MBProgress (1): 15/18 MBProgress (1): 15/18 MBProgress (1): 15/18 MBProgress (1): 15/18 MBProgress (1): 15/18 MBProgress (1): 15/18 MBProgress (1): 15/18 MBProgress (1): 15/18 MBProgress (1): 15/18 MBProgress (1): 15/18 MBProgress (1): 15/18 MBProgress (1): 16/18 MBProgress (1): 16/18 MBProgress (1): 16/18 MBProgress (1): 16/18 MBProgress (1): 16/18 MBProgress (1): 16/18 MBProgress (1): 16/18 MBProgress (1): 16/18 MBProgress (1): 16/18 MBProgress (1): 16/18 MBProgress (1): 16/18 MBProgress (1): 16/18 MBProgress (1): 16/18 MBProgress (1): 16/18 MBProgress (1): 16/18 MBProgress (1): 16/18 MBProgress (1): 16/18 MBProgress (1): 16/18 MBProgress (1): 16/18 MBProgress (1): 16/18 MBProgress (1): 16/18 MBProgress (1): 16/18 MBProgress (1): 16/18 MBProgress (1): 16/18 MBProgress (1): 16/18 MBProgress (1): 16/18 MBProgress (1): 16/18 MBProgress (1): 16/18 MBProgress (1): 16/18 MBProgress (1): 16/18 MBProgress (1): 16/18 MBProgress (1): 16/18 MBProgress (1): 16/18 MBProgress (1): 16/18 MBProgress (1): 16/18 MBProgress (1): 16/18 MBProgress (1): 16/18 MBProgress (1): 16/18 MBProgress (1): 16/18 MBProgress (1): 16/18 MBProgress (1): 16/18 MBProgress (1): 16/18 MBProgress (1): 16/18 MBProgress (1): 16/18 MBProgress (1): 16/18 MBProgress (1): 16/18 MBProgress (1): 16/18 MBProgress (1): 16/18 MBProgress (1): 16/18 MBProgress (1): 16/18 MBProgress (1): 16/18 MBProgress (1): 16/18 MBProgress (1): 16/18 MBProgress (1): 16/18 MBProgress (1): 16/18 MBProgress (1): 16/18 MBProgress (1): 16/18 MBProgress (1): 16/18 MBProgress (1): 16/18 MBProgress (1): 16/18 MBProgress (1): 16/18 MBProgress (1): 17/18 MBProgress (1): 17/18 MBProgress (1): 17/18 MBProgress (1): 17/18 MBProgress (1): 17/18 MBProgress (1): 17/18 MBProgress (1): 17/18 MBProgress (1): 17/18 MBProgress (1): 17/18 MBProgress (1): 17/18 MBProgress (1): 17/18 MBProgress (1): 17/18 MBProgress (1): 17/18 MBProgress (1): 17/18 MBProgress (1): 17/18 MBProgress (1): 17/18 MBProgress (1): 17/18 MBProgress (1): 17/18 MBProgress (1): 17/18 MBProgress (1): 17/18 MBProgress (1): 17/18 MBProgress (1): 17/18 MBProgress (1): 17/18 MBProgress (1): 17/18 MBProgress (1): 17/18 MBProgress (1): 17/18 MBProgress (1): 17/18 MBProgress (1): 17/18 MBProgress (1): 17/18 MBProgress (1): 17/18 MBProgress (1): 17/18 MBProgress (1): 17/18 MBProgress (1): 17/18 MBProgress (1): 17/18 MBProgress (1): 17/18 MBProgress (1): 17/18 MBProgress (1): 17/18 MBProgress (1): 17/18 MBProgress (1): 17/18 MBProgress (1): 17/18 MBProgress (1): 17/18 MBProgress (1): 17/18 MBProgress (1): 17/18 MBProgress (1): 17/18 MBProgress (1): 17/18 MBProgress (1): 17/18 MBProgress (1): 17/18 MBProgress (1): 17/18 MBProgress (1): 17/18 MBProgress (1): 17/18 MBProgress (1): 17/18 MBProgress (1): 17/18 MBProgress (1): 17/18 MBProgress (1): 17/18 MBProgress (1): 17/18 MBProgress (1): 17/18 MBProgress (1): 17/18 MBProgress (1): 17/18 MBProgress (1): 17/18 MBProgress (1): 17/18 MBProgress (1): 17/18 MBProgress (1): 18/18 MBProgress (1): 18/18 MBProgress (1): 18/18 MBProgress (1): 18/18 MBProgress (1): 18/18 MBProgress (1): 18/18 MBProgress (1): 18/18 MBProgress (1): 18/18 MBProgress (1): 18/18 MBProgress (1): 18/18 MBProgress (1): 18/18 MBProgress (1): 18/18 MBProgress (1): 18/18 MBProgress (1): 18/18 MBProgress (1): 18/18 MBProgress (1): 18 MB                      Downloaded from central: https://repo.maven.apache.org/maven2/org/testcontainers/testcontainers/1.19.3/testcontainers-1.19.3.jar (18 MB at 562 kB/s)
[INFO] 
[INFO] --- clean:3.3.2:clean (default-clean) @ finance-portal ---
Downloading from central: https://repo.maven.apache.org/maven2/org/codehaus/plexus/plexus-utils/4.0.0/plexus-utils-4.0.0.pom
Progress (1): 724 BProgress (1): 2.3 kBProgress (1): 4.5 kBProgress (1): 8.7 kB                    Downloaded from central: https://repo.maven.apache.org/maven2/org/codehaus/plexus/plexus-utils/4.0.0/plexus-utils-4.0.0.pom (8.7 kB at 247 kB/s)
Downloading from central: https://repo.maven.apache.org/maven2/org/codehaus/plexus/plexus/13/plexus-13.pom
Progress (1): 692 BProgress (1): 2.5 kBProgress (1): 6.4 kBProgress (1): 8.8 kBProgress (1): 11 kB Progress (1): 14 kBProgress (1): 18 kBProgress (1): 21 kBProgress (1): 25 kBProgress (1): 27 kB                   Downloaded from central: https://repo.maven.apache.org/maven2/org/codehaus/plexus/plexus/13/plexus-13.pom (27 kB at 720 kB/s)
Downloading from central: https://repo.maven.apache.org/maven2/org/codehaus/plexus/plexus-utils/4.0.0/plexus-utils-4.0.0.jar
Progress (1): 7.7/192 kBProgress (1): 12/192 kB Progress (1): 28/192 kBProgress (1): 44/192 kBProgress (1): 61/192 kBProgress (1): 77/192 kBProgress (1): 93/192 kBProgress (1): 110/192 kBProgress (1): 126/192 kBProgress (1): 143/192 kBProgress (1): 147/192 kBProgress (1): 164/192 kBProgress (1): 180/192 kBProgress (1): 192 kB                        Downloaded from central: https://repo.maven.apache.org/maven2/org/codehaus/plexus/plexus-utils/4.0.0/plexus-utils-4.0.0.jar (192 kB at 3.4 MB/s)
[INFO] Deleting /app/target
[INFO] 
[INFO] --- resources:3.3.1:resources (default-resources) @ finance-portal ---
Downloading from central: https://repo.maven.apache.org/maven2/org/codehaus/plexus/plexus-interpolation/1.26/plexus-interpolation-1.26.pom
Progress (1): 1.4 kBProgress (1): 2.7 kB                    Downloaded from central: https://repo.maven.apache.org/maven2/org/codehaus/plexus/plexus-interpolation/1.26/plexus-interpolation-1.26.pom (2.7 kB at 16 kB/s)
Downloading from central: https://repo.maven.apache.org/maven2/org/codehaus/plexus/plexus/5.1/plexus-5.1.pom
Progress (1): 697 BProgress (1): 2.7 kBProgress (1): 6.4 kBProgress (1): 9.1 kBProgress (1): 11 kB Progress (1): 16 kBProgress (1): 20 kBProgress (1): 23 kB                   Downloaded from central: https://repo.maven.apache.org/maven2/org/codehaus/plexus/plexus/5.1/plexus-5.1.pom (23 kB at 500 kB/s)
Downloading from central: https://repo.maven.apache.org/maven2/org/codehaus/plexus/plexus-utils/3.5.1/plexus-utils-3.5.1.pom
Progress (1): 725 BProgress (1): 2.4 kBProgress (1): 4.4 kBProgress (1): 8.5 kBProgress (1): 8.8 kB                    Downloaded from central: https://repo.maven.apache.org/maven2/org/codehaus/plexus/plexus-utils/3.5.1/plexus-utils-3.5.1.pom (8.8 kB at 237 kB/s)
Downloading from central: https://repo.maven.apache.org/maven2/org/codehaus/plexus/plexus/10/plexus-10.pom
Progress (1): 700 BProgress (1): 2.7 kBProgress (1): 6.4 kBProgress (1): 9.2 kBProgress (1): 11 kB Progress (1): 15 kBProgress (1): 20 kBProgress (1): 24 kBProgress (1): 25 kB                   Downloaded from central: https://repo.maven.apache.org/maven2/org/codehaus/plexus/plexus/10/plexus-10.pom (25 kB at 279 kB/s)
Downloading from central: https://repo.maven.apache.org/maven2/org/apache/maven/shared/maven-filtering/3.3.1/maven-filtering-3.3.1.pom
Progress (1): 799 BProgress (1): 2.3 kBProgress (1): 5.6 kBProgress (1): 6.0 kB                    Downloaded from central: https://repo.maven.apache.org/maven2/org/apache/maven/shared/maven-filtering/3.3.1/maven-filtering-3.3.1.pom (6.0 kB at 97 kB/s)
Downloading from central: https://repo.maven.apache.org/maven2/org/apache/maven/shared/maven-shared-components/39/maven-shared-components-39.pom
Progress (1): 812 BProgress (1): 2.2 kBProgress (1): 3.2 kB                    Downloaded from central: https://repo.maven.apache.org/maven2/org/apache/maven/shared/maven-shared-components/39/maven-shared-components-39.pom (3.2 kB at 85 kB/s)
Downloading from central: https://repo.maven.apache.org/maven2/javax/inject/javax.inject/1/javax.inject-1.pom
Progress (1): 612 B                   Downloaded from central: https://repo.maven.apache.org/maven2/javax/inject/javax.inject/1/javax.inject-1.pom (612 B at 7.5 kB/s)
Downloading from central: https://repo.maven.apache.org/maven2/org/slf4j/slf4j-api/1.7.36/slf4j-api-1.7.36.pom
Progress (1): 1.0 kBProgress (1): 2.7 kB                    Downloaded from central: https://repo.maven.apache.org/maven2/org/slf4j/slf4j-api/1.7.36/slf4j-api-1.7.36.pom (2.7 kB at 67 kB/s)
Downloading from central: https://repo.maven.apache.org/maven2/org/slf4j/slf4j-parent/1.7.36/slf4j-parent-1.7.36.pom
Progress (1): 1.0 kBProgress (1): 3.0 kBProgress (1): 5.9 kBProgress (1): 8.7 kBProgress (1): 12 kB Progress (1): 14 kB                   Downloaded from central: https://repo.maven.apache.org/maven2/org/slf4j/slf4j-parent/1.7.36/slf4j-parent-1.7.36.pom (14 kB at 313 kB/s)
Downloading from central: https://repo.maven.apache.org/maven2/org/sonatype/plexus/plexus-build-api/0.0.7/plexus-build-api-0.0.7.pom
Progress (1): 910 BProgress (1): 3.2 kB                    Downloaded from central: https://repo.maven.apache.org/maven2/org/sonatype/plexus/plexus-build-api/0.0.7/plexus-build-api-0.0.7.pom (3.2 kB at 57 kB/s)
Downloading from central: https://repo.maven.apache.org/maven2/org/sonatype/spice/spice-parent/15/spice-parent-15.pom
Progress (1): 1.2 kBProgress (1): 3.7 kBProgress (1): 7.3 kBProgress (1): 8.4 kB                    Downloaded from central: https://repo.maven.apache.org/maven2/org/sonatype/spice/spice-parent/15/spice-parent-15.pom (8.4 kB at 104 kB/s)
Downloading from central: https://repo.maven.apache.org/maven2/org/sonatype/forge/forge-parent/5/forge-parent-5.pom
Progress (1): 1.3 kBProgress (1): 5.6 kBProgress (1): 8.4 kB                    Downloaded from central: https://repo.maven.apache.org/maven2/org/sonatype/forge/forge-parent/5/forge-parent-5.pom (8.4 kB at 81 kB/s)
Downloading from central: https://repo.maven.apache.org/maven2/org/codehaus/plexus/plexus-utils/3.5.0/plexus-utils-3.5.0.pom
Progress (1): 721 BProgress (1): 2.3 kBProgress (1): 4.5 kBProgress (1): 8.0 kB                    Downloaded from central: https://repo.maven.apache.org/maven2/org/codehaus/plexus/plexus-utils/3.5.0/plexus-utils-3.5.0.pom (8.0 kB at 157 kB/s)
Downloading from central: https://repo.maven.apache.org/maven2/commons-io/commons-io/2.11.0/commons-io-2.11.0.pom
Progress (1): 760 BProgress (1): 2.1 kBProgress (1): 5.2 kBProgress (1): 7.6 kBProgress (1): 10 kB Progress (1): 12 kBProgress (1): 15 kBProgress (1): 18 kBProgress (1): 20 kB                   Downloaded from central: https://repo.maven.apache.org/maven2/commons-io/commons-io/2.11.0/commons-io-2.11.0.pom (20 kB at 148 kB/s)
Downloading from central: https://repo.maven.apache.org/maven2/org/apache/commons/commons-parent/52/commons-parent-52.pom
Progress (1): 702 BProgress (1): 1.8 kBProgress (1): 3.1 kBProgress (1): 4.6 kBProgress (1): 6.7 kBProgress (1): 8.1 kBProgress (1): 10 kB Progress (1): 12 kBProgress (1): 15 kBProgress (1): 17 kBProgress (1): 20 kBProgress (1): 22 kBProgress (1): 25 kBProgress (1): 29 kBProgress (1): 32 kBProgress (1): 32 kBProgress (1): 36 kBProgress (1): 39 kBProgress (1): 42 kBProgress (1): 44 kBProgress (1): 47 kBProgress (1): 51 kBProgress (1): 54 kBProgress (1): 56 kBProgress (1): 61 kBProgress (1): 65 kBProgress (1): 73 kBProgress (1): 75 kBProgress (1): 79 kB                   Downloaded from central: https://repo.maven.apache.org/maven2/org/apache/commons/commons-parent/52/commons-parent-52.pom (79 kB at 417 kB/s)
Downloading from central: https://repo.maven.apache.org/maven2/org/apache/apache/23/apache-23.pom
Progress (1): 749 BProgress (1): 2.1 kBProgress (1): 3.9 kBProgress (1): 7.9 kBProgress (1): 13 kB Progress (1): 16 kBProgress (1): 18 kB                   Downloaded from central: https://repo.maven.apache.org/maven2/org/apache/apache/23/apache-23.pom (18 kB at 361 kB/s)
Downloading from central: https://repo.maven.apache.org/maven2/org/junit/junit-bom/5.7.2/junit-bom-5.7.2.pom
Progress (1): 911 BProgress (1): 4.1 kBProgress (1): 5.1 kB                    Downloaded from central: https://repo.maven.apache.org/maven2/org/junit/junit-bom/5.7.2/junit-bom-5.7.2.pom (5.1 kB at 124 kB/s)
Downloading from central: https://repo.maven.apache.org/maven2/org/apache/commons/commons-lang3/3.12.0/commons-lang3-3.12.0.pom
Progress (1): 728 BProgress (1): 2.0 kBProgress (1): 5.2 kBProgress (1): 8.8 kBProgress (1): 12 kB Progress (1): 15 kBProgress (1): 17 kBProgress (1): 18 kBProgress (1): 21 kBProgress (1): 24 kBProgress (1): 27 kBProgress (1): 30 kBProgress (1): 31 kB                   Downloaded from central: https://repo.maven.apache.org/maven2/org/apache/commons/commons-lang3/3.12.0/commons-lang3-3.12.0.pom (31 kB at 310 kB/s)
Downloading from central: https://repo.maven.apache.org/maven2/org/junit/junit-bom/5.7.1/junit-bom-5.7.1.pom
Progress (1): 911 BProgress (1): 4.1 kBProgress (1): 5.1 kB                    Downloaded from central: https://repo.maven.apache.org/maven2/org/junit/junit-bom/5.7.1/junit-bom-5.7.1.pom (5.1 kB at 121 kB/s)
Downloading from central: https://repo.maven.apache.org/maven2/org/codehaus/plexus/plexus-interpolation/1.26/plexus-interpolation-1.26.jar
Downloading from central: https://repo.maven.apache.org/maven2/org/codehaus/plexus/plexus-utils/3.5.1/plexus-utils-3.5.1.jar
Downloading from central: https://repo.maven.apache.org/maven2/org/apache/maven/shared/maven-filtering/3.3.1/maven-filtering-3.3.1.jar
Downloading from central: https://repo.maven.apache.org/maven2/javax/inject/javax.inject/1/javax.inject-1.jar
Downloading from central: https://repo.maven.apache.org/maven2/org/slf4j/slf4j-api/1.7.36/slf4j-api-1.7.36.jar
Progress (1): 2.5 kBProgress (2): 2.5 kB | 3.3/269 kBProgress (3): 2.5 kB | 3.3/269 kB | 7.7/41 kBProgress (3): 2.5 kB | 3.3/269 kB | 16/41 kB                                             Downloaded from central: https://repo.maven.apache.org/maven2/javax/inject/javax.inject/1/javax.inject-1.jar (2.5 kB at 43 kB/s)
Downloading from central: https://repo.maven.apache.org/maven2/org/sonatype/plexus/plexus-build-api/0.0.7/plexus-build-api-0.0.7.jar
Progress (3): 3.3/269 kB | 16/41 kB | 7.7/85 kBProgress (3): 3.3/269 kB | 16/41 kB | 16/85 kB Progress (4): 3.3/269 kB | 16/41 kB | 16/85 kB | 7.7/55 kBProgress (4): 3.3/269 kB | 16/41 kB | 16/85 kB | 16/55 kB Progress (4): 20/269 kB | 16/41 kB | 16/85 kB | 16/55 kB Progress (4): 20/269 kB | 16/41 kB | 16/85 kB | 32/55 kBProgress (4): 20/269 kB | 16/41 kB | 16/85 kB | 49/55 kBProgress (4): 20/269 kB | 16/41 kB | 16/85 kB | 55 kB   Progress (4): 20/269 kB | 16/41 kB | 32/85 kB | 55 kBProgress (4): 36/269 kB | 16/41 kB | 32/85 kB | 55 kB                                                     Downloaded from central: https://repo.maven.apache.org/maven2/org/apache/maven/shared/maven-filtering/3.3.1/maven-filtering-3.3.1.jar (55 kB at 775 kB/s)
Downloading from central: https://repo.maven.apache.org/maven2/commons-io/commons-io/2.11.0/commons-io-2.11.0.jar
Progress (3): 36/269 kB | 32/41 kB | 32/85 kBProgress (3): 52/269 kB | 32/41 kB | 32/85 kBProgress (3): 52/269 kB | 41 kB | 32/85 kB                                             Downloaded from central: https://repo.maven.apache.org/maven2/org/slf4j/slf4j-api/1.7.36/slf4j-api-1.7.36.jar (41 kB at 527 kB/s)
Downloading from central: https://repo.maven.apache.org/maven2/org/apache/commons/commons-lang3/3.12.0/commons-lang3-3.12.0.jar
Progress (2): 52/269 kB | 49/85 kBProgress (2): 69/269 kB | 49/85 kBProgress (2): 69/269 kB | 65/85 kBProgress (2): 85/269 kB | 65/85 kBProgress (2): 85/269 kB | 81/85 kBProgress (2): 85/269 kB | 85 kB   Progress (2): 102/269 kB | 85 kB                                Downloaded from central: https://repo.maven.apache.org/maven2/org/codehaus/plexus/plexus-interpolation/1.26/plexus-interpolation-1.26.jar (85 kB at 889 kB/s)
Progress (1): 118/269 kBProgress (1): 134/269 kBProgress (1): 151/269 kBProgress (1): 167/269 kBProgress (1): 184/269 kBProgress (1): 200/269 kBProgress (1): 216/269 kBProgress (1): 233/269 kBProgress (1): 249/269 kBProgress (1): 265/269 kBProgress (2): 265/269 kB | 7.7/8.5 kBProgress (2): 265/269 kB | 8.5 kB                                     Downloaded from central: https://repo.maven.apache.org/maven2/org/sonatype/plexus/plexus-build-api/0.0.7/plexus-build-api-0.0.7.jar (8.5 kB at 53 kB/s)
Progress (1): 269 kBProgress (2): 269 kB | 7.7/327 kBProgress (2): 269 kB | 16/327 kB Progress (3): 269 kB | 16/327 kB | 7.7/587 kBProgress (3): 269 kB | 16/327 kB | 16/587 kB                                             Downloaded from central: https://repo.maven.apache.org/maven2/org/codehaus/plexus/plexus-utils/3.5.1/plexus-utils-3.5.1.jar (269 kB at 1.7 MB/s)
Progress (2): 32/327 kB | 16/587 kBProgress (2): 49/327 kB | 16/587 kBProgress (2): 65/327 kB | 16/587 kBProgress (2): 65/327 kB | 32/587 kBProgress (2): 81/327 kB | 32/587 kBProgress (2): 98/327 kB | 32/587 kBProgress (2): 114/327 kB | 32/587 kBProgress (2): 131/327 kB | 32/587 kBProgress (2): 131/327 kB | 49/587 kBProgress (2): 147/327 kB | 49/587 kBProgress (2): 163/327 kB | 49/587 kBProgress (2): 180/327 kB | 49/587 kBProgress (2): 196/327 kB | 49/587 kBProgress (2): 196/327 kB | 65/587 kBProgress (2): 213/327 kB | 65/587 kBProgress (2): 229/327 kB | 65/587 kBProgress (2): 245/327 kB | 65/587 kBProgress (2): 245/327 kB | 81/587 kBProgress (2): 262/327 kB | 81/587 kBProgress (2): 262/327 kB | 98/587 kBProgress (2): 278/327 kB | 98/587 kBProgress (2): 278/327 kB | 114/587 kBProgress (2): 294/327 kB | 114/587 kBProgress (2): 311/327 kB | 114/587 kBProgress (2): 311/327 kB | 131/587 kBProgress (2): 327 kB | 131/587 kB                                     Downloaded from central: https://repo.maven.apache.org/maven2/commons-io/commons-io/2.11.0/commons-io-2.11.0.jar (327 kB at 1.4 MB/s)
Progress (1): 147/587 kBProgress (1): 163/587 kBProgress (1): 180/587 kBProgress (1): 196/587 kBProgress (1): 213/587 kBProgress (1): 229/587 kBProgress (1): 245/587 kBProgress (1): 262/587 kBProgress (1): 278/587 kBProgress (1): 294/587 kBProgress (1): 311/587 kBProgress (1): 327/587 kBProgress (1): 344/587 kBProgress (1): 360/587 kBProgress (1): 376/587 kBProgress (1): 393/587 kBProgress (1): 409/587 kBProgress (1): 426/587 kBProgress (1): 442/587 kBProgress (1): 458/587 kBProgress (1): 475/587 kBProgress (1): 491/587 kBProgress (1): 507/587 kBProgress (1): 524/587 kBProgress (1): 540/587 kBProgress (1): 557/587 kBProgress (1): 573/587 kBProgress (1): 587 kB                        Downloaded from central: https://repo.maven.apache.org/maven2/org/apache/commons/commons-lang3/3.12.0/commons-lang3-3.12.0.jar (587 kB at 1.3 MB/s)
[INFO] Copying 1 resource from src/main/resources to target/classes
[INFO] Copying 16 resources from src/main/resources to target/classes
[INFO] 
[INFO] --- compiler:3.11.0:compile (default-compile) @ finance-portal ---
Downloading from central: https://repo.maven.apache.org/maven2/org/apache/maven/shared/maven-shared-utils/3.3.4/maven-shared-utils-3.3.4.pom
Progress (1): 787 BProgress (1): 2.3 kBProgress (1): 4.3 kBProgress (1): 5.8 kB                    Downloaded from central: https://repo.maven.apache.org/maven2/org/apache/maven/shared/maven-shared-utils/3.3.4/maven-shared-utils-3.3.4.pom (5.8 kB at 216 kB/s)
Downloading from central: https://repo.maven.apache.org/maven2/org/apache/maven/shared/maven-shared-components/34/maven-shared-components-34.pom
Progress (1): 798 BProgress (1): 2.3 kBProgress (1): 4.6 kBProgress (1): 5.1 kB                    Downloaded from central: https://repo.maven.apache.org/maven2/org/apache/maven/shared/maven-shared-components/34/maven-shared-components-34.pom (5.1 kB at 204 kB/s)
Downloading from central: https://repo.maven.apache.org/maven2/org/apache/maven/maven-parent/34/maven-parent-34.pom
Progress (1): 721 BProgress (1): 1.9 kBProgress (1): 5.4 kBProgress (1): 9.8 kBProgress (1): 14 kB Progress (1): 19 kBProgress (1): 23 kBProgress (1): 26 kBProgress (1): 27 kBProgress (1): 30 kBProgress (1): 34 kBProgress (1): 37 kBProgress (1): 40 kBProgress (1): 43 kB                   Downloaded from central: https://repo.maven.apache.org/maven2/org/apache/maven/maven-parent/34/maven-parent-34.pom (43 kB at 1.4 MB/s)
Downloading from central: https://repo.maven.apache.org/maven2/commons-io/commons-io/2.6/commons-io-2.6.pom
Progress (1): 774 BProgress (1): 2.1 kBProgress (1): 5.3 kBProgress (1): 7.4 kBProgress (1): 9.4 kBProgress (1): 12 kB Progress (1): 14 kB                   Downloaded from central: https://repo.maven.apache.org/maven2/commons-io/commons-io/2.6/commons-io-2.6.pom (14 kB at 528 kB/s)
Downloading from central: https://repo.maven.apache.org/maven2/org/apache/commons/commons-parent/42/commons-parent-42.pom
Progress (1): 707 BProgress (1): 1.9 kBProgress (1): 3.1 kBProgress (1): 4.5 kBProgress (1): 5.9 kBProgress (1): 7.5 kBProgress (1): 11 kB Progress (1): 14 kBProgress (1): 17 kBProgress (1): 20 kBProgress (1): 23 kBProgress (1): 26 kBProgress (1): 29 kBProgress (1): 31 kBProgress (1): 34 kBProgress (1): 34 kBProgress (1): 37 kBProgress (1): 40 kBProgress (1): 44 kBProgress (1): 48 kBProgress (1): 53 kBProgress (1): 55 kBProgress (1): 59 kBProgress (1): 60 kBProgress (1): 62 kBProgress (1): 65 kBProgress (1): 66 kBProgress (1): 68 kB                   Downloaded from central: https://repo.maven.apache.org/maven2/org/apache/commons/commons-parent/42/commons-parent-42.pom (68 kB at 1.7 MB/s)
Downloading from central: https://repo.maven.apache.org/maven2/org/apache/apache/18/apache-18.pom
Progress (1): 745 BProgress (1): 2.1 kBProgress (1): 3.9 kBProgress (1): 8.0 kBProgress (1): 12 kB Progress (1): 14 kBProgress (1): 16 kB                   Downloaded from central: https://repo.maven.apache.org/maven2/org/apache/apache/18/apache-18.pom (16 kB at 603 kB/s)
Downloading from central: https://repo.maven.apache.org/maven2/org/apache/maven/shared/maven-shared-incremental/1.1/maven-shared-incremental-1.1.pom
Progress (1): 803 BProgress (1): 2.3 kBProgress (1): 4.7 kB                    Downloaded from central: https://repo.maven.apache.org/maven2/org/apache/maven/shared/maven-shared-incremental/1.1/maven-shared-incremental-1.1.pom (4.7 kB at 176 kB/s)
Downloading from central: https://repo.maven.apache.org/maven2/org/apache/maven/shared/maven-shared-components/19/maven-shared-components-19.pom
Progress (1): 773 BProgress (1): 2.4 kBProgress (1): 4.2 kBProgress (1): 6.4 kB                    Downloaded from central: https://repo.maven.apache.org/maven2/org/apache/maven/shared/maven-shared-components/19/maven-shared-components-19.pom (6.4 kB at 254 kB/s)
Downloading from central: https://repo.maven.apache.org/maven2/org/apache/maven/maven-parent/23/maven-parent-23.pom
Progress (1): 721 BProgress (1): 1.9 kBProgress (1): 5.9 kBProgress (1): 10 kB Progress (1): 15 kBProgress (1): 18 kBProgress (1): 22 kBProgress (1): 25 kBProgress (1): 27 kBProgress (1): 31 kBProgress (1): 33 kB                   Downloaded from central: https://repo.maven.apache.org/maven2/org/apache/maven/maven-parent/23/maven-parent-23.pom (33 kB at 1.0 MB/s)
Downloading from central: https://repo.maven.apache.org/maven2/org/codehaus/plexus/plexus-component-annotations/1.5.5/plexus-component-annotations-1.5.5.pom
Progress (1): 815 B                   Downloaded from central: https://repo.maven.apache.org/maven2/org/codehaus/plexus/plexus-component-annotations/1.5.5/plexus-component-annotations-1.5.5.pom (815 B at 30 kB/s)
Downloading from central: https://repo.maven.apache.org/maven2/org/codehaus/plexus/plexus-containers/1.5.5/plexus-containers-1.5.5.pom
Progress (1): 1.3 kBProgress (1): 4.2 kB                    Downloaded from central: https://repo.maven.apache.org/maven2/org/codehaus/plexus/plexus-containers/1.5.5/plexus-containers-1.5.5.pom (4.2 kB at 151 kB/s)
Downloading from central: https://repo.maven.apache.org/maven2/org/codehaus/plexus/plexus/2.0.7/plexus-2.0.7.pom
Progress (1): 711 BProgress (1): 2.7 kBProgress (1): 6.3 kBProgress (1): 9.1 kBProgress (1): 13 kB Progress (1): 17 kBProgress (1): 17 kB                   Downloaded from central: https://repo.maven.apache.org/maven2/org/codehaus/plexus/plexus/2.0.7/plexus-2.0.7.pom (17 kB at 641 kB/s)
Downloading from central: https://repo.maven.apache.org/maven2/org/codehaus/plexus/plexus-java/1.1.2/plexus-java-1.1.2.pom
Progress (1): 1.3 kBProgress (1): 4.2 kBProgress (1): 5.0 kB                    Downloaded from central: https://repo.maven.apache.org/maven2/org/codehaus/plexus/plexus-java/1.1.2/plexus-java-1.1.2.pom (5.0 kB at 199 kB/s)
Downloading from central: https://repo.maven.apache.org/maven2/org/codehaus/plexus/plexus-languages/1.1.2/plexus-languages-1.1.2.pom
Progress (1): 1.3 kBProgress (1): 4.1 kB                    Downloaded from central: https://repo.maven.apache.org/maven2/org/codehaus/plexus/plexus-languages/1.1.2/plexus-languages-1.1.2.pom (4.1 kB at 166 kB/s)
Downloading from central: https://repo.maven.apache.org/maven2/org/ow2/asm/asm/9.4/asm-9.4.pom
Progress (1): 1.3 kBProgress (1): 2.4 kB                    Downloaded from central: https://repo.maven.apache.org/maven2/org/ow2/asm/asm/9.4/asm-9.4.pom (2.4 kB at 108 kB/s)
Downloading from central: https://repo.maven.apache.org/maven2/com/thoughtworks/qdox/qdox/2.0.3/qdox-2.0.3.pom
Progress (1): 871 BProgress (1): 3.4 kBProgress (1): 6.6 kBProgress (1): 10 kB Progress (1): 13 kBProgress (1): 17 kB                   Downloaded from central: https://repo.maven.apache.org/maven2/com/thoughtworks/qdox/qdox/2.0.3/qdox-2.0.3.pom (17 kB at 616 kB/s)
Downloading from central: https://repo.maven.apache.org/maven2/org/codehaus/plexus/plexus-compiler-api/2.13.0/plexus-compiler-api-2.13.0.pom
Progress (1): 1.1 kB                    Downloaded from central: https://repo.maven.apache.org/maven2/org/codehaus/plexus/plexus-compiler-api/2.13.0/plexus-compiler-api-2.13.0.pom (1.1 kB at 38 kB/s)
Downloading from central: https://repo.maven.apache.org/maven2/org/codehaus/plexus/plexus-compiler/2.13.0/plexus-compiler-2.13.0.pom
Progress (1): 1.2 kBProgress (1): 4.1 kBProgress (1): 7.3 kBProgress (1): 8.4 kB                    Downloaded from central: https://repo.maven.apache.org/maven2/org/codehaus/plexus/plexus-compiler/2.13.0/plexus-compiler-2.13.0.pom (8.4 kB at 310 kB/s)
Downloading from central: https://repo.maven.apache.org/maven2/org/codehaus/plexus/plexus-components/10.0/plexus-components-10.0.pom
Progress (1): 1.3 kBProgress (1): 2.7 kB                    Downloaded from central: https://repo.maven.apache.org/maven2/org/codehaus/plexus/plexus-components/10.0/plexus-components-10.0.pom (2.7 kB at 107 kB/s)
Downloading from central: https://repo.maven.apache.org/maven2/org/codehaus/plexus/plexus-compiler-manager/2.13.0/plexus-compiler-manager-2.13.0.pom
Progress (1): 1.1 kB                    Downloaded from central: https://repo.maven.apache.org/maven2/org/codehaus/plexus/plexus-compiler-manager/2.13.0/plexus-compiler-manager-2.13.0.pom (1.1 kB at 31 kB/s)
Downloading from central: https://repo.maven.apache.org/maven2/org/codehaus/plexus/plexus-component-annotations/2.1.1/plexus-component-annotations-2.1.1.pom
Progress (1): 770 B                   Downloaded from central: https://repo.maven.apache.org/maven2/org/codehaus/plexus/plexus-component-annotations/2.1.1/plexus-component-annotations-2.1.1.pom (770 B at 35 kB/s)
Downloading from central: https://repo.maven.apache.org/maven2/org/codehaus/plexus/plexus-containers/2.1.1/plexus-containers-2.1.1.pom
Progress (1): 1.3 kBProgress (1): 4.9 kBProgress (1): 6.0 kB                    Downloaded from central: https://repo.maven.apache.org/maven2/org/codehaus/plexus/plexus-containers/2.1.1/plexus-containers-2.1.1.pom (6.0 kB at 224 kB/s)
Downloading from central: https://repo.maven.apache.org/maven2/org/codehaus/plexus/plexus/6.5/plexus-6.5.pom
Progress (1): 692 BProgress (1): 2.7 kBProgress (1): 6.4 kBProgress (1): 9.2 kBProgress (1): 11 kB Progress (1): 15 kBProgress (1): 20 kBProgress (1): 24 kBProgress (1): 26 kB                   Downloaded from central: https://repo.maven.apache.org/maven2/org/codehaus/plexus/plexus/6.5/plexus-6.5.pom (26 kB at 804 kB/s)
Downloading from central: https://repo.maven.apache.org/maven2/org/codehaus/plexus/plexus-compiler-javac/2.13.0/plexus-compiler-javac-2.13.0.pom
Progress (1): 1.2 kB                    Downloaded from central: https://repo.maven.apache.org/maven2/org/codehaus/plexus/plexus-compiler-javac/2.13.0/plexus-compiler-javac-2.13.0.pom (1.2 kB at 50 kB/s)
Downloading from central: https://repo.maven.apache.org/maven2/org/codehaus/plexus/plexus-compilers/2.13.0/plexus-compilers-2.13.0.pom
Progress (1): 1.3 kB                    Downloaded from central: https://repo.maven.apache.org/maven2/org/codehaus/plexus/plexus-compilers/2.13.0/plexus-compilers-2.13.0.pom (1.3 kB at 53 kB/s)
Downloading from central: https://repo.maven.apache.org/maven2/commons-io/commons-io/2.6/commons-io-2.6.jar
Downloading from central: https://repo.maven.apache.org/maven2/org/apache/maven/shared/maven-shared-utils/3.3.4/maven-shared-utils-3.3.4.jar
Downloading from central: https://repo.maven.apache.org/maven2/org/apache/maven/shared/maven-shared-incremental/1.1/maven-shared-incremental-1.1.jar
Downloading from central: https://repo.maven.apache.org/maven2/org/codehaus/plexus/plexus-component-annotations/1.5.5/plexus-component-annotations-1.5.5.jar
Downloading from central: https://repo.maven.apache.org/maven2/org/codehaus/plexus/plexus-java/1.1.2/plexus-java-1.1.2.jar
Progress (1): 7.7/215 kBProgress (1): 12/215 kB Progress (2): 12/215 kB | 4.2 kB                                Downloaded from central: https://repo.maven.apache.org/maven2/org/codehaus/plexus/plexus-component-annotations/1.5.5/plexus-component-annotations-1.5.5.jar (4.2 kB at 140 kB/s)
Downloading from central: https://repo.maven.apache.org/maven2/org/ow2/asm/asm/9.4/asm-9.4.jar
Progress (1): 28/215 kBProgress (2): 28/215 kB | 7.7/14 kBProgress (2): 28/215 kB | 12/14 kB Progress (2): 28/215 kB | 14 kB                                  Downloaded from central: https://repo.maven.apache.org/maven2/org/apache/maven/shared/maven-shared-incremental/1.1/maven-shared-incremental-1.1.jar (14 kB at 387 kB/s)
Downloading from central: https://repo.maven.apache.org/maven2/com/thoughtworks/qdox/qdox/2.0.3/qdox-2.0.3.jar
Progress (2): 28/215 kB | 7.7/55 kBProgress (2): 28/215 kB | 16/55 kB Progress (3): 28/215 kB | 16/55 kB | 7.7/153 kBProgress (3): 28/215 kB | 16/55 kB | 16/153 kB Progress (3): 44/215 kB | 16/55 kB | 16/153 kBProgress (3): 44/215 kB | 16/55 kB | 32/153 kBProgress (3): 44/215 kB | 32/55 kB | 32/153 kBProgress (3): 44/215 kB | 32/55 kB | 49/153 kBProgress (3): 61/215 kB | 32/55 kB | 49/153 kBProgress (3): 61/215 kB | 32/55 kB | 65/153 kBProgress (3): 61/215 kB | 32/55 kB | 81/153 kBProgress (3): 61/215 kB | 49/55 kB | 81/153 kBProgress (3): 61/215 kB | 55 kB | 81/153 kB                                              Downloaded from central: https://repo.maven.apache.org/maven2/org/codehaus/plexus/plexus-java/1.1.2/plexus-java-1.1.2.jar (55 kB at 958 kB/s)
Downloading from central: https://repo.maven.apache.org/maven2/org/codehaus/plexus/plexus-compiler-api/2.13.0/plexus-compiler-api-2.13.0.jar
Progress (2): 61/215 kB | 98/153 kBProgress (2): 61/215 kB | 114/153 kBProgress (2): 61/215 kB | 131/153 kBProgress (2): 77/215 kB | 131/153 kBProgress (2): 82/215 kB | 131/153 kBProgress (2): 82/215 kB | 147/153 kBProgress (2): 82/215 kB | 153 kB                                    Downloaded from central: https://repo.maven.apache.org/maven2/org/apache/maven/shared/maven-shared-utils/3.3.4/maven-shared-utils-3.3.4.jar (153 kB at 2.1 MB/s)
Downloading from central: https://repo.maven.apache.org/maven2/org/codehaus/plexus/plexus-utils/3.5.0/plexus-utils-3.5.0.jar
Progress (2): 82/215 kB | 7.7/122 kBProgress (2): 82/215 kB | 16/122 kB Progress (2): 98/215 kB | 16/122 kBProgress (2): 106/215 kB | 16/122 kBProgress (2): 106/215 kB | 25/122 kBProgress (2): 106/215 kB | 41/122 kBProgress (2): 115/215 kB | 41/122 kBProgress (3): 115/215 kB | 41/122 kB | 7.7/334 kBProgress (3): 115/215 kB | 41/122 kB | 16/334 kB Progress (3): 131/215 kB | 41/122 kB | 16/334 kBProgress (3): 131/215 kB | 57/122 kB | 16/334 kBProgress (3): 131/215 kB | 66/122 kB | 16/334 kBProgress (3): 131/215 kB | 66/122 kB | 28/334 kBProgress (3): 131/215 kB | 74/122 kB | 28/334 kBProgress (3): 131/215 kB | 74/122 kB | 44/334 kBProgress (3): 139/215 kB | 74/122 kB | 44/334 kBProgress (3): 139/215 kB | 74/122 kB | 61/334 kBProgress (3): 147/215 kB | 74/122 kB | 61/334 kBProgress (3): 147/215 kB | 90/122 kB | 61/334 kBProgress (3): 147/215 kB | 98/122 kB | 61/334 kBProgress (3): 156/215 kB | 98/122 kB | 61/334 kBProgress (3): 156/215 kB | 98/122 kB | 77/334 kBProgress (4): 156/215 kB | 98/122 kB | 77/334 kB | 7.7/267 kBProgress (4): 156/215 kB | 98/122 kB | 77/334 kB | 12/267 kB Progress (4): 156/215 kB | 98/122 kB | 77/334 kB | 28/267 kBProgress (4): 156/215 kB | 98/122 kB | 77/334 kB | 44/267 kBProgress (4): 172/215 kB | 98/122 kB | 77/334 kB | 44/267 kBProgress (4): 172/215 kB | 115/122 kB | 77/334 kB | 44/267 kBProgress (4): 172/215 kB | 115/122 kB | 93/334 kB | 44/267 kBProgress (4): 172/215 kB | 122 kB | 93/334 kB | 44/267 kB    Progress (4): 172/215 kB | 122 kB | 93/334 kB | 61/267 kB                                                         Downloaded from central: https://repo.maven.apache.org/maven2/org/ow2/asm/asm/9.4/asm-9.4.jar (122 kB at 942 kB/s)
Downloading from central: https://repo.maven.apache.org/maven2/org/codehaus/plexus/plexus-compiler-manager/2.13.0/plexus-compiler-manager-2.13.0.jar
Progress (3): 172/215 kB | 110/334 kB | 61/267 kBProgress (3): 172/215 kB | 110/334 kB | 77/267 kBProgress (3): 172/215 kB | 110/334 kB | 93/267 kBProgress (3): 172/215 kB | 126/334 kB | 93/267 kBProgress (3): 172/215 kB | 126/334 kB | 110/267 kBProgress (3): 188/215 kB | 126/334 kB | 110/267 kBProgress (3): 188/215 kB | 126/334 kB | 126/267 kBProgress (4): 188/215 kB | 126/334 kB | 126/267 kB | 7.7/27 kBProgress (4): 188/215 kB | 126/334 kB | 126/267 kB | 16/27 kB Progress (4): 188/215 kB | 126/334 kB | 134/267 kB | 16/27 kBProgress (4): 188/215 kB | 143/334 kB | 134/267 kB | 16/27 kBProgress (4): 205/215 kB | 143/334 kB | 134/267 kB | 16/27 kBProgress (4): 205/215 kB | 143/334 kB | 151/267 kB | 16/27 kBProgress (4): 205/215 kB | 143/334 kB | 167/267 kB | 16/27 kBProgress (4): 205/215 kB | 159/334 kB | 167/267 kB | 16/27 kBProgress (4): 215 kB | 159/334 kB | 167/267 kB | 16/27 kB    Progress (4): 215 kB | 159/334 kB | 184/267 kB | 16/27 kB                                                         Downloaded from central: https://repo.maven.apache.org/maven2/commons-io/commons-io/2.6/commons-io-2.6.jar (215 kB at 1.3 MB/s)
Downloading from central: https://repo.maven.apache.org/maven2/org/codehaus/plexus/plexus-compiler-javac/2.13.0/plexus-compiler-javac-2.13.0.jar
Progress (3): 159/334 kB | 200/267 kB | 16/27 kBProgress (3): 175/334 kB | 200/267 kB | 16/27 kBProgress (3): 175/334 kB | 216/267 kB | 16/27 kBProgress (3): 175/334 kB | 233/267 kB | 16/27 kBProgress (3): 192/334 kB | 233/267 kB | 16/27 kBProgress (3): 192/334 kB | 249/267 kB | 16/27 kBProgress (3): 192/334 kB | 266/267 kB | 16/27 kBProgress (3): 192/334 kB | 267 kB | 16/27 kB                                                Downloaded from central: https://repo.maven.apache.org/maven2/org/codehaus/plexus/plexus-utils/3.5.0/plexus-utils-3.5.0.jar (267 kB at 1.5 MB/s)
Progress (2): 208/334 kB | 16/27 kBProgress (2): 225/334 kB | 16/27 kBProgress (2): 241/334 kB | 16/27 kBProgress (2): 257/334 kB | 16/27 kBProgress (2): 274/334 kB | 16/27 kBProgress (3): 274/334 kB | 16/27 kB | 4.7 kB                                            Downloaded from central: https://repo.maven.apache.org/maven2/org/codehaus/plexus/plexus-compiler-manager/2.13.0/plexus-compiler-manager-2.13.0.jar (4.7 kB at 25 kB/s)
Progress (2): 290/334 kB | 16/27 kBProgress (2): 306/334 kB | 16/27 kBProgress (3): 306/334 kB | 16/27 kB | 7.7/23 kBProgress (3): 306/334 kB | 16/27 kB | 8.2/23 kBProgress (3): 323/334 kB | 16/27 kB | 8.2/23 kBProgress (3): 334 kB | 16/27 kB | 8.2/23 kB                                               Downloaded from central: https://repo.maven.apache.org/maven2/com/thoughtworks/qdox/qdox/2.0.3/qdox-2.0.3.jar (334 kB at 1.7 MB/s)
Progress (2): 27 kB | 8.2/23 kBProgress (2): 27 kB | 23 kB                               Downloaded from central: https://repo.maven.apache.org/maven2/org/codehaus/plexus/plexus-compiler-api/2.13.0/plexus-compiler-api-2.13.0.jar (27 kB at 135 kB/s)
Downloaded from central: https://repo.maven.apache.org/maven2/org/codehaus/plexus/plexus-compiler-javac/2.13.0/plexus-compiler-javac-2.13.0.jar (23 kB at 114 kB/s)
Downloading from central: https://repo.maven.apache.org/maven2/org/mapstruct/mapstruct-processor/1.5.5.Final/mapstruct-processor-1.5.5.Final.pom
Progress (1): 1.1 kBProgress (1): 3.3 kB                    Downloaded from central: https://repo.maven.apache.org/maven2/org/mapstruct/mapstruct-processor/1.5.5.Final/mapstruct-processor-1.5.5.Final.pom (3.3 kB at 117 kB/s)
Downloading from central: https://repo.maven.apache.org/maven2/org/projectlombok/lombok-mapstruct-binding/0.2.0/lombok-mapstruct-binding-0.2.0.pom
Progress (1): 1.2 kBProgress (1): 1.4 kB                    Downloaded from central: https://repo.maven.apache.org/maven2/org/projectlombok/lombok-mapstruct-binding/0.2.0/lombok-mapstruct-binding-0.2.0.pom (1.4 kB at 50 kB/s)
Downloading from central: https://repo.maven.apache.org/maven2/org/mapstruct/mapstruct-processor/1.5.5.Final/mapstruct-processor-1.5.5.Final.jar
Downloading from central: https://repo.maven.apache.org/maven2/org/projectlombok/lombok-mapstruct-binding/0.2.0/lombok-mapstruct-binding-0.2.0.jar
Progress (1): 2.4 kB                    Downloaded from central: https://repo.maven.apache.org/maven2/org/projectlombok/lombok-mapstruct-binding/0.2.0/lombok-mapstruct-binding-0.2.0.jar (2.4 kB at 82 kB/s)
Progress (1): 0/1.9 MBProgress (1): 0/1.9 MBProgress (1): 0/1.9 MBProgress (1): 0/1.9 MBProgress (1): 0.1/1.9 MBProgress (1): 0.1/1.9 MBProgress (1): 0.1/1.9 MBProgress (1): 0.1/1.9 MBProgress (1): 0.1/1.9 MBProgress (1): 0.1/1.9 MBProgress (1): 0.1/1.9 MBProgress (1): 0.1/1.9 MBProgress (1): 0.2/1.9 MBProgress (1): 0.2/1.9 MBProgress (1): 0.2/1.9 MBProgress (1): 0.2/1.9 MBProgress (1): 0.2/1.9 MBProgress (1): 0.2/1.9 MBProgress (1): 0.3/1.9 MBProgress (1): 0.3/1.9 MBProgress (1): 0.3/1.9 MBProgress (1): 0.3/1.9 MBProgress (1): 0.3/1.9 MBProgress (1): 0.3/1.9 MBProgress (1): 0.3/1.9 MBProgress (1): 0.4/1.9 MBProgress (1): 0.4/1.9 MBProgress (1): 0.4/1.9 MBProgress (1): 0.4/1.9 MBProgress (1): 0.4/1.9 MBProgress (1): 0.4/1.9 MBProgress (1): 0.4/1.9 MBProgress (1): 0.5/1.9 MBProgress (1): 0.5/1.9 MBProgress (1): 0.5/1.9 MBProgress (1): 0.5/1.9 MBProgress (1): 0.5/1.9 MBProgress (1): 0.5/1.9 MBProgress (1): 0.5/1.9 MBProgress (1): 0.5/1.9 MBProgress (1): 0.6/1.9 MBProgress (1): 0.6/1.9 MBProgress (1): 0.6/1.9 MBProgress (1): 0.6/1.9 MBProgress (1): 0.6/1.9 MBProgress (1): 0.6/1.9 MBProgress (1): 0.7/1.9 MBProgress (1): 0.7/1.9 MBProgress (1): 0.7/1.9 MBProgress (1): 0.7/1.9 MBProgress (1): 0.7/1.9 MBProgress (1): 0.7/1.9 MBProgress (1): 0.8/1.9 MBProgress (1): 0.8/1.9 MBProgress (1): 0.8/1.9 MBProgress (1): 0.8/1.9 MBProgress (1): 0.8/1.9 MBProgress (1): 0.8/1.9 MBProgress (1): 0.9/1.9 MBProgress (1): 0.9/1.9 MBProgress (1): 0.9/1.9 MBProgress (1): 0.9/1.9 MBProgress (1): 0.9/1.9 MBProgress (1): 0.9/1.9 MBProgress (1): 1.0/1.9 MBProgress (1): 1.0/1.9 MBProgress (1): 1.0/1.9 MBProgress (1): 1.0/1.9 MBProgress (1): 1.0/1.9 MBProgress (1): 1.0/1.9 MBProgress (1): 1.0/1.9 MBProgress (1): 1.1/1.9 MBProgress (1): 1.1/1.9 MBProgress (1): 1.1/1.9 MBProgress (1): 1.1/1.9 MBProgress (1): 1.1/1.9 MBProgress (1): 1.1/1.9 MBProgress (1): 1.2/1.9 MBProgress (1): 1.2/1.9 MBProgress (1): 1.2/1.9 MBProgress (1): 1.2/1.9 MBProgress (1): 1.2/1.9 MBProgress (1): 1.2/1.9 MBProgress (1): 1.3/1.9 MBProgress (1): 1.3/1.9 MBProgress (1): 1.3/1.9 MBProgress (1): 1.3/1.9 MBProgress (1): 1.3/1.9 MBProgress (1): 1.3/1.9 MBProgress (1): 1.4/1.9 MBProgress (1): 1.4/1.9 MBProgress (1): 1.4/1.9 MBProgress (1): 1.4/1.9 MBProgress (1): 1.4/1.9 MBProgress (1): 1.4/1.9 MBProgress (1): 1.5/1.9 MBProgress (1): 1.5/1.9 MBProgress (1): 1.5/1.9 MBProgress (1): 1.5/1.9 MBProgress (1): 1.5/1.9 MBProgress (1): 1.5/1.9 MBProgress (1): 1.6/1.9 MBProgress (1): 1.6/1.9 MBProgress (1): 1.6/1.9 MBProgress (1): 1.6/1.9 MBProgress (1): 1.6/1.9 MBProgress (1): 1.6/1.9 MBProgress (1): 1.7/1.9 MBProgress (1): 1.7/1.9 MBProgress (1): 1.7/1.9 MBProgress (1): 1.7/1.9 MBProgress (1): 1.7/1.9 MBProgress (1): 1.7/1.9 MBProgress (1): 1.8/1.9 MBProgress (1): 1.8/1.9 MBProgress (1): 1.8/1.9 MBProgress (1): 1.8/1.9 MBProgress (1): 1.8/1.9 MBProgress (1): 1.8/1.9 MBProgress (1): 1.9/1.9 MBProgress (1): 1.9/1.9 MBProgress (1): 1.9/1.9 MBProgress (1): 1.9/1.9 MBProgress (1): 1.9/1.9 MBProgress (1): 1.9 MB                        Downloaded from central: https://repo.maven.apache.org/maven2/org/mapstruct/mapstruct-processor/1.5.5.Final/mapstruct-processor-1.5.5.Final.jar (1.9 MB at 2.9 MB/s)
[INFO] Changes detected - recompiling the module! :source
[INFO] Compiling 142 source files with javac [debug release 17] to target/classes
[INFO] /app/src/main/java/com/mintstack/finance/config/RateLimitConfig.java: /app/src/main/java/com/mintstack/finance/config/RateLimitConfig.java uses or overrides a deprecated API.
[INFO] /app/src/main/java/com/mintstack/finance/config/RateLimitConfig.java: Recompile with -Xlint:deprecation for details.
[INFO] 
[INFO] --- resources:3.3.1:testResources (default-testResources) @ finance-portal ---
[INFO] Copying 2 resources from src/test/resources to target/test-classes
[INFO] 
[INFO] --- compiler:3.11.0:testCompile (default-testCompile) @ finance-portal ---
[INFO] Changes detected - recompiling the module! :dependency
[INFO] Compiling 28 source files with javac [debug release 17] to target/test-classes
[INFO] -------------------------------------------------------------
[ERROR] COMPILATION ERROR : 
[INFO] -------------------------------------------------------------
[ERROR] /app/src/test/java/com/mintstack/finance/service/simulation/SimulationDataServiceTest.java:[51,33] constructor SimulationDataService in class com.mintstack.finance.service.simulation.SimulationDataService cannot be applied to given types;
  required: com.mintstack.finance.repository.SimulationConfigRepository,com.mintstack.finance.repository.InstrumentRepository,com.mintstack.finance.repository.CurrencyRateRepository,com.mintstack.finance.repository.PriceHistoryRepository,com.mintstack.finance.repository.UserApiConfigRepository,com.mintstack.finance.service.PriceUpdateService,com.mintstack.finance.service.simulation.PriceSimulationEngine
  found:    com.mintstack.finance.repository.SimulationConfigRepository,com.mintstack.finance.repository.InstrumentRepository,com.mintstack.finance.repository.CurrencyRateRepository,com.mintstack.finance.repository.PriceHistoryRepository,com.mintstack.finance.service.PriceUpdateService,com.mintstack.finance.service.simulation.PriceSimulationEngine
  reason: actual and formal argument lists differ in length
[INFO] 1 error
[INFO] -------------------------------------------------------------
[INFO] ------------------------------------------------------------------------
[INFO] BUILD FAILURE
[INFO] ------------------------------------------------------------------------
[INFO] Total time:  01:39 min
[INFO] Finished at: 2026-01-22T18:18:10Z
[INFO] ------------------------------------------------------------------------
[ERROR] Failed to execute goal org.apache.maven.plugins:maven-compiler-plugin:3.11.0:testCompile (default-testCompile) on project finance-portal: Compilation failure
[ERROR] /app/src/test/java/com/mintstack/finance/service/simulation/SimulationDataServiceTest.java:[51,33] constructor SimulationDataService in class com.mintstack.finance.service.simulation.SimulationDataService cannot be applied to given types;
[ERROR]   required: com.mintstack.finance.repository.SimulationConfigRepository,com.mintstack.finance.repository.InstrumentRepository,com.mintstack.finance.repository.CurrencyRateRepository,com.mintstack.finance.repository.PriceHistoryRepository,com.mintstack.finance.repository.UserApiConfigRepository,com.mintstack.finance.service.PriceUpdateService,com.mintstack.finance.service.simulation.PriceSimulationEngine
[ERROR]   found:    com.mintstack.finance.repository.SimulationConfigRepository,com.mintstack.finance.repository.InstrumentRepository,com.mintstack.finance.repository.CurrencyRateRepository,com.mintstack.finance.repository.PriceHistoryRepository,com.mintstack.finance.service.PriceUpdateService,com.mintstack.finance.service.simulation.PriceSimulationEngine
[ERROR]   reason: actual and formal argument lists differ in length
[ERROR] 
[ERROR] -> [Help 1]
[ERROR] 
[ERROR] To see the full stack trace of the errors, re-run Maven with the -e switch.
[ERROR] Re-run Maven using the -X switch to enable full debug logging.
[ERROR] 
[ERROR] For more information about the errors and possible solutions, please read the following articles:
[ERROR] [Help 1] http://cwiki.apache.org/confluence/display/MAVEN/MojoFailureException
